cpu
1/200 | Params: [-1.5, -1.5, -1.5, -0.42201430155118697, 1.5, 0.4880421186120319]
2/200 | Params: [-1.5, -1.5, -0.9449204593234904, -0.8855064055911417, -1.5, -1.5]
3/200 | Params: [-1.5, -1.1979619884487813, -0.9574249961494508, -1.5, -1.5, -1.5]
4/200 | Params: [-1.5, -1.5, -1.5, -0.8165473811054139, -1.5, -1.5]
5/200 | Params: [-1.5, -0.461665694150036, -1.5, -1.5, -1.5, -1.5]
6/200 | Params: [-1.5, -0.5604534644936942, -1.5, 0.5953828790026479, -1.5, -1.5]
7/200 | Params: [-1.174295654293394, -1.3342645624633611, -0.8583892464207027, -0.8393893634204876, -0.6689708153822864, -0.9141487080959142]
8/200 | Params: [-1.5, -1.5, -0.958664794582533, -1.5, -1.5, -1.5]
9/200 | Params: [-1.5, -1.5, -0.8173908765889912, 0.982120720345654, -1.5, -0.5035995855682628]
10/200 | Params: [-1.5, -0.4400521187832549, -1.5, -1.5, -1.5, -1.5]
11/200 | Params: [-1.5, -0.7690705997648586, -1.5, 0.01865723383122612, -1.5, -1.5]
12/200 | Params: [-1.5, -1.5, 0.7567909191340885, -1.5, -1.5, -1.5]
13/200 | Params: [-1.5, -1.5, -0.9705134046022919, -1.5, -1.5, -1.5]
14/200 | Params: [-1.5, -0.6298519326910885, -1.5, -1.5, -1.3161385870056612, -1.5]
15/200 | Params: [-1.5, -0.6093532290941412, -1.5, 1.1757661883747097, -1.5, -1.5]
16/200 | Params: [-1.5, -0.8967358809422156, -1.1247296542388414, -0.7377485670896846, -1.5, -1.5]
17/200 | Params: [-1.5, -1.5, -0.17944106484138903, -1.5, -1.5, -1.5]
18/200 | Params: [-1.5, -1.5, -0.19367612336951057, -1.5, -1.5, -1.5]
19/200 | Params: [-1.5, -1.5, 0.40059161589322956, -1.5, -1.5, -1.5]
20/200 | Params: [-1.5, -1.196827568170476, -0.6962992488636168, -1.5, -1.5, -1.2341025284773446]
21/200 | Params: [-1.5, -1.5, -0.7289773420873706, 1.290598390783002, -1.5, -0.5107238866705345]
22/200 | Params: [-1.1330374641417822, -1.5, -0.657034282677658, -0.5463636108137836, 1.0895715024670019, 0.23976834756302007]
23/200 | Params: [-1.5, -1.4292240413704593, -0.8206440584338042, -1.5, -1.5, -1.4394085712172275]
24/200 | Params: [-1.5, -0.6898864174504498, -1.5, 0.7713251839522726, -1.5, -1.5]
25/200 | Params: [-1.5, -1.5, -0.7311430241550916, 0.04950350980243711, -1.5, -1.5]
26/200 | Params: [-1.5, -1.5, -0.6810217029405884, -1.5, -1.5, -1.5]
27/200 | Params: [-1.5, -0.7185990185012903, -1.5, 1.5, -1.5, -1.5]
28/200 | Params: [-1.5, -1.5, -0.47956940285048805, -1.5, -1.5, -1.5]
29/200 | Params: [-1.5, -0.855710145216657, -1.1255530128356888, -1.5, -1.5, -1.3166165966619852]
30/200 | Params: [-1.5, -1.5, -1.0401780502521099, -0.5426714997851042, -1.5, -1.5]
31/200 | Params: [-1.5, -0.7442420900906932, -1.5, 0.5854046727535319, -1.5, -1.5]
32/200 | Params: [-1.5, -1.5, -0.6258010387378503, -1.5, -1.5, -1.1830679352021176]
33/200 | Params: [-1.5, -0.8218743774468161, -1.5, 0.6390646400488921, -1.5, -1.5]
34/200 | Params: [-1.5, -1.5, -0.4380653459412942, -1.5, -1.5, -1.5]
35/200 | Params: [-1.5, -1.0929950195196843, -1.0384543241816473, -0.9067067836714435, -1.5, -1.5]
36/200 | Params: [-1.5, -0.669093420919549, -1.5, -1.5, -1.5, -1.5]
37/200 | Params: [-1.5, -0.86650663421397, -0.7954680818272798, -0.7593025754794133, -1.5, -1.1195227656330478]
38/200 | Params: [-1.5, -1.5, 0.8313040888127813, -1.5, -1.5, -1.3934043600616766]
39/200 | Params: [-1.5, -1.5, -1.036581165058427, -0.6174441980997523, -1.5, -1.5]
40/200 | Params: [-1.5, -1.5, -0.36259673523095975, -1.5, -1.5, -1.5]
41/200 | Params: [-1.5, -1.5, -0.4176978696924986, -1.5, -1.5, -1.5]
42/200 | Params: [-1.5, -1.5, -0.23544877158100513, 0.18336423917468295, -1.5, -0.5531934734302022]
43/200 | Params: [-1.5, -1.5, -1.2285165860136336, -0.67084136377951, -1.5, -1.5]
44/200 | Params: [-1.5, -1.5, -1.5, -0.5462600516672205, -1.5, -1.5]
45/200 | Params: [-1.5, -1.5, 0.05931561262601922, -1.5, -1.5, -1.5]
46/200 | Params: [-1.5, -1.5, 0.47165807407049587, -1.5, -1.5, -1.359657898929986]
47/200 | Params: [-1.5, -1.5, 0.3376621687414401, -1.5, -1.5, -1.5]
48/200 | Params: [-1.3296131971202891, 0.18645348041966336, -1.013199832646087, -0.3117052567158365, 0.212112049684412, -0.6978264313765515]
49/200 | Params: [-1.5, -1.1232710148391736, -1.484079429387296, 1.5, -1.5, -0.5044052749280848]
50/200 | Params: [-1.5, -1.5, -0.915220098665751, -0.5627907632395369, -1.5, -1.5]
51/200 | Params: [-1.5, -0.8699187393219046, -1.5, 0.4127828226255067, -1.5, -1.5]
52/200 | Params: [-1.5, -1.5, -1.4514797568355164, -1.1625452435114867, -1.5, -1.5]
53/200 | Params: [-1.5, -0.9360314484404124, -1.5, 0.478372016780309, -1.5, -1.5]
54/200 | Params: [-1.5, -1.5, -1.5, 1.4809526293635549, -0.34176331800364157, -0.7956835101004174]
55/200 | Params: [-1.5, -1.5, -0.0030518003403848786, -1.5, -1.5, -1.5]
56/200 | Params: [-1.5, -1.5, 0.5581455559304723, -1.5, -1.5, -0.8281394283183554]
57/200 | Params: [-1.5, -1.5, -0.686373431025314, -1.5, -1.5, -1.1653705905868066]
58/200 | Params: [-1.5, -0.9835950160663629, -1.5, -1.0799995825652084, -1.5, -1.5]
59/200 | Params: [-1.5, -0.6786790549739403, -1.5, 1.5, -1.5, -0.468992786601544]
60/200 | Params: [-1.5, -0.6687069532807389, -1.5, -1.5, -1.5, -1.5]
61/200 | Params: [-1.5, -1.5, 0.42232064086808685, -1.5, -1.5, -0.8670292067922181]
62/200 | Params: [-1.5, -1.5, -0.34786423289922297, -1.5, -1.5, -1.5]
63/200 | Params: [-1.5, -0.510777018169045, -1.5, -1.5, -1.5, -1.5]
64/200 | Params: [-1.5, -1.0276228602753146, -0.6852451255678719, -1.5, -1.3589516176897822, -1.4527317062865097]
65/200 | Params: [-1.5, -0.5691381685231931, -1.5, 0.5327017883728338, -1.5, -1.5]
66/200 | Params: [-1.5, -1.5, -0.8310178966894209, -0.6835864523759281, -1.5, -1.5]
67/200 | Params: [-1.5, -0.6235080410435623, -1.0255801609033264, -1.2189061878855785, -1.5, -1.5]
68/200 | Params: [-1.5, -1.5, -1.5, 1.5, -1.5, -0.5179475478186865]
69/200 | Params: [-1.5, -0.7896385328241261, -0.7239241037563767, -1.5, -1.5, -1.5]
70/200 | Params: [-1.5, -0.6380494264260785, -1.5, -0.6394706234291093, -0.8724077328564875, -1.1668640580694447]
71/200 | Params: [-1.5, -1.5, -1.1920615117293631, -1.5, -1.5, -1.5]
72/200 | Params: [-1.5, -1.5, -1.1310980505107142, -0.4041900946674197, -1.4529420730172005, -1.5]
73/200 | Params: [-1.5, -1.5, -0.3625015805019275, -1.5, -1.5, -1.5]
74/200 | Params: [-1.5, -1.5, -0.8716592400209305, -0.03797814667290934, -1.5, -1.5]
75/200 | Params: [-1.5, -0.7902520489472876, -1.5, 0.4189613638251691, -0.7893991779220949, -1.1693640700570773]
76/200 | Params: [-1.5, -1.0646114606372739, -1.3998402604457925, -1.0221111862385148, -1.5, -1.5]
77/200 | Params: [-1.5, -1.0614560480156803, -0.9701811653546032, -1.5, -1.5, -1.5]
78/200 | Params: [-0.8980972515596862, -1.0528206552973003, -1.5, 1.315306988006412, 1.0473180237630988, 0.23304556162152418]
79/200 | Params: [-1.5, -0.675745290966006, -1.5, 0.797146925521311, -1.5, -1.5]
80/200 | Params: [-1.5, -0.6228096514494817, -1.5, -1.5, -1.5, -1.5]
81/200 | Params: [-1.5, -0.8977050201879184, -0.8759868125240401, -0.9921816897211229, -1.5, -1.0532990513718978]
82/200 | Params: [-1.5, -1.0709326676139137, -1.5, -0.25415230689147933, -1.5, -1.5]
83/200 | Params: [-1.5, -1.5, -0.981472643258502, -1.209776375122961, -1.5, -1.5]
84/200 | Params: [-1.5, -1.5, -0.10932507822494915, -1.5, -1.5, -1.5]
85/200 | Params: [-1.5, -1.5, -0.5038031582907395, -0.9475267931700352, -1.5, -1.5]
86/200 | Params: [-1.5, -0.7840079627895511, -0.7145342066260629, -1.5, -1.5, -1.5]
87/200 | Params: [-1.5, -0.8182584766357215, -1.5, 0.9233236747103272, -1.5, -1.5]
88/200 | Params: [-1.5, -1.3156255294213595, -1.5, -1.5, -1.5, -1.3541287704444418]
89/200 | Params: [-1.5, -0.5499943401019709, -1.5, -1.5, -1.5, -1.5]
90/200 | Params: [-1.5, -1.5, -0.4091305064062439, -1.5, -1.5, -1.5]
91/200 | Params: [-1.5, -1.5, -0.13016832256741093, -1.5, -1.5, -1.5]
92/200 | Params: [-1.5, -0.47295273310356756, -1.5, -1.5, -1.5, -1.5]
93/200 | Params: [-1.5, -1.5, -0.21742669783564245, -1.5, -1.5, -1.5]
94/200 | Params: [-1.4566976959737443, -1.19386978814522, -1.0247628017073558, -0.8167914845175774, -1.295201671281886, -1.4044298690054688]
95/200 | Params: [-1.5, -1.2402677370278687, -0.9894377361512245, -0.741294802053861, -1.5, -1.2801169512997363]
96/200 | Params: [-1.5, -1.5, -0.04411445282159228, -1.5, -1.5, -1.4938846681727052]
97/200 | Params: [-1.5, -1.5, -0.44089729455261756, -0.9803994936832048, -1.5, -1.5]
98/200 | Params: [-1.5, -0.8064359730126105, -1.5, 0.33740376285375523, -1.5, -1.5]
99/200 | Params: [-1.5, -1.5, 0.49161106670723664, -1.5, -1.5, -1.5]
100/200 | Params: [-1.0609893348436317, 0.7530520827778258, -0.6719226457739327, -0.557151162278503, -1.256851748443631, -0.40742824071833805]
101/200 | Params: [-1.5, 1.2732662222774775, -1.143967027839647, -1.4068303374015445, -0.6561263068082249, -0.7784589219423291]
102/200 | Params: [-1.5, -1.5, -0.4637002608675055, -1.5, -1.5, -1.5]
103/200 | Params: [-1.5, -0.9693413345268255, -1.2446749065918927, 0.18023183008123428, -1.5, -1.5]
104/200 | Params: [-1.5, -1.5, -1.5, -1.5, -1.5, -1.5]
105/200 | Params: [-1.5, -0.8594631676634659, -1.5, -1.0559866464099377, -1.5, -1.5]
106/200 | Params: [-1.5, -1.090346647893753, -0.9677386910745276, 1.5, -1.5, -0.6926444142993623]
107/200 | Params: [-1.5, -0.6533136357494373, -1.5, 0.2560537139700937, -1.5, -1.5]
108/200 | Params: [-1.5, -0.5181213876770524, -1.2673658626453814, -1.5, -1.5, -1.5]
109/200 | Params: [-1.4572643280666537, -1.4265257900820327, -0.313415114903006, -0.06770813072651628, -1.469365085508223, -0.40175143810430247]
110/200 | Params: [-1.5, -0.43605531879264614, -1.5, -1.5, -1.5, -1.5]
111/200 | Params: [-1.5, -1.4160805660489908, -0.6965215430972255, -1.3450565537508403, -1.5, -1.5]
112/200 | Params: [-1.5, -1.5, -1.5, 1.5, -1.5, -0.46901008398933275]
113/200 | Params: [-1.5, -1.5, -1.5, 1.5, -1.5, -0.5311337198802815]
114/200 | Params: [-1.5, -0.8396914796332253, -0.5796856350412837, -1.5, -1.5, -1.5]
115/200 | Params: [-1.5, -1.5, -1.5, 1.5, -0.37315495937720927, -0.7398821148579142]
116/200 | Params: [-1.5, -0.9851502348837893, -0.9664929934804383, 0.8941691987796342, -1.5, -1.5]
117/200 | Params: [-1.5, -0.13251893103124787, -1.5, -1.5, 0.8772366879317948, -0.7696283047789736]
118/200 | Params: [-1.5, -1.5, -0.01904759109941383, -0.2037092529245345, -1.5, -0.587263500477069]
119/200 | Params: [-1.3001592268915099, -1.152987229010798, -1.1639628421862631, 1.4979183011616097, -0.9577621064588958, -1.0104237389090838]
120/200 | Params: [-1.5, -0.4164733200238053, -1.5, -1.5, -1.5, -1.5]
121/200 | Params: [-1.5, -1.1526769116378397, -0.8878278071866527, -0.9512840075284987, -1.5, -1.0464219059734]
122/200 | Params: [-1.5, -0.5186305260169448, -1.5, -1.5, -1.5, -1.5]
123/200 | Params: [-1.5, -1.4779714347780424, -1.138071951769403, -0.9234597954381479, -1.5, -1.5]
124/200 | Params: [-1.5, -1.5, -0.9464754940755629, -1.5, -1.5, -1.5]
125/200 | Params: [-1.5, -0.702796471135067, -1.5, 1.5, -1.5, -1.5]
126/200 | Params: [-1.5, -1.0401996412957177, -0.6722244623940957, -1.2225676658565965, -1.5, -1.0123045409384541]
127/200 | Params: [-1.5, -0.7067520388049252, -1.5, 1.5, -1.5, -1.5]
128/200 | Params: [-1.5, -0.8299000612687163, -1.5, -1.5, -1.5, -1.5]
129/200 | Params: [-1.5, -1.5, -0.7781245979161207, -1.5, -1.5, -1.5]
130/200 | Params: [-1.5, -0.7511721634904953, -1.0177953823935968, -0.9215277138555047, -1.5, -1.5]
131/200 | Params: [-1.5, -0.7145662325679561, -1.5, 0.34160782876930174, -1.5, -1.5]
132/200 | Params: [-1.5, -1.5, -0.6178263217564863, -1.5, -1.5, -1.5]
133/200 | Params: [-1.5, -1.5, -1.5, 1.5, -1.5, -0.475863122347262]
134/200 | Params: [-1.5, -1.5, -1.4471320049795158, -0.16503842270144128, 1.5, -0.6623664973585898]
135/200 | Params: [-1.5, -1.5, 0.3935380467005159, -0.8363867497177514, -1.5, -0.60173494348097]
136/200 | Params: [-1.5, -1.1141142546382812, -1.0613681716840326, -0.8882394479486783, -1.5, -1.5]
137/200 | Params: [-1.5, -0.6541412048624041, -1.5, -1.5, -1.5, -1.265722667771187]
138/200 | Params: [-1.5, -1.5, -0.16696866052015621, -0.18133435116177396, -1.5, -0.4233961254008929]
139/200 | Params: [-1.5, -1.0315124407838157, -0.630823491449555, -0.8225656094102568, -1.5, -1.1456248799247821]
140/200 | Params: [-1.5, -0.7690680280118141, -1.5, -0.4425227637414975, -1.5, -1.5]
141/200 | Params: [-1.5, -1.5, -1.5, 0.1565502522148481, -1.5, -1.5]
142/200 | Params: [-1.5, -1.5, -1.5, 1.5, -1.5, -0.4477681331725462]
143/200 | Params: [-1.5, -0.9816200245366467, -0.949971762260562, -0.6396549137719607, -1.4172052827413437, -1.5]
144/200 | Params: [-1.5, -0.5783299481974713, -1.5, 0.15041656721397142, -1.5, -1.5]
145/200 | Params: [-1.5, -1.5, -0.6416997896444222, -1.1225381375273251, -1.5, -1.5]
146/200 | Params: [-1.5, -0.9720831156104749, -1.0655890071432332, -0.8463945347366789, -1.5, -1.5]
147/200 | Params: [-1.5, -1.5, -0.8734936301727724, -1.5, -1.5, -1.5]
148/200 | Params: [-1.5, -1.5, -0.9576403272716953, -1.5, -1.5, -1.5]
149/200 | Params: [-1.5, -1.5, 0.2416510600546351, -1.5, -1.5, 0.4055317368205493]
150/200 | Params: [-1.5, -1.5, -0.25634949284507363, -1.5, -1.5, -1.5]
151/200 | Params: [-1.5, -1.5, 0.17169363246590286, -0.478149713250834, -1.5, -1.3358952804017763]
152/200 | Params: [-1.5, -1.5, 0.11848287980223637, 0.42954371534190255, -1.5, -0.5409390307171068]
153/200 | Params: [-1.5, -1.5, -1.0064422995336815, -0.18388338132158466, -1.5, -1.5]
154/200 | Params: [-1.5, -0.6700084178061542, -1.5, 0.0695022170832872, -1.5, -1.5]
155/200 | Params: [-1.5, -1.5, -0.6045232375576427, 1.5, -1.5, -0.5852797253107445]
156/200 | Params: [-1.5, -0.7548484036934701, -1.5, -1.5, -1.5, -1.5]
157/200 | Params: [-1.5, -1.5, -0.5673632403560536, -1.5, -1.5, -1.5]
158/200 | Params: [-1.5, -1.0611901263055445, -0.679248892104079, -0.9730458960457489, -1.5, -1.5]
159/200 | Params: [-1.5, 0.7501094039009959, -0.27037447047484686, -1.1687576160072202, -1.5, -0.46934380159133454]
160/200 | Params: [-1.5, -0.5426938004686804, -1.5, -1.5, -1.5, -1.5]
161/200 | Params: [-1.5, -1.0579475788931034, -0.6678690316365675, -0.9959174772959729, -1.5, -0.9982475057234999]
162/200 | Params: [-1.5, -0.6467276719474692, -1.0750953961206686, -1.5, -1.5, -1.5]
163/200 | Params: [-1.5, -0.5767853281469631, -1.5, -1.5, -1.1916294755713506, -1.5]
164/200 | Params: [-1.5, -1.5, -0.13799684119567251, -1.5, -1.5, -1.5]
165/200 | Params: [-1.5, -0.6199495832496114, -1.5, 0.6004084992228675, -1.5, -1.5]
166/200 | Params: [-1.5, -1.5, -0.050009831118318276, -1.5, -1.5, -1.5]
167/200 | Params: [-1.5, -1.5, 0.44519801544191795, -1.5, -1.5, -1.1912964838676006]
168/200 | Params: [-1.5, -0.8402643402404748, -1.045983341923732, 0.19778380182627567, -1.5, -1.5]
169/200 | Params: [-1.5, -0.6739098116390236, -1.5, 1.3107382356334567, -1.5, -1.5]
170/200 | Params: [-1.5, -1.5, -0.23667664487251844, -1.5, -1.5, -1.0556604448211666]
171/200 | Params: [-1.5, -1.0285176657540054, -1.5, 0.9485648638407997, -1.5, -1.5]
172/200 | Params: [-1.5, -0.7573995864097268, -1.254667084022219, -1.5, -1.5, -1.5]
173/200 | Params: [-1.5, -1.1712309761030928, -0.7525362814412347, -0.8358756706834869, -1.3142668532316373, -0.9629529012844044]
174/200 | Params: [-1.5, -0.9671892146936477, -1.101616378289508, -1.151844395708892, -1.5, -1.5]
175/200 | Params: [-1.5, -0.7288435152199705, -1.5, 0.44285965885949385, -1.5, -1.5]
176/200 | Params: [-1.5, -1.5, -1.5, 1.5, -1.5, -0.4493510924600765]
177/200 | Params: [-1.5, -0.427138097041908, -1.5, -1.5, -1.5, -1.5]
178/200 | Params: [-1.5, -1.5, -1.5, -0.2710597602040714, -1.5, -1.5]
179/200 | Params: [-1.5, -0.5887233093446956, -1.5, -1.5, -1.5, -1.5]
180/200 | Params: [-1.5, -1.5, -0.8248347700107992, -0.09816757831730671, -1.5, -1.5]
181/200 | Params: [-1.5, -0.8147037829591394, -0.8173850836929948, -1.5, -1.5, -1.2577442479407235]
182/200 | Params: [-1.5, -1.5, 0.07570413841969766, -1.5, -1.5, -1.5]
183/200 | Params: [-1.5, -1.5, -0.11944633664799484, -1.5, -1.5, -1.5]
184/200 | Params: [-1.5, -1.5, -0.7538941519064634, -0.5570506068268345, -1.5, -1.5]
185/200 | Params: [-1.5, -1.5, -0.2546296334269766, -1.0393003954568063, -1.5, -1.16300014337294]
186/200 | Params: [-1.5, -1.5, -0.19601200961737983, 0.5052962507777142, -1.5, -0.33834069333945904]
187/200 | Params: [-1.5, -1.401776546052582, -0.6909009725157392, -0.8834716466224606, -1.5, -1.0030692722836076]
188/200 | Params: [-1.5, -1.5, 0.4986178971108921, -1.5, -1.5, -1.2152775214045677]
189/200 | Params: [-1.5, -0.7196764570375677, -1.5, -0.7502046349327558, -1.5, -1.5]
190/200 | Params: [-1.5, -0.7905298030709244, -1.0137332179614782, -1.5, -1.5, -1.5]
191/200 | Params: [-1.5, -1.5, -1.1545017252021057, -1.5, -1.5, -1.5]
192/200 | Params: [-1.5, -0.8612540654419683, -1.5, 1.5, -1.5, -1.5]
193/200 | Params: [-1.5, -1.5, -1.5, 1.5, -1.5, -0.4539466873266845]
194/200 | Params: [-1.5, -0.9721047884705384, -1.1502773605469325, -1.5, -1.5, -1.5]
195/200 | Params: [-1.5, -1.236630841037549, -1.5, -1.5, -1.2762372080136763, -1.2082723258174854]
196/200 | Params: [-1.5, -0.6615585952097567, -1.5, 1.5, -1.5, -1.5]
197/200 | Params: [-1.5, -1.5, -0.7142604021153682, -1.0148595714089457, -1.5, -1.5]
198/200 | Params: [-1.5, -0.7106301545483812, -0.8590794050958374, -1.2599387800307755, -1.5, -1.5]
199/200 | Params: [-1.5, -0.9953887446796272, -1.4131274486826741, 0.7705375233172264, -1.5, -1.5]
200/200 | Params: [-1.5, -1.5, 0.7385203741651611, -1.5, -1.5, -1.3403367139541704]
