/home/hd/hd_hd/hd_gy283/.conda/envs/py311/bin/python
Python 3.11.12
Mon Sep  1 11:57:00 2025       
+-----------------------------------------------------------------------------------------+
| NVIDIA-SMI 580.65.06              Driver Version: 580.65.06      CUDA Version: 13.0     |
+-----------------------------------------+------------------------+----------------------+
| GPU  Name                 Persistence-M | Bus-Id          Disp.A | Volatile Uncorr. ECC |
| Fan  Temp   Perf          Pwr:Usage/Cap |           Memory-Usage | GPU-Util  Compute M. |
|                                         |                        |               MIG M. |
|=========================================+========================+======================|
|   0  NVIDIA A100-SXM4-80GB          On  |   00000000:07:00.0 Off |                    0 |
| N/A   36C    P0             67W /  400W |       0MiB /  81920MiB |      0%      Default |
|                                         |                        |             Disabled |
+-----------------------------------------+------------------------+----------------------+

+-----------------------------------------------------------------------------------------+
| Processes:                                                                              |
|  GPU   GI   CI              PID   Type   Process name                        GPU Memory |
|        ID   ID                                                               Usage      |
|=========================================================================================|
|  No running processes found                                                             |
+-----------------------------------------------------------------------------------------+
cuda
raw_inputs shape: (150000, 8)
outputs shape: (150000,)
inputs shape: (150000, 7)
Namespace(data_dir='/gpfs/bwfor/work/ws/hd_gy283-my_data/sm_batches_1e6_mixed_eps=0.2', num_batches=150, batch_size=128, normalize=1, hd=90, num_layers=10, num_epochs=1000, lr=0.001, save_name='sm_mixed_eps=0.2')
Epoch  1/1000 Train Loss: 0.0500911893Val Loss: 0.0198278090   LR: 1.00e-03
Epoch  2/1000 Train Loss: 0.0301726219Val Loss: 0.0092876236   LR: 1.00e-03
Epoch  3/1000 Train Loss: 0.0275091879Val Loss: 0.0138263843   LR: 1.00e-03
Epoch  4/1000 Train Loss: 0.0262373209Val Loss: 0.0093935346   LR: 1.00e-03
Epoch  5/1000 Train Loss: 0.0253563798Val Loss: 0.0070543100   LR: 1.00e-03
Epoch  6/1000 Train Loss: 0.0237499370Val Loss: 0.0071309712   LR: 1.00e-03
Epoch  7/1000 Train Loss: 0.0223035134Val Loss: 0.0121108215   LR: 1.00e-03
Epoch  8/1000 Train Loss: 0.0225825852Val Loss: 0.0119043160   LR: 1.00e-03
Epoch  9/1000 Train Loss: 0.0209898133Val Loss: 0.0154973116   LR: 1.00e-03
Epoch 10/1000 Train Loss: 0.0202675445Val Loss: 0.0057477458   LR: 1.00e-03
Epoch 11/1000 Train Loss: 0.0188442624Val Loss: 0.0095980697   LR: 1.00e-03
Epoch 12/1000 Train Loss: 0.0193091120Val Loss: 0.0057410698   LR: 1.00e-03
Epoch 13/1000 Train Loss: 0.0183583709Val Loss: 0.0052469047   LR: 1.00e-03
Epoch 14/1000 Train Loss: 0.0175180199Val Loss: 0.0045059609   LR: 1.00e-03
Epoch 15/1000 Train Loss: 0.0164520971Val Loss: 0.0047100552   LR: 1.00e-03
Epoch 16/1000 Train Loss: 0.0163170961Val Loss: 0.0043590637   LR: 1.00e-03
Epoch 17/1000 Train Loss: 0.0151062883Val Loss: 0.0085944482   LR: 1.00e-03
Epoch 18/1000 Train Loss: 0.0153259112Val Loss: 0.0079107882   LR: 1.00e-03
Epoch 19/1000 Train Loss: 0.0140075205Val Loss: 0.0060089637   LR: 1.00e-03
Epoch 20/1000 Train Loss: 0.0145426949Val Loss: 0.0050523193   LR: 1.00e-03
Epoch 21/1000 Train Loss: 0.0138987480Val Loss: 0.0041445204   LR: 1.00e-03
Epoch 22/1000 Train Loss: 0.0128432738Val Loss: 0.0040488319   LR: 1.00e-03
Epoch 23/1000 Train Loss: 0.0133401676Val Loss: 0.0051372350   LR: 1.00e-03
Epoch 24/1000 Train Loss: 0.0135900151Val Loss: 0.0066881387   LR: 1.00e-03
Epoch 25/1000 Train Loss: 0.0124570654Val Loss: 0.0054333705   LR: 1.00e-03
Epoch 26/1000 Train Loss: 0.0124251441Val Loss: 0.0086502005   LR: 1.00e-03
Epoch 27/1000 Train Loss: 0.0121371726Val Loss: 0.0057953984   LR: 1.00e-03
Epoch 28/1000 Train Loss: 0.0116474526Val Loss: 0.0057133761   LR: 1.00e-03
Epoch 29/1000 Train Loss: 0.0122430634Val Loss: 0.0064273259   LR: 1.00e-03
Epoch 30/1000 Train Loss: 0.0120755776Val Loss: 0.0048223159   LR: 1.00e-03
Epoch 31/1000 Train Loss: 0.0117230468Val Loss: 0.0055441394   LR: 1.00e-03
Epoch 32/1000 Train Loss: 0.0114952521Val Loss: 0.0075382456   LR: 1.00e-03
Epoch 33/1000 Train Loss: 0.0111197677Val Loss: 0.0062097524   LR: 1.00e-03
Epoch 34/1000 Train Loss: 0.0108817967Val Loss: 0.0039255886   LR: 1.00e-03
Epoch 35/1000 Train Loss: 0.0107064284Val Loss: 0.0059722405   LR: 1.00e-03
Epoch 36/1000 Train Loss: 0.0105433029Val Loss: 0.0034540571   LR: 1.00e-03
Epoch 37/1000 Train Loss: 0.0106264381Val Loss: 0.0047345045   LR: 1.00e-03
Epoch 38/1000 Train Loss: 0.0109152183Val Loss: 0.0035732515   LR: 1.00e-03
Epoch 39/1000 Train Loss: 0.0100033584Val Loss: 0.0038273243   LR: 1.00e-03
Epoch 40/1000 Train Loss: 0.0100818154Val Loss: 0.0036854092   LR: 1.00e-03
Epoch 41/1000 Train Loss: 0.0104511656Val Loss: 0.0051366736   LR: 1.00e-03
Epoch 42/1000 Train Loss: 0.0100238931Val Loss: 0.0048255065   LR: 1.00e-03
Epoch 43/1000 Train Loss: 0.0098949917Val Loss: 0.0038246780   LR: 1.00e-03
Epoch 44/1000 Train Loss: 0.0098520832Val Loss: 0.0045686403   LR: 1.00e-03
Epoch 45/1000 Train Loss: 0.0097464575Val Loss: 0.0046389585   LR: 1.00e-03
Epoch 46/1000 Train Loss: 0.0098170606Val Loss: 0.0048696210   LR: 1.00e-03
Epoch 47/1000 Train Loss: 0.0097729469Val Loss: 0.0027974346   LR: 1.00e-03
Epoch 48/1000 Train Loss: 0.0092835026Val Loss: 0.0052692006   LR: 1.00e-03
Epoch 49/1000 Train Loss: 0.0093812911Val Loss: 0.0069045010   LR: 1.00e-03
Epoch 50/1000 Train Loss: 0.0091644092Val Loss: 0.0050569324   LR: 1.00e-03
Epoch 51/1000 Train Loss: 0.0089693981Val Loss: 0.0038357964   LR: 1.00e-03
Epoch 52/1000 Train Loss: 0.0093725819Val Loss: 0.0039620325   LR: 1.00e-03
Epoch 53/1000 Train Loss: 0.0086711193Val Loss: 0.0044878224   LR: 1.00e-03
Epoch 54/1000 Train Loss: 0.0089501560Val Loss: 0.0050715551   LR: 1.00e-03
Epoch 55/1000 Train Loss: 0.0092438025Val Loss: 0.0069304444   LR: 1.00e-03
Epoch 56/1000 Train Loss: 0.0093522113Val Loss: 0.0046430602   LR: 1.00e-03
Epoch 57/1000 Train Loss: 0.0085460907Val Loss: 0.0035660115   LR: 1.00e-03
Epoch 58/1000 Train Loss: 0.0082092451Val Loss: 0.0053286624   LR: 1.00e-03
Epoch 59/1000 Train Loss: 0.0087434783Val Loss: 0.0038705112   LR: 1.00e-03
Epoch 60/1000 Train Loss: 0.0089793960Val Loss: 0.0055708378   LR: 1.00e-03
Epoch 61/1000 Train Loss: 0.0086746373Val Loss: 0.0057612978   LR: 1.00e-03
Epoch 62/1000 Train Loss: 0.0079999178Val Loss: 0.0045549661   LR: 1.00e-03
Epoch 63/1000 Train Loss: 0.0086244977Val Loss: 0.0052886372   LR: 1.00e-03
Epoch 64/1000 Train Loss: 0.0086649772Val Loss: 0.0039968409   LR: 1.00e-03
Epoch 65/1000 Train Loss: 0.0079770688Val Loss: 0.0058562511   LR: 1.00e-03
Epoch 66/1000 Train Loss: 0.0082199562Val Loss: 0.0043411335   LR: 1.00e-03
Epoch 67/1000 Train Loss: 0.0080596914Val Loss: 0.0032463089   LR: 1.00e-03
Epoch 68/1000 Train Loss: 0.0082998527Val Loss: 0.0048964773   LR: 1.00e-03
Epoch 69/1000 Train Loss: 0.0081542233Val Loss: 0.0040264529   LR: 1.00e-03
Epoch 70/1000 Train Loss: 0.0081791986Val Loss: 0.0050563066   LR: 1.00e-03
Epoch 71/1000 Train Loss: 0.0080285141Val Loss: 0.0048124722   LR: 1.00e-03
Epoch 72/1000 Train Loss: 0.0082486260Val Loss: 0.0068462856   LR: 1.00e-03
Epoch 73/1000 Train Loss: 0.0077542722Val Loss: 0.0043129428   LR: 1.00e-03
Epoch 74/1000 Train Loss: 0.0076335047Val Loss: 0.0061182818   LR: 1.00e-03
Epoch 75/1000 Train Loss: 0.0081755804Val Loss: 0.0042104439   LR: 1.00e-03
Epoch 76/1000 Train Loss: 0.0074340622Val Loss: 0.0042717028   LR: 1.00e-03
Epoch 77/1000 Train Loss: 0.0076900255Val Loss: 0.0034353624   LR: 1.00e-03
Epoch 78/1000 Train Loss: 0.0080816403Val Loss: 0.0054723536   LR: 1.00e-03
Epoch 79/1000 Train Loss: 0.0077813846Val Loss: 0.0033038677   LR: 1.00e-03
Epoch 80/1000 Train Loss: 0.0079019791Val Loss: 0.0051203010   LR: 1.00e-03
Epoch 81/1000 Train Loss: 0.0076204486Val Loss: 0.0055449555   LR: 1.00e-03
Epoch 82/1000 Train Loss: 0.0072893567Val Loss: 0.0038941357   LR: 1.00e-03
Epoch 83/1000 Train Loss: 0.0075453158Val Loss: 0.0036818313   LR: 1.00e-03
Epoch 84/1000 Train Loss: 0.0077641422Val Loss: 0.0034293675   LR: 1.00e-03
Epoch 85/1000 Train Loss: 0.0077361560Val Loss: 0.0035909629   LR: 1.00e-03
Epoch 86/1000 Train Loss: 0.0069906213Val Loss: 0.0038458245   LR: 1.00e-03
Epoch 87/1000 Train Loss: 0.0076033489Val Loss: 0.0040324155   LR: 1.00e-03
Epoch 88/1000 Train Loss: 0.0074279022Val Loss: 0.0035897442   LR: 1.00e-03
Epoch 89/1000 Train Loss: 0.0073454898Val Loss: 0.0032087677   LR: 1.00e-03
Epoch 90/1000 Train Loss: 0.0073768180Val Loss: 0.0040861099   LR: 1.00e-03
Epoch 91/1000 Train Loss: 0.0074557323Val Loss: 0.0036372882   LR: 1.00e-03
Epoch 92/1000 Train Loss: 0.0072588947Val Loss: 0.0043537907   LR: 1.00e-03
Epoch 93/1000 Train Loss: 0.0069647307Val Loss: 0.0027887034   LR: 1.00e-03
Epoch 94/1000 Train Loss: 0.0075834953Val Loss: 0.0044097304   LR: 1.00e-03
Epoch 95/1000 Train Loss: 0.0070609676Val Loss: 0.0044238753   LR: 1.00e-03
Epoch 96/1000 Train Loss: 0.0071216750Val Loss: 0.0032622188   LR: 1.00e-03
Epoch 97/1000 Train Loss: 0.0072572199Val Loss: 0.0047982536   LR: 1.00e-03
Epoch 98/1000 Train Loss: 0.0071669411Val Loss: 0.0043069763   LR: 1.00e-03
Epoch 99/1000 Train Loss: 0.0072504780Val Loss: 0.0044724507   LR: 1.00e-03
Epoch 100/1000 Train Loss: 0.0067075524Val Loss: 0.0049644557   LR: 1.00e-03
Epoch 101/1000 Train Loss: 0.0071362362Val Loss: 0.0034914562   LR: 1.00e-03
Epoch 102/1000 Train Loss: 0.0069400070Val Loss: 0.0041818722   LR: 1.00e-03
Epoch 103/1000 Train Loss: 0.0071161906Val Loss: 0.0042948496   LR: 1.00e-03
Epoch 104/1000 Train Loss: 0.0068540350Val Loss: 0.0039505020   LR: 1.00e-03
Epoch 105/1000 Train Loss: 0.0069156754Val Loss: 0.0036218856   LR: 1.00e-03
Epoch 106/1000 Train Loss: 0.0066133853Val Loss: 0.0061426417   LR: 1.00e-03
Epoch 107/1000 Train Loss: 0.0073278498Val Loss: 0.0034912221   LR: 1.00e-03
Epoch 108/1000 Train Loss: 0.0066506929Val Loss: 0.0037584472   LR: 1.00e-03
Epoch 109/1000 Train Loss: 0.0068628343Val Loss: 0.0033433867   LR: 1.00e-03
Epoch 110/1000 Train Loss: 0.0065813811Val Loss: 0.0042914134   LR: 1.00e-03
Epoch 111/1000 Train Loss: 0.0064418134Val Loss: 0.0035070366   LR: 1.00e-03
Epoch 112/1000 Train Loss: 0.0066852361Val Loss: 0.0044439549   LR: 1.00e-03
Epoch 113/1000 Train Loss: 0.0068250900Val Loss: 0.0036503595   LR: 1.00e-03
Epoch 114/1000 Train Loss: 0.0066160751Val Loss: 0.0055931738   LR: 1.00e-03
Epoch 115/1000 Train Loss: 0.0065756350Val Loss: 0.0033051977   LR: 1.00e-03
Epoch 116/1000 Train Loss: 0.0065706480Val Loss: 0.0054502508   LR: 1.00e-03
Epoch 117/1000 Train Loss: 0.0064038584Val Loss: 0.0053193112   LR: 1.00e-03
Epoch 118/1000 Train Loss: 0.0066785788Val Loss: 0.0042015864   LR: 1.00e-03
Epoch 119/1000 Train Loss: 0.0065401028Val Loss: 0.0039717872   LR: 1.00e-03
Epoch 120/1000 Train Loss: 0.0066395669Val Loss: 0.0043478405   LR: 1.00e-03
Epoch 121/1000 Train Loss: 0.0065331559Val Loss: 0.0036297995   LR: 1.00e-03
Epoch 122/1000 Train Loss: 0.0065730649Val Loss: 0.0047264840   LR: 1.00e-03
Epoch 123/1000 Train Loss: 0.0066700067Val Loss: 0.0051021173   LR: 1.00e-03
Epoch 124/1000 Train Loss: 0.0064811442Val Loss: 0.0035170229   LR: 1.00e-03
Epoch 125/1000 Train Loss: 0.0062872181Val Loss: 0.0044822973   LR: 1.00e-03
Epoch 126/1000 Train Loss: 0.0063140894Val Loss: 0.0042429765   LR: 1.00e-03
Epoch 127/1000 Train Loss: 0.0063449512Val Loss: 0.0037912764   LR: 1.00e-03
Epoch 128/1000 Train Loss: 0.0062896375Val Loss: 0.0042352390   LR: 1.00e-03
Epoch 129/1000 Train Loss: 0.0063089794Val Loss: 0.0059383354   LR: 1.00e-03
Epoch 130/1000 Train Loss: 0.0062955168Val Loss: 0.0036503386   LR: 1.00e-03
Epoch 131/1000 Train Loss: 0.0066101671Val Loss: 0.0042858399   LR: 1.00e-03
Epoch 132/1000 Train Loss: 0.0061293410Val Loss: 0.0029009001   LR: 1.00e-03
Epoch 133/1000 Train Loss: 0.0065079520Val Loss: 0.0038519414   LR: 1.00e-03
Epoch 134/1000 Train Loss: 0.0062505389Val Loss: 0.0039309827   LR: 1.00e-03
Epoch 135/1000 Train Loss: 0.0061248366Val Loss: 0.0031220092   LR: 1.00e-03
Epoch 136/1000 Train Loss: 0.0061556932Val Loss: 0.0036765996   LR: 1.00e-03
Epoch 137/1000 Train Loss: 0.0062736580Val Loss: 0.0032753388   LR: 1.00e-03
Epoch 138/1000 Train Loss: 0.0060210488Val Loss: 0.0041108495   LR: 1.00e-03
Epoch 139/1000 Train Loss: 0.0063577716Val Loss: 0.0040431590   LR: 1.00e-03
Epoch 140/1000 Train Loss: 0.0061560593Val Loss: 0.0041253633   LR: 1.00e-03
Epoch 141/1000 Train Loss: 0.0059153637Val Loss: 0.0027540578   LR: 1.00e-03
Epoch 142/1000 Train Loss: 0.0058849086Val Loss: 0.0031274735   LR: 1.00e-03
Epoch 143/1000 Train Loss: 0.0060028327Val Loss: 0.0038962311   LR: 1.00e-03
Epoch 144/1000 Train Loss: 0.0060656082Val Loss: 0.0039389519   LR: 1.00e-03
Epoch 145/1000 Train Loss: 0.0061173936Val Loss: 0.0041647751   LR: 1.00e-03
Epoch 146/1000 Train Loss: 0.0060481712Val Loss: 0.0041287059   LR: 1.00e-03
Epoch 147/1000 Train Loss: 0.0060519150Val Loss: 0.0041962508   LR: 1.00e-03
Epoch 148/1000 Train Loss: 0.0059827702Val Loss: 0.0042814079   LR: 1.00e-03
Epoch 149/1000 Train Loss: 0.0062237699Val Loss: 0.0027806390   LR: 1.00e-03
Epoch 150/1000 Train Loss: 0.0060739519Val Loss: 0.0040321762   LR: 1.00e-03
Epoch 151/1000 Train Loss: 0.0059522399Val Loss: 0.0041281624   LR: 1.00e-03
Epoch 152/1000 Train Loss: 0.0062784358Val Loss: 0.0043330282   LR: 1.00e-03
Epoch 153/1000 Train Loss: 0.0057039240Val Loss: 0.0032916625   LR: 1.00e-03
Epoch 154/1000 Train Loss: 0.0062178634Val Loss: 0.0040050251   LR: 1.00e-03
Epoch 155/1000 Train Loss: 0.0058944462Val Loss: 0.0030743693   LR: 1.00e-03
Epoch 156/1000 Train Loss: 0.0058770029Val Loss: 0.0028935178   LR: 1.00e-03
Epoch 157/1000 Train Loss: 0.0060404916Val Loss: 0.0047189745   LR: 1.00e-03
Epoch 158/1000 Train Loss: 0.0057850288Val Loss: 0.0039039284   LR: 1.00e-03
Epoch 159/1000 Train Loss: 0.0057842100Val Loss: 0.0032966578   LR: 1.00e-03
Epoch 160/1000 Train Loss: 0.0055347044Val Loss: 0.0037154068   LR: 1.00e-03
Epoch 161/1000 Train Loss: 0.0057637591Val Loss: 0.0049134535   LR: 1.00e-03
Epoch 162/1000 Train Loss: 0.0056925230Val Loss: 0.0040046429   LR: 1.00e-03
Epoch 163/1000 Train Loss: 0.0060169562Val Loss: 0.0037508804   LR: 1.00e-03
Epoch 164/1000 Train Loss: 0.0057461821Val Loss: 0.0046275808   LR: 1.00e-03
Epoch 165/1000 Train Loss: 0.0057057005Val Loss: 0.0041772129   LR: 1.00e-03
Epoch 166/1000 Train Loss: 0.0057613035Val Loss: 0.0044327800   LR: 1.00e-03
Epoch 167/1000 Train Loss: 0.0056659968Val Loss: 0.0041372208   LR: 1.00e-03
Epoch 168/1000 Train Loss: 0.0058339426Val Loss: 0.0036524346   LR: 1.00e-03
Epoch 169/1000 Train Loss: 0.0056238027Val Loss: 0.0030487484   LR: 1.00e-03
Epoch 170/1000 Train Loss: 0.0055766201Val Loss: 0.0029734763   LR: 1.00e-03
Epoch 171/1000 Train Loss: 0.0055248235Val Loss: 0.0039941013   LR: 1.00e-03
Epoch 172/1000 Train Loss: 0.0057936488Val Loss: 0.0029622948   LR: 1.00e-03
Epoch 173/1000 Train Loss: 0.0054663324Val Loss: 0.0028646395   LR: 1.00e-03
Epoch 174/1000 Train Loss: 0.0054536581Val Loss: 0.0046437336   LR: 1.00e-03
Epoch 175/1000 Train Loss: 0.0055222526Val Loss: 0.0044241316   LR: 1.00e-03
Epoch 176/1000 Train Loss: 0.0055737197Val Loss: 0.0025095858   LR: 1.00e-03
Epoch 177/1000 Train Loss: 0.0056491378Val Loss: 0.0038330084   LR: 1.00e-03
Epoch 178/1000 Train Loss: 0.0055020141Val Loss: 0.0034280584   LR: 1.00e-03
Epoch 179/1000 Train Loss: 0.0054437113Val Loss: 0.0032277592   LR: 1.00e-03
Epoch 180/1000 Train Loss: 0.0053558143Val Loss: 0.0042925991   LR: 1.00e-03
Epoch 181/1000 Train Loss: 0.0055802787Val Loss: 0.0043885011   LR: 1.00e-03
Epoch 182/1000 Train Loss: 0.0054727784Val Loss: 0.0036782389   LR: 1.00e-03
Epoch 183/1000 Train Loss: 0.0054047430Val Loss: 0.0031566770   LR: 1.00e-03
Epoch 184/1000 Train Loss: 0.0055599703Val Loss: 0.0043192196   LR: 1.00e-03
Epoch 185/1000 Train Loss: 0.0052704237Val Loss: 0.0044380819   LR: 1.00e-03
Epoch 186/1000 Train Loss: 0.0053968904Val Loss: 0.0033169111   LR: 1.00e-03
Epoch 187/1000 Train Loss: 0.0053976137Val Loss: 0.0044149732   LR: 1.00e-03
Epoch 188/1000 Train Loss: 0.0054402177Val Loss: 0.0028350920   LR: 1.00e-03
Epoch 189/1000 Train Loss: 0.0053961921Val Loss: 0.0039410303   LR: 1.00e-03
Epoch 190/1000 Train Loss: 0.0055262816Val Loss: 0.0035238261   LR: 1.00e-03
Epoch 191/1000 Train Loss: 0.0052911056Val Loss: 0.0032748723   LR: 1.00e-03
Epoch 192/1000 Train Loss: 0.0051389501Val Loss: 0.0042551509   LR: 1.00e-03
Epoch 193/1000 Train Loss: 0.0053260701Val Loss: 0.0033270427   LR: 1.00e-03
Epoch 194/1000 Train Loss: 0.0051490851Val Loss: 0.0027965481   LR: 1.00e-03
Epoch 195/1000 Train Loss: 0.0052074609Val Loss: 0.0029293946   LR: 1.00e-03
Epoch 196/1000 Train Loss: 0.0054263449Val Loss: 0.0042939444   LR: 1.00e-03
Epoch 197/1000 Train Loss: 0.0054893634Val Loss: 0.0034479935   LR: 1.00e-03
Epoch 198/1000 Train Loss: 0.0054638385Val Loss: 0.0039174647   LR: 1.00e-03
Epoch 199/1000 Train Loss: 0.0053319016Val Loss: 0.0029905818   LR: 1.00e-03
Epoch 200/1000 Train Loss: 0.0051921120Val Loss: 0.0041981829   LR: 1.00e-03
Epoch 201/1000 Train Loss: 0.0054611686Val Loss: 0.0030546215   LR: 1.00e-03
Epoch 202/1000 Train Loss: 0.0053089116Val Loss: 0.0033941157   LR: 1.00e-03
Epoch 203/1000 Train Loss: 0.0051261539Val Loss: 0.0030031958   LR: 1.00e-03
Epoch 204/1000 Train Loss: 0.0053514210Val Loss: 0.0033484810   LR: 1.00e-03
Epoch 205/1000 Train Loss: 0.0052038171Val Loss: 0.0043283123   LR: 1.00e-03
Epoch 206/1000 Train Loss: 0.0051133969Val Loss: 0.0032140471   LR: 1.00e-03
Epoch 207/1000 Train Loss: 0.0051276701Val Loss: 0.0065502825   LR: 1.00e-03
Epoch 208/1000 Train Loss: 0.0051956727Val Loss: 0.0042584051   LR: 1.00e-03
Epoch 209/1000 Train Loss: 0.0052158631Val Loss: 0.0042310107   LR: 1.00e-03
Epoch 210/1000 Train Loss: 0.0050290704Val Loss: 0.0037817617   LR: 1.00e-03
Epoch 211/1000 Train Loss: 0.0051254906Val Loss: 0.0038541911   LR: 1.00e-03
Epoch 212/1000 Train Loss: 0.0050751268Val Loss: 0.0041200148   LR: 1.00e-03
Epoch 213/1000 Train Loss: 0.0052087526Val Loss: 0.0035159165   LR: 1.00e-03
Epoch 214/1000 Train Loss: 0.0051589879Val Loss: 0.0033458222   LR: 1.00e-03
Epoch 215/1000 Train Loss: 0.0050863697Val Loss: 0.0028835092   LR: 1.00e-03
Epoch 216/1000 Train Loss: 0.0050072987Val Loss: 0.0033725288   LR: 1.00e-03
Epoch 217/1000 Train Loss: 0.0051518575Val Loss: 0.0032896483   LR: 1.00e-03
Epoch 218/1000 Train Loss: 0.0049930337Val Loss: 0.0030440364   LR: 1.00e-03
Epoch 219/1000 Train Loss: 0.0050800430Val Loss: 0.0029897450   LR: 1.00e-03
Epoch 220/1000 Train Loss: 0.0050208524Val Loss: 0.0042145543   LR: 1.00e-03
Epoch 221/1000 Train Loss: 0.0050488262Val Loss: 0.0034386922   LR: 1.00e-03
Epoch 222/1000 Train Loss: 0.0049690769Val Loss: 0.0036865827   LR: 1.00e-03
Epoch 223/1000 Train Loss: 0.0049052440Val Loss: 0.0030070863   LR: 1.00e-03
Epoch 224/1000 Train Loss: 0.0051538388Val Loss: 0.0043012527   LR: 1.00e-03
Epoch 225/1000 Train Loss: 0.0048671520Val Loss: 0.0034647555   LR: 1.00e-03
Epoch 226/1000 Train Loss: 0.0049160523Val Loss: 0.0036459757   LR: 1.00e-03
Epoch 227/1000 Train Loss: 0.0049240948Val Loss: 0.0037265859   LR: 1.00e-03
Epoch 228/1000 Train Loss: 0.0050354588Val Loss: 0.0034053614   LR: 1.00e-03
Epoch 229/1000 Train Loss: 0.0050790317Val Loss: 0.0041506026   LR: 1.00e-03
Epoch 230/1000 Train Loss: 0.0047507431Val Loss: 0.0032489737   LR: 1.00e-03
Epoch 231/1000 Train Loss: 0.0052719338Val Loss: 0.0042450793   LR: 1.00e-03
Epoch 232/1000 Train Loss: 0.0046972789Val Loss: 0.0040028802   LR: 1.00e-03
Epoch 233/1000 Train Loss: 0.0049931962Val Loss: 0.0037204290   LR: 1.00e-03
Epoch 234/1000 Train Loss: 0.0049439498Val Loss: 0.0033367213   LR: 1.00e-03
Epoch 235/1000 Train Loss: 0.0050064769Val Loss: 0.0037364348   LR: 1.00e-03
Epoch 236/1000 Train Loss: 0.0047714865Val Loss: 0.0034073872   LR: 1.00e-03
Epoch 237/1000 Train Loss: 0.0048667429Val Loss: 0.0043312280   LR: 1.00e-03
Epoch 238/1000 Train Loss: 0.0046093527Val Loss: 0.0039751460   LR: 1.00e-03
Epoch 239/1000 Train Loss: 0.0048469366Val Loss: 0.0035272012   LR: 1.00e-03
Epoch 240/1000 Train Loss: 0.0049889131Val Loss: 0.0028707562   LR: 1.00e-03
Epoch 241/1000 Train Loss: 0.0049452514Val Loss: 0.0031812873   LR: 1.00e-03
Epoch 242/1000 Train Loss: 0.0047050685Val Loss: 0.0038677029   LR: 1.00e-03
Epoch 243/1000 Train Loss: 0.0049161729Val Loss: 0.0035444050   LR: 1.00e-03
Epoch 244/1000 Train Loss: 0.0049476870Val Loss: 0.0041957080   LR: 1.00e-03
Epoch 245/1000 Train Loss: 0.0047311520Val Loss: 0.0037202423   LR: 1.00e-03
Epoch 246/1000 Train Loss: 0.0046157166Val Loss: 0.0034190982   LR: 1.00e-03
Epoch 247/1000 Train Loss: 0.0046539098Val Loss: 0.0040757668   LR: 1.00e-03
Epoch 248/1000 Train Loss: 0.0049042763Val Loss: 0.0041132737   LR: 1.00e-03
Epoch 249/1000 Train Loss: 0.0047064926Val Loss: 0.0035090433   LR: 1.00e-03
Epoch 250/1000 Train Loss: 0.0047467305Val Loss: 0.0047720787   LR: 1.00e-03
Epoch 251/1000 Train Loss: 0.0046647698Val Loss: 0.0035984723   LR: 1.00e-03
Epoch 252/1000 Train Loss: 0.0046674186Val Loss: 0.0037170490   LR: 1.00e-03
Epoch 253/1000 Train Loss: 0.0049714289Val Loss: 0.0056440641   LR: 1.00e-03
Epoch 254/1000 Train Loss: 0.0048989075Val Loss: 0.0034324158   LR: 1.00e-03
Epoch 255/1000 Train Loss: 0.0047728074Val Loss: 0.0041249971   LR: 1.00e-03
Epoch 256/1000 Train Loss: 0.0046014458Val Loss: 0.0037566609   LR: 1.00e-03
Epoch 257/1000 Train Loss: 0.0048307318Val Loss: 0.0041300835   LR: 1.00e-03
Epoch 258/1000 Train Loss: 0.0048895293Val Loss: 0.0029822041   LR: 1.00e-03
Epoch 259/1000 Train Loss: 0.0046048867Val Loss: 0.0032496808   LR: 1.00e-03
Epoch 260/1000 Train Loss: 0.0046796474Val Loss: 0.0036416893   LR: 1.00e-03
Epoch 261/1000 Train Loss: 0.0048199604Val Loss: 0.0037552947   LR: 1.00e-03
Epoch 262/1000 Train Loss: 0.0044043184Val Loss: 0.0031158075   LR: 1.00e-03
Epoch 263/1000 Train Loss: 0.0047191025Val Loss: 0.0040052585   LR: 1.00e-03
Epoch 264/1000 Train Loss: 0.0044889929Val Loss: 0.0045094078   LR: 1.00e-03
Epoch 265/1000 Train Loss: 0.0046315168Val Loss: 0.0033085883   LR: 1.00e-03
Epoch 266/1000 Train Loss: 0.0046152270Val Loss: 0.0044098861   LR: 1.00e-03
Epoch 267/1000 Train Loss: 0.0044951094Val Loss: 0.0040007483   LR: 1.00e-03
Epoch 268/1000 Train Loss: 0.0045749177Val Loss: 0.0036717327   LR: 1.00e-03
Epoch 269/1000 Train Loss: 0.0047078627Val Loss: 0.0031456426   LR: 1.00e-03
Epoch 270/1000 Train Loss: 0.0044344019Val Loss: 0.0051157946   LR: 1.00e-03
Epoch 271/1000 Train Loss: 0.0047694732Val Loss: 0.0047417074   LR: 1.00e-03
Epoch 272/1000 Train Loss: 0.0047521040Val Loss: 0.0023937476   LR: 1.00e-03
Epoch 273/1000 Train Loss: 0.0044416454Val Loss: 0.0040466826   LR: 1.00e-03
Epoch 274/1000 Train Loss: 0.0044664878Val Loss: 0.0046344089   LR: 1.00e-03
Epoch 275/1000 Train Loss: 0.0045893109Val Loss: 0.0030275548   LR: 1.00e-03
Epoch 276/1000 Train Loss: 0.0045914000Val Loss: 0.0034064708   LR: 1.00e-03
Epoch 277/1000 Train Loss: 0.0045760367Val Loss: 0.0038216609   LR: 1.00e-03
Epoch 278/1000 Train Loss: 0.0045266915Val Loss: 0.0037252479   LR: 1.00e-03
Epoch 279/1000 Train Loss: 0.0044818597Val Loss: 0.0042276179   LR: 1.00e-03
Epoch 280/1000 Train Loss: 0.0044293734Val Loss: 0.0043252931   LR: 1.00e-03
Epoch 281/1000 Train Loss: 0.0044073919Val Loss: 0.0031841089   LR: 1.00e-03
Epoch 282/1000 Train Loss: 0.0043919750Val Loss: 0.0030093104   LR: 1.00e-03
Epoch 283/1000 Train Loss: 0.0044889783Val Loss: 0.0038180998   LR: 1.00e-03
Epoch 284/1000 Train Loss: 0.0044096890Val Loss: 0.0040649457   LR: 1.00e-03
Epoch 285/1000 Train Loss: 0.0044959752Val Loss: 0.0037340520   LR: 1.00e-03
Epoch 286/1000 Train Loss: 0.0044800856Val Loss: 0.0037054653   LR: 1.00e-03
Epoch 287/1000 Train Loss: 0.0045897595Val Loss: 0.0040132663   LR: 1.00e-03
Epoch 288/1000 Train Loss: 0.0044671128Val Loss: 0.0030904956   LR: 1.00e-03
Epoch 289/1000 Train Loss: 0.0044256488Val Loss: 0.0037100838   LR: 1.00e-03
Epoch 290/1000 Train Loss: 0.0042488646Val Loss: 0.0035650002   LR: 1.00e-03
Epoch 291/1000 Train Loss: 0.0044597350Val Loss: 0.0026816036   LR: 1.00e-03
Epoch 292/1000 Train Loss: 0.0044096091Val Loss: 0.0027747111   LR: 1.00e-03
Epoch 293/1000 Train Loss: 0.0043271635Val Loss: 0.0034373549   LR: 1.00e-03
Epoch 294/1000 Train Loss: 0.0045390126Val Loss: 0.0045348711   LR: 1.00e-03
Epoch 295/1000 Train Loss: 0.0044118832Val Loss: 0.0032099184   LR: 1.00e-03
Epoch 296/1000 Train Loss: 0.0044476406Val Loss: 0.0034933824   LR: 1.00e-03
Epoch 297/1000 Train Loss: 0.0043060136Val Loss: 0.0032462476   LR: 1.00e-03
Epoch 298/1000 Train Loss: 0.0041668261Val Loss: 0.0046341369   LR: 1.00e-03
Epoch 299/1000 Train Loss: 0.0044522984Val Loss: 0.0037456727   LR: 1.00e-03
Epoch 300/1000 Train Loss: 0.0045423630Val Loss: 0.0046996464   LR: 1.00e-03
Epoch 301/1000 Train Loss: 0.0044429389Val Loss: 0.0045471935   LR: 1.00e-03
Epoch 302/1000 Train Loss: 0.0045040129Val Loss: 0.0028483360   LR: 1.00e-03
Epoch 303/1000 Train Loss: 0.0044335107Val Loss: 0.0032435024   LR: 1.00e-03
Epoch 304/1000 Train Loss: 0.0046480708Val Loss: 0.0029581051   LR: 1.00e-03
Epoch 305/1000 Train Loss: 0.0042818296Val Loss: 0.0045193230   LR: 1.00e-03
Epoch 306/1000 Train Loss: 0.0042042769Val Loss: 0.0030822089   LR: 1.00e-03
Epoch 307/1000 Train Loss: 0.0043217347Val Loss: 0.0032838600   LR: 1.00e-03
Epoch 308/1000 Train Loss: 0.0043897362Val Loss: 0.0040742273   LR: 1.00e-03
Epoch 309/1000 Train Loss: 0.0043598557Val Loss: 0.0035606179   LR: 1.00e-03
Epoch 310/1000 Train Loss: 0.0042980088Val Loss: 0.0039685771   LR: 1.00e-03
Epoch 311/1000 Train Loss: 0.0043155679Val Loss: 0.0031942398   LR: 1.00e-03
Epoch 312/1000 Train Loss: 0.0043302681Val Loss: 0.0030809874   LR: 1.00e-03
Epoch 313/1000 Train Loss: 0.0045053451Val Loss: 0.0028572081   LR: 1.00e-03
Epoch 314/1000 Train Loss: 0.0040533917Val Loss: 0.0047277870   LR: 1.00e-03
Epoch 315/1000 Train Loss: 0.0043751867Val Loss: 0.0045499009   LR: 1.00e-03
Epoch 316/1000 Train Loss: 0.0042590306Val Loss: 0.0052575896   LR: 1.00e-03
Epoch 317/1000 Train Loss: 0.0043528280Val Loss: 0.0028116172   LR: 1.00e-03
Epoch 318/1000 Train Loss: 0.0043806390Val Loss: 0.0031703989   LR: 1.00e-03
Epoch 319/1000 Train Loss: 0.0041504677Val Loss: 0.0033006156   LR: 1.00e-03
Epoch 320/1000 Train Loss: 0.0043885006Val Loss: 0.0025399365   LR: 1.00e-03
Epoch 321/1000 Train Loss: 0.0043013112Val Loss: 0.0035770287   LR: 1.00e-03
Epoch 322/1000 Train Loss: 0.0041854283Val Loss: 0.0032293501   LR: 1.00e-03
Epoch 323/1000 Train Loss: 0.0040023418Val Loss: 0.0028557091   LR: 1.00e-03
Epoch 324/1000 Train Loss: 0.0043537802Val Loss: 0.0028571050   LR: 1.00e-03
Epoch 325/1000 Train Loss: 0.0040942980Val Loss: 0.0032746656   LR: 1.00e-03
Epoch 326/1000 Train Loss: 0.0043024341Val Loss: 0.0027551366   LR: 1.00e-03
Epoch 327/1000 Train Loss: 0.0042244736Val Loss: 0.0024430517   LR: 1.00e-03
Epoch 328/1000 Train Loss: 0.0040938398Val Loss: 0.0035140079   LR: 1.00e-03
Epoch 329/1000 Train Loss: 0.0042670713Val Loss: 0.0034458096   LR: 1.00e-03
Epoch 330/1000 Train Loss: 0.0043503356Val Loss: 0.0033143138   LR: 1.00e-03
Epoch 331/1000 Train Loss: 0.0043623373Val Loss: 0.0038440005   LR: 1.00e-03
Epoch 332/1000 Train Loss: 0.0041053552Val Loss: 0.0032792555   LR: 1.00e-03
Epoch 333/1000 Train Loss: 0.0042557010Val Loss: 0.0032065681   LR: 1.00e-03
Epoch 334/1000 Train Loss: 0.0041258068Val Loss: 0.0049400884   LR: 1.00e-03
Epoch 335/1000 Train Loss: 0.0041319024Val Loss: 0.0039951855   LR: 1.00e-03
Epoch 336/1000 Train Loss: 0.0041730251Val Loss: 0.0044511487   LR: 1.00e-03
Epoch 337/1000 Train Loss: 0.0042138930Val Loss: 0.0024317408   LR: 1.00e-03
Epoch 338/1000 Train Loss: 0.0042376605Val Loss: 0.0031889755   LR: 1.00e-03
Epoch 339/1000 Train Loss: 0.0039821959Val Loss: 0.0031508163   LR: 1.00e-03
Epoch 340/1000 Train Loss: 0.0040384168Val Loss: 0.0029765903   LR: 1.00e-03
Epoch 341/1000 Train Loss: 0.0041239091Val Loss: 0.0033673004   LR: 1.00e-03
Epoch 342/1000 Train Loss: 0.0042696664Val Loss: 0.0026603160   LR: 1.00e-03
Epoch 343/1000 Train Loss: 0.0041498546Val Loss: 0.0030332592   LR: 1.00e-03
Epoch 344/1000 Train Loss: 0.0039467854Val Loss: 0.0034349284   LR: 1.00e-03
Epoch 345/1000 Train Loss: 0.0041162726Val Loss: 0.0027753303   LR: 1.00e-03
Epoch 346/1000 Train Loss: 0.0040151046Val Loss: 0.0028166084   LR: 1.00e-03
Epoch 347/1000 Train Loss: 0.0040998054Val Loss: 0.0022015821   LR: 1.00e-03
Epoch 348/1000 Train Loss: 0.0041897921Val Loss: 0.0039739639   LR: 1.00e-03
Epoch 349/1000 Train Loss: 0.0041299458Val Loss: 0.0044053671   LR: 1.00e-03
Epoch 350/1000 Train Loss: 0.0041583412Val Loss: 0.0036162252   LR: 1.00e-03
Epoch 351/1000 Train Loss: 0.0040440648Val Loss: 0.0031024046   LR: 1.00e-03
Epoch 352/1000 Train Loss: 0.0040681988Val Loss: 0.0028858635   LR: 1.00e-03
Epoch 353/1000 Train Loss: 0.0040371450Val Loss: 0.0028035605   LR: 1.00e-03
Epoch 354/1000 Train Loss: 0.0040103022Val Loss: 0.0036710511   LR: 1.00e-03
Epoch 355/1000 Train Loss: 0.0040844938Val Loss: 0.0034851386   LR: 1.00e-03
Epoch 356/1000 Train Loss: 0.0039092181Val Loss: 0.0037683082   LR: 1.00e-03
Epoch 357/1000 Train Loss: 0.0041345256Val Loss: 0.0043746701   LR: 1.00e-03
Epoch 358/1000 Train Loss: 0.0041218868Val Loss: 0.0030493921   LR: 1.00e-03
Epoch 359/1000 Train Loss: 0.0040506228Val Loss: 0.0027329362   LR: 1.00e-03
Epoch 360/1000 Train Loss: 0.0040769119Val Loss: 0.0043776306   LR: 1.00e-03
Epoch 361/1000 Train Loss: 0.0041421408Val Loss: 0.0043470522   LR: 1.00e-03
Epoch 362/1000 Train Loss: 0.0038345862Val Loss: 0.0027771986   LR: 1.00e-03
Epoch 363/1000 Train Loss: 0.0038551146Val Loss: 0.0026715506   LR: 1.00e-03
Epoch 364/1000 Train Loss: 0.0038670031Val Loss: 0.0028467923   LR: 1.00e-03
Epoch 365/1000 Train Loss: 0.0039299915Val Loss: 0.0037386996   LR: 1.00e-03
Epoch 366/1000 Train Loss: 0.0038701443Val Loss: 0.0026269843   LR: 1.00e-03
Epoch 367/1000 Train Loss: 0.0039570640Val Loss: 0.0031613144   LR: 1.00e-03
Epoch 368/1000 Train Loss: 0.0040943449Val Loss: 0.0036520883   LR: 1.00e-03
Epoch 369/1000 Train Loss: 0.0041025656Val Loss: 0.0030015878   LR: 1.00e-03
Epoch 370/1000 Train Loss: 0.0039390239Val Loss: 0.0030397115   LR: 1.00e-03
Epoch 371/1000 Train Loss: 0.0040550570Val Loss: 0.0031201925   LR: 1.00e-03
Epoch 372/1000 Train Loss: 0.0039745646Val Loss: 0.0032384720   LR: 1.00e-03
Epoch 373/1000 Train Loss: 0.0040435789Val Loss: 0.0046785517   LR: 1.00e-03
Epoch 374/1000 Train Loss: 0.0040513080Val Loss: 0.0024095990   LR: 1.00e-03
Epoch 375/1000 Train Loss: 0.0039555033Val Loss: 0.0029578577   LR: 1.00e-03
Epoch 376/1000 Train Loss: 0.0039043758Val Loss: 0.0034916790   LR: 1.00e-03
Epoch 377/1000 Train Loss: 0.0037431389Val Loss: 0.0033050082   LR: 1.00e-03
Epoch 378/1000 Train Loss: 0.0039385226Val Loss: 0.0028572495   LR: 1.00e-03
Epoch 379/1000 Train Loss: 0.0040100777Val Loss: 0.0039182689   LR: 1.00e-03
Epoch 380/1000 Train Loss: 0.0039959268Val Loss: 0.0037568829   LR: 1.00e-03
Epoch 381/1000 Train Loss: 0.0039739068Val Loss: 0.0039197907   LR: 1.00e-03
Epoch 382/1000 Train Loss: 0.0038498966Val Loss: 0.0033045560   LR: 1.00e-03
Epoch 383/1000 Train Loss: 0.0037992147Val Loss: 0.0036069961   LR: 1.00e-03
Epoch 384/1000 Train Loss: 0.0038186072Val Loss: 0.0041179478   LR: 1.00e-03
Epoch 385/1000 Train Loss: 0.0038390783Val Loss: 0.0045395792   LR: 1.00e-03
Epoch 386/1000 Train Loss: 0.0039368373Val Loss: 0.0043148684   LR: 1.00e-03
Epoch 387/1000 Train Loss: 0.0039809143Val Loss: 0.0044344981   LR: 1.00e-03
Epoch 388/1000 Train Loss: 0.0039845865Val Loss: 0.0024800529   LR: 1.00e-03
Epoch 389/1000 Train Loss: 0.0038547828Val Loss: 0.0026794886   LR: 1.00e-03
Epoch 390/1000 Train Loss: 0.0038805438Val Loss: 0.0039696739   LR: 1.00e-03
Epoch 391/1000 Train Loss: 0.0038178465Val Loss: 0.0030273802   LR: 1.00e-03
Epoch 392/1000 Train Loss: 0.0038999359Val Loss: 0.0037055360   LR: 1.00e-03
Epoch 393/1000 Train Loss: 0.0038187798Val Loss: 0.0036009208   LR: 1.00e-03
Epoch 394/1000 Train Loss: 0.0038459951Val Loss: 0.0031417578   LR: 1.00e-03
Epoch 395/1000 Train Loss: 0.0038867553Val Loss: 0.0027102215   LR: 1.00e-03
Epoch 396/1000 Train Loss: 0.0037488850Val Loss: 0.0027043444   LR: 1.00e-03
Epoch 397/1000 Train Loss: 0.0039089573Val Loss: 0.0041988549   LR: 1.00e-03
Epoch 398/1000 Train Loss: 0.0039514322Val Loss: 0.0025415834   LR: 1.00e-03
Epoch 399/1000 Train Loss: 0.0037636689Val Loss: 0.0034947130   LR: 1.00e-03
Epoch 400/1000 Train Loss: 0.0038712287Val Loss: 0.0027904584   LR: 1.00e-03
Epoch 401/1000 Train Loss: 0.0039360685Val Loss: 0.0037668618   LR: 1.00e-03
Epoch 402/1000 Train Loss: 0.0037018361Val Loss: 0.0036590515   LR: 1.00e-03
Epoch 403/1000 Train Loss: 0.0039496405Val Loss: 0.0033200929   LR: 1.00e-03
Epoch 404/1000 Train Loss: 0.0037248205Val Loss: 0.0030588575   LR: 1.00e-03
Epoch 405/1000 Train Loss: 0.0039071108Val Loss: 0.0026981985   LR: 1.00e-03
Epoch 406/1000 Train Loss: 0.0038137611Val Loss: 0.0042591127   LR: 1.00e-03
Epoch 407/1000 Train Loss: 0.0038869727Val Loss: 0.0038716187   LR: 1.00e-03
Epoch 408/1000 Train Loss: 0.0038442164Val Loss: 0.0040498483   LR: 1.00e-03
Epoch 409/1000 Train Loss: 0.0038915954Val Loss: 0.0033051655   LR: 1.00e-03
Epoch 410/1000 Train Loss: 0.0036563381Val Loss: 0.0037399904   LR: 1.00e-03
Epoch 411/1000 Train Loss: 0.0037492755Val Loss: 0.0028189357   LR: 1.00e-03
Epoch 412/1000 Train Loss: 0.0036586930Val Loss: 0.0028012254   LR: 1.00e-03
Epoch 413/1000 Train Loss: 0.0037696857Val Loss: 0.0034152372   LR: 1.00e-03
Epoch 414/1000 Train Loss: 0.0038695324Val Loss: 0.0038351251   LR: 1.00e-03
Epoch 415/1000 Train Loss: 0.0037497429Val Loss: 0.0027562545   LR: 1.00e-03
Epoch 416/1000 Train Loss: 0.0038039315Val Loss: 0.0033918491   LR: 1.00e-03
Epoch 417/1000 Train Loss: 0.0037538313Val Loss: 0.0040455139   LR: 1.00e-03
Epoch 418/1000 Train Loss: 0.0037065026Val Loss: 0.0028917898   LR: 1.00e-03
Epoch 419/1000 Train Loss: 0.0037178770Val Loss: 0.0038453973   LR: 1.00e-03
Epoch 420/1000 Train Loss: 0.0037404078Val Loss: 0.0040601833   LR: 1.00e-03
Epoch 421/1000 Train Loss: 0.0036665841Val Loss: 0.0037319791   LR: 1.00e-03
Epoch 422/1000 Train Loss: 0.0035877562Val Loss: 0.0026533858   LR: 1.00e-03
Epoch 423/1000 Train Loss: 0.0037296322Val Loss: 0.0026900447   LR: 1.00e-03
Epoch 424/1000 Train Loss: 0.0039636555Val Loss: 0.0022982135   LR: 1.00e-03
Epoch 425/1000 Train Loss: 0.0039281871Val Loss: 0.0026504444   LR: 1.00e-03
Epoch 426/1000 Train Loss: 0.0036376007Val Loss: 0.0039811413   LR: 1.00e-03
Epoch 427/1000 Train Loss: 0.0036593388Val Loss: 0.0037826570   LR: 1.00e-03
Epoch 428/1000 Train Loss: 0.0035592744Val Loss: 0.0028825637   LR: 1.00e-03
Epoch 429/1000 Train Loss: 0.0036526196Val Loss: 0.0028941584   LR: 1.00e-03
Epoch 430/1000 Train Loss: 0.0037089709Val Loss: 0.0034226054   LR: 1.00e-03
Epoch 431/1000 Train Loss: 0.0038144746Val Loss: 0.0033818155   LR: 1.00e-03
Epoch 432/1000 Train Loss: 0.0036792675Val Loss: 0.0039292932   LR: 1.00e-03
Epoch 433/1000 Train Loss: 0.0036166418Val Loss: 0.0039901031   LR: 1.00e-03
Epoch 434/1000 Train Loss: 0.0036574139Val Loss: 0.0035932438   LR: 1.00e-03
Epoch 435/1000 Train Loss: 0.0035535227Val Loss: 0.0029748748   LR: 1.00e-03
Epoch 436/1000 Train Loss: 0.0037706859Val Loss: 0.0035356415   LR: 1.00e-03
Epoch 437/1000 Train Loss: 0.0036387689Val Loss: 0.0026169988   LR: 1.00e-03
Epoch 438/1000 Train Loss: 0.0038217338Val Loss: 0.0028634845   LR: 1.00e-03
Epoch 439/1000 Train Loss: 0.0036121041Val Loss: 0.0032995437   LR: 1.00e-03
Epoch 440/1000 Train Loss: 0.0035358962Val Loss: 0.0049828301   LR: 1.00e-03
Epoch 441/1000 Train Loss: 0.0037266504Val Loss: 0.0038423118   LR: 1.00e-03
Epoch 442/1000 Train Loss: 0.0037664497Val Loss: 0.0027034374   LR: 1.00e-03
Epoch 443/1000 Train Loss: 0.0036302522Val Loss: 0.0029861413   LR: 1.00e-03
Epoch 444/1000 Train Loss: 0.0038067243Val Loss: 0.0036299145   LR: 1.00e-03
Epoch 445/1000 Train Loss: 0.0037546937Val Loss: 0.0032038945   LR: 1.00e-03
Epoch 446/1000 Train Loss: 0.0037192408Val Loss: 0.0034994186   LR: 1.00e-03
Epoch 447/1000 Train Loss: 0.0037507834Val Loss: 0.0045444035   LR: 1.00e-03
Epoch 448/1000 Train Loss: 0.0038335478Val Loss: 0.0029222584   LR: 1.00e-03
Epoch 449/1000 Train Loss: 0.0035879225Val Loss: 0.0034279220   LR: 1.00e-03
Epoch 450/1000 Train Loss: 0.0035739369Val Loss: 0.0028206161   LR: 1.00e-03
Epoch 451/1000 Train Loss: 0.0036526059Val Loss: 0.0031237255   LR: 1.00e-03
Epoch 452/1000 Train Loss: 0.0036872033Val Loss: 0.0041923377   LR: 1.00e-03
Epoch 453/1000 Train Loss: 0.0035880230Val Loss: 0.0033315191   LR: 1.00e-03
Epoch 454/1000 Train Loss: 0.0037557771Val Loss: 0.0041615915   LR: 1.00e-03
Epoch 455/1000 Train Loss: 0.0036775414Val Loss: 0.0028413543   LR: 1.00e-03
Epoch 456/1000 Train Loss: 0.0036441738Val Loss: 0.0036096555   LR: 1.00e-03
Epoch 457/1000 Train Loss: 0.0035214321Val Loss: 0.0041385102   LR: 1.00e-03
Epoch 458/1000 Train Loss: 0.0036677169Val Loss: 0.0030348972   LR: 1.00e-03
Epoch 459/1000 Train Loss: 0.0035418117Val Loss: 0.0040776616   LR: 1.00e-03
Epoch 460/1000 Train Loss: 0.0035293711Val Loss: 0.0028770663   LR: 1.00e-03
Epoch 461/1000 Train Loss: 0.0036316115Val Loss: 0.0026068218   LR: 1.00e-03
Epoch 462/1000 Train Loss: 0.0036976502Val Loss: 0.0026850653   LR: 1.00e-03
Epoch 463/1000 Train Loss: 0.0035432518Val Loss: 0.0035512426   LR: 1.00e-03
Epoch 464/1000 Train Loss: 0.0037316098Val Loss: 0.0034736889   LR: 1.00e-03
Epoch 465/1000 Train Loss: 0.0034892763Val Loss: 0.0027284180   LR: 1.00e-03
Epoch 466/1000 Train Loss: 0.0036462721Val Loss: 0.0023465041   LR: 1.00e-03
Epoch 467/1000 Train Loss: 0.0035106008Val Loss: 0.0034937806   LR: 1.00e-03
Epoch 468/1000 Train Loss: 0.0035743464Val Loss: 0.0034738320   LR: 1.00e-03
Epoch 469/1000 Train Loss: 0.0036077365Val Loss: 0.0025529436   LR: 1.00e-03
Epoch 470/1000 Train Loss: 0.0034662363Val Loss: 0.0037501311   LR: 1.00e-03
Epoch 471/1000 Train Loss: 0.0035922197Val Loss: 0.0029630642   LR: 1.00e-03
Epoch 472/1000 Train Loss: 0.0036244600Val Loss: 0.0039708101   LR: 1.00e-03
Epoch 473/1000 Train Loss: 0.0034500575Val Loss: 0.0024556761   LR: 1.00e-03
Epoch 474/1000 Train Loss: 0.0035061381Val Loss: 0.0035618115   LR: 1.00e-03
Epoch 475/1000 Train Loss: 0.0034678533Val Loss: 0.0029152720   LR: 1.00e-03
Epoch 476/1000 Train Loss: 0.0034490888Val Loss: 0.0036428378   LR: 1.00e-03
Epoch 477/1000 Train Loss: 0.0036019917Val Loss: 0.0022782771   LR: 1.00e-03
Epoch 478/1000 Train Loss: 0.0036115930Val Loss: 0.0034399742   LR: 1.00e-03
Epoch 479/1000 Train Loss: 0.0035684504Val Loss: 0.0032498630   LR: 1.00e-03
Epoch 480/1000 Train Loss: 0.0035837493Val Loss: 0.0028598660   LR: 1.00e-03
Epoch 481/1000 Train Loss: 0.0035143180Val Loss: 0.0030291758   LR: 1.00e-03
Epoch 482/1000 Train Loss: 0.0036485454Val Loss: 0.0030555615   LR: 1.00e-03
Epoch 483/1000 Train Loss: 0.0035171383Val Loss: 0.0037523972   LR: 1.00e-03
Epoch 484/1000 Train Loss: 0.0035847061Val Loss: 0.0035591391   LR: 1.00e-03
Epoch 485/1000 Train Loss: 0.0035882722Val Loss: 0.0038271055   LR: 1.00e-03
Epoch 486/1000 Train Loss: 0.0034473255Val Loss: 0.0026820669   LR: 1.00e-03
Epoch 487/1000 Train Loss: 0.0036425946Val Loss: 0.0026194333   LR: 1.00e-03
Epoch 488/1000 Train Loss: 0.0035883753Val Loss: 0.0031055931   LR: 1.00e-03
Epoch 489/1000 Train Loss: 0.0036631802Val Loss: 0.0030013283   LR: 1.00e-03
Epoch 490/1000 Train Loss: 0.0034003869Val Loss: 0.0027131402   LR: 1.00e-03
Epoch 491/1000 Train Loss: 0.0033634753Val Loss: 0.0029671834   LR: 1.00e-03
Epoch 492/1000 Train Loss: 0.0033877708Val Loss: 0.0032419105   LR: 1.00e-03
Epoch 493/1000 Train Loss: 0.0034619306Val Loss: 0.0025950763   LR: 1.00e-03
Epoch 494/1000 Train Loss: 0.0034688311Val Loss: 0.0030474133   LR: 1.00e-03
Epoch 495/1000 Train Loss: 0.0036290476Val Loss: 0.0039316398   LR: 1.00e-03
Epoch 496/1000 Train Loss: 0.0034617576Val Loss: 0.0031319106   LR: 1.00e-03
Epoch 497/1000 Train Loss: 0.0033523278Val Loss: 0.0038189574   LR: 1.00e-03
Epoch 498/1000 Train Loss: 0.0034975354Val Loss: 0.0026778546   LR: 1.00e-03
Epoch 499/1000 Train Loss: 0.0037089934Val Loss: 0.0025361574   LR: 1.00e-03
Epoch 500/1000 Train Loss: 0.0034825699Val Loss: 0.0034080950   LR: 1.00e-03
Epoch 501/1000 Train Loss: 0.0034795222Val Loss: 0.0035850335   LR: 1.00e-03
Epoch 502/1000 Train Loss: 0.0035214509Val Loss: 0.0026965833   LR: 1.00e-03
Epoch 503/1000 Train Loss: 0.0033911116Val Loss: 0.0030780571   LR: 1.00e-03
Epoch 504/1000 Train Loss: 0.0034857622Val Loss: 0.0036211257   LR: 1.00e-03
Epoch 505/1000 Train Loss: 0.0035540847Val Loss: 0.0026204247   LR: 1.00e-03
Epoch 506/1000 Train Loss: 0.0034904340Val Loss: 0.0030716958   LR: 1.00e-03
Epoch 507/1000 Train Loss: 0.0034745589Val Loss: 0.0028903588   LR: 1.00e-03
Epoch 508/1000 Train Loss: 0.0034532074Val Loss: 0.0025358229   LR: 1.00e-03
Epoch 509/1000 Train Loss: 0.0035269419Val Loss: 0.0044024229   LR: 1.00e-03
Epoch 510/1000 Train Loss: 0.0035655488Val Loss: 0.0035337873   LR: 1.00e-03
Epoch 511/1000 Train Loss: 0.0036277670Val Loss: 0.0032798278   LR: 1.00e-03
Epoch 512/1000 Train Loss: 0.0033200923Val Loss: 0.0029524289   LR: 1.00e-03
Epoch 513/1000 Train Loss: 0.0034268731Val Loss: 0.0028268730   LR: 1.00e-03
Epoch 514/1000 Train Loss: 0.0034329790Val Loss: 0.0031532117   LR: 1.00e-03
Epoch 515/1000 Train Loss: 0.0035170446Val Loss: 0.0034170268   LR: 1.00e-03
Epoch 516/1000 Train Loss: 0.0033519155Val Loss: 0.0036447183   LR: 1.00e-03
Epoch 517/1000 Train Loss: 0.0032403178Val Loss: 0.0034944850   LR: 1.00e-03
Epoch 518/1000 Train Loss: 0.0033895813Val Loss: 0.0025272263   LR: 1.00e-03
Epoch 519/1000 Train Loss: 0.0036172111Val Loss: 0.0034136252   LR: 1.00e-03
Epoch 520/1000 Train Loss: 0.0036633297Val Loss: 0.0036038267   LR: 1.00e-03
Epoch 521/1000 Train Loss: 0.0034848477Val Loss: 0.0029977666   LR: 1.00e-03
Epoch 522/1000 Train Loss: 0.0033772324Val Loss: 0.0041490980   LR: 1.00e-03
Epoch 523/1000 Train Loss: 0.0033691516Val Loss: 0.0025988544   LR: 1.00e-03
Epoch 524/1000 Train Loss: 0.0034820811Val Loss: 0.0027182447   LR: 1.00e-03
Epoch 525/1000 Train Loss: 0.0033782504Val Loss: 0.0025225178   LR: 1.00e-03
Epoch 526/1000 Train Loss: 0.0034119641Val Loss: 0.0028944029   LR: 1.00e-03
Epoch 527/1000 Train Loss: 0.0034376431Val Loss: 0.0028978142   LR: 1.00e-03
Epoch 528/1000 Train Loss: 0.0033610697Val Loss: 0.0032761849   LR: 1.00e-03
Epoch 529/1000 Train Loss: 0.0033410115Val Loss: 0.0041299389   LR: 1.00e-03
Epoch 530/1000 Train Loss: 0.0034696821Val Loss: 0.0035947459   LR: 1.00e-03
Epoch 531/1000 Train Loss: 0.0035226014Val Loss: 0.0034700510   LR: 1.00e-03
Epoch 532/1000 Train Loss: 0.0032602980Val Loss: 0.0037258600   LR: 1.00e-03
Epoch 533/1000 Train Loss: 0.0033843212Val Loss: 0.0031611598   LR: 1.00e-03
Epoch 534/1000 Train Loss: 0.0036108956Val Loss: 0.0037548436   LR: 1.00e-03
Epoch 535/1000 Train Loss: 0.0032101375Val Loss: 0.0032945908   LR: 1.00e-03
Epoch 536/1000 Train Loss: 0.0033064206Val Loss: 0.0029659824   LR: 1.00e-03
Epoch 537/1000 Train Loss: 0.0035368053Val Loss: 0.0028247642   LR: 1.00e-03
Epoch 538/1000 Train Loss: 0.0033335539Val Loss: 0.0042375131   LR: 1.00e-03
Epoch 539/1000 Train Loss: 0.0033749988Val Loss: 0.0029816548   LR: 1.00e-03
Epoch 540/1000 Train Loss: 0.0033098080Val Loss: 0.0037424521   LR: 1.00e-03
Epoch 541/1000 Train Loss: 0.0035603002Val Loss: 0.0025651641   LR: 1.00e-03
Epoch 542/1000 Train Loss: 0.0033761230Val Loss: 0.0037413676   LR: 1.00e-03
Epoch 543/1000 Train Loss: 0.0033325391Val Loss: 0.0039713839   LR: 1.00e-03
Epoch 544/1000 Train Loss: 0.0033347506Val Loss: 0.0027988889   LR: 1.00e-03
Epoch 545/1000 Train Loss: 0.0032539774Val Loss: 0.0025466579   LR: 1.00e-03
Epoch 546/1000 Train Loss: 0.0033860695Val Loss: 0.0032126566   LR: 1.00e-03
Epoch 547/1000 Train Loss: 0.0033090640Val Loss: 0.0028952658   LR: 1.00e-03
Epoch 548/1000 Train Loss: 0.0032785396Val Loss: 0.0028292130   LR: 1.00e-03
Epoch 549/1000 Train Loss: 0.0032515540Val Loss: 0.0031970054   LR: 1.00e-03
Epoch 550/1000 Train Loss: 0.0033090470Val Loss: 0.0030020550   LR: 1.00e-03
Epoch 551/1000 Train Loss: 0.0033540545Val Loss: 0.0033636223   LR: 1.00e-03
Epoch 552/1000 Train Loss: 0.0032720184Val Loss: 0.0034384517   LR: 1.00e-03
Epoch 553/1000 Train Loss: 0.0034384841Val Loss: 0.0039954478   LR: 1.00e-03
Epoch 554/1000 Train Loss: 0.0033735032Val Loss: 0.0032123324   LR: 1.00e-03
Epoch 555/1000 Train Loss: 0.0033806393Val Loss: 0.0053879920   LR: 1.00e-03
Epoch 556/1000 Train Loss: 0.0033042268Val Loss: 0.0034297534   LR: 1.00e-03
Epoch 557/1000 Train Loss: 0.0032233977Val Loss: 0.0026938347   LR: 1.00e-03
Epoch 558/1000 Train Loss: 0.0033994886Val Loss: 0.0026024564   LR: 1.00e-03
Epoch 559/1000 Train Loss: 0.0034464003Val Loss: 0.0032110228   LR: 1.00e-03
Epoch 560/1000 Train Loss: 0.0034433964Val Loss: 0.0022558965   LR: 1.00e-03
Epoch 561/1000 Train Loss: 0.0033367937Val Loss: 0.0034503886   LR: 1.00e-03
Epoch 562/1000 Train Loss: 0.0033353986Val Loss: 0.0037289891   LR: 1.00e-03
Epoch 563/1000 Train Loss: 0.0033246613Val Loss: 0.0028973272   LR: 1.00e-03
Epoch 564/1000 Train Loss: 0.0033375278Val Loss: 0.0035149594   LR: 1.00e-03
Epoch 565/1000 Train Loss: 0.0032808341Val Loss: 0.0042074363   LR: 1.00e-03
Epoch 566/1000 Train Loss: 0.0032798343Val Loss: 0.0030985562   LR: 1.00e-03
Epoch 567/1000 Train Loss: 0.0033883749Val Loss: 0.0038138096   LR: 1.00e-03
Epoch 568/1000 Train Loss: 0.0032677316Val Loss: 0.0027273201   LR: 1.00e-03
Epoch 569/1000 Train Loss: 0.0033542399Val Loss: 0.0027836144   LR: 1.00e-03
Epoch 570/1000 Train Loss: 0.0032352184Val Loss: 0.0022716237   LR: 1.00e-03
Epoch 571/1000 Train Loss: 0.0033619699Val Loss: 0.0036080873   LR: 1.00e-03
Epoch 572/1000 Train Loss: 0.0034171354Val Loss: 0.0026026840   LR: 1.00e-03
Epoch 573/1000 Train Loss: 0.0034522723Val Loss: 0.0022032981   LR: 1.00e-03
Epoch 574/1000 Train Loss: 0.0032855592Val Loss: 0.0040663662   LR: 1.00e-03
Epoch 575/1000 Train Loss: 0.0033925557Val Loss: 0.0028390215   LR: 1.00e-03
Epoch 576/1000 Train Loss: 0.0033723274Val Loss: 0.0036371397   LR: 1.00e-03
Epoch 577/1000 Train Loss: 0.0033405049Val Loss: 0.0028070277   LR: 1.00e-03
Epoch 578/1000 Train Loss: 0.0032468615Val Loss: 0.0032024988   LR: 1.00e-03
Epoch 579/1000 Train Loss: 0.0032404153Val Loss: 0.0026192715   LR: 1.00e-03
Epoch 580/1000 Train Loss: 0.0033781903Val Loss: 0.0031664590   LR: 1.00e-03
Epoch 581/1000 Train Loss: 0.0032426918Val Loss: 0.0034884266   LR: 1.00e-03
Epoch 582/1000 Train Loss: 0.0032325259Val Loss: 0.0023783890   LR: 1.00e-03
Epoch 583/1000 Train Loss: 0.0031949631Val Loss: 0.0032244703   LR: 1.00e-03
Epoch 584/1000 Train Loss: 0.0033127684Val Loss: 0.0029713396   LR: 1.00e-03
Epoch 585/1000 Train Loss: 0.0032568291Val Loss: 0.0033729264   LR: 1.00e-03
Epoch 586/1000 Train Loss: 0.0033781741Val Loss: 0.0031614247   LR: 1.00e-03
Epoch 587/1000 Train Loss: 0.0032567706Val Loss: 0.0025592515   LR: 1.00e-03
Epoch 588/1000 Train Loss: 0.0034185480Val Loss: 0.0031568770   LR: 1.00e-03
Epoch 589/1000 Train Loss: 0.0033074435Val Loss: 0.0028330357   LR: 1.00e-03
Epoch 590/1000 Train Loss: 0.0031619360Val Loss: 0.0026101350   LR: 1.00e-03
Epoch 591/1000 Train Loss: 0.0032946546Val Loss: 0.0044809498   LR: 1.00e-03
Epoch 592/1000 Train Loss: 0.0032597325Val Loss: 0.0034833799   LR: 1.00e-03
Epoch 593/1000 Train Loss: 0.0033397252Val Loss: 0.0028802090   LR: 1.00e-03
Epoch 594/1000 Train Loss: 0.0032617630Val Loss: 0.0032395617   LR: 1.00e-03
Epoch 595/1000 Train Loss: 0.0032711103Val Loss: 0.0035298127   LR: 1.00e-03
Epoch 596/1000 Train Loss: 0.0032322451Val Loss: 0.0027992114   LR: 1.00e-03
Epoch 597/1000 Train Loss: 0.0033311188Val Loss: 0.0025307415   LR: 1.00e-03
Epoch 598/1000 Train Loss: 0.0032890474Val Loss: 0.0038251787   LR: 1.00e-03
Epoch 599/1000 Train Loss: 0.0032076507Val Loss: 0.0026049071   LR: 1.00e-03
Epoch 600/1000 Train Loss: 0.0033032950Val Loss: 0.0031681203   LR: 1.00e-03
Epoch 601/1000 Train Loss: 0.0032053733Val Loss: 0.0034227387   LR: 1.00e-03
Epoch 602/1000 Train Loss: 0.0032673796Val Loss: 0.0037130014   LR: 1.00e-03
Epoch 603/1000 Train Loss: 0.0032453381Val Loss: 0.0032059297   LR: 1.00e-03
Epoch 604/1000 Train Loss: 0.0031166032Val Loss: 0.0032642443   LR: 1.00e-03
Epoch 605/1000 Train Loss: 0.0031581723Val Loss: 0.0042849548   LR: 1.00e-03
Epoch 606/1000 Train Loss: 0.0032801292Val Loss: 0.0035513864   LR: 1.00e-03
Epoch 607/1000 Train Loss: 0.0033356823Val Loss: 0.0033621079   LR: 1.00e-03
Epoch 608/1000 Train Loss: 0.0032563419Val Loss: 0.0029929529   LR: 1.00e-03
Epoch 609/1000 Train Loss: 0.0033283273Val Loss: 0.0030636194   LR: 1.00e-03
Epoch 610/1000 Train Loss: 0.0033082277Val Loss: 0.0032691276   LR: 1.00e-03
Epoch 611/1000 Train Loss: 0.0031777816Val Loss: 0.0028196121   LR: 1.00e-03
Epoch 612/1000 Train Loss: 0.0030929977Val Loss: 0.0038533195   LR: 1.00e-03
Epoch 613/1000 Train Loss: 0.0032147136Val Loss: 0.0028469206   LR: 1.00e-03
Epoch 614/1000 Train Loss: 0.0031843298Val Loss: 0.0038707429   LR: 1.00e-03
Epoch 615/1000 Train Loss: 0.0031814368Val Loss: 0.0035727322   LR: 1.00e-03
Epoch 616/1000 Train Loss: 0.0031941221Val Loss: 0.0032673778   LR: 1.00e-03
Epoch 617/1000 Train Loss: 0.0031900864Val Loss: 0.0029467065   LR: 1.00e-03
Epoch 618/1000 Train Loss: 0.0033479054Val Loss: 0.0027334608   LR: 1.00e-03
Epoch 619/1000 Train Loss: 0.0032805646Val Loss: 0.0031797916   LR: 1.00e-03
Epoch 620/1000 Train Loss: 0.0031616204Val Loss: 0.0035259173   LR: 1.00e-03
Epoch 621/1000 Train Loss: 0.0032495677Val Loss: 0.0025851723   LR: 1.00e-03
Epoch 622/1000 Train Loss: 0.0031804992Val Loss: 0.0029988844   LR: 1.00e-03
Epoch 623/1000 Train Loss: 0.0031197898Val Loss: 0.0027574562   LR: 1.00e-03
Epoch 624/1000 Train Loss: 0.0031825207Val Loss: 0.0046727425   LR: 1.00e-03
Epoch 625/1000 Train Loss: 0.0031442757Val Loss: 0.0025613250   LR: 1.00e-03
Epoch 626/1000 Train Loss: 0.0032672258Val Loss: 0.0031284844   LR: 1.00e-03
Epoch 627/1000 Train Loss: 0.0030882145Val Loss: 0.0035554509   LR: 1.00e-03
Epoch 628/1000 Train Loss: 0.0031165632Val Loss: 0.0038369627   LR: 1.00e-03
Epoch 629/1000 Train Loss: 0.0032634074Val Loss: 0.0031388738   LR: 1.00e-03
Epoch 630/1000 Train Loss: 0.0032376200Val Loss: 0.0037324855   LR: 1.00e-03
Epoch 631/1000 Train Loss: 0.0032051469Val Loss: 0.0036149047   LR: 1.00e-03
Epoch 632/1000 Train Loss: 0.0031187398Val Loss: 0.0025962149   LR: 1.00e-03
Epoch 633/1000 Train Loss: 0.0031376749Val Loss: 0.0027997966   LR: 1.00e-03
Epoch 634/1000 Train Loss: 0.0032299221Val Loss: 0.0030161709   LR: 1.00e-03
Epoch 635/1000 Train Loss: 0.0032076593Val Loss: 0.0025260547   LR: 1.00e-03
Epoch 636/1000 Train Loss: 0.0031604574Val Loss: 0.0027374111   LR: 1.00e-03
Epoch 637/1000 Train Loss: 0.0031092522Val Loss: 0.0035516930   LR: 1.00e-03
Epoch 638/1000 Train Loss: 0.0031202477Val Loss: 0.0031804921   LR: 1.00e-03
Epoch 639/1000 Train Loss: 0.0030467149Val Loss: 0.0035164429   LR: 1.00e-03
Epoch 640/1000 Train Loss: 0.0032385705Val Loss: 0.0034057675   LR: 1.00e-03
Epoch 641/1000 Train Loss: 0.0031979117Val Loss: 0.0023930804   LR: 1.00e-03
Epoch 642/1000 Train Loss: 0.0030893331Val Loss: 0.0031078386   LR: 1.00e-03
Epoch 643/1000 Train Loss: 0.0032263776Val Loss: 0.0029348758   LR: 1.00e-03
Epoch 644/1000 Train Loss: 0.0031580499Val Loss: 0.0027135308   LR: 1.00e-03
Epoch 645/1000 Train Loss: 0.0031625570Val Loss: 0.0040723840   LR: 1.00e-03
Epoch 646/1000 Train Loss: 0.0031165128Val Loss: 0.0036851679   LR: 1.00e-03
Epoch 647/1000 Train Loss: 0.0030664830Val Loss: 0.0032338079   LR: 1.00e-03
Epoch 648/1000 Train Loss: 0.0032285963Val Loss: 0.0023283869   LR: 1.00e-03
Epoch 649/1000 Train Loss: 0.0032377821Val Loss: 0.0029835631   LR: 1.00e-03
Epoch 650/1000 Train Loss: 0.0030711237Val Loss: 0.0034633017   LR: 1.00e-03
Epoch 651/1000 Train Loss: 0.0031519801Val Loss: 0.0027321189   LR: 1.00e-03
Epoch 652/1000 Train Loss: 0.0030984070Val Loss: 0.0031976644   LR: 1.00e-03
Epoch 653/1000 Train Loss: 0.0031079525Val Loss: 0.0025574949   LR: 1.00e-03
Epoch 654/1000 Train Loss: 0.0031177089Val Loss: 0.0032249146   LR: 1.00e-03
Epoch 655/1000 Train Loss: 0.0031293063Val Loss: 0.0038303391   LR: 1.00e-03
Epoch 656/1000 Train Loss: 0.0030697297Val Loss: 0.0023732647   LR: 1.00e-03
Epoch 657/1000 Train Loss: 0.0031138310Val Loss: 0.0025577356   LR: 1.00e-03
Epoch 658/1000 Train Loss: 0.0031710762Val Loss: 0.0022468365   LR: 1.00e-03
Epoch 659/1000 Train Loss: 0.0030913927Val Loss: 0.0036711785   LR: 1.00e-03
Epoch 660/1000 Train Loss: 0.0030639668Val Loss: 0.0028137070   LR: 1.00e-03
Epoch 661/1000 Train Loss: 0.0030951332Val Loss: 0.0039128212   LR: 1.00e-03
Epoch 662/1000 Train Loss: 0.0031846358Val Loss: 0.0032125816   LR: 1.00e-03
Epoch 663/1000 Train Loss: 0.0031721792Val Loss: 0.0029623289   LR: 1.00e-03
Epoch 664/1000 Train Loss: 0.0030735800Val Loss: 0.0022715706   LR: 1.00e-03
Epoch 665/1000 Train Loss: 0.0031786241Val Loss: 0.0033412245   LR: 1.00e-03
Epoch 666/1000 Train Loss: 0.0030574523Val Loss: 0.0026413451   LR: 1.00e-03
Epoch 667/1000 Train Loss: 0.0030979218Val Loss: 0.0026011750   LR: 1.00e-03
Epoch 668/1000 Train Loss: 0.0031223379Val Loss: 0.0031639686   LR: 1.00e-03
Epoch 669/1000 Train Loss: 0.0031036401Val Loss: 0.0030629027   LR: 1.00e-03
Epoch 670/1000 Train Loss: 0.0029835561Val Loss: 0.0028808350   LR: 1.00e-03
Epoch 671/1000 Train Loss: 0.0029723021Val Loss: 0.0030342693   LR: 1.00e-03
Epoch 672/1000 Train Loss: 0.0031019466Val Loss: 0.0038513874   LR: 1.00e-03
Epoch 673/1000 Train Loss: 0.0030842693Val Loss: 0.0026149648   LR: 1.00e-03
Epoch 674/1000 Train Loss: 0.0031582168Val Loss: 0.0030896602   LR: 1.00e-03
Epoch 675/1000 Train Loss: 0.0030961567Val Loss: 0.0024507118   LR: 1.00e-03
Epoch 676/1000 Train Loss: 0.0032519532Val Loss: 0.0025448594   LR: 1.00e-03
Epoch 677/1000 Train Loss: 0.0031469348Val Loss: 0.0032375399   LR: 1.00e-03
Epoch 678/1000 Train Loss: 0.0031484472Val Loss: 0.0028865988   LR: 1.00e-03
Epoch 679/1000 Train Loss: 0.0030605750Val Loss: 0.0027118210   LR: 1.00e-03
Epoch 680/1000 Train Loss: 0.0031362698Val Loss: 0.0027189514   LR: 1.00e-03
Epoch 681/1000 Train Loss: 0.0029929976Val Loss: 0.0038896897   LR: 1.00e-03
Epoch 682/1000 Train Loss: 0.0029906042Val Loss: 0.0030174965   LR: 1.00e-03
Epoch 683/1000 Train Loss: 0.0030755390Val Loss: 0.0028523881   LR: 1.00e-03
Epoch 684/1000 Train Loss: 0.0031604118Val Loss: 0.0038203307   LR: 1.00e-03
Epoch 685/1000 Train Loss: 0.0030477302Val Loss: 0.0024665017   LR: 1.00e-03
Epoch 686/1000 Train Loss: 0.0029884141Val Loss: 0.0028667211   LR: 1.00e-03
Epoch 687/1000 Train Loss: 0.0030984743Val Loss: 0.0028345705   LR: 1.00e-03
Epoch 688/1000 Train Loss: 0.0029959611Val Loss: 0.0037971598   LR: 1.00e-03
Epoch 689/1000 Train Loss: 0.0031116527Val Loss: 0.0031911678   LR: 1.00e-03
Epoch 690/1000 Train Loss: 0.0030949916Val Loss: 0.0030461822   LR: 1.00e-03
Epoch 691/1000 Train Loss: 0.0031199175Val Loss: 0.0024739803   LR: 1.00e-03
Epoch 692/1000 Train Loss: 0.0031773873Val Loss: 0.0025808271   LR: 1.00e-03
Epoch 693/1000 Train Loss: 0.0030633004Val Loss: 0.0027749401   LR: 1.00e-03
Epoch 694/1000 Train Loss: 0.0030822661Val Loss: 0.0033306284   LR: 1.00e-03
Epoch 695/1000 Train Loss: 0.0030279659Val Loss: 0.0023932189   LR: 1.00e-03
Epoch 696/1000 Train Loss: 0.0031004822Val Loss: 0.0033806948   LR: 1.00e-03
Epoch 697/1000 Train Loss: 0.0030869589Val Loss: 0.0024759330   LR: 1.00e-03
Epoch 698/1000 Train Loss: 0.0031050520Val Loss: 0.0031547587   LR: 1.00e-03
Epoch 699/1000 Train Loss: 0.0030636822Val Loss: 0.0027426473   LR: 1.00e-03
Epoch 700/1000 Train Loss: 0.0029937823Val Loss: 0.0027114978   LR: 1.00e-03
Epoch 701/1000 Train Loss: 0.0030509676Val Loss: 0.0037396871   LR: 1.00e-03
Epoch 702/1000 Train Loss: 0.0030127143Val Loss: 0.0027087491   LR: 1.00e-03
Epoch 703/1000 Train Loss: 0.0029938652Val Loss: 0.0027299327   LR: 1.00e-03
Epoch 704/1000 Train Loss: 0.0030616879Val Loss: 0.0029789473   LR: 1.00e-03
Epoch 705/1000 Train Loss: 0.0030075425Val Loss: 0.0026070960   LR: 1.00e-03
Epoch 706/1000 Train Loss: 0.0030833439Val Loss: 0.0035574627   LR: 1.00e-03
Epoch 707/1000 Train Loss: 0.0029486830Val Loss: 0.0026795998   LR: 1.00e-03
Epoch 708/1000 Train Loss: 0.0030159523Val Loss: 0.0046054819   LR: 1.00e-03
Epoch 709/1000 Train Loss: 0.0030850215Val Loss: 0.0033042732   LR: 1.00e-03
Epoch 710/1000 Train Loss: 0.0030502223Val Loss: 0.0029426524   LR: 1.00e-03
Epoch 711/1000 Train Loss: 0.0029472260Val Loss: 0.0024859658   LR: 1.00e-03
Epoch 712/1000 Train Loss: 0.0029901020Val Loss: 0.0023526690   LR: 1.00e-03
Epoch 713/1000 Train Loss: 0.0029819070Val Loss: 0.0031436479   LR: 1.00e-03
Epoch 714/1000 Train Loss: 0.0030008945Val Loss: 0.0034793575   LR: 1.00e-03
Epoch 715/1000 Train Loss: 0.0030239130Val Loss: 0.0030911454   LR: 1.00e-03
Epoch 716/1000 Train Loss: 0.0029697575Val Loss: 0.0027780631   LR: 1.00e-03
Epoch 717/1000 Train Loss: 0.0030808076Val Loss: 0.0033702077   LR: 1.00e-03
Epoch 718/1000 Train Loss: 0.0029224249Val Loss: 0.0038249911   LR: 1.00e-03
Epoch 719/1000 Train Loss: 0.0029855113Val Loss: 0.0024560400   LR: 1.00e-03
Epoch 720/1000 Train Loss: 0.0030079823Val Loss: 0.0028392685   LR: 1.00e-03
Epoch 721/1000 Train Loss: 0.0029960064Val Loss: 0.0028036496   LR: 1.00e-03
Epoch 722/1000 Train Loss: 0.0030027492Val Loss: 0.0034438908   LR: 1.00e-03
Epoch 723/1000 Train Loss: 0.0031034195Val Loss: 0.0028138048   LR: 1.00e-03
Epoch 724/1000 Train Loss: 0.0029622848Val Loss: 0.0029199217   LR: 1.00e-03
Epoch 725/1000 Train Loss: 0.0031101642Val Loss: 0.0037733889   LR: 1.00e-03
Epoch 726/1000 Train Loss: 0.0029367933Val Loss: 0.0032004143   LR: 1.00e-03
Epoch 727/1000 Train Loss: 0.0029296542Val Loss: 0.0031615585   LR: 1.00e-03
Epoch 728/1000 Train Loss: 0.0029785866Val Loss: 0.0030174765   LR: 1.00e-03
Epoch 729/1000 Train Loss: 0.0030522624Val Loss: 0.0037364181   LR: 1.00e-03
Epoch 730/1000 Train Loss: 0.0029919696Val Loss: 0.0031436963   LR: 1.00e-03
Epoch 731/1000 Train Loss: 0.0030105214Val Loss: 0.0025239633   LR: 1.00e-03
Epoch 732/1000 Train Loss: 0.0029822912Val Loss: 0.0034806031   LR: 1.00e-03
Epoch 733/1000 Train Loss: 0.0030379130Val Loss: 0.0022586269   LR: 1.00e-03
Epoch 734/1000 Train Loss: 0.0029884182Val Loss: 0.0028727513   LR: 1.00e-03
Epoch 735/1000 Train Loss: 0.0028932715Val Loss: 0.0039109757   LR: 1.00e-03
Epoch 736/1000 Train Loss: 0.0030094348Val Loss: 0.0027461920   LR: 1.00e-03
Epoch 737/1000 Train Loss: 0.0029848910Val Loss: 0.0025442404   LR: 1.00e-03
Epoch 738/1000 Train Loss: 0.0029420754Val Loss: 0.0035734061   LR: 1.00e-03
Epoch 739/1000 Train Loss: 0.0030123684Val Loss: 0.0037124170   LR: 1.00e-03
Epoch 740/1000 Train Loss: 0.0029718657Val Loss: 0.0029969162   LR: 1.00e-03
Epoch 741/1000 Train Loss: 0.0030172327Val Loss: 0.0031995913   LR: 1.00e-03
Epoch 742/1000 Train Loss: 0.0029155721Val Loss: 0.0032760199   LR: 1.00e-03
Epoch 743/1000 Train Loss: 0.0029385330Val Loss: 0.0025504640   LR: 1.00e-03
Epoch 744/1000 Train Loss: 0.0029857147Val Loss: 0.0034716611   LR: 1.00e-03
Epoch 745/1000 Train Loss: 0.0029643805Val Loss: 0.0025695071   LR: 1.00e-03
Epoch 746/1000 Train Loss: 0.0029793460Val Loss: 0.0025264798   LR: 1.00e-03
Epoch 747/1000 Train Loss: 0.0029400432Val Loss: 0.0026753352   LR: 1.00e-03
Epoch 748/1000 Train Loss: 0.0030727337Val Loss: 0.0022236240   LR: 1.00e-03
Epoch 749/1000 Train Loss: 0.0029622144Val Loss: 0.0034306297   LR: 1.00e-03
Epoch 750/1000 Train Loss: 0.0029343512Val Loss: 0.0025169378   LR: 1.00e-03
Epoch 751/1000 Train Loss: 0.0029511210Val Loss: 0.0023559762   LR: 1.00e-03
Epoch 752/1000 Train Loss: 0.0030192988Val Loss: 0.0028147065   LR: 1.00e-03
Epoch 753/1000 Train Loss: 0.0030437517Val Loss: 0.0035299271   LR: 1.00e-03
Epoch 754/1000 Train Loss: 0.0029202023Val Loss: 0.0031325096   LR: 1.00e-03
Epoch 755/1000 Train Loss: 0.0028595585Val Loss: 0.0028949492   LR: 1.00e-03
Epoch 756/1000 Train Loss: 0.0029206305Val Loss: 0.0027374930   LR: 1.00e-03
Epoch 757/1000 Train Loss: 0.0029357585Val Loss: 0.0025451237   LR: 1.00e-03
Epoch 758/1000 Train Loss: 0.0029596386Val Loss: 0.0025042795   LR: 1.00e-03
Epoch 759/1000 Train Loss: 0.0029494511Val Loss: 0.0032741295   LR: 1.00e-03
Epoch 760/1000 Train Loss: 0.0030005423Val Loss: 0.0031643744   LR: 1.00e-03
Epoch 761/1000 Train Loss: 0.0028925689Val Loss: 0.0028195089   LR: 1.00e-03
Epoch 762/1000 Train Loss: 0.0029678674Val Loss: 0.0027930494   LR: 1.00e-03
Epoch 763/1000 Train Loss: 0.0029647879Val Loss: 0.0025908432   LR: 1.00e-03
Epoch 764/1000 Train Loss: 0.0029698940Val Loss: 0.0034577682   LR: 1.00e-03
Epoch 765/1000 Train Loss: 0.0029497347Val Loss: 0.0030153149   LR: 1.00e-03
Epoch 766/1000 Train Loss: 0.0029004057Val Loss: 0.0031034296   LR: 1.00e-03
Epoch 767/1000 Train Loss: 0.0029849845Val Loss: 0.0019660113   LR: 1.00e-03
Epoch 768/1000 Train Loss: 0.0030198573Val Loss: 0.0027203245   LR: 1.00e-03
Epoch 769/1000 Train Loss: 0.0028814743Val Loss: 0.0026498762   LR: 1.00e-03
Epoch 770/1000 Train Loss: 0.0029609061Val Loss: 0.0029496368   LR: 1.00e-03
Epoch 771/1000 Train Loss: 0.0028753055Val Loss: 0.0030710674   LR: 1.00e-03
Epoch 772/1000 Train Loss: 0.0028650891Val Loss: 0.0027923295   LR: 1.00e-03
Epoch 773/1000 Train Loss: 0.0028388763Val Loss: 0.0027445488   LR: 1.00e-03
Epoch 774/1000 Train Loss: 0.0029543384Val Loss: 0.0026257757   LR: 1.00e-03
Epoch 775/1000 Train Loss: 0.0029341491Val Loss: 0.0028584706   LR: 1.00e-03
Epoch 776/1000 Train Loss: 0.0029449640Val Loss: 0.0029818838   LR: 1.00e-03
Epoch 777/1000 Train Loss: 0.0028726056Val Loss: 0.0027596095   LR: 1.00e-03
Epoch 778/1000 Train Loss: 0.0029431319Val Loss: 0.0027391242   LR: 1.00e-03
Epoch 779/1000 Train Loss: 0.0029628049Val Loss: 0.0030614729   LR: 1.00e-03
Epoch 780/1000 Train Loss: 0.0028787542Val Loss: 0.0029203707   LR: 1.00e-03
Epoch 781/1000 Train Loss: 0.0029117819Val Loss: 0.0031339291   LR: 1.00e-03
Epoch 782/1000 Train Loss: 0.0029820575Val Loss: 0.0031693594   LR: 1.00e-03
Epoch 783/1000 Train Loss: 0.0029523645Val Loss: 0.0028969053   LR: 1.00e-03
Epoch 784/1000 Train Loss: 0.0029166934Val Loss: 0.0025609602   LR: 1.00e-03
Epoch 785/1000 Train Loss: 0.0029325509Val Loss: 0.0037708199   LR: 1.00e-03
Epoch 786/1000 Train Loss: 0.0029763109Val Loss: 0.0024334177   LR: 1.00e-03
Epoch 787/1000 Train Loss: 0.0028763666Val Loss: 0.0023290284   LR: 1.00e-03
Epoch 788/1000 Train Loss: 0.0027684822Val Loss: 0.0021077266   LR: 1.00e-03
Epoch 789/1000 Train Loss: 0.0027944688Val Loss: 0.0030634234   LR: 1.00e-03
Epoch 790/1000 Train Loss: 0.0029425157Val Loss: 0.0030607926   LR: 1.00e-03
Epoch 791/1000 Train Loss: 0.0029321052Val Loss: 0.0027817706   LR: 1.00e-03
Epoch 792/1000 Train Loss: 0.0029181056Val Loss: 0.0035004779   LR: 1.00e-03
Epoch 793/1000 Train Loss: 0.0027830683Val Loss: 0.0026454309   LR: 1.00e-03
Epoch 794/1000 Train Loss: 0.0029062900Val Loss: 0.0028322090   LR: 1.00e-03
Epoch 795/1000 Train Loss: 0.0027551586Val Loss: 0.0027525397   LR: 1.00e-03
Epoch 796/1000 Train Loss: 0.0029727638Val Loss: 0.0028593417   LR: 1.00e-03
Epoch 797/1000 Train Loss: 0.0028863615Val Loss: 0.0029809014   LR: 1.00e-03
Epoch 798/1000 Train Loss: 0.0028459169Val Loss: 0.0026747903   LR: 1.00e-03
Epoch 799/1000 Train Loss: 0.0028568824Val Loss: 0.0030356879   LR: 1.00e-03
Epoch 800/1000 Train Loss: 0.0027935970Val Loss: 0.0026116817   LR: 1.00e-03
Epoch 801/1000 Train Loss: 0.0029650660Val Loss: 0.0026142631   LR: 1.00e-03
Epoch 802/1000 Train Loss: 0.0028433907Val Loss: 0.0031637642   LR: 1.00e-03
Epoch 803/1000 Train Loss: 0.0028951345Val Loss: 0.0023387985   LR: 1.00e-03
Epoch 804/1000 Train Loss: 0.0028154374Val Loss: 0.0023592176   LR: 1.00e-03
Epoch 805/1000 Train Loss: 0.0028295326Val Loss: 0.0035141819   LR: 1.00e-03
Epoch 806/1000 Train Loss: 0.0029185997Val Loss: 0.0034465773   LR: 1.00e-03
Epoch 807/1000 Train Loss: 0.0029864907Val Loss: 0.0036165355   LR: 1.00e-03
Epoch 808/1000 Train Loss: 0.0028970712Val Loss: 0.0040778287   LR: 1.00e-03
Epoch 809/1000 Train Loss: 0.0028386980Val Loss: 0.0027204815   LR: 1.00e-03
Epoch 810/1000 Train Loss: 0.0028634366Val Loss: 0.0038609512   LR: 1.00e-03
Epoch 811/1000 Train Loss: 0.0028432608Val Loss: 0.0026912579   LR: 1.00e-03
Epoch 812/1000 Train Loss: 0.0030041392Val Loss: 0.0025530600   LR: 1.00e-03
Epoch 813/1000 Train Loss: 0.0028473641Val Loss: 0.0032766876   LR: 1.00e-03
Epoch 814/1000 Train Loss: 0.0029161484Val Loss: 0.0021256972   LR: 1.00e-03
Epoch 815/1000 Train Loss: 0.0028436528Val Loss: 0.0032209084   LR: 1.00e-03
Epoch 816/1000 Train Loss: 0.0029734373Val Loss: 0.0033800311   LR: 1.00e-03
Epoch 817/1000 Train Loss: 0.0028267066Val Loss: 0.0025669671   LR: 1.00e-03
Epoch 818/1000 Train Loss: 0.0028422489Val Loss: 0.0029156411   LR: 1.00e-03
Epoch 819/1000 Train Loss: 0.0028848536Val Loss: 0.0028816680   LR: 1.00e-03
Epoch 820/1000 Train Loss: 0.0028981952Val Loss: 0.0032421751   LR: 1.00e-03
Epoch 821/1000 Train Loss: 0.0028141774Val Loss: 0.0026010176   LR: 1.00e-03
Epoch 822/1000 Train Loss: 0.0029209584Val Loss: 0.0025012593   LR: 1.00e-03
Epoch 823/1000 Train Loss: 0.0029830993Val Loss: 0.0028354718   LR: 1.00e-03
Epoch 824/1000 Train Loss: 0.0029293457Val Loss: 0.0025025674   LR: 1.00e-03
Epoch 825/1000 Train Loss: 0.0027776723Val Loss: 0.0037287086   LR: 1.00e-03
Epoch 826/1000 Train Loss: 0.0028455303Val Loss: 0.0030235668   LR: 1.00e-03
Epoch 827/1000 Train Loss: 0.0029416505Val Loss: 0.0021489026   LR: 1.00e-03
Epoch 828/1000 Train Loss: 0.0029328938Val Loss: 0.0025675411   LR: 1.00e-03
Epoch 829/1000 Train Loss: 0.0028323616Val Loss: 0.0026911537   LR: 1.00e-03
Epoch 830/1000 Train Loss: 0.0029372258Val Loss: 0.0030965456   LR: 1.00e-03
Epoch 831/1000 Train Loss: 0.0028814848Val Loss: 0.0036380613   LR: 1.00e-03
Epoch 832/1000 Train Loss: 0.0028498771Val Loss: 0.0025196868   LR: 1.00e-03
Epoch 833/1000 Train Loss: 0.0028032863Val Loss: 0.0033711497   LR: 1.00e-03
Epoch 834/1000 Train Loss: 0.0029461561Val Loss: 0.0023241428   LR: 1.00e-03
Epoch 835/1000 Train Loss: 0.0029193484Val Loss: 0.0030569484   LR: 1.00e-03
Epoch 836/1000 Train Loss: 0.0027721280Val Loss: 0.0029842472   LR: 1.00e-03
Epoch 837/1000 Train Loss: 0.0028016809Val Loss: 0.0024263595   LR: 1.00e-03
Epoch 838/1000 Train Loss: 0.0028834852Val Loss: 0.0029538863   LR: 1.00e-03
Epoch 839/1000 Train Loss: 0.0027933879Val Loss: 0.0027447066   LR: 1.00e-03
Epoch 840/1000 Train Loss: 0.0028353887Val Loss: 0.0028581078   LR: 1.00e-03
Epoch 841/1000 Train Loss: 0.0027333624Val Loss: 0.0030051072   LR: 1.00e-03
Epoch 842/1000 Train Loss: 0.0027759939Val Loss: 0.0027890841   LR: 1.00e-03
Epoch 843/1000 Train Loss: 0.0027826957Val Loss: 0.0033557870   LR: 1.00e-03
Epoch 844/1000 Train Loss: 0.0027546978Val Loss: 0.0027648507   LR: 1.00e-03
Epoch 845/1000 Train Loss: 0.0030415859Val Loss: 0.0035625640   LR: 1.00e-03
Epoch 846/1000 Train Loss: 0.0027900066Val Loss: 0.0034200231   LR: 1.00e-03
Epoch 847/1000 Train Loss: 0.0028273046Val Loss: 0.0029581849   LR: 1.00e-03
Epoch 848/1000 Train Loss: 0.0027834745Val Loss: 0.0024749554   LR: 1.00e-03
Epoch 849/1000 Train Loss: 0.0027632626Val Loss: 0.0031306669   LR: 1.00e-03
Epoch 850/1000 Train Loss: 0.0028459525Val Loss: 0.0022688446   LR: 1.00e-03
Epoch 851/1000 Train Loss: 0.0027890814Val Loss: 0.0027719519   LR: 1.00e-03
Epoch 852/1000 Train Loss: 0.0028116949Val Loss: 0.0040915316   LR: 1.00e-03
Epoch 853/1000 Train Loss: 0.0028974879Val Loss: 0.0032276346   LR: 1.00e-03
Epoch 854/1000 Train Loss: 0.0028670684Val Loss: 0.0041863090   LR: 1.00e-03
Epoch 855/1000 Train Loss: 0.0027183050Val Loss: 0.0023825463   LR: 1.00e-03
Epoch 856/1000 Train Loss: 0.0028954937Val Loss: 0.0025117587   LR: 1.00e-03
Epoch 857/1000 Train Loss: 0.0027990212Val Loss: 0.0031320238   LR: 1.00e-03
Epoch 858/1000 Train Loss: 0.0027836833Val Loss: 0.0030640587   LR: 1.00e-03
Epoch 859/1000 Train Loss: 0.0027878483Val Loss: 0.0025852140   LR: 1.00e-03
Epoch 860/1000 Train Loss: 0.0028119285Val Loss: 0.0028366999   LR: 1.00e-03
Epoch 861/1000 Train Loss: 0.0028874919Val Loss: 0.0039182478   LR: 1.00e-03
Epoch 862/1000 Train Loss: 0.0027737993Val Loss: 0.0025419406   LR: 1.00e-03
Epoch 863/1000 Train Loss: 0.0028344076Val Loss: 0.0030887463   LR: 1.00e-03
Epoch 864/1000 Train Loss: 0.0028918566Val Loss: 0.0029583138   LR: 1.00e-03
Epoch 865/1000 Train Loss: 0.0028877380Val Loss: 0.0025822882   LR: 1.00e-03
Epoch 866/1000 Train Loss: 0.0027704893Val Loss: 0.0025236920   LR: 1.00e-03
Epoch 867/1000 Train Loss: 0.0028505452Val Loss: 0.0031189123   LR: 1.00e-03
Epoch 868/1000 Train Loss: 0.0028498108Val Loss: 0.0030073196   LR: 1.00e-03
Epoch 869/1000 Train Loss: 0.0027951311Val Loss: 0.0031902133   LR: 1.00e-03
Epoch 870/1000 Train Loss: 0.0027941877Val Loss: 0.0027582431   LR: 1.00e-03
Epoch 871/1000 Train Loss: 0.0028832503Val Loss: 0.0022992808   LR: 1.00e-03
Epoch 872/1000 Train Loss: 0.0027917047Val Loss: 0.0038128617   LR: 1.00e-03
Epoch 873/1000 Train Loss: 0.0028038175Val Loss: 0.0032865153   LR: 1.00e-03
Epoch 874/1000 Train Loss: 0.0027758623Val Loss: 0.0038174424   LR: 1.00e-03
Epoch 875/1000 Train Loss: 0.0029441346Val Loss: 0.0033961135   LR: 1.00e-03
Epoch 876/1000 Train Loss: 0.0027391982Val Loss: 0.0030471579   LR: 1.00e-03
Epoch 877/1000 Train Loss: 0.0028427647Val Loss: 0.0035563235   LR: 1.00e-03
Epoch 878/1000 Train Loss: 0.0027194616Val Loss: 0.0029696374   LR: 1.00e-03
Epoch 879/1000 Train Loss: 0.0028722596Val Loss: 0.0028019412   LR: 1.00e-03
Epoch 880/1000 Train Loss: 0.0027865508Val Loss: 0.0027895942   LR: 1.00e-03
Epoch 881/1000 Train Loss: 0.0027091880Val Loss: 0.0024566324   LR: 1.00e-03
Epoch 882/1000 Train Loss: 0.0027942131Val Loss: 0.0032228305   LR: 1.00e-03
Epoch 883/1000 Train Loss: 0.0027125838Val Loss: 0.0030810772   LR: 1.00e-03
Epoch 884/1000 Train Loss: 0.0027857162Val Loss: 0.0022123408   LR: 1.00e-03
Epoch 885/1000 Train Loss: 0.0028038279Val Loss: 0.0026087652   LR: 1.00e-03
Epoch 886/1000 Train Loss: 0.0027792936Val Loss: 0.0030548256   LR: 1.00e-03
Epoch 887/1000 Train Loss: 0.0026992420Val Loss: 0.0023147917   LR: 1.00e-03
Epoch 888/1000 Train Loss: 0.0028084106Val Loss: 0.0032960369   LR: 1.00e-03
Epoch 889/1000 Train Loss: 0.0028121358Val Loss: 0.0031112293   LR: 1.00e-03
Epoch 890/1000 Train Loss: 0.0027479886Val Loss: 0.0033535266   LR: 1.00e-03
Epoch 891/1000 Train Loss: 0.0027728366Val Loss: 0.0024645369   LR: 1.00e-03
Epoch 892/1000 Train Loss: 0.0028398660Val Loss: 0.0033860920   LR: 1.00e-03
Epoch 893/1000 Train Loss: 0.0028717322Val Loss: 0.0032131390   LR: 1.00e-03
Epoch 894/1000 Train Loss: 0.0026580523Val Loss: 0.0026761241   LR: 1.00e-03
Epoch 895/1000 Train Loss: 0.0027765376Val Loss: 0.0026467803   LR: 1.00e-03
Epoch 896/1000 Train Loss: 0.0027421226Val Loss: 0.0031791099   LR: 1.00e-03
Epoch 897/1000 Train Loss: 0.0027589113Val Loss: 0.0035263544   LR: 1.00e-03
Epoch 898/1000 Train Loss: 0.0028121240Val Loss: 0.0022455808   LR: 1.00e-03
Epoch 899/1000 Train Loss: 0.0028284594Val Loss: 0.0026453192   LR: 1.00e-03
Epoch 900/1000 Train Loss: 0.0027852478Val Loss: 0.0029700792   LR: 1.00e-03
Epoch 901/1000 Train Loss: 0.0026988946Val Loss: 0.0031427102   LR: 1.00e-03
Epoch 902/1000 Train Loss: 0.0027551344Val Loss: 0.0025610686   LR: 1.00e-03
Epoch 903/1000 Train Loss: 0.0028357058Val Loss: 0.0024120684   LR: 1.00e-03
Epoch 904/1000 Train Loss: 0.0027950162Val Loss: 0.0034177585   LR: 1.00e-03
Epoch 905/1000 Train Loss: 0.0029068665Val Loss: 0.0028866556   LR: 1.00e-03
Epoch 906/1000 Train Loss: 0.0027990675Val Loss: 0.0032328495   LR: 1.00e-03
Epoch 907/1000 Train Loss: 0.0027147101Val Loss: 0.0029789545   LR: 1.00e-03
Epoch 908/1000 Train Loss: 0.0028024521Val Loss: 0.0028018606   LR: 1.00e-03
Epoch 909/1000 Train Loss: 0.0026680743Val Loss: 0.0035416921   LR: 1.00e-03
Epoch 910/1000 Train Loss: 0.0028859781Val Loss: 0.0028631415   LR: 1.00e-03
Epoch 911/1000 Train Loss: 0.0028370520Val Loss: 0.0039726343   LR: 1.00e-03
Epoch 912/1000 Train Loss: 0.0027937677Val Loss: 0.0033571351   LR: 1.00e-03
Epoch 913/1000 Train Loss: 0.0028597593Val Loss: 0.0025757600   LR: 1.00e-03
Epoch 914/1000 Train Loss: 0.0027038772Val Loss: 0.0032308658   LR: 1.00e-03
Epoch 915/1000 Train Loss: 0.0026773632Val Loss: 0.0027652102   LR: 1.00e-03
Epoch 916/1000 Train Loss: 0.0027816298Val Loss: 0.0030467945   LR: 1.00e-03
Epoch 917/1000 Train Loss: 0.0027912055Val Loss: 0.0032224753   LR: 1.00e-03
Epoch 918/1000 Train Loss: 0.0027770946Val Loss: 0.0024542980   LR: 1.00e-03
Epoch 919/1000 Train Loss: 0.0028115578Val Loss: 0.0024317751   LR: 1.00e-03
Epoch 920/1000 Train Loss: 0.0027398803Val Loss: 0.0024302395   LR: 1.00e-03
Epoch 921/1000 Train Loss: 0.0026772649Val Loss: 0.0030169727   LR: 1.00e-03
Epoch 922/1000 Train Loss: 0.0026698284Val Loss: 0.0028408889   LR: 1.00e-03
Epoch 923/1000 Train Loss: 0.0029005020Val Loss: 0.0026237503   LR: 1.00e-03
Epoch 924/1000 Train Loss: 0.0027135002Val Loss: 0.0028391436   LR: 1.00e-03
Epoch 925/1000 Train Loss: 0.0026488389Val Loss: 0.0029568727   LR: 1.00e-03
Epoch 926/1000 Train Loss: 0.0027737884Val Loss: 0.0021652739   LR: 1.00e-03
Epoch 927/1000 Train Loss: 0.0028946587Val Loss: 0.0034022627   LR: 1.00e-03
Epoch 928/1000 Train Loss: 0.0027623504Val Loss: 0.0031924432   LR: 1.00e-03
Epoch 929/1000 Train Loss: 0.0027420035Val Loss: 0.0033104212   LR: 1.00e-03
Epoch 930/1000 Train Loss: 0.0027042556Val Loss: 0.0027365875   LR: 1.00e-03
Epoch 931/1000 Train Loss: 0.0027605901Val Loss: 0.0030544164   LR: 1.00e-03
Epoch 932/1000 Train Loss: 0.0027049543Val Loss: 0.0034654086   LR: 1.00e-03
Epoch 933/1000 Train Loss: 0.0026787955Val Loss: 0.0023129325   LR: 1.00e-03
Epoch 934/1000 Train Loss: 0.0027739061Val Loss: 0.0033294543   LR: 1.00e-03
Epoch 935/1000 Train Loss: 0.0028307134Val Loss: 0.0024234626   LR: 1.00e-03
Epoch 936/1000 Train Loss: 0.0027149740Val Loss: 0.0025914390   LR: 1.00e-03
Epoch 937/1000 Train Loss: 0.0027926153Val Loss: 0.0028871361   LR: 1.00e-03
Epoch 938/1000 Train Loss: 0.0026836367Val Loss: 0.0026738008   LR: 1.00e-03
Epoch 939/1000 Train Loss: 0.0027064258Val Loss: 0.0023708322   LR: 1.00e-03
Epoch 940/1000 Train Loss: 0.0028400833Val Loss: 0.0027836691   LR: 1.00e-03
Epoch 941/1000 Train Loss: 0.0026635453Val Loss: 0.0031130043   LR: 1.00e-03
Epoch 942/1000 Train Loss: 0.0027319061Val Loss: 0.0025312063   LR: 1.00e-03
Epoch 943/1000 Train Loss: 0.0027620532Val Loss: 0.0030619908   LR: 1.00e-03
Epoch 944/1000 Train Loss: 0.0027146945Val Loss: 0.0025571066   LR: 1.00e-03
Epoch 945/1000 Train Loss: 0.0026792980Val Loss: 0.0025824047   LR: 1.00e-03
Epoch 946/1000 Train Loss: 0.0027258155Val Loss: 0.0026119677   LR: 1.00e-03
Epoch 947/1000 Train Loss: 0.0027350584Val Loss: 0.0039657384   LR: 1.00e-03
Epoch 948/1000 Train Loss: 0.0027807466Val Loss: 0.0030998400   LR: 1.00e-03
Epoch 949/1000 Train Loss: 0.0027167704Val Loss: 0.0035761321   LR: 1.00e-03
Epoch 950/1000 Train Loss: 0.0027795285Val Loss: 0.0030176308   LR: 1.00e-03
Epoch 951/1000 Train Loss: 0.0027271632Val Loss: 0.0029097093   LR: 1.00e-03
Epoch 952/1000 Train Loss: 0.0027318945Val Loss: 0.0027784756   LR: 1.00e-03
Epoch 953/1000 Train Loss: 0.0027176135Val Loss: 0.0024521632   LR: 1.00e-03
Epoch 954/1000 Train Loss: 0.0027444737Val Loss: 0.0039870499   LR: 1.00e-03
Epoch 955/1000 Train Loss: 0.0028170788Val Loss: 0.0024810991   LR: 1.00e-03
Epoch 956/1000 Train Loss: 0.0027350612Val Loss: 0.0031602465   LR: 1.00e-03
Epoch 957/1000 Train Loss: 0.0026784117Val Loss: 0.0039671026   LR: 1.00e-03
Epoch 958/1000 Train Loss: 0.0026909289Val Loss: 0.0025524750   LR: 1.00e-03
Epoch 959/1000 Train Loss: 0.0026776565Val Loss: 0.0025789114   LR: 1.00e-03
Epoch 960/1000 Train Loss: 0.0027810231Val Loss: 0.0025574838   LR: 1.00e-03
Epoch 961/1000 Train Loss: 0.0027290661Val Loss: 0.0028248162   LR: 1.00e-03
Epoch 962/1000 Train Loss: 0.0027115724Val Loss: 0.0026673110   LR: 1.00e-03
Epoch 963/1000 Train Loss: 0.0027871625Val Loss: 0.0035880025   LR: 1.00e-03
Epoch 964/1000 Train Loss: 0.0027343319Val Loss: 0.0028874457   LR: 1.00e-03
Epoch 965/1000 Train Loss: 0.0027461751Val Loss: 0.0033068971   LR: 1.00e-03
Epoch 966/1000 Train Loss: 0.0025981010Val Loss: 0.0029385159   LR: 1.00e-03
Epoch 967/1000 Train Loss: 0.0027571400Val Loss: 0.0027509723   LR: 1.00e-03
Epoch 968/1000 Train Loss: 0.0026912839Val Loss: 0.0025597218   LR: 1.00e-03
Epoch 969/1000 Train Loss: 0.0027437161Val Loss: 0.0024064096   LR: 1.00e-03
Epoch 970/1000 Train Loss: 0.0026517059Val Loss: 0.0023949925   LR: 1.00e-03
Epoch 971/1000 Train Loss: 0.0026997675Val Loss: 0.0033943968   LR: 1.00e-03
Epoch 972/1000 Train Loss: 0.0027123760Val Loss: 0.0033034402   LR: 1.00e-03
Epoch 973/1000 Train Loss: 0.0027121742Val Loss: 0.0023651877   LR: 1.00e-03
Epoch 974/1000 Train Loss: 0.0026706227Val Loss: 0.0026570754   LR: 1.00e-03
Epoch 975/1000 Train Loss: 0.0027163610Val Loss: 0.0036139405   LR: 1.00e-03
Epoch 976/1000 Train Loss: 0.0027195412Val Loss: 0.0027820552   LR: 1.00e-03
Epoch 977/1000 Train Loss: 0.0026457617Val Loss: 0.0025430434   LR: 1.00e-03
Epoch 978/1000 Train Loss: 0.0026200082Val Loss: 0.0022787651   LR: 1.00e-03
Epoch 979/1000 Train Loss: 0.0027103979Val Loss: 0.0035445788   LR: 1.00e-03
Epoch 980/1000 Train Loss: 0.0027788653Val Loss: 0.0025129748   LR: 1.00e-03
Epoch 981/1000 Train Loss: 0.0026629700Val Loss: 0.0033415522   LR: 1.00e-03
Epoch 982/1000 Train Loss: 0.0026904933Val Loss: 0.0037226582   LR: 1.00e-03
Epoch 983/1000 Train Loss: 0.0027357432Val Loss: 0.0026422007   LR: 1.00e-03
Epoch 984/1000 Train Loss: 0.0025944092Val Loss: 0.0026011182   LR: 1.00e-03
Epoch 985/1000 Train Loss: 0.0027586158Val Loss: 0.0030800065   LR: 1.00e-03
Epoch 986/1000 Train Loss: 0.0027643579Val Loss: 0.0033757237   LR: 1.00e-03
Epoch 987/1000 Train Loss: 0.0027102176Val Loss: 0.0029480313   LR: 1.00e-03
Epoch 988/1000 Train Loss: 0.0026841299Val Loss: 0.0031841456   LR: 1.00e-03
Epoch 989/1000 Train Loss: 0.0027395389Val Loss: 0.0029797693   LR: 1.00e-03
Epoch 990/1000 Train Loss: 0.0027183475Val Loss: 0.0028954024   LR: 1.00e-03
Epoch 991/1000 Train Loss: 0.0026601957Val Loss: 0.0050842930   LR: 1.00e-03
Epoch 992/1000 Train Loss: 0.0027333366Val Loss: 0.0029342911   LR: 1.00e-03
Epoch 993/1000 Train Loss: 0.0026201060Val Loss: 0.0031530277   LR: 1.00e-03
Epoch 994/1000 Train Loss: 0.0027348784Val Loss: 0.0029163934   LR: 1.00e-03
Epoch 995/1000 Train Loss: 0.0027274790Val Loss: 0.0024920885   LR: 1.00e-03
Epoch 996/1000 Train Loss: 0.0027938697Val Loss: 0.0026274576   LR: 1.00e-03
Epoch 997/1000 Train Loss: 0.0027308108Val Loss: 0.0028624520   LR: 1.00e-03
Epoch 998/1000 Train Loss: 0.0027410243Val Loss: 0.0021848014   LR: 1.00e-03
Epoch 999/1000 Train Loss: 0.0027236937Val Loss: 0.0026544069   LR: 1.00e-03
Epoch 1000/1000 Train Loss: 0.0026447469Val Loss: 0.0023160813   LR: 1.00e-03
