[I 2025-08-21 18:49:16.055 ServerApp] jupyter_lsp | extension was successfully linked.
[I 2025-08-21 18:49:16.082 ServerApp] jupyter_server_terminals | extension was successfully linked.
[I 2025-08-21 18:49:16.086 ServerApp] jupyterlab | extension was successfully linked.
[I 2025-08-21 18:49:16.091 ServerApp] notebook | extension was successfully linked.
[I 2025-08-21 18:49:22.814 ServerApp] notebook_shim | extension was successfully linked.
[I 2025-08-21 18:49:23.091 ServerApp] notebook_shim | extension was successfully loaded.
[I 2025-08-21 18:49:23.099 ServerApp] jupyter_lsp | extension was successfully loaded.
[I 2025-08-21 18:49:23.100 ServerApp] jupyter_server_terminals | extension was successfully loaded.
[I 2025-08-21 18:49:23.103 LabApp] JupyterLab extension loaded from /home/hd/hd_hd/hd_gy283/.conda/envs/py311/lib/python3.11/site-packages/jupyterlab
[I 2025-08-21 18:49:23.103 LabApp] JupyterLab application directory is /gpfs/bwfor/home/hd/hd_hd/hd_gy283/.conda/envs/py311/share/jupyter/lab
[I 2025-08-21 18:49:23.103 LabApp] Extension Manager is 'pypi'.
[I 2025-08-21 18:49:23.530 ServerApp] jupyterlab | extension was successfully loaded.
[I 2025-08-21 18:49:23.580 ServerApp] notebook | extension was successfully loaded.
[I 2025-08-21 18:49:23.580 ServerApp] Serving notebooks from local directory: /gpfs/bwfor/home/hd/hd_hd/hd_gy283/kmc_project
[I 2025-08-21 18:49:23.580 ServerApp] Jupyter Server 2.16.0 is running at:
[I 2025-08-21 18:49:23.580 ServerApp] http://o04c05:10989/lab
[I 2025-08-21 18:49:23.580 ServerApp]     http://127.0.0.1:10989/lab
[I 2025-08-21 18:49:23.580 ServerApp] Use Control-C to stop this server and shut down all kernels (twice to skip confirmation).
[I 2025-08-21 18:49:23.640 ServerApp] Skipped non-installed server(s): bash-language-server, dockerfile-language-server-nodejs, javascript-typescript-langserver, jedi-language-server, julia-language-server, pyright, python-language-server, python-lsp-server, r-languageserver, sql-language-server, texlab, typescript-language-server, unified-language-server, vscode-css-languageserver-bin, vscode-html-languageserver-bin, vscode-json-languageserver-bin, yaml-language-server
[I 2025-08-21 18:50:14.449 LabApp] 302 GET /lab (@10.20.10.75) 0.55ms
[I 2025-08-21 18:50:23.210 ServerApp] User 41e60d2a8cc04db59d71d62715b3ba9a logged in.
[I 2025-08-21 18:50:23.211 ServerApp] 302 POST /login?next=%2Flab (41e60d2a8cc04db59d71d62715b3ba9a@10.20.10.75) 264.95ms
[W 2025-08-21 18:50:25.792 LabApp] Could not determine jupyterlab build status without nodejs
[W 2025-08-21 18:50:28.668 ServerApp] Notebook scripts/python_scripts/visualize.ipynb is not trusted
[W 2025-08-21 18:50:29.155 ServerApp] 404 GET /api/data/100_sweep/row_?content=0&hash=0&1755795037416 (41e60d2a8cc04db59d71d62715b3ba9a@10.20.10.75) 3.64ms referer=http://127.0.0.1:10989/lab
[W 2025-08-21 18:50:29.156 ServerApp] 404 GET /api/data/100_sweep/row_18.npz?content=0&hash=0&1755795037416 (41e60d2a8cc04db59d71d62715b3ba9a@10.20.10.75) 0.59ms referer=http://127.0.0.1:10989/lab
[I 2025-08-21 18:50:29.385 ServerApp] Kernel started: 18c4b628-d63b-4059-a9ba-34d4f811718c
[I 2025-08-21 18:50:32.092 ServerApp] Connecting to kernel 18c4b628-d63b-4059-a9ba-34d4f811718c.
[W 2025-08-21 18:50:32.093 ServerApp] The websocket_ping_timeout (90000) cannot be longer than the websocket_ping_interval (30000).
    Setting websocket_ping_timeout=30000
[I 2025-08-21 18:50:32.193 ServerApp] Starting buffering for 18c4b628-d63b-4059-a9ba-34d4f811718c:676d6ff9-56d7-4231-86a3-1de000f6aeda
[I 2025-08-21 18:50:32.276 ServerApp] Connecting to kernel 18c4b628-d63b-4059-a9ba-34d4f811718c.
[I 2025-08-21 18:50:32.473 ServerApp] Connecting to kernel 18c4b628-d63b-4059-a9ba-34d4f811718c.
[I 2025-08-21 18:52:31.068 ServerApp] Saving file at /scripts/python_scripts/visualize.ipynb
[W 2025-08-21 18:52:31.068 ServerApp] Notebook scripts/python_scripts/visualize.ipynb is not trusted
[I 2025-08-21 19:06:38.028 ServerApp] Saving file at /scripts/python_scripts/visualize.ipynb
[W 2025-08-21 19:06:38.052 ServerApp] Notebook scripts/python_scripts/visualize.ipynb is not trusted
[I 2025-08-21 19:14:44.069 ServerApp] Saving file at /scripts/python_scripts/visualize.ipynb
[W 2025-08-21 19:14:44.072 ServerApp] Notebook scripts/python_scripts/visualize.ipynb is not trusted
[I 2025-08-21 19:18:45.500 ServerApp] Saving file at /scripts/python_scripts/visualize.ipynb
[W 2025-08-21 19:18:45.501 ServerApp] Notebook scripts/python_scripts/visualize.ipynb is not trusted
[I 2025-08-21 19:20:46.902 ServerApp] Saving file at /scripts/python_scripts/visualize.ipynb
[W 2025-08-21 19:20:46.902 ServerApp] Notebook scripts/python_scripts/visualize.ipynb is not trusted
[W 2025-08-21 19:20:46.946 ServerApp] /gpfs/bwfor/home/hd/hd_hd/hd_gy283/kmc_project/scripts/python_scripts/.~visualize.ipynb doesn't exist
[I 2025-08-21 19:22:48.321 ServerApp] Saving file at /scripts/python_scripts/visualize.ipynb
[W 2025-08-21 19:22:48.322 ServerApp] Notebook scripts/python_scripts/visualize.ipynb is not trusted
[I 2025-08-21 19:25:37.971 ServerApp] Saving file at /scripts/python_scripts/visualize.ipynb
[W 2025-08-21 19:25:37.971 ServerApp] Notebook scripts/python_scripts/visualize.ipynb is not trusted
[I 2025-08-21 19:25:44.026 ServerApp] Saving file at /scripts/python_scripts/visualize.ipynb
[W 2025-08-21 19:25:44.026 ServerApp] Notebook scripts/python_scripts/visualize.ipynb is not trusted
[I 2025-08-21 19:47:01.647 ServerApp] Starting buffering for 18c4b628-d63b-4059-a9ba-34d4f811718c:c83f9043-d201-4e97-8038-791b56ef9463
slurmstepd: error: *** JOB 9813800 ON o04c05 CANCELLED AT 2025-08-21T19:47:05 ***
