cpu
1/200 | Params: [1.5, 0.21052986730292494, 1.0501298243033363, 1.5, 0.20829699269609991, -0.8905056320676931]
2/200 | Params: [1.5, 0.016045118538023723, 1.5, 1.5, -0.4394377722074511, -0.46630813570750723]
3/200 | Params: [1.5, 1.5, 1.5, 1.5, 1.5, -1.5]
4/200 | Params: [1.5, -0.1194052655364273, 1.5, 0.8359163532609297, 1.5, -0.9525271852881863]
5/200 | Params: [1.5, 0.0009342071105649242, 1.350429511921042, 0.8264862505508512, 1.1933658107042866, -1.0034431348904267]
6/200 | Params: [1.5, -0.5098180676495361, 1.5, 1.5, 1.263682321818039, -1.0672549262301414]
7/200 | Params: [1.5, 0.28656435891901844, 1.5, 0.18356594252202077, 1.5, -1.171644449097783]
8/200 | Params: [1.5, 1.5, 1.5, 1.5, 1.5, -1.5]
9/200 | Params: [1.5, 0.014853443557037225, 1.5, 1.5, 0.8657538534680481, -1.0876882730100004]
10/200 | Params: [1.5, 0.15417759675160567, 1.5, 0.8946948930049766, 1.5, -1.0397091506594422]
11/200 | Params: [1.5, -0.4292295072482172, 1.5, 1.5, -0.9591476550243536, -0.23872669908774974]
12/200 | Params: [1.5, 0.04854066961954567, 1.0994446041026689, 1.5, 0.6144515459827213, -0.8959986016231841]
13/200 | Params: [1.5, -0.10156881260646192, 1.5, 0.629597974144603, 1.2131588441468244, -1.0974492579656119]
14/200 | Params: [1.5, 0.8185840321099181, 1.5, 1.5, 1.5, -1.3128772882177246]
15/200 | Params: [1.5, -0.3400535800631229, 1.5, 1.0397430119939701, 1.5, -1.0949902295785456]
16/200 | Params: [1.5, 0.002115423399759139, 1.5, 1.5, 0.3632731488331592, -0.8817723767161196]
17/200 | Params: [1.5, -0.10737387740417394, 1.5, 1.1243051785557274, 1.1765202752547501, -1.0500322385483654]
18/200 | Params: [1.5, 1.5, 1.5, 1.5, 1.5, -1.5]
19/200 | Params: [1.5, -0.16202181425643028, 1.1985418723371797, 0.9625540840004444, 1.2750581809612112, -1.0118902059608037]
20/200 | Params: [1.5, -0.16328445122543417, 1.5, 0.7563766963907562, 1.5, -1.037618672745558]
21/200 | Params: [1.5, 0.053799651868852015, 1.5, 0.874875745123195, 1.5, -1.0355339071532041]
22/200 | Params: [1.5, 0.21183920214873572, 1.5, 1.5, 0.9278528526177455, -1.0849423305992234]
23/200 | Params: [1.5, -0.2004751783959412, 1.5, 0.9403454485258796, 1.2917855477158486, -1.0323447002813924]
24/200 | Params: [1.5, -0.14779315759349693, 1.5, 1.103128178725054, 1.106344242984487, -0.996190473844861]
25/200 | Params: [1.5, -0.45097606118472056, 1.5, 1.5, 0.19360195805896385, -0.7109676779263695]
26/200 | Params: [1.4586517386752, -0.14890107831507335, 1.5, 1.4460736471909126, 1.1076657322284926, -1.1218311501914298]
27/200 | Params: [1.5, 1.5, 1.2284624832423434, 1.5, 1.5, -1.5]
28/200 | Params: [1.5, 0.068889892286217, 1.5, 0.711847241550143, 1.5, -0.9962353870459452]
29/200 | Params: [1.5, 0.07410801675770817, 1.5, 1.1040972966377496, 1.1830806316268236, -1.1172107014494663]
30/200 | Params: [1.5, -0.3988025798750692, 1.5, 0.9504379048984146, 0.8120582405428686, -0.9591537854563117]
31/200 | Params: [1.5, 0.21245835879043404, 1.1273804429402476, 0.9998244038420215, 1.229697794014827, -1.0800733256307606]
32/200 | Params: [1.5, 1.5, 1.5, 1.5, 1.3640016414390228, -1.5]
33/200 | Params: [1.5, 0.08944578375159322, 1.270023616574574, 1.2252056501435296, 1.5, -1.2450047279686614]
34/200 | Params: [1.3430503280255024, -0.48985809399129154, 1.5, 1.3038425304670755, -0.5956828878408745, -0.25933064289991875]
35/200 | Params: [1.5, 0.9714404358478137, 0.8829382314957616, 0.622473746302509, 1.5, -1.1263475999100119]
36/200 | Params: [1.4564310725216822, 1.5, -0.1915654606457877, 1.38008859503305, 1.5, -1.058541498937026]
37/200 | Params: [1.5, -0.03240075154598919, 1.5, 0.9778579710724989, 1.2886752601895914, -1.0872850704363648]
38/200 | Params: [1.5, -0.26007587100007074, 1.5, 0.4876129039838744, 1.0232594111792102, -0.831637981819588]
39/200 | Params: [1.5, 0.1429424666146284, 1.5, 1.5, 1.0707563552188926, -1.1256100800005782]
40/200 | Params: [1.5, 0.6981553609406512, 1.5, 0.6710855599738954, 1.5, -1.1218554216906762]
41/200 | Params: [1.5, -0.1431834574014712, 1.5, 1.168254208113652, 1.257952300556896, -1.0759464918861463]
42/200 | Params: [1.5, -0.3291239127508222, 1.5, 0.6852013657489835, 1.1483115457485653, -0.9575423033352837]
43/200 | Params: [1.5, 0.5372025308882186, 1.5, 1.5, 1.5, -1.5]
44/200 | Params: [1.5, 0.8594143845749795, 0.9173453534953608, 1.5, 0.01828151661468123, -0.8146182191400375]
45/200 | Params: [1.5, 0.12273255831594442, 1.5, 0.42853617208524025, 1.5, -1.0141291333276379]
46/200 | Params: [1.5, -0.16155916698485723, 1.5, 0.7747648733085303, 1.5, -0.9861082502149006]
47/200 | Params: [1.5, -0.08400952896542024, 1.1945801872384465, 1.5, 1.1832291406129332, -1.1179263699857902]
48/200 | Params: [1.5, -0.6033760876061321, 1.5, 1.5, 0.9156998957073998, -0.917861195579468]
49/200 | Params: [1.5, -0.23738144009125814, 0.8854834372087528, 1.010015925997703, 1.5, -1.0331299626749704]
50/200 | Params: [1.5, 0.08569996139252761, 1.5, 0.7656020816417785, 0.49105102159115116, -0.7354950882103101]
51/200 | Params: [-1.3210463645854968, -0.28545181032188893, -1.5, -1.5, -0.136411290893871, -0.03974512175800546]
52/200 | Params: [1.5, -0.28857603052685016, 1.5, 1.5, 0.7270836802226506, -0.8852779376213662]
53/200 | Params: [1.5, -0.23264094044120787, 1.5, 1.0292224553400007, 0.8209074186104534, -0.7730192243914787]
54/200 | Params: [1.5, -0.33341523223923425, 1.5, 1.1756969291673685, 0.8816090304179416, -0.9297388165955346]
55/200 | Params: [1.5, -0.40165344947703724, 1.5, 0.9702830422781241, 0.8589929780644776, -0.7544011142184901]
56/200 | Params: [1.5, -0.5380418644527444, 1.5, 0.6732817048969759, 1.5, -0.975973245228029]
57/200 | Params: [1.5, 0.13302114607404145, 1.5, 0.40474744907119464, 1.5, -0.941485679765254]
58/200 | Params: [1.5, -0.08625215648802272, 1.5, 0.6663703929580317, 1.2345183313360237, -1.0717848807199881]
59/200 | Params: [1.5, -0.1842299489425271, 1.3574140509341415, 1.5, 0.7701237225901058, -1.0041752889043771]
60/200 | Params: [1.5, 1.5, 1.5, 1.5, 1.5, -1.5]
61/200 | Params: [1.5, -0.37436183654177413, 1.1308532506527316, 1.5, 0.8474424280396131, -0.9360675725667644]
62/200 | Params: [1.5, 1.5, 1.5, 1.5, 0.6438830753627829, -1.0994455664761438]
63/200 | Params: [1.5, -0.3312274392809154, 1.5, 0.8675575639235185, 1.2313984218078542, -0.9577214716341957]
64/200 | Params: [1.5, 0.06975525694478028, 1.5, 0.6535202089603063, 1.5, -1.1304177381824592]
65/200 | Params: [1.5, -0.14388986190048442, 1.5, 1.5, 0.9857558998460791, -1.0459057817359823]
66/200 | Params: [1.5, -0.10487938885667861, 1.5, 0.9929175175721845, 1.266632689864592, -1.100982382671184]
67/200 | Params: [1.5, 0.2626744924135064, 1.154691910748112, 1.1539735926535974, 1.3024535814101494, -0.9967459103125732]
68/200 | Params: [1.5, -0.21273053834720385, 1.5, 1.2270919076268954, 1.1702454376962779, -1.0724900949609382]
69/200 | Params: [1.5, 0.18959978102976913, 1.5, 1.5, 0.8064205778610837, -1.051452587871325]
70/200 | Params: [1.5, 0.4746088178451182, 1.5, 0.3911313636146639, 1.5, -1.0292352083593315]
71/200 | Params: [1.5, 0.11209456608466607, 1.5, 1.5, 0.7261864059971445, -1.0662033897571508]
72/200 | Params: [1.5, -0.3912484322954104, 1.5, 0.9550393327522304, 1.3063883535996954, -0.9158467188800467]
73/200 | Params: [1.5, -0.31573034331173155, 1.5, 0.8727625777082437, 1.5, -1.089716096898791]
74/200 | Params: [1.5, -0.10198493662897191, 1.5, 1.5, 0.7685487434722929, -1.0134599036257816]
75/200 | Params: [1.5, 0.73985847240276, 1.5, 1.5, 1.5, -1.5]
76/200 | Params: [1.5, 0.5830245376344945, 1.5, 0.5291296180603747, 1.5, -1.0465050450090314]
77/200 | Params: [1.5, -0.2578591817932331, 1.5, 0.44347477220217174, 1.5, -1.0825588650559603]
78/200 | Params: [1.5, 0.46671932332047766, 1.5, 1.5, 0.8965252451278053, -1.100067237781316]
79/200 | Params: [1.5, -0.19469840167133465, 1.5, 1.3866446033218691, 1.1414249431674142, -1.0771436807642818]
80/200 | Params: [1.5, 0.7778757934319782, 1.5, 1.5, 0.8289920810406339, -1.0407879777540094]
81/200 | Params: [1.5, -0.4212492438772137, 1.5, 0.6426998781251112, 1.5, -1.0048795210401693]
82/200 | Params: [1.5, 0.5118614715546544, 1.5, 1.0262051546445121, 1.11455837866953, -1.1299168206628094]
83/200 | Params: [1.5, 0.3696494847048533, 1.5, 0.3230623305646793, 1.0941706508121123, -0.8457749335426212]
84/200 | Params: [1.5, 1.5, 1.5, 1.5, 1.5, -1.5]
85/200 | Params: [1.5, -0.1594641744651866, 1.5, 1.0932617298924805, 1.1714698548052078, -1.0984722290915805]
86/200 | Params: [1.5, -0.3957292359964797, 1.5, 1.5, 1.1801542895304689, -1.0048498501460235]
87/200 | Params: [1.5, 1.5, 1.5, 1.5, 1.5, -1.5]
88/200 | Params: [1.5, 0.19429082005118664, 1.5, 0.863529077680112, 0.5896620002588222, -0.7781635430157777]
89/200 | Params: [1.5, -0.4919527196806332, 1.5, 1.5, 1.0778872312211454, -1.120653081551083]
90/200 | Params: [1.5, -0.5631115759496476, 1.2935786960003852, 1.3246044649411044, 1.0335029226367112, -0.9551557393790338]
91/200 | Params: [1.5, -0.32925056391450813, 1.5, 0.9373404193605958, 1.5, -1.0702276059317308]
92/200 | Params: [1.5, 0.16994785675339816, 1.5, 1.5, 0.8094475538832363, -0.971623769124698]
93/200 | Params: [1.5, -0.4922112942457727, 1.5, 0.9351531765603575, 1.5, -0.9905870860958591]
94/200 | Params: [1.5, 0.04890067544083221, 1.5, 1.170219180659447, 1.108631367502968, -1.0093182075935854]
95/200 | Params: [1.5, -0.3566045943392548, 1.5, 1.5, 0.6472409286800577, -0.844211712120369]
96/200 | Params: [1.5, -0.20505356403657715, 1.5, 1.5, 1.5, -1.1848022482634166]
97/200 | Params: [1.5, -0.4845608339826124, 1.5, 1.5, 1.0897977891013615, -1.0788570927901346]
98/200 | Params: [1.5, -0.32809769136939926, 1.5, 1.5, 0.6182863430986087, -0.9738588728727907]
99/200 | Params: [1.5, -0.03876402031114309, 1.5, 0.8137164837956303, 0.39777875974105903, -0.7509774194219626]
100/200 | Params: [1.5, 0.2182576298766117, 1.5, 0.9313914067560574, 1.3983766349874316, -1.1308261727205922]
101/200 | Params: [1.5, -0.258482271263561, 1.5, 1.5, 0.6271869619863755, -0.9528827021940691]
102/200 | Params: [1.5, -0.5505659821821086, 1.5, 1.5, 0.7630915792649177, -1.0211523642531963]
103/200 | Params: [1.5, 1.5, 1.5, 1.5, 1.5, -1.5]
104/200 | Params: [1.5, 1.5, 1.5, 1.5, 1.0878094126574571, -1.5]
105/200 | Params: [1.5, -0.03484120848529177, 1.5, 1.5, 0.5429571217237863, -0.9648871907341171]
106/200 | Params: [1.2267736957128303, 1.015522090145459, 1.5, 1.5, 0.2612248661007552, -0.9036941137735269]
107/200 | Params: [1.5, -0.2659273712484355, 1.5, 0.6754468758774795, 1.5, -1.114104727045037]
108/200 | Params: [1.5, 0.2090969400495962, 1.5, 0.9485851407016339, 1.5, -1.0957986642116475]
109/200 | Params: [1.5, 0.08070240551838234, 1.5, 1.5, 0.6109501825204624, -1.0977479518605964]
110/200 | Params: [1.5, 1.5, 1.5, 1.5, 1.5, -1.5]
111/200 | Params: [1.5, 1.5, 1.5, 1.5, 1.5, -1.5]
112/200 | Params: [1.5, -0.2024388073171534, 1.5, 0.8831740723006984, 1.5, -1.0853786414675528]
113/200 | Params: [1.5, -0.5962927343569883, 1.5, 1.1717238320936965, 1.208903625186118, -0.8565098455924445]
114/200 | Params: [1.5, -0.4033715713211134, 1.5, 1.5, 0.8109625742274602, -0.994330187840905]
115/200 | Params: [1.5, -0.043227627205915914, 1.5, 1.2474523068035333, 1.223722921064362, -1.1615465531188416]
116/200 | Params: [1.5, -0.5092194072820586, 1.5, 1.5, 0.7278752966933066, -0.9992454211915291]
117/200 | Params: [1.5, 0.6403660723320478, 1.2956494746131475, 0.7852238652901483, 1.5, -1.0699968570141332]
118/200 | Params: [1.5, -0.32190292948128724, 1.5, 0.7328019485733059, 1.5, -1.1319827144498666]
119/200 | Params: [1.5, 0.9487272396027863, 1.4557241895744952, 1.5, 1.5, -1.3399286588114263]
120/200 | Params: [1.5, 0.3646025982787607, 1.5, 0.46027448857215286, 1.044052155091676, -0.9499969499872826]
121/200 | Params: [1.5, 0.0369919832574323, 1.5, 0.6637573305548572, 1.5, -0.9808741141129194]
122/200 | Params: [1.5, 1.5, 1.5, 1.5, 1.5, -1.5]
123/200 | Params: [1.5, 0.04137265390125877, 1.5, 1.5, -0.48525448297110224, -0.42204801984452067]
124/200 | Params: [1.5, -0.08815346553219179, 1.5, 1.5, 0.22888956235502386, -0.8306605428612797]
125/200 | Params: [1.5, 1.5, 1.5, 1.5, 1.5, -1.5]
126/200 | Params: [1.5, 0.07485831203746507, 1.5, 1.0594979969668896, 1.0433463647737642, -0.9368342674840978]
127/200 | Params: [1.5, -0.3177822434343857, 1.5, 0.9297973422492953, 1.5, -0.9915396811430469]
128/200 | Params: [1.5, -0.20833143010819172, 1.5, 1.5, 0.6612566673155458, -0.949947782469116]
129/200 | Params: [1.5, -0.15137899930894164, 1.5, 1.5, 0.9715075180071641, -1.0343431225132447]
130/200 | Params: [1.5, -0.5148403612217939, 1.5, 1.5, 0.574102686767722, -0.8218286731457564]
131/200 | Params: [1.5, -0.27694779797087127, 1.5, 0.781598168703355, 0.9749820479701948, -1.03150331073826]
132/200 | Params: [1.5, -0.02087080182488351, 1.5, 0.9503319722506224, 1.0584985642353644, -1.0014866161558713]
133/200 | Params: [1.5, -0.23989626719011964, 1.5, 0.956815069486614, 1.1096914453131632, -0.9055676665379909]
134/200 | Params: [1.5, 0.02203408637353379, 1.5, 1.20978145177612, 1.5, -1.1203015666210436]
135/200 | Params: [1.5, 1.5, 1.5, 1.5, 1.5, -1.5]
136/200 | Params: [1.5, 0.12005488893539286, 1.5, 1.5, 0.7713192225688201, -0.969586880941456]
137/200 | Params: [1.5, 1.5, 1.5, 1.5, 1.5, -1.5]
138/200 | Params: [1.5, -0.23985516623982775, 1.1567281198439567, 1.0867833242764784, 1.5, -1.11824141058582]
139/200 | Params: [1.5, -0.03001025667156506, 1.5, 0.8911475061877338, 1.2360926964876178, -1.1005197172520147]
140/200 | Params: [1.5, 0.016423748675696, 1.5, 0.2533716253538838, 1.2784210067447692, -0.912753362995777]
141/200 | Params: [1.5, -0.3755529608428985, 1.1577771611797403, 1.5, 1.5, -1.0459163637590727]
142/200 | Params: [1.5, 1.5, 1.5, 1.5, 1.5, -1.5]
143/200 | Params: [1.5, -0.18748274240943633, 1.5, 0.384911374475021, 0.8701584452953617, -0.9309510143976355]
144/200 | Params: [1.5, 1.5, 1.5, 1.5, 1.5, -1.5]
145/200 | Params: [1.235450154825893, 1.5, 1.5, -0.11811315553665944, 0.6359763743218309, -0.7343164312022656]
146/200 | Params: [1.5, 1.5, 1.5, 1.5, 1.5, -1.5]
147/200 | Params: [1.5, -0.3788373108509961, 1.5, 0.6689615638892137, 0.9649424583445262, -0.8305791197842348]
148/200 | Params: [1.5, 1.5, 1.5, 1.5, 1.5, -1.5]
149/200 | Params: [1.5, -0.29911305274186634, 1.5, 1.0522055243258166, 1.5, -1.093349624505099]
150/200 | Params: [1.5, -0.303657306474576, 1.5, 1.5, 0.6316049732970969, -0.875206235393109]
151/200 | Params: [1.5, 1.5, 1.5, 1.5, 1.5, -1.5]
152/200 | Params: [1.5, 1.5, 1.3652922416551894, 1.5, 1.5, -1.5]
153/200 | Params: [1.5, -0.17922859113374387, 1.5, 1.5, 0.9854659713085276, -1.0409112189549181]
154/200 | Params: [1.5, 1.5, 1.5, 1.4414255087653327, 1.5, -1.5]
155/200 | Params: [1.5, 0.12166202538893085, 1.5, 0.8861669891287424, 1.5, -1.0560230272186666]
156/200 | Params: [1.5, -0.07446727662146733, 1.5, 1.5, 0.7674228835342192, -0.863705798273442]
157/200 | Params: [1.5, -0.26650017932516706, 1.5, 1.130163916499052, 0.9297034354329482, -0.983373643061531]
158/200 | Params: [1.5, -0.3265527978032379, 1.5, 1.318122357614421, 1.2454084382111088, -1.0517216041398398]
159/200 | Params: [1.5, -0.09104227702187982, 1.5, 0.8866142016148637, 1.1812089628582543, -0.9909109920737801]
160/200 | Params: [1.5, 0.8806098804462701, 1.5, 0.33799332629227935, 1.5, -1.0194001828367982]
161/200 | Params: [1.5, -0.3944080389015676, 1.5, 0.6878329574426254, 1.5, -1.0565713339935345]
162/200 | Params: [1.5, 0.13435661060065524, 1.5, 0.2832940985268166, 1.2429055460508174, -0.9251401056889854]
163/200 | Params: [1.5, -0.17041425829402815, 1.5, 1.1889255431278716, 1.5, -1.1855940063648627]
164/200 | Params: [1.5, 1.5, 1.5, 1.5, 1.5, -1.5]
165/200 | Params: [1.5, 1.5, 1.5, 1.5, 1.5, -1.5]
166/200 | Params: [1.5, 0.038447327053825454, 1.5, 1.5, 0.2527439068273317, -0.828057039780783]
167/200 | Params: [1.5, 1.5, 1.5, 1.5, 1.5, -1.5]
168/200 | Params: [1.5, -0.3627227258482053, 1.5, 0.40612439810605644, 1.5, -0.8727114082896766]
169/200 | Params: [1.5, -0.1317211881322675, 1.5, 0.8400899498105313, 1.5, -1.0739576208758967]
170/200 | Params: [1.5, -0.24641393692973634, 1.5, 1.5, 1.0490269508414138, -1.041315650887545]
171/200 | Params: [1.5, -0.18762523019322475, 1.5, 0.7375938999017544, 1.42540786307759, -1.0749790139456212]
172/200 | Params: [1.5, 0.24411123124743808, 1.5, 1.1181696670634462, 0.6239409332074031, -1.0391250345283507]
173/200 | Params: [1.5, -0.12260550531757611, 1.5, 1.0546537787828274, 1.2675259047469125, -1.113143803521879]
174/200 | Params: [1.5, -0.2440149518469156, 1.5, 1.5, 0.532224512845269, -0.8671474948859105]
175/200 | Params: [1.5, -0.12038076931265582, 1.5, 1.2135864896192892, 1.0853977376138841, -1.016160704676972]
176/200 | Params: [1.5, -0.34922171427076654, 1.5, 1.5, -0.7057019906966193, -0.27789370182358814]
177/200 | Params: [1.5, -0.1252659851477291, 1.5, 0.9040788233768989, 1.014385413721779, -0.9587916256469662]
178/200 | Params: [1.5, 1.5, 1.5, 1.5, 1.5, -1.5]
179/200 | Params: [1.5, -0.44213275913578676, 1.092748949925283, 0.842041747819535, 1.5, -1.0292892206992597]
180/200 | Params: [1.5, 1.5, 1.5, 1.5, 1.5, -1.5]
181/200 | Params: [1.5, 1.5, 1.5, 1.5, 1.5, -1.5]
182/200 | Params: [1.5, -0.6146794199773764, 1.5, 1.086361201627476, 1.5, -1.026455111166007]
183/200 | Params: [1.5, 0.05196425371679186, 1.5, 0.28281651371271627, 1.2636379781580607, -0.896989457603971]
184/200 | Params: [1.5, -0.015700001607140107, 1.5, 0.8468287401805313, 0.8048307785341537, -0.8595063824204433]
185/200 | Params: [1.5, -0.10290532445621266, 1.5, 1.094933494468505, 1.294655176935614, -1.1286698837506641]
186/200 | Params: [1.5, 0.16224203242626806, 1.5, 0.928746901577326, 1.0559535359999788, -0.9633825479672904]
187/200 | Params: [1.5, -0.44559401239668067, 1.5, 1.5, -0.8476239931392034, -0.21782504249002724]
188/200 | Params: [1.5, 1.5, 1.5, 1.5, 1.5, -1.5]
189/200 | Params: [1.5, -0.4262738262544037, 1.5, 1.5, 1.5, -1.151726362787011]
190/200 | Params: [1.5, 1.2732730612160557, 1.0095906529318324, 0.9632083184944898, 1.213496706242072, -1.119683203759844]
191/200 | Params: [1.5, -0.25148051991928794, 1.5, 0.9229304534303392, 1.5, -0.9812790587707184]
192/200 | Params: [1.5, -0.1087117447071461, 1.5, 1.465975507998344, 0.8452868085364934, -0.9906993500701647]
193/200 | Params: [1.5, -0.10627871916481417, 1.5, 1.5, 1.4937097719058705, -1.1700763835445882]
194/200 | Params: [1.5, 0.39800526306408085, 1.5, 1.5, 0.4773358642484383, -0.9880900366303915]
195/200 | Params: [1.5, -0.32352620272843774, 1.5, 0.3819636728320487, 1.5, -0.9772687442216877]
196/200 | Params: [1.5, -0.25877423765770374, 1.5, 1.5, 0.9229892224012729, -1.011527304048406]
197/200 | Params: [1.5, -0.3143929422287381, 1.5, 0.7903778514081725, 1.5, -1.0656220112858]
198/200 | Params: [1.5, -0.28446912497224724, 1.5, 1.2520376839216867, 1.2450481179387034, -1.0169178955803866]
199/200 | Params: [1.5, -0.6427136573284412, 1.5, 1.5, 1.5, -1.1096544703526845]
200/200 | Params: [1.5, 1.5, 1.5, 1.4100776933558066, 1.2204115881233832, -1.3783393875409484]
