[I 2025-08-22 09:51:39.912 ServerApp] jupyter_lsp | extension was successfully linked.
[I 2025-08-22 09:51:39.916 ServerApp] jupyter_server_terminals | extension was successfully linked.
[I 2025-08-22 09:51:39.920 ServerApp] jupyterlab | extension was successfully linked.
[I 2025-08-22 09:51:39.936 ServerApp] notebook | extension was successfully linked.
[I 2025-08-22 09:51:43.324 ServerApp] notebook_shim | extension was successfully linked.
[I 2025-08-22 09:51:43.717 ServerApp] notebook_shim | extension was successfully loaded.
[I 2025-08-22 09:51:43.720 ServerApp] jupyter_lsp | extension was successfully loaded.
[I 2025-08-22 09:51:43.720 ServerApp] jupyter_server_terminals | extension was successfully loaded.
[I 2025-08-22 09:51:43.793 LabApp] JupyterLab extension loaded from /home/hd/hd_hd/hd_gy283/.conda/envs/py311/lib/python3.11/site-packages/jupyterlab
[I 2025-08-22 09:51:43.793 LabApp] JupyterLab application directory is /gpfs/bwfor/home/hd/hd_hd/hd_gy283/.conda/envs/py311/share/jupyter/lab
[I 2025-08-22 09:51:43.802 LabApp] Extension Manager is 'pypi'.
[I 2025-08-22 09:51:44.986 ServerApp] jupyterlab | extension was successfully loaded.
[I 2025-08-22 09:51:44.992 ServerApp] notebook | extension was successfully loaded.
[I 2025-08-22 09:51:44.992 ServerApp] Serving notebooks from local directory: /gpfs/bwfor/home/hd/hd_hd/hd_gy283/kmc_project
[I 2025-08-22 09:51:44.992 ServerApp] Jupyter Server 2.16.0 is running at:
[I 2025-08-22 09:51:44.992 ServerApp] http://p02c01:5724/lab
[I 2025-08-22 09:51:44.992 ServerApp]     http://127.0.0.1:5724/lab
[I 2025-08-22 09:51:44.992 ServerApp] Use Control-C to stop this server and shut down all kernels (twice to skip confirmation).
[I 2025-08-22 09:51:45.078 ServerApp] Skipped non-installed server(s): bash-language-server, dockerfile-language-server-nodejs, javascript-typescript-langserver, jedi-language-server, julia-language-server, pyright, python-language-server, python-lsp-server, r-languageserver, sql-language-server, texlab, typescript-language-server, unified-language-server, vscode-css-languageserver-bin, vscode-html-languageserver-bin, vscode-json-languageserver-bin, yaml-language-server
[I 2025-08-22 09:55:57.435 LabApp] 302 GET /lab (@10.20.10.75) 0.51ms
[I 2025-08-22 09:56:04.788 ServerApp] User 83d59a6309d04b47b0ff6509b309aadb logged in.
[I 2025-08-22 09:56:04.789 ServerApp] 302 POST /login?next=%2Flab (83d59a6309d04b47b0ff6509b309aadb@10.20.10.75) 323.57ms
[W 2025-08-22 09:56:08.271 LabApp] Could not determine jupyterlab build status without nodejs
[W 2025-08-22 09:56:11.388 ServerApp] Notebook scripts/python_scripts/visualize.ipynb is not trusted
[W 2025-08-22 09:56:12.011 ServerApp] 404 GET /api/data/100_sweep/row_?content=0&hash=0&1755849380876 (83d59a6309d04b47b0ff6509b309aadb@10.20.10.75) 13.69ms referer=http://127.0.0.1:5724/lab
[W 2025-08-22 09:56:12.013 ServerApp] 404 GET /api/data/100_sweep/row_18.npz?content=0&hash=0&1755849380877 (83d59a6309d04b47b0ff6509b309aadb@10.20.10.75) 1.05ms referer=http://127.0.0.1:5724/lab
[I 2025-08-22 09:56:12.414 ServerApp] Kernel started: bed6e31b-e1d4-4d53-9557-13fcddf5433c
[I 2025-08-22 09:56:14.864 ServerApp] Connecting to kernel bed6e31b-e1d4-4d53-9557-13fcddf5433c.
[W 2025-08-22 09:56:14.865 ServerApp] The websocket_ping_timeout (90000) cannot be longer than the websocket_ping_interval (30000).
    Setting websocket_ping_timeout=30000
[I 2025-08-22 09:56:53.651 ServerApp] Connecting to kernel bed6e31b-e1d4-4d53-9557-13fcddf5433c.
[I 2025-08-22 10:44:38.311 ServerApp] Saving file at /scripts/python_scripts/visualize.ipynb
[W 2025-08-22 10:44:38.311 ServerApp] Notebook scripts/python_scripts/visualize.ipynb is not trusted
[I 2025-08-22 10:46:40.117 ServerApp] Saving file at /scripts/python_scripts/visualize.ipynb
[W 2025-08-22 10:46:40.117 ServerApp] Notebook scripts/python_scripts/visualize.ipynb is not trusted
[I 2025-08-22 10:48:41.407 ServerApp] Saving file at /scripts/python_scripts/visualize.ipynb
[W 2025-08-22 10:48:41.408 ServerApp] Notebook scripts/python_scripts/visualize.ipynb is not trusted
[I 2025-08-22 10:50:42.825 ServerApp] Saving file at /scripts/python_scripts/visualize.ipynb
[W 2025-08-22 10:50:42.825 ServerApp] Notebook scripts/python_scripts/visualize.ipynb is not trusted
[I 2025-08-22 10:52:44.192 ServerApp] Saving file at /scripts/python_scripts/visualize.ipynb
[W 2025-08-22 10:52:44.192 ServerApp] Notebook scripts/python_scripts/visualize.ipynb is not trusted
[I 2025-08-22 10:57:35.806 ServerApp] Saving file at /scripts/python_scripts/visualize.ipynb
[W 2025-08-22 10:57:35.806 ServerApp] Notebook scripts/python_scripts/visualize.ipynb is not trusted
[I 2025-08-22 10:58:05.542 ServerApp] Saving file at /scripts/python_scripts/visualize.ipynb
[W 2025-08-22 10:58:05.542 ServerApp] Notebook scripts/python_scripts/visualize.ipynb is not trusted
[I 2025-08-22 10:58:30.449 ServerApp] Saving file at /scripts/python_scripts/visualize.ipynb
[W 2025-08-22 10:58:30.449 ServerApp] Notebook scripts/python_scripts/visualize.ipynb is not trusted
[I 2025-08-22 10:58:30.819 ServerApp] Starting buffering for bed6e31b-e1d4-4d53-9557-13fcddf5433c:6ff5946f-8e64-4d6e-bfde-f44a74b96338
[W 2025-08-22 10:58:42.935 LabApp] Could not determine jupyterlab build status without nodejs
[I 2025-08-22 10:58:43.013 ServerApp] Connecting to kernel bed6e31b-e1d4-4d53-9557-13fcddf5433c.
[I 2025-08-22 10:58:43.152 ServerApp] Starting buffering for bed6e31b-e1d4-4d53-9557-13fcddf5433c:838bbef3-526b-41d8-965a-24accc6b82ff
[W 2025-08-22 10:58:43.265 ServerApp] Notebook scripts/python_scripts/visualize.ipynb is not trusted
[W 2025-08-22 10:58:43.659 ServerApp] 404 GET /api/data/100_sweep/row_?content=0&hash=0&1755853132673 (83d59a6309d04b47b0ff6509b309aadb@10.20.10.75) 0.79ms referer=http://127.0.0.1:5724/lab
[W 2025-08-22 10:58:43.660 ServerApp] 404 GET /api/data/100_sweep/row_18.npz?content=0&hash=0&1755853132673 (83d59a6309d04b47b0ff6509b309aadb@10.20.10.75) 0.52ms referer=http://127.0.0.1:5724/lab
[I 2025-08-22 10:58:44.010 ServerApp] Connecting to kernel bed6e31b-e1d4-4d53-9557-13fcddf5433c.
[I 2025-08-22 10:58:56.698 ServerApp] Saving file at /scripts/python_scripts/visualize.ipynb
[W 2025-08-22 10:58:56.699 ServerApp] Notebook scripts/python_scripts/visualize.ipynb is not trusted
[I 2025-08-22 10:59:29.443 ServerApp] Saving file at /scripts/python_scripts/visualize.ipynb
[W 2025-08-22 10:59:29.443 ServerApp] Notebook scripts/python_scripts/visualize.ipynb is not trusted
[W 2025-08-22 10:59:29.485 ServerApp] /gpfs/bwfor/home/hd/hd_hd/hd_gy283/kmc_project/scripts/python_scripts/.~visualize.ipynb doesn't exist
[I 2025-08-22 11:01:30.885 ServerApp] Saving file at /scripts/python_scripts/visualize.ipynb
[W 2025-08-22 11:01:30.885 ServerApp] Notebook scripts/python_scripts/visualize.ipynb is not trusted
[I 2025-08-22 11:03:32.423 ServerApp] Saving file at /scripts/python_scripts/visualize.ipynb
[W 2025-08-22 11:03:32.423 ServerApp] Notebook scripts/python_scripts/visualize.ipynb is not trusted
[I 2025-08-22 11:05:33.777 ServerApp] Saving file at /scripts/python_scripts/visualize.ipynb
[W 2025-08-22 11:05:33.777 ServerApp] Notebook scripts/python_scripts/visualize.ipynb is not trusted
[I 2025-08-22 11:06:53.153 ServerApp] Saving file at /scripts/python_scripts/visualize.ipynb
[W 2025-08-22 11:06:53.153 ServerApp] Notebook scripts/python_scripts/visualize.ipynb is not trusted
[I 2025-08-22 11:07:50.286 ServerApp] Saving file at /scripts/python_scripts/visualize.ipynb
[W 2025-08-22 11:07:50.286 ServerApp] Notebook scripts/python_scripts/visualize.ipynb is not trusted
[I 2025-08-22 11:07:54.535 ServerApp] Saving file at /scripts/python_scripts/visualize.ipynb
[W 2025-08-22 11:07:54.536 ServerApp] Notebook scripts/python_scripts/visualize.ipynb is not trusted
[I 2025-08-22 11:09:56.697 ServerApp] Saving file at /scripts/python_scripts/visualize.ipynb
[W 2025-08-22 11:09:56.698 ServerApp] Notebook scripts/python_scripts/visualize.ipynb is not trusted
[I 2025-08-22 11:37:37.385 ServerApp] Saving file at /scripts/python_scripts/visualize.ipynb
[W 2025-08-22 11:37:37.385 ServerApp] Notebook scripts/python_scripts/visualize.ipynb is not trusted
[I 2025-08-22 11:39:38.834 ServerApp] Saving file at /scripts/python_scripts/visualize.ipynb
[W 2025-08-22 11:39:38.834 ServerApp] Notebook scripts/python_scripts/visualize.ipynb is not trusted
[I 2025-08-22 11:41:40.125 ServerApp] Saving file at /scripts/python_scripts/visualize.ipynb
[W 2025-08-22 11:41:40.125 ServerApp] Notebook scripts/python_scripts/visualize.ipynb is not trusted
[I 2025-08-22 11:41:49.141 ServerApp] Saving file at /scripts/python_scripts/visualize.ipynb
[W 2025-08-22 11:41:49.141 ServerApp] Notebook scripts/python_scripts/visualize.ipynb is not trusted
[I 2025-08-22 11:43:50.455 ServerApp] Saving file at /scripts/python_scripts/visualize.ipynb
[W 2025-08-22 11:43:50.456 ServerApp] Notebook scripts/python_scripts/visualize.ipynb is not trusted
[I 2025-08-22 11:45:51.863 ServerApp] Saving file at /scripts/python_scripts/visualize.ipynb
[W 2025-08-22 11:45:51.864 ServerApp] Notebook scripts/python_scripts/visualize.ipynb is not trusted
[I 2025-08-22 11:47:53.640 ServerApp] Saving file at /scripts/python_scripts/visualize.ipynb
[W 2025-08-22 11:47:53.640 ServerApp] Notebook scripts/python_scripts/visualize.ipynb is not trusted
[I 2025-08-22 11:55:57.579 ServerApp] Saving file at /scripts/python_scripts/visualize.ipynb
[W 2025-08-22 11:55:57.579 ServerApp] Notebook scripts/python_scripts/visualize.ipynb is not trusted
[I 2025-08-22 11:57:59.185 ServerApp] Saving file at /scripts/python_scripts/visualize.ipynb
[W 2025-08-22 11:57:59.185 ServerApp] Notebook scripts/python_scripts/visualize.ipynb is not trusted
[W 2025-08-22 11:57:59.231 ServerApp] /gpfs/bwfor/home/hd/hd_hd/hd_gy283/kmc_project/scripts/python_scripts/.~visualize.ipynb doesn't exist
[I 2025-08-22 12:09:42.519 ServerApp] Starting buffering for bed6e31b-e1d4-4d53-9557-13fcddf5433c:0b198143-6ec9-49cc-a299-7269f6e104a7
slurmstepd: error: *** JOB 9814778 ON p02c01 CANCELLED AT 2025-08-22T12:09:45 ***
