cpu
1/20 | Params: [-1.1810561594882363, 0.25978546575384437, -1.1573744410746905, -0.8627003588904913, 0.13464925691511778, -0.1220847247566967]
2/20 | Params: [-1.5, 0.5336955142242948, -1.043724017649493, -1.1503582186498642, 0.06238266253366176, 0.002471333916364535]
3/20 | Params: [-1.1342100806299187, -0.5492093931684315, -1.5, -0.45997775628607823, 0.032535907048816724, -0.06097872327671831]
4/20 | Params: [-1.5, 1.1459383044411393, -1.5, -0.011574464204445075, -0.05178404671647517, -0.17046662897326664]
5/20 | Params: [-0.581133174353965, -1.2188704150119098, -1.3493293848789312, 0.24874633254299133, -0.29998979109266866, 0.022785800235527533]
6/20 | Params: [-1.5, 1.0680032633594412, -1.5, -0.5389754792307622, 0.009384369378081679, -0.027407748172873947]
7/20 | Params: [-1.5, 0.1622611602266577, -1.5, -1.5, 0.4552062586526894, -0.2265494565749113]
8/20 | Params: [-0.6293238809514895, -1.5, -0.9437617809465428, -0.5781892767230356, -0.32804435844350927, -0.005582323217439934]
9/20 | Params: [-0.7755964229142376, -1.5, -1.5, -0.7316654971003451, 0.08776963721094617, 0.026797941420409765]
10/20 | Params: [-0.7963141844137525, -1.5, -1.073410841459469, -0.7978580469814417, -0.1578204889356597, 0.03688480475876073]
11/20 | Params: [-1.5, 1.2152113155953757, -0.8404757354163228, -0.6931675800445706, -0.02301015456856013, -0.12113770036477275]
12/20 | Params: [-1.3387794217100502, -0.01389928979567902, -1.1571370021086755, -1.3014728868823422, 0.2575846018227739, -0.10456261747760372]
13/20 | Params: [-1.2590537762020024, 0.040714427218127916, -0.8274110426772551, -0.8445389022920502, 0.007952569165892055, -0.10408806580221905]
14/20 | Params: [-1.5, -1.2124065850330537, 0.48207821646638266, 0.6934905648907655, -0.37564446392482564, -0.29975233332283424]
15/20 | Params: [-1.5, 1.5, -1.0422306331085298, -1.110597807936679, 0.27625092782553023, -0.014401247578326386]
16/20 | Params: [-1.5, 1.162451638199359, -0.6120802859443615, -0.9798830587269285, 0.06866349629214819, -0.0728191253247709]
17/20 | Params: [-1.1516418231896957, -0.42265739505658145, -0.9913829230445629, -0.24250514007268703, -0.0883320627642793, -0.04999455231403947]
18/20 | Params: [-1.5, 0.7983554133297556, -0.9935496893645112, -1.5, 0.20407468651425822, -0.15056078727402952]
19/20 | Params: [-1.5, -1.5, 0.2381253726298058, -1.5, 0.14657704693864831, -0.26933745145722504]
20/20 | Params: [-0.5461335623396893, -1.5, -1.2485914182267728, 0.5499850947394486, -0.4079560900929857, 0.10661070269833053]
