/home/hd/hd_hd/hd_gy283/.conda/envs/py311/bin/python
Python 3.11.12
slurmstepd: error: acct_gather_profile/influxdb _send_data: curl_easy_perform failed to send data (discarded). Reason: Couldn't resolve host name
Batch 0, sample 0/1000
Saved /gpfs/bwfor/work/ws/hd_gy283-my_data/data/dataset_batch_0000.pt
Batch 1, sample 0/1000
Saved /gpfs/bwfor/work/ws/hd_gy283-my_data/data/dataset_batch_0001.pt
Batch 2, sample 0/1000
Saved /gpfs/bwfor/work/ws/hd_gy283-my_data/data/dataset_batch_0002.pt
Batch 3, sample 0/1000
Saved /gpfs/bwfor/work/ws/hd_gy283-my_data/data/dataset_batch_0003.pt
Batch 4, sample 0/1000
Saved /gpfs/bwfor/work/ws/hd_gy283-my_data/data/dataset_batch_0004.pt
Batch 5, sample 0/1000
Saved /gpfs/bwfor/work/ws/hd_gy283-my_data/data/dataset_batch_0005.pt
Batch 6, sample 0/1000
Saved /gpfs/bwfor/work/ws/hd_gy283-my_data/data/dataset_batch_0006.pt
Batch 7, sample 0/1000
Saved /gpfs/bwfor/work/ws/hd_gy283-my_data/data/dataset_batch_0007.pt
Batch 8, sample 0/1000
Saved /gpfs/bwfor/work/ws/hd_gy283-my_data/data/dataset_batch_0008.pt
Batch 9, sample 0/1000
Saved /gpfs/bwfor/work/ws/hd_gy283-my_data/data/dataset_batch_0009.pt
Batch 10, sample 0/1000
Saved /gpfs/bwfor/work/ws/hd_gy283-my_data/data/dataset_batch_0010.pt
Batch 11, sample 0/1000
Saved /gpfs/bwfor/work/ws/hd_gy283-my_data/data/dataset_batch_0011.pt
Batch 12, sample 0/1000
Saved /gpfs/bwfor/work/ws/hd_gy283-my_data/data/dataset_batch_0012.pt
Batch 13, sample 0/1000
Saved /gpfs/bwfor/work/ws/hd_gy283-my_data/data/dataset_batch_0013.pt
Batch 14, sample 0/1000
Saved /gpfs/bwfor/work/ws/hd_gy283-my_data/data/dataset_batch_0014.pt
Batch 15, sample 0/1000
Saved /gpfs/bwfor/work/ws/hd_gy283-my_data/data/dataset_batch_0015.pt
Batch 16, sample 0/1000
Saved /gpfs/bwfor/work/ws/hd_gy283-my_data/data/dataset_batch_0016.pt
Batch 17, sample 0/1000
Saved /gpfs/bwfor/work/ws/hd_gy283-my_data/data/dataset_batch_0017.pt
Batch 18, sample 0/1000
Saved /gpfs/bwfor/work/ws/hd_gy283-my_data/data/dataset_batch_0018.pt
Batch 19, sample 0/1000
Saved /gpfs/bwfor/work/ws/hd_gy283-my_data/data/dataset_batch_0019.pt
Batch 20, sample 0/1000
Saved /gpfs/bwfor/work/ws/hd_gy283-my_data/data/dataset_batch_0020.pt
Batch 21, sample 0/1000
Saved /gpfs/bwfor/work/ws/hd_gy283-my_data/data/dataset_batch_0021.pt
Batch 22, sample 0/1000
Saved /gpfs/bwfor/work/ws/hd_gy283-my_data/data/dataset_batch_0022.pt
Batch 23, sample 0/1000
Saved /gpfs/bwfor/work/ws/hd_gy283-my_data/data/dataset_batch_0023.pt
Batch 24, sample 0/1000
Saved /gpfs/bwfor/work/ws/hd_gy283-my_data/data/dataset_batch_0024.pt
Batch 25, sample 0/1000
Saved /gpfs/bwfor/work/ws/hd_gy283-my_data/data/dataset_batch_0025.pt
Batch 26, sample 0/1000
Saved /gpfs/bwfor/work/ws/hd_gy283-my_data/data/dataset_batch_0026.pt
Batch 27, sample 0/1000
Saved /gpfs/bwfor/work/ws/hd_gy283-my_data/data/dataset_batch_0027.pt
Batch 28, sample 0/1000
Saved /gpfs/bwfor/work/ws/hd_gy283-my_data/data/dataset_batch_0028.pt
Batch 29, sample 0/1000
Saved /gpfs/bwfor/work/ws/hd_gy283-my_data/data/dataset_batch_0029.pt
Batch 30, sample 0/1000
Saved /gpfs/bwfor/work/ws/hd_gy283-my_data/data/dataset_batch_0030.pt
Batch 31, sample 0/1000
Saved /gpfs/bwfor/work/ws/hd_gy283-my_data/data/dataset_batch_0031.pt
Batch 32, sample 0/1000
Saved /gpfs/bwfor/work/ws/hd_gy283-my_data/data/dataset_batch_0032.pt
Batch 33, sample 0/1000
Saved /gpfs/bwfor/work/ws/hd_gy283-my_data/data/dataset_batch_0033.pt
Batch 34, sample 0/1000
Saved /gpfs/bwfor/work/ws/hd_gy283-my_data/data/dataset_batch_0034.pt
Batch 35, sample 0/1000
Saved /gpfs/bwfor/work/ws/hd_gy283-my_data/data/dataset_batch_0035.pt
Batch 36, sample 0/1000
Saved /gpfs/bwfor/work/ws/hd_gy283-my_data/data/dataset_batch_0036.pt
Batch 37, sample 0/1000
Saved /gpfs/bwfor/work/ws/hd_gy283-my_data/data/dataset_batch_0037.pt
Batch 38, sample 0/1000
Saved /gpfs/bwfor/work/ws/hd_gy283-my_data/data/dataset_batch_0038.pt
Batch 39, sample 0/1000
Saved /gpfs/bwfor/work/ws/hd_gy283-my_data/data/dataset_batch_0039.pt
Batch 40, sample 0/1000
Saved /gpfs/bwfor/work/ws/hd_gy283-my_data/data/dataset_batch_0040.pt
Batch 41, sample 0/1000
Saved /gpfs/bwfor/work/ws/hd_gy283-my_data/data/dataset_batch_0041.pt
Batch 42, sample 0/1000
Saved /gpfs/bwfor/work/ws/hd_gy283-my_data/data/dataset_batch_0042.pt
Batch 43, sample 0/1000
Saved /gpfs/bwfor/work/ws/hd_gy283-my_data/data/dataset_batch_0043.pt
Batch 44, sample 0/1000
Saved /gpfs/bwfor/work/ws/hd_gy283-my_data/data/dataset_batch_0044.pt
Batch 45, sample 0/1000
Saved /gpfs/bwfor/work/ws/hd_gy283-my_data/data/dataset_batch_0045.pt
Batch 46, sample 0/1000
Saved /gpfs/bwfor/work/ws/hd_gy283-my_data/data/dataset_batch_0046.pt
Batch 47, sample 0/1000
Saved /gpfs/bwfor/work/ws/hd_gy283-my_data/data/dataset_batch_0047.pt
Batch 48, sample 0/1000
Saved /gpfs/bwfor/work/ws/hd_gy283-my_data/data/dataset_batch_0048.pt
Batch 49, sample 0/1000
Saved /gpfs/bwfor/work/ws/hd_gy283-my_data/data/dataset_batch_0049.pt
Batch 50, sample 0/1000
Saved /gpfs/bwfor/work/ws/hd_gy283-my_data/data/dataset_batch_0050.pt
Batch 51, sample 0/1000
Saved /gpfs/bwfor/work/ws/hd_gy283-my_data/data/dataset_batch_0051.pt
Batch 52, sample 0/1000
Saved /gpfs/bwfor/work/ws/hd_gy283-my_data/data/dataset_batch_0052.pt
Batch 53, sample 0/1000
Saved /gpfs/bwfor/work/ws/hd_gy283-my_data/data/dataset_batch_0053.pt
Batch 54, sample 0/1000
Saved /gpfs/bwfor/work/ws/hd_gy283-my_data/data/dataset_batch_0054.pt
Batch 55, sample 0/1000
Saved /gpfs/bwfor/work/ws/hd_gy283-my_data/data/dataset_batch_0055.pt
Batch 56, sample 0/1000
Saved /gpfs/bwfor/work/ws/hd_gy283-my_data/data/dataset_batch_0056.pt
Batch 57, sample 0/1000
Saved /gpfs/bwfor/work/ws/hd_gy283-my_data/data/dataset_batch_0057.pt
Batch 58, sample 0/1000
Saved /gpfs/bwfor/work/ws/hd_gy283-my_data/data/dataset_batch_0058.pt
Batch 59, sample 0/1000
Saved /gpfs/bwfor/work/ws/hd_gy283-my_data/data/dataset_batch_0059.pt
Batch 60, sample 0/1000
Saved /gpfs/bwfor/work/ws/hd_gy283-my_data/data/dataset_batch_0060.pt
Batch 61, sample 0/1000
Saved /gpfs/bwfor/work/ws/hd_gy283-my_data/data/dataset_batch_0061.pt
Batch 62, sample 0/1000
Saved /gpfs/bwfor/work/ws/hd_gy283-my_data/data/dataset_batch_0062.pt
Batch 63, sample 0/1000
Saved /gpfs/bwfor/work/ws/hd_gy283-my_data/data/dataset_batch_0063.pt
Batch 64, sample 0/1000
Saved /gpfs/bwfor/work/ws/hd_gy283-my_data/data/dataset_batch_0064.pt
Batch 65, sample 0/1000
Saved /gpfs/bwfor/work/ws/hd_gy283-my_data/data/dataset_batch_0065.pt
Batch 66, sample 0/1000
Saved /gpfs/bwfor/work/ws/hd_gy283-my_data/data/dataset_batch_0066.pt
Batch 67, sample 0/1000
Saved /gpfs/bwfor/work/ws/hd_gy283-my_data/data/dataset_batch_0067.pt
Batch 68, sample 0/1000
Saved /gpfs/bwfor/work/ws/hd_gy283-my_data/data/dataset_batch_0068.pt
Batch 69, sample 0/1000
Saved /gpfs/bwfor/work/ws/hd_gy283-my_data/data/dataset_batch_0069.pt
Batch 70, sample 0/1000
Saved /gpfs/bwfor/work/ws/hd_gy283-my_data/data/dataset_batch_0070.pt
Batch 71, sample 0/1000
Saved /gpfs/bwfor/work/ws/hd_gy283-my_data/data/dataset_batch_0071.pt
Batch 72, sample 0/1000
Saved /gpfs/bwfor/work/ws/hd_gy283-my_data/data/dataset_batch_0072.pt
Batch 73, sample 0/1000
Saved /gpfs/bwfor/work/ws/hd_gy283-my_data/data/dataset_batch_0073.pt
Batch 74, sample 0/1000
Saved /gpfs/bwfor/work/ws/hd_gy283-my_data/data/dataset_batch_0074.pt
Batch 75, sample 0/1000
Saved /gpfs/bwfor/work/ws/hd_gy283-my_data/data/dataset_batch_0075.pt
Batch 76, sample 0/1000
Saved /gpfs/bwfor/work/ws/hd_gy283-my_data/data/dataset_batch_0076.pt
Batch 77, sample 0/1000
Saved /gpfs/bwfor/work/ws/hd_gy283-my_data/data/dataset_batch_0077.pt
Batch 78, sample 0/1000
Saved /gpfs/bwfor/work/ws/hd_gy283-my_data/data/dataset_batch_0078.pt
Batch 79, sample 0/1000
Saved /gpfs/bwfor/work/ws/hd_gy283-my_data/data/dataset_batch_0079.pt
Batch 80, sample 0/1000
Saved /gpfs/bwfor/work/ws/hd_gy283-my_data/data/dataset_batch_0080.pt
Batch 81, sample 0/1000
Saved /gpfs/bwfor/work/ws/hd_gy283-my_data/data/dataset_batch_0081.pt
Batch 82, sample 0/1000
Saved /gpfs/bwfor/work/ws/hd_gy283-my_data/data/dataset_batch_0082.pt
Batch 83, sample 0/1000
Saved /gpfs/bwfor/work/ws/hd_gy283-my_data/data/dataset_batch_0083.pt
Batch 84, sample 0/1000
Saved /gpfs/bwfor/work/ws/hd_gy283-my_data/data/dataset_batch_0084.pt
Batch 85, sample 0/1000
Saved /gpfs/bwfor/work/ws/hd_gy283-my_data/data/dataset_batch_0085.pt
Batch 86, sample 0/1000
Saved /gpfs/bwfor/work/ws/hd_gy283-my_data/data/dataset_batch_0086.pt
Batch 87, sample 0/1000
Saved /gpfs/bwfor/work/ws/hd_gy283-my_data/data/dataset_batch_0087.pt
Batch 88, sample 0/1000
Saved /gpfs/bwfor/work/ws/hd_gy283-my_data/data/dataset_batch_0088.pt
Batch 89, sample 0/1000
Saved /gpfs/bwfor/work/ws/hd_gy283-my_data/data/dataset_batch_0089.pt
Batch 90, sample 0/1000
Saved /gpfs/bwfor/work/ws/hd_gy283-my_data/data/dataset_batch_0090.pt
Batch 91, sample 0/1000
Saved /gpfs/bwfor/work/ws/hd_gy283-my_data/data/dataset_batch_0091.pt
Batch 92, sample 0/1000
Saved /gpfs/bwfor/work/ws/hd_gy283-my_data/data/dataset_batch_0092.pt
Batch 93, sample 0/1000
Saved /gpfs/bwfor/work/ws/hd_gy283-my_data/data/dataset_batch_0093.pt
Batch 94, sample 0/1000
Saved /gpfs/bwfor/work/ws/hd_gy283-my_data/data/dataset_batch_0094.pt
Batch 95, sample 0/1000
Saved /gpfs/bwfor/work/ws/hd_gy283-my_data/data/dataset_batch_0095.pt
Batch 96, sample 0/1000
Saved /gpfs/bwfor/work/ws/hd_gy283-my_data/data/dataset_batch_0096.pt
Batch 97, sample 0/1000
Saved /gpfs/bwfor/work/ws/hd_gy283-my_data/data/dataset_batch_0097.pt
Batch 98, sample 0/1000
Saved /gpfs/bwfor/work/ws/hd_gy283-my_data/data/dataset_batch_0098.pt
Batch 99, sample 0/1000
Saved /gpfs/bwfor/work/ws/hd_gy283-my_data/data/dataset_batch_0099.pt
Batch 100, sample 0/1000
Saved /gpfs/bwfor/work/ws/hd_gy283-my_data/data/dataset_batch_0100.pt
Batch 101, sample 0/1000
Saved /gpfs/bwfor/work/ws/hd_gy283-my_data/data/dataset_batch_0101.pt
Batch 102, sample 0/1000
Saved /gpfs/bwfor/work/ws/hd_gy283-my_data/data/dataset_batch_0102.pt
Batch 103, sample 0/1000
Saved /gpfs/bwfor/work/ws/hd_gy283-my_data/data/dataset_batch_0103.pt
Batch 104, sample 0/1000
Saved /gpfs/bwfor/work/ws/hd_gy283-my_data/data/dataset_batch_0104.pt
Batch 105, sample 0/1000
Saved /gpfs/bwfor/work/ws/hd_gy283-my_data/data/dataset_batch_0105.pt
Batch 106, sample 0/1000
Saved /gpfs/bwfor/work/ws/hd_gy283-my_data/data/dataset_batch_0106.pt
Batch 107, sample 0/1000
Saved /gpfs/bwfor/work/ws/hd_gy283-my_data/data/dataset_batch_0107.pt
Batch 108, sample 0/1000
Saved /gpfs/bwfor/work/ws/hd_gy283-my_data/data/dataset_batch_0108.pt
Batch 109, sample 0/1000
Saved /gpfs/bwfor/work/ws/hd_gy283-my_data/data/dataset_batch_0109.pt
Batch 110, sample 0/1000
Saved /gpfs/bwfor/work/ws/hd_gy283-my_data/data/dataset_batch_0110.pt
Batch 111, sample 0/1000
Saved /gpfs/bwfor/work/ws/hd_gy283-my_data/data/dataset_batch_0111.pt
Batch 112, sample 0/1000
Saved /gpfs/bwfor/work/ws/hd_gy283-my_data/data/dataset_batch_0112.pt
Batch 113, sample 0/1000
Saved /gpfs/bwfor/work/ws/hd_gy283-my_data/data/dataset_batch_0113.pt
Batch 114, sample 0/1000
Saved /gpfs/bwfor/work/ws/hd_gy283-my_data/data/dataset_batch_0114.pt
Batch 115, sample 0/1000
Saved /gpfs/bwfor/work/ws/hd_gy283-my_data/data/dataset_batch_0115.pt
Batch 116, sample 0/1000
Saved /gpfs/bwfor/work/ws/hd_gy283-my_data/data/dataset_batch_0116.pt
Batch 117, sample 0/1000
Saved /gpfs/bwfor/work/ws/hd_gy283-my_data/data/dataset_batch_0117.pt
Batch 118, sample 0/1000
Saved /gpfs/bwfor/work/ws/hd_gy283-my_data/data/dataset_batch_0118.pt
Batch 119, sample 0/1000
Saved /gpfs/bwfor/work/ws/hd_gy283-my_data/data/dataset_batch_0119.pt
Batch 120, sample 0/1000
Saved /gpfs/bwfor/work/ws/hd_gy283-my_data/data/dataset_batch_0120.pt
Batch 121, sample 0/1000
Saved /gpfs/bwfor/work/ws/hd_gy283-my_data/data/dataset_batch_0121.pt
Batch 122, sample 0/1000
Saved /gpfs/bwfor/work/ws/hd_gy283-my_data/data/dataset_batch_0122.pt
Batch 123, sample 0/1000
Saved /gpfs/bwfor/work/ws/hd_gy283-my_data/data/dataset_batch_0123.pt
Batch 124, sample 0/1000
Saved /gpfs/bwfor/work/ws/hd_gy283-my_data/data/dataset_batch_0124.pt
Batch 125, sample 0/1000
Saved /gpfs/bwfor/work/ws/hd_gy283-my_data/data/dataset_batch_0125.pt
Batch 126, sample 0/1000
Saved /gpfs/bwfor/work/ws/hd_gy283-my_data/data/dataset_batch_0126.pt
Batch 127, sample 0/1000
Saved /gpfs/bwfor/work/ws/hd_gy283-my_data/data/dataset_batch_0127.pt
Batch 128, sample 0/1000
Saved /gpfs/bwfor/work/ws/hd_gy283-my_data/data/dataset_batch_0128.pt
Batch 129, sample 0/1000
Saved /gpfs/bwfor/work/ws/hd_gy283-my_data/data/dataset_batch_0129.pt
Batch 130, sample 0/1000
Saved /gpfs/bwfor/work/ws/hd_gy283-my_data/data/dataset_batch_0130.pt
Batch 131, sample 0/1000
Saved /gpfs/bwfor/work/ws/hd_gy283-my_data/data/dataset_batch_0131.pt
Batch 132, sample 0/1000
Saved /gpfs/bwfor/work/ws/hd_gy283-my_data/data/dataset_batch_0132.pt
Batch 133, sample 0/1000
Saved /gpfs/bwfor/work/ws/hd_gy283-my_data/data/dataset_batch_0133.pt
Batch 134, sample 0/1000
Saved /gpfs/bwfor/work/ws/hd_gy283-my_data/data/dataset_batch_0134.pt
Batch 135, sample 0/1000
Saved /gpfs/bwfor/work/ws/hd_gy283-my_data/data/dataset_batch_0135.pt
Batch 136, sample 0/1000
Saved /gpfs/bwfor/work/ws/hd_gy283-my_data/data/dataset_batch_0136.pt
Batch 137, sample 0/1000
Saved /gpfs/bwfor/work/ws/hd_gy283-my_data/data/dataset_batch_0137.pt
Batch 138, sample 0/1000
Saved /gpfs/bwfor/work/ws/hd_gy283-my_data/data/dataset_batch_0138.pt
Batch 139, sample 0/1000
Saved /gpfs/bwfor/work/ws/hd_gy283-my_data/data/dataset_batch_0139.pt
Batch 140, sample 0/1000
Saved /gpfs/bwfor/work/ws/hd_gy283-my_data/data/dataset_batch_0140.pt
Batch 141, sample 0/1000
Saved /gpfs/bwfor/work/ws/hd_gy283-my_data/data/dataset_batch_0141.pt
Batch 142, sample 0/1000
Saved /gpfs/bwfor/work/ws/hd_gy283-my_data/data/dataset_batch_0142.pt
Batch 143, sample 0/1000
Saved /gpfs/bwfor/work/ws/hd_gy283-my_data/data/dataset_batch_0143.pt
Batch 144, sample 0/1000
Saved /gpfs/bwfor/work/ws/hd_gy283-my_data/data/dataset_batch_0144.pt
Batch 145, sample 0/1000
Saved /gpfs/bwfor/work/ws/hd_gy283-my_data/data/dataset_batch_0145.pt
Batch 146, sample 0/1000
Saved /gpfs/bwfor/work/ws/hd_gy283-my_data/data/dataset_batch_0146.pt
Batch 147, sample 0/1000
Saved /gpfs/bwfor/work/ws/hd_gy283-my_data/data/dataset_batch_0147.pt
Batch 148, sample 0/1000
Saved /gpfs/bwfor/work/ws/hd_gy283-my_data/data/dataset_batch_0148.pt
Batch 149, sample 0/1000
Saved /gpfs/bwfor/work/ws/hd_gy283-my_data/data/dataset_batch_0149.pt
Batch 150, sample 0/1000
Saved /gpfs/bwfor/work/ws/hd_gy283-my_data/data/dataset_batch_0150.pt
Batch 151, sample 0/1000
Saved /gpfs/bwfor/work/ws/hd_gy283-my_data/data/dataset_batch_0151.pt
Batch 152, sample 0/1000
Saved /gpfs/bwfor/work/ws/hd_gy283-my_data/data/dataset_batch_0152.pt
Batch 153, sample 0/1000
Saved /gpfs/bwfor/work/ws/hd_gy283-my_data/data/dataset_batch_0153.pt
Batch 154, sample 0/1000
Saved /gpfs/bwfor/work/ws/hd_gy283-my_data/data/dataset_batch_0154.pt
Batch 155, sample 0/1000
Saved /gpfs/bwfor/work/ws/hd_gy283-my_data/data/dataset_batch_0155.pt
Batch 156, sample 0/1000
Saved /gpfs/bwfor/work/ws/hd_gy283-my_data/data/dataset_batch_0156.pt
Batch 157, sample 0/1000
Saved /gpfs/bwfor/work/ws/hd_gy283-my_data/data/dataset_batch_0157.pt
Batch 158, sample 0/1000
Saved /gpfs/bwfor/work/ws/hd_gy283-my_data/data/dataset_batch_0158.pt
Batch 159, sample 0/1000
Saved /gpfs/bwfor/work/ws/hd_gy283-my_data/data/dataset_batch_0159.pt
Batch 160, sample 0/1000
Saved /gpfs/bwfor/work/ws/hd_gy283-my_data/data/dataset_batch_0160.pt
Batch 161, sample 0/1000
Saved /gpfs/bwfor/work/ws/hd_gy283-my_data/data/dataset_batch_0161.pt
Batch 162, sample 0/1000
Saved /gpfs/bwfor/work/ws/hd_gy283-my_data/data/dataset_batch_0162.pt
Batch 163, sample 0/1000
Saved /gpfs/bwfor/work/ws/hd_gy283-my_data/data/dataset_batch_0163.pt
Batch 164, sample 0/1000
Saved /gpfs/bwfor/work/ws/hd_gy283-my_data/data/dataset_batch_0164.pt
Batch 165, sample 0/1000
Saved /gpfs/bwfor/work/ws/hd_gy283-my_data/data/dataset_batch_0165.pt
Batch 166, sample 0/1000
Saved /gpfs/bwfor/work/ws/hd_gy283-my_data/data/dataset_batch_0166.pt
Batch 167, sample 0/1000
Saved /gpfs/bwfor/work/ws/hd_gy283-my_data/data/dataset_batch_0167.pt
Batch 168, sample 0/1000
Saved /gpfs/bwfor/work/ws/hd_gy283-my_data/data/dataset_batch_0168.pt
Batch 169, sample 0/1000
Saved /gpfs/bwfor/work/ws/hd_gy283-my_data/data/dataset_batch_0169.pt
Batch 170, sample 0/1000
Saved /gpfs/bwfor/work/ws/hd_gy283-my_data/data/dataset_batch_0170.pt
Batch 171, sample 0/1000
Saved /gpfs/bwfor/work/ws/hd_gy283-my_data/data/dataset_batch_0171.pt
Batch 172, sample 0/1000
Saved /gpfs/bwfor/work/ws/hd_gy283-my_data/data/dataset_batch_0172.pt
Batch 173, sample 0/1000
Saved /gpfs/bwfor/work/ws/hd_gy283-my_data/data/dataset_batch_0173.pt
Batch 174, sample 0/1000
Saved /gpfs/bwfor/work/ws/hd_gy283-my_data/data/dataset_batch_0174.pt
Batch 175, sample 0/1000
Saved /gpfs/bwfor/work/ws/hd_gy283-my_data/data/dataset_batch_0175.pt
Batch 176, sample 0/1000
Saved /gpfs/bwfor/work/ws/hd_gy283-my_data/data/dataset_batch_0176.pt
Batch 177, sample 0/1000
Saved /gpfs/bwfor/work/ws/hd_gy283-my_data/data/dataset_batch_0177.pt
Batch 178, sample 0/1000
Saved /gpfs/bwfor/work/ws/hd_gy283-my_data/data/dataset_batch_0178.pt
Batch 179, sample 0/1000
Saved /gpfs/bwfor/work/ws/hd_gy283-my_data/data/dataset_batch_0179.pt
Batch 180, sample 0/1000
Saved /gpfs/bwfor/work/ws/hd_gy283-my_data/data/dataset_batch_0180.pt
Batch 181, sample 0/1000
Saved /gpfs/bwfor/work/ws/hd_gy283-my_data/data/dataset_batch_0181.pt
Batch 182, sample 0/1000
Saved /gpfs/bwfor/work/ws/hd_gy283-my_data/data/dataset_batch_0182.pt
Batch 183, sample 0/1000
Saved /gpfs/bwfor/work/ws/hd_gy283-my_data/data/dataset_batch_0183.pt
Batch 184, sample 0/1000
Saved /gpfs/bwfor/work/ws/hd_gy283-my_data/data/dataset_batch_0184.pt
Batch 185, sample 0/1000
Saved /gpfs/bwfor/work/ws/hd_gy283-my_data/data/dataset_batch_0185.pt
Batch 186, sample 0/1000
Saved /gpfs/bwfor/work/ws/hd_gy283-my_data/data/dataset_batch_0186.pt
Batch 187, sample 0/1000
Saved /gpfs/bwfor/work/ws/hd_gy283-my_data/data/dataset_batch_0187.pt
Batch 188, sample 0/1000
Saved /gpfs/bwfor/work/ws/hd_gy283-my_data/data/dataset_batch_0188.pt
Batch 189, sample 0/1000
Saved /gpfs/bwfor/work/ws/hd_gy283-my_data/data/dataset_batch_0189.pt
Batch 190, sample 0/1000
Saved /gpfs/bwfor/work/ws/hd_gy283-my_data/data/dataset_batch_0190.pt
Batch 191, sample 0/1000
Saved /gpfs/bwfor/work/ws/hd_gy283-my_data/data/dataset_batch_0191.pt
Batch 192, sample 0/1000
Saved /gpfs/bwfor/work/ws/hd_gy283-my_data/data/dataset_batch_0192.pt
Batch 193, sample 0/1000
Saved /gpfs/bwfor/work/ws/hd_gy283-my_data/data/dataset_batch_0193.pt
Batch 194, sample 0/1000
Saved /gpfs/bwfor/work/ws/hd_gy283-my_data/data/dataset_batch_0194.pt
Batch 195, sample 0/1000
Saved /gpfs/bwfor/work/ws/hd_gy283-my_data/data/dataset_batch_0195.pt
Batch 196, sample 0/1000
Saved /gpfs/bwfor/work/ws/hd_gy283-my_data/data/dataset_batch_0196.pt
Batch 197, sample 0/1000
Saved /gpfs/bwfor/work/ws/hd_gy283-my_data/data/dataset_batch_0197.pt
Batch 198, sample 0/1000
Saved /gpfs/bwfor/work/ws/hd_gy283-my_data/data/dataset_batch_0198.pt
Batch 199, sample 0/1000
Saved /gpfs/bwfor/work/ws/hd_gy283-my_data/data/dataset_batch_0199.pt
