cpu
1/100 | Params: [-1.5, -1.5, -1.5, -0.006169605020565426, 1.5, -0.04172023229147681]
2/100 | Params: [-1.5, -1.5, -1.5, 1.5, 1.5, 0.10923405397436071]
3/100 | Params: [1.5, 1.5, 0.021175244588079796, 0.10446460096430409, 1.5, 1.5]
4/100 | Params: [-1.5, -1.5, -1.5, -1.5, -1.5, 1.5]
5/100 | Params: [-1.5, -1.5, -1.5, -1.5, -1.5, 1.5]
6/100 | Params: [1.5, 1.5, -0.37036284329974917, -0.4351353630659386, 1.5, 1.5]
7/100 | Params: [1.5, 1.5, 1.5, 1.5, 0.22479879729470484, 1.5]
8/100 | Params: [-1.5, -1.5, -1.5, -1.5, -1.5, -0.34433135662660447]
9/100 | Params: [1.5, 1.5, 0.4660257787890135, 1.5, -0.016886743861580445, 1.5]
10/100 | Params: [-1.5, -1.5, -1.5, -0.47780295865275213, -1.5, 1.5]
11/100 | Params: [1.5, 1.5, 1.5, 1.5, 0.4342355110465283, 1.5]
12/100 | Params: [1.5, 1.108538456563522, 1.3520291378007143, 0.9087469070175738, 0.16154713044915164, 1.5]
13/100 | Params: [1.5, 1.5, 1.5, 1.5, -0.07623377166923238, 1.5]
14/100 | Params: [-1.5, -1.5, -1.5, -1.5, -0.041065104832324846, -1.5]
15/100 | Params: [1.5, 1.5, 1.5, 1.5, -0.5156312829805744, 1.5]
16/100 | Params: [1.5, 1.5, 1.5, 1.5, -0.15974399383187743, 1.5]
17/100 | Params: [-1.5, -1.5, -1.5, -0.07805231522461566, -1.5, -1.0150825755484323]
18/100 | Params: [1.5, 1.5, -0.2541964765569721, -0.13249923857027393, 1.5, 1.5]
19/100 | Params: [-1.5, -1.5, -1.5, 1.5, 1.5, 0.08723948058204964]
20/100 | Params: [1.5, 1.5, 1.5, 1.5, 0.05843207182225098, 1.5]
21/100 | Params: [1.5, 1.5, 1.5, 1.5, 0.6271042521781557, 1.5]
22/100 | Params: [-1.5, -1.5, -1.5, 1.5, 1.5, 0.011622957852404258]
23/100 | Params: [-1.5, -1.5, -1.5, 1.5, 1.5, -0.1505597274734134]
24/100 | Params: [1.5, 1.5, 1.5, 0.15447830933166568, 0.06492266562829921, 1.5]
25/100 | Params: [1.5, 1.5, -0.8750243527412613, 0.06342542110312252, 1.5, 1.5]
26/100 | Params: [1.5, 1.5, -0.043329023606142346, 0.04650743433552693, 1.5, 1.5]
27/100 | Params: [-1.5, -1.5, -1.5, 1.5, 1.5, 0.0798677136493985]
28/100 | Params: [1.5, 1.5, 1.5, 1.5, -0.022978678998575933, 1.5]
29/100 | Params: [1.5, 1.5, 0.40291768086474916, 0.8443559390033383, 1.5, 1.5]
30/100 | Params: [-1.5, -1.5, -1.5, -1.5, -0.3917419324352951, 1.5]
31/100 | Params: [1.5, 1.5, -0.11944589841817732, 0.09231453029311276, 1.5, 1.5]
32/100 | Params: [1.5, 1.5, 1.5, 1.5, -0.4789282721443039, 1.5]
33/100 | Params: [1.5, 0.664796131485088, 1.3922653794063589, 1.1100168466603293, 0.19500715172190758, 1.5]
34/100 | Params: [-1.5, -1.5, -1.5, -1.5, -1.5, 1.5]
35/100 | Params: [-1.5, -1.5, -1.5, -0.41639977496097624, -1.5, -0.6534485210970425]
36/100 | Params: [-1.5, -1.5, -1.5, -0.8486474638394337, 1.5, 0.10586494123454195]
37/100 | Params: [-1.5, -1.5, -1.5, -0.5059776790594656, -1.5, -0.2505333975769317]
38/100 | Params: [-1.5, -1.5, -1.5, -1.5, -1.5, -0.1811769134480094]
39/100 | Params: [1.5, 1.1298016299508697, -0.8497449882953121, -0.5909039635837877, 1.5, 1.5]
40/100 | Params: [1.5, 1.5, 1.5, 1.5, -0.0339297621529408, 1.5]
41/100 | Params: [-1.5, -1.5, -1.5, 1.5, 1.5, 0.08243562893624297]
42/100 | Params: [1.5, 1.5, 1.5, 1.5, 0.14523750441392655, 1.5]
43/100 | Params: [-1.5, -1.5, -1.5, 0.32099759645401227, 1.5, -0.07121646829942012]
44/100 | Params: [-1.5, -1.5, -1.5, 1.5, 1.5, -0.057338393970854655]
45/100 | Params: [1.5, 1.5, 0.39776915826005427, 1.5, 0.14109916311214862, 1.5]
46/100 | Params: [1.5, 1.5, 1.5, 1.5, 0.21193248940015438, 1.5]
47/100 | Params: [1.5, 1.5, 1.5, 1.5, -0.13654332137406672, 1.5]
48/100 | Params: [-1.5, -1.5, -1.5, 1.5, 0.5695596268519257, 0.08132173660436981]
49/100 | Params: [-1.5, -1.5, -1.5, -1.5, -0.34573117504744716, 1.5]
50/100 | Params: [1.5, 1.5, 0.30752217832681256, 1.5, 0.007623463542006091, 1.5]
51/100 | Params: [-1.5, -1.5, -1.5, 1.5, 1.5, 0.01514541294142334]
52/100 | Params: [-1.5, -1.5, -1.5, -1.5, 1.5, -0.04311214138684438]
53/100 | Params: [1.5, 0.7066274895591348, -0.21434128462208418, -0.4520533270328023, 1.5, 1.5]
54/100 | Params: [1.5, 1.5, 1.5, 0.8348161072176421, -0.08326509495915266, 1.5]
55/100 | Params: [1.5, 1.5, -0.9216760319219454, -0.2792899866904329, 1.5, 1.5]
56/100 | Params: [-1.5, -1.5, -1.5, -0.07955268629117321, 1.5, -0.010583489722004938]
57/100 | Params: [1.5, 1.5, 1.5, 1.5, -0.367956187218321, 1.5]
58/100 | Params: [-1.5, -1.5, -1.5, -1.5, -1.5, -0.5258242414168377]
59/100 | Params: [1.5, 0.9339915914263107, -0.8893922215810518, -0.21454129065632868, 1.5, 1.5]
60/100 | Params: [1.5, 1.5, -0.02197735344178742, 0.20670718910062313, 1.5, 1.5]
61/100 | Params: [1.5, 1.5, -0.8066515721228175, -0.45877143625797434, 1.5, 1.5]
62/100 | Params: [-1.5, -1.5, -1.5, -1.5, -0.6876223660866483, 1.5]
63/100 | Params: [1.5, 1.5, 0.01868115334552867, -0.1014641681571729, 1.5, 1.5]
64/100 | Params: [1.5, 1.4523547649228548, -0.6282688027231841, -0.4660765202688811, 1.5, 1.5]
65/100 | Params: [1.5, 1.5, 1.5, 1.5, -0.47686692735489233, 1.5]
66/100 | Params: [1.5, 0.7746396189091715, 1.5, 1.5, 0.28174259193511275, 1.5]
67/100 | Params: [1.5, 1.5, 1.5, 0.4172258644296024, 0.04104883898662212, 1.5]
68/100 | Params: [-1.5, -1.5, -1.5, -0.0604352154022305, -1.5, 1.5]
69/100 | Params: [-1.5, -1.5, -1.5, -1.5, -1.5, -0.23426798942218546]
70/100 | Params: [1.5, 1.5, 1.5, 1.5, -0.39318327016219556, 1.5]
71/100 | Params: [1.5, 1.5, -0.8651731347577972, -1.5, 1.5, 1.5]
72/100 | Params: [1.5, 1.5, 0.22959486419444755, 1.5, 0.3589399504122874, 1.5]
73/100 | Params: [1.5, 1.5, 1.5, 1.5, -0.13365342367711922, 1.5]
74/100 | Params: [1.5, 1.5, -0.7463420671671783, -0.4926229536693595, 1.5, 1.5]
75/100 | Params: [-1.5, -1.5, -1.5, -1.5, -1.5, -1.061428291047573]
76/100 | Params: [1.5, 1.5, 1.5, 1.5, -0.42686090829916484, 1.5]
77/100 | Params: [-1.5, -1.5, -1.5, 1.5, 0.22469632892733912, 0.11326097943162014]
78/100 | Params: [1.5, 1.5, 1.5, 1.5, -0.18448889975174154, 1.5]
79/100 | Params: [-1.5, -1.5, -1.5, 1.5, 1.5, 0.003602745505417424]
80/100 | Params: [1.5, 1.5, -0.8653226618881833, -0.518103018406432, 1.5, 1.5]
81/100 | Params: [-1.5, -1.5, -1.5, -1.5, -1.5, 1.5]
82/100 | Params: [1.5, 1.5, 1.5, 1.5, -0.0654229627707026, 1.5]
83/100 | Params: [1.5, 1.5, 1.5, 1.5, 0.26091736367607454, 1.5]
84/100 | Params: [1.5, 1.5, 0.42236726125239893, 1.5, 0.04361792036472378, 1.5]
85/100 | Params: [-1.5, -1.5, -1.5, -1.5, -0.4763623690180659, 1.5]
86/100 | Params: [1.5, 1.5, 1.5, 1.5, 0.23172060771411476, 1.5]
87/100 | Params: [1.5, 1.5, -0.30588958987407977, -0.1592999462334247, 1.5, 1.5]
88/100 | Params: [1.5, 1.5, -0.5842148684052751, -0.19928147351021946, 1.5, 1.5]
89/100 | Params: [1.5, 1.5, -0.39935561373829354, -0.5816025404699577, 1.5, 1.5]
90/100 | Params: [1.5, 1.5, 1.3637468026277015, 1.5, 0.315131062158392, 1.5]
91/100 | Params: [-1.5, -1.5, -1.5, -1.5, -1.5, 1.5]
92/100 | Params: [1.5, 0.7685216706983266, -0.8347965786850056, -0.24845613142987313, 1.5, 1.5]
93/100 | Params: [1.5, 1.5, 1.5, 0.33298808026405136, 0.06618527198673468, 1.5]
94/100 | Params: [1.5, 1.5, -0.5860822685630497, -0.35850987798462036, 1.5, 1.5]
95/100 | Params: [1.5, 1.1514303396111643, -0.8128135160033402, -0.06670322003615671, 0.9287072865053211, 1.5]
96/100 | Params: [1.5, 1.5, 0.4017341505258465, 1.5, 0.15566664633040636, 1.5]
97/100 | Params: [1.5, 1.5, -0.6213826998920245, -0.7415551385327173, 1.5, 1.5]
98/100 | Params: [1.5, 1.5, 1.5, 0.5091542489689973, -0.019917806469739098, 1.5]
99/100 | Params: [-1.5, -1.5, -1.5, 0.7705885123315814, 1.5, -0.10926305082303144]
100/100 | Params: [-1.5, -1.188314613459396, -0.21439446387583216, 0.34530275672466454, 0.5834600315881965, 0.01336284587718414]
