/home/hd/hd_hd/hd_gy283/.conda/envs/py311/bin/python
Python 3.11.12
Mon Sep  1 12:47:20 2025       
+-----------------------------------------------------------------------------------------+
| NVIDIA-SMI 580.65.06              Driver Version: 580.65.06      CUDA Version: 13.0     |
+-----------------------------------------+------------------------+----------------------+
| GPU  Name                 Persistence-M | Bus-Id          Disp.A | Volatile Uncorr. ECC |
| Fan  Temp   Perf          Pwr:Usage/Cap |           Memory-Usage | GPU-Util  Compute M. |
|                                         |                        |               MIG M. |
|=========================================+========================+======================|
|   0  NVIDIA A100-SXM4-80GB          On  |   00000000:84:00.0 Off |                    0 |
| N/A   33C    P0             78W /  400W |       0MiB /  81920MiB |      0%      Default |
|                                         |                        |             Disabled |
+-----------------------------------------+------------------------+----------------------+

+-----------------------------------------------------------------------------------------+
| Processes:                                                                              |
|  GPU   GI   CI              PID   Type   Process name                        GPU Memory |
|        ID   ID                                                               Usage      |
|=========================================================================================|
|  No running processes found                                                             |
+-----------------------------------------------------------------------------------------+
cuda
raw_inputs shape: (150000, 8)
outputs shape: (150000,)
inputs shape: (150000, 7)
Namespace(data_dir='/gpfs/bwfor/work/ws/hd_gy283-my_data/sm_batches_1e6_mixed_eps=0.6', num_batches=150, batch_size=128, normalize=1, hd=90, num_layers=10, num_epochs=1000, lr=0.001, save_name='sm_mixed_eps=0.6')
Epoch  1/1000 Train Loss: 0.0631178293Val Loss: 0.0181311531   LR: 1.00e-03
Epoch  2/1000 Train Loss: 0.0376947542Val Loss: 0.0150467566   LR: 1.00e-03
Epoch  3/1000 Train Loss: 0.0356205863Val Loss: 0.0160275664   LR: 1.00e-03
Epoch  4/1000 Train Loss: 0.0339876982Val Loss: 0.0126341222   LR: 1.00e-03
Epoch  5/1000 Train Loss: 0.0326071133Val Loss: 0.0133212957   LR: 1.00e-03
Epoch  6/1000 Train Loss: 0.0299786440Val Loss: 0.0104302445   LR: 1.00e-03
Epoch  7/1000 Train Loss: 0.0291147271Val Loss: 0.0124843181   LR: 1.00e-03
Epoch  8/1000 Train Loss: 0.0289807061Val Loss: 0.0105982374   LR: 1.00e-03
Epoch  9/1000 Train Loss: 0.0282494107Val Loss: 0.0094328222   LR: 1.00e-03
Epoch 10/1000 Train Loss: 0.0269524121Val Loss: 0.0103285276   LR: 1.00e-03
Epoch 11/1000 Train Loss: 0.0267328009Val Loss: 0.0195687023   LR: 1.00e-03
Epoch 12/1000 Train Loss: 0.0238417784Val Loss: 0.0105105955   LR: 1.00e-03
Epoch 13/1000 Train Loss: 0.0241540615Val Loss: 0.0110113110   LR: 1.00e-03
Epoch 14/1000 Train Loss: 0.0242399320Val Loss: 0.0078743757   LR: 1.00e-03
Epoch 15/1000 Train Loss: 0.0215397664Val Loss: 0.0087766657   LR: 1.00e-03
Epoch 16/1000 Train Loss: 0.0216841723Val Loss: 0.0084914165   LR: 1.00e-03
Epoch 17/1000 Train Loss: 0.0204392127Val Loss: 0.0108527018   LR: 1.00e-03
Epoch 18/1000 Train Loss: 0.0209082730Val Loss: 0.0103260398   LR: 1.00e-03
Epoch 19/1000 Train Loss: 0.0193336348Val Loss: 0.0066476740   LR: 1.00e-03
Epoch 20/1000 Train Loss: 0.0196033364Val Loss: 0.0106663352   LR: 1.00e-03
Epoch 21/1000 Train Loss: 0.0184583294Val Loss: 0.0064099794   LR: 1.00e-03
Epoch 22/1000 Train Loss: 0.0183630232Val Loss: 0.0103010989   LR: 1.00e-03
Epoch 23/1000 Train Loss: 0.0178715162Val Loss: 0.0060994866   LR: 1.00e-03
Epoch 24/1000 Train Loss: 0.0182269701Val Loss: 0.0076871285   LR: 1.00e-03
Epoch 25/1000 Train Loss: 0.0176258902Val Loss: 0.0068884858   LR: 1.00e-03
Epoch 26/1000 Train Loss: 0.0176530058Val Loss: 0.0075636240   LR: 1.00e-03
Epoch 27/1000 Train Loss: 0.0170135576Val Loss: 0.0056819572   LR: 1.00e-03
Epoch 28/1000 Train Loss: 0.0162335956Val Loss: 0.0060980147   LR: 1.00e-03
Epoch 29/1000 Train Loss: 0.0168162255Val Loss: 0.0073925136   LR: 1.00e-03
Epoch 30/1000 Train Loss: 0.0154608648Val Loss: 0.0053634249   LR: 1.00e-03
Epoch 31/1000 Train Loss: 0.0153259381Val Loss: 0.0063639615   LR: 1.00e-03
Epoch 32/1000 Train Loss: 0.0162872057Val Loss: 0.0082786473   LR: 1.00e-03
Epoch 33/1000 Train Loss: 0.0151993732Val Loss: 0.0054607412   LR: 1.00e-03
Epoch 34/1000 Train Loss: 0.0147950878Val Loss: 0.0063944325   LR: 1.00e-03
Epoch 35/1000 Train Loss: 0.0149967647Val Loss: 0.0056819620   LR: 1.00e-03
Epoch 36/1000 Train Loss: 0.0158108434Val Loss: 0.0067664020   LR: 1.00e-03
Epoch 37/1000 Train Loss: 0.0143167486Val Loss: 0.0074273398   LR: 1.00e-03
Epoch 38/1000 Train Loss: 0.0139848538Val Loss: 0.0078030287   LR: 1.00e-03
Epoch 39/1000 Train Loss: 0.0146465929Val Loss: 0.0061208017   LR: 1.00e-03
Epoch 40/1000 Train Loss: 0.0143275109Val Loss: 0.0052719071   LR: 1.00e-03
Epoch 41/1000 Train Loss: 0.0138485993Val Loss: 0.0065798856   LR: 1.00e-03
Epoch 42/1000 Train Loss: 0.0139646536Val Loss: 0.0044754950   LR: 1.00e-03
Epoch 43/1000 Train Loss: 0.0141945021Val Loss: 0.0056165539   LR: 1.00e-03
Epoch 44/1000 Train Loss: 0.0134800910Val Loss: 0.0044067256   LR: 1.00e-03
Epoch 45/1000 Train Loss: 0.0135219775Val Loss: 0.0054646328   LR: 1.00e-03
Epoch 46/1000 Train Loss: 0.0134121413Val Loss: 0.0061702564   LR: 1.00e-03
Epoch 47/1000 Train Loss: 0.0137471583Val Loss: 0.0050667299   LR: 1.00e-03
Epoch 48/1000 Train Loss: 0.0132207729Val Loss: 0.0063097731   LR: 1.00e-03
Epoch 49/1000 Train Loss: 0.0130921933Val Loss: 0.0054133771   LR: 1.00e-03
Epoch 50/1000 Train Loss: 0.0130735275Val Loss: 0.0058825845   LR: 1.00e-03
Epoch 51/1000 Train Loss: 0.0128846235Val Loss: 0.0077047368   LR: 1.00e-03
Epoch 52/1000 Train Loss: 0.0132753741Val Loss: 0.0086839582   LR: 1.00e-03
Epoch 53/1000 Train Loss: 0.0128561393Val Loss: 0.0053263812   LR: 1.00e-03
Epoch 54/1000 Train Loss: 0.0124042536Val Loss: 0.0051712285   LR: 1.00e-03
Epoch 55/1000 Train Loss: 0.0120415518Val Loss: 0.0051708235   LR: 1.00e-03
Epoch 56/1000 Train Loss: 0.0133162717Val Loss: 0.0052993690   LR: 1.00e-03
Epoch 57/1000 Train Loss: 0.0119699139Val Loss: 0.0055763379   LR: 1.00e-03
Epoch 58/1000 Train Loss: 0.0117080306Val Loss: 0.0052698468   LR: 1.00e-03
Epoch 59/1000 Train Loss: 0.0121712331Val Loss: 0.0052018816   LR: 1.00e-03
Epoch 60/1000 Train Loss: 0.0119184676Val Loss: 0.0047827434   LR: 1.00e-03
Epoch 61/1000 Train Loss: 0.0118377359Val Loss: 0.0047822912   LR: 1.00e-03
Epoch 62/1000 Train Loss: 0.0121606957Val Loss: 0.0054289114   LR: 1.00e-03
Epoch 63/1000 Train Loss: 0.0119120912Val Loss: 0.0040082253   LR: 1.00e-03
Epoch 64/1000 Train Loss: 0.0120919474Val Loss: 0.0044950722   LR: 1.00e-03
Epoch 65/1000 Train Loss: 0.0116049038Val Loss: 0.0051761595   LR: 1.00e-03
Epoch 66/1000 Train Loss: 0.0122321125Val Loss: 0.0050651975   LR: 1.00e-03
Epoch 67/1000 Train Loss: 0.0111693002Val Loss: 0.0061005538   LR: 1.00e-03
Epoch 68/1000 Train Loss: 0.0119569292Val Loss: 0.0052904661   LR: 1.00e-03
Epoch 69/1000 Train Loss: 0.0112784884Val Loss: 0.0047519745   LR: 1.00e-03
Epoch 70/1000 Train Loss: 0.0111011626Val Loss: 0.0051513210   LR: 1.00e-03
Epoch 71/1000 Train Loss: 0.0110689306Val Loss: 0.0047684681   LR: 1.00e-03
Epoch 72/1000 Train Loss: 0.0106364036Val Loss: 0.0060545823   LR: 1.00e-03
Epoch 73/1000 Train Loss: 0.0111937752Val Loss: 0.0043499892   LR: 1.00e-03
Epoch 74/1000 Train Loss: 0.0109755647Val Loss: 0.0042722080   LR: 1.00e-03
Epoch 75/1000 Train Loss: 0.0110752487Val Loss: 0.0045116556   LR: 1.00e-03
Epoch 76/1000 Train Loss: 0.0108000554Val Loss: 0.0044903668   LR: 1.00e-03
Epoch 77/1000 Train Loss: 0.0105187382Val Loss: 0.0051643088   LR: 1.00e-03
Epoch 78/1000 Train Loss: 0.0102816344Val Loss: 0.0045117457   LR: 1.00e-03
Epoch 79/1000 Train Loss: 0.0107266136Val Loss: 0.0055637239   LR: 1.00e-03
Epoch 80/1000 Train Loss: 0.0112584326Val Loss: 0.0046931537   LR: 1.00e-03
Epoch 81/1000 Train Loss: 0.0105322975Val Loss: 0.0042220601   LR: 1.00e-03
Epoch 82/1000 Train Loss: 0.0105479111Val Loss: 0.0045835201   LR: 1.00e-03
Epoch 83/1000 Train Loss: 0.0108610418Val Loss: 0.0046324690   LR: 1.00e-03
Epoch 84/1000 Train Loss: 0.0110146672Val Loss: 0.0056456054   LR: 1.00e-03
Epoch 85/1000 Train Loss: 0.0101832542Val Loss: 0.0042336907   LR: 1.00e-03
Epoch 86/1000 Train Loss: 0.0110385967Val Loss: 0.0039912476   LR: 1.00e-03
Epoch 87/1000 Train Loss: 0.0104098741Val Loss: 0.0053138892   LR: 1.00e-03
Epoch 88/1000 Train Loss: 0.0103778466Val Loss: 0.0044583206   LR: 1.00e-03
Epoch 89/1000 Train Loss: 0.0101271317Val Loss: 0.0040535474   LR: 1.00e-03
Epoch 90/1000 Train Loss: 0.0105607599Val Loss: 0.0050014356   LR: 1.00e-03
Epoch 91/1000 Train Loss: 0.0101563011Val Loss: 0.0043857050   LR: 1.00e-03
Epoch 92/1000 Train Loss: 0.0105116367Val Loss: 0.0054991174   LR: 1.00e-03
Epoch 93/1000 Train Loss: 0.0098092811Val Loss: 0.0036026450   LR: 1.00e-03
Epoch 94/1000 Train Loss: 0.0102082850Val Loss: 0.0040239907   LR: 1.00e-03
Epoch 95/1000 Train Loss: 0.0099330427Val Loss: 0.0046407738   LR: 1.00e-03
Epoch 96/1000 Train Loss: 0.0101530377Val Loss: 0.0043814411   LR: 1.00e-03
Epoch 97/1000 Train Loss: 0.0102951216Val Loss: 0.0045728219   LR: 1.00e-03
Epoch 98/1000 Train Loss: 0.0101758890Val Loss: 0.0038640872   LR: 1.00e-03
Epoch 99/1000 Train Loss: 0.0097223342Val Loss: 0.0042559809   LR: 1.00e-03
Epoch 100/1000 Train Loss: 0.0101103636Val Loss: 0.0056510409   LR: 1.00e-03
Epoch 101/1000 Train Loss: 0.0100180075Val Loss: 0.0039620776   LR: 1.00e-03
Epoch 102/1000 Train Loss: 0.0095950617Val Loss: 0.0043465878   LR: 1.00e-03
Epoch 103/1000 Train Loss: 0.0099575042Val Loss: 0.0048110968   LR: 1.00e-03
Epoch 104/1000 Train Loss: 0.0097141930Val Loss: 0.0055905398   LR: 1.00e-03
Epoch 105/1000 Train Loss: 0.0097629546Val Loss: 0.0040196499   LR: 1.00e-03
Epoch 106/1000 Train Loss: 0.0102832055Val Loss: 0.0044677365   LR: 1.00e-03
Epoch 107/1000 Train Loss: 0.0094874437Val Loss: 0.0041213475   LR: 1.00e-03
Epoch 108/1000 Train Loss: 0.0097522571Val Loss: 0.0042284417   LR: 1.00e-03
Epoch 109/1000 Train Loss: 0.0096674460Val Loss: 0.0043850776   LR: 1.00e-03
Epoch 110/1000 Train Loss: 0.0096816124Val Loss: 0.0037907312   LR: 1.00e-03
Epoch 111/1000 Train Loss: 0.0095942876Val Loss: 0.0046907242   LR: 1.00e-03
Epoch 112/1000 Train Loss: 0.0095120020Val Loss: 0.0050891608   LR: 1.00e-03
Epoch 113/1000 Train Loss: 0.0095269764Val Loss: 0.0039434872   LR: 1.00e-03
Epoch 114/1000 Train Loss: 0.0090630999Val Loss: 0.0040412636   LR: 1.00e-03
Epoch 115/1000 Train Loss: 0.0096127458Val Loss: 0.0044797451   LR: 1.00e-03
Epoch 116/1000 Train Loss: 0.0098699514Val Loss: 0.0041235852   LR: 1.00e-03
Epoch 117/1000 Train Loss: 0.0094638226Val Loss: 0.0037490317   LR: 1.00e-03
Epoch 118/1000 Train Loss: 0.0095752156Val Loss: 0.0045779561   LR: 1.00e-03
Epoch 119/1000 Train Loss: 0.0091886146Val Loss: 0.0046649774   LR: 1.00e-03
Epoch 120/1000 Train Loss: 0.0092003255Val Loss: 0.0034895020   LR: 1.00e-03
Epoch 121/1000 Train Loss: 0.0094053655Val Loss: 0.0034271670   LR: 1.00e-03
Epoch 122/1000 Train Loss: 0.0091620330Val Loss: 0.0045549635   LR: 1.00e-03
Epoch 123/1000 Train Loss: 0.0091424328Val Loss: 0.0044225824   LR: 1.00e-03
Epoch 124/1000 Train Loss: 0.0094600291Val Loss: 0.0040219959   LR: 1.00e-03
Epoch 125/1000 Train Loss: 0.0092279943Val Loss: 0.0041564984   LR: 1.00e-03
Epoch 126/1000 Train Loss: 0.0090286341Val Loss: 0.0039645632   LR: 1.00e-03
Epoch 127/1000 Train Loss: 0.0092109836Val Loss: 0.0048889052   LR: 1.00e-03
Epoch 128/1000 Train Loss: 0.0088328495Val Loss: 0.0041789691   LR: 1.00e-03
Epoch 129/1000 Train Loss: 0.0095717698Val Loss: 0.0040559695   LR: 1.00e-03
Epoch 130/1000 Train Loss: 0.0091879713Val Loss: 0.0041601929   LR: 1.00e-03
Epoch 131/1000 Train Loss: 0.0085750863Val Loss: 0.0045435394   LR: 1.00e-03
Epoch 132/1000 Train Loss: 0.0093234912Val Loss: 0.0051103032   LR: 1.00e-03
Epoch 133/1000 Train Loss: 0.0091189199Val Loss: 0.0041893314   LR: 1.00e-03
Epoch 134/1000 Train Loss: 0.0091296531Val Loss: 0.0036147581   LR: 1.00e-03
Epoch 135/1000 Train Loss: 0.0091221301Val Loss: 0.0048338788   LR: 1.00e-03
Epoch 136/1000 Train Loss: 0.0091620471Val Loss: 0.0066462075   LR: 1.00e-03
Epoch 137/1000 Train Loss: 0.0088739779Val Loss: 0.0038493592   LR: 1.00e-03
Epoch 138/1000 Train Loss: 0.0086149084Val Loss: 0.0039707986   LR: 1.00e-03
Epoch 139/1000 Train Loss: 0.0090892042Val Loss: 0.0033929288   LR: 1.00e-03
Epoch 140/1000 Train Loss: 0.0091357591Val Loss: 0.0038486018   LR: 1.00e-03
Epoch 141/1000 Train Loss: 0.0089974991Val Loss: 0.0043276483   LR: 1.00e-03
Epoch 142/1000 Train Loss: 0.0091687176Val Loss: 0.0042337043   LR: 1.00e-03
Epoch 143/1000 Train Loss: 0.0089085335Val Loss: 0.0037711264   LR: 1.00e-03
Epoch 144/1000 Train Loss: 0.0089335334Val Loss: 0.0037564821   LR: 1.00e-03
Epoch 145/1000 Train Loss: 0.0086833945Val Loss: 0.0039270312   LR: 1.00e-03
Epoch 146/1000 Train Loss: 0.0089662670Val Loss: 0.0044442496   LR: 1.00e-03
Epoch 147/1000 Train Loss: 0.0088328620Val Loss: 0.0047730525   LR: 1.00e-03
Epoch 148/1000 Train Loss: 0.0084582549Val Loss: 0.0040423333   LR: 1.00e-03
Epoch 149/1000 Train Loss: 0.0085370776Val Loss: 0.0060092189   LR: 1.00e-03
Epoch 150/1000 Train Loss: 0.0088053933Val Loss: 0.0040024799   LR: 1.00e-03
Epoch 151/1000 Train Loss: 0.0082863975Val Loss: 0.0038736165   LR: 1.00e-03
Epoch 152/1000 Train Loss: 0.0086255326Val Loss: 0.0047202480   LR: 1.00e-03
Epoch 153/1000 Train Loss: 0.0082108358Val Loss: 0.0039106704   LR: 1.00e-03
Epoch 154/1000 Train Loss: 0.0083878585Val Loss: 0.0037721983   LR: 1.00e-03
Epoch 155/1000 Train Loss: 0.0087658870Val Loss: 0.0045021703   LR: 1.00e-03
Epoch 156/1000 Train Loss: 0.0087478166Val Loss: 0.0048811309   LR: 1.00e-03
Epoch 157/1000 Train Loss: 0.0089901018Val Loss: 0.0042731359   LR: 1.00e-03
Epoch 158/1000 Train Loss: 0.0086687299Val Loss: 0.0048082589   LR: 1.00e-03
Epoch 159/1000 Train Loss: 0.0080172111Val Loss: 0.0038655209   LR: 1.00e-03
Epoch 160/1000 Train Loss: 0.0082091925Val Loss: 0.0038116045   LR: 1.00e-03
Epoch 161/1000 Train Loss: 0.0082825972Val Loss: 0.0035209524   LR: 1.00e-03
Epoch 162/1000 Train Loss: 0.0092510267Val Loss: 0.0044224555   LR: 1.00e-03
Epoch 163/1000 Train Loss: 0.0085820721Val Loss: 0.0036087611   LR: 1.00e-03
Epoch 164/1000 Train Loss: 0.0086162735Val Loss: 0.0037485583   LR: 1.00e-03
Epoch 165/1000 Train Loss: 0.0081202326Val Loss: 0.0034414555   LR: 1.00e-03
Epoch 166/1000 Train Loss: 0.0088478348Val Loss: 0.0042129223   LR: 1.00e-03
Epoch 167/1000 Train Loss: 0.0082856331Val Loss: 0.0037336604   LR: 1.00e-03
Epoch 168/1000 Train Loss: 0.0082085104Val Loss: 0.0045294382   LR: 1.00e-03
Epoch 169/1000 Train Loss: 0.0081798704Val Loss: 0.0033708091   LR: 1.00e-03
Epoch 170/1000 Train Loss: 0.0082345651Val Loss: 0.0037504647   LR: 1.00e-03
Epoch 171/1000 Train Loss: 0.0081875209Val Loss: 0.0032617815   LR: 1.00e-03
Epoch 172/1000 Train Loss: 0.0079520843Val Loss: 0.0034136624   LR: 1.00e-03
Epoch 173/1000 Train Loss: 0.0080488653Val Loss: 0.0038273586   LR: 1.00e-03
Epoch 174/1000 Train Loss: 0.0083031224Val Loss: 0.0032426385   LR: 1.00e-03
Epoch 175/1000 Train Loss: 0.0083649912Val Loss: 0.0037043198   LR: 1.00e-03
Epoch 176/1000 Train Loss: 0.0084740466Val Loss: 0.0035149912   LR: 1.00e-03
Epoch 177/1000 Train Loss: 0.0079496215Val Loss: 0.0034239989   LR: 1.00e-03
Epoch 178/1000 Train Loss: 0.0081326201Val Loss: 0.0044707952   LR: 1.00e-03
Epoch 179/1000 Train Loss: 0.0079270159Val Loss: 0.0038131727   LR: 1.00e-03
Epoch 180/1000 Train Loss: 0.0079760306Val Loss: 0.0040601312   LR: 1.00e-03
Epoch 181/1000 Train Loss: 0.0084298682Val Loss: 0.0038417796   LR: 1.00e-03
Epoch 182/1000 Train Loss: 0.0083441514Val Loss: 0.0038432312   LR: 1.00e-03
Epoch 183/1000 Train Loss: 0.0081418213Val Loss: 0.0047020290   LR: 1.00e-03
Epoch 184/1000 Train Loss: 0.0079785072Val Loss: 0.0038640096   LR: 1.00e-03
Epoch 185/1000 Train Loss: 0.0082244892Val Loss: 0.0032855477   LR: 1.00e-03
Epoch 186/1000 Train Loss: 0.0080839313Val Loss: 0.0033560818   LR: 1.00e-03
Epoch 187/1000 Train Loss: 0.0082513940Val Loss: 0.0040626301   LR: 1.00e-03
Epoch 188/1000 Train Loss: 0.0081794274Val Loss: 0.0036685449   LR: 1.00e-03
Epoch 189/1000 Train Loss: 0.0079796662Val Loss: 0.0034368850   LR: 1.00e-03
Epoch 190/1000 Train Loss: 0.0079878186Val Loss: 0.0039468741   LR: 1.00e-03
Epoch 191/1000 Train Loss: 0.0077312593Val Loss: 0.0036849518   LR: 1.00e-03
Epoch 192/1000 Train Loss: 0.0079582808Val Loss: 0.0034400439   LR: 1.00e-03
Epoch 193/1000 Train Loss: 0.0078840736Val Loss: 0.0034425919   LR: 1.00e-03
Epoch 194/1000 Train Loss: 0.0076221772Val Loss: 0.0034240730   LR: 1.00e-03
Epoch 195/1000 Train Loss: 0.0076394727Val Loss: 0.0040181762   LR: 1.00e-03
Epoch 196/1000 Train Loss: 0.0080450712Val Loss: 0.0033035299   LR: 1.00e-03
Epoch 197/1000 Train Loss: 0.0079395157Val Loss: 0.0038816206   LR: 1.00e-03
Epoch 198/1000 Train Loss: 0.0078028759Val Loss: 0.0036839868   LR: 1.00e-03
Epoch 199/1000 Train Loss: 0.0077874951Val Loss: 0.0031872920   LR: 1.00e-03
Epoch 200/1000 Train Loss: 0.0076271381Val Loss: 0.0036481100   LR: 1.00e-03
Epoch 201/1000 Train Loss: 0.0077040078Val Loss: 0.0047035335   LR: 1.00e-03
Epoch 202/1000 Train Loss: 0.0077840766Val Loss: 0.0037860066   LR: 1.00e-03
Epoch 203/1000 Train Loss: 0.0078341191Val Loss: 0.0037346167   LR: 1.00e-03
Epoch 204/1000 Train Loss: 0.0077185582Val Loss: 0.0037134589   LR: 1.00e-03
Epoch 205/1000 Train Loss: 0.0077232879Val Loss: 0.0032172523   LR: 1.00e-03
Epoch 206/1000 Train Loss: 0.0075247177Val Loss: 0.0035477736   LR: 1.00e-03
Epoch 207/1000 Train Loss: 0.0075634029Val Loss: 0.0038055502   LR: 1.00e-03
Epoch 208/1000 Train Loss: 0.0074884055Val Loss: 0.0038896602   LR: 1.00e-03
Epoch 209/1000 Train Loss: 0.0075397469Val Loss: 0.0033958188   LR: 1.00e-03
Epoch 210/1000 Train Loss: 0.0077282058Val Loss: 0.0043701112   LR: 1.00e-03
Epoch 211/1000 Train Loss: 0.0074953608Val Loss: 0.0037093854   LR: 1.00e-03
Epoch 212/1000 Train Loss: 0.0078378570Val Loss: 0.0033059490   LR: 1.00e-03
Epoch 213/1000 Train Loss: 0.0073150620Val Loss: 0.0032671275   LR: 1.00e-03
Epoch 214/1000 Train Loss: 0.0074294449Val Loss: 0.0035186557   LR: 1.00e-03
Epoch 215/1000 Train Loss: 0.0073483612Val Loss: 0.0040255793   LR: 1.00e-03
Epoch 216/1000 Train Loss: 0.0076215324Val Loss: 0.0045524104   LR: 1.00e-03
Epoch 217/1000 Train Loss: 0.0078599021Val Loss: 0.0037389870   LR: 1.00e-03
Epoch 218/1000 Train Loss: 0.0073008760Val Loss: 0.0034250265   LR: 1.00e-03
Epoch 219/1000 Train Loss: 0.0074241988Val Loss: 0.0033588953   LR: 1.00e-03
Epoch 220/1000 Train Loss: 0.0073475510Val Loss: 0.0035318394   LR: 1.00e-03
Epoch 221/1000 Train Loss: 0.0075832188Val Loss: 0.0034284859   LR: 1.00e-03
Epoch 222/1000 Train Loss: 0.0075504808Val Loss: 0.0033992605   LR: 1.00e-03
Epoch 223/1000 Train Loss: 0.0077484164Val Loss: 0.0038350788   LR: 1.00e-03
Epoch 224/1000 Train Loss: 0.0076294285Val Loss: 0.0032953550   LR: 1.00e-03
Epoch 225/1000 Train Loss: 0.0077320795Val Loss: 0.0037231985   LR: 1.00e-03
Epoch 226/1000 Train Loss: 0.0073476642Val Loss: 0.0035232925   LR: 1.00e-03
Epoch 227/1000 Train Loss: 0.0076620063Val Loss: 0.0041926892   LR: 1.00e-03
Epoch 228/1000 Train Loss: 0.0076145672Val Loss: 0.0035831219   LR: 1.00e-03
Epoch 229/1000 Train Loss: 0.0073890967Val Loss: 0.0031776765   LR: 1.00e-03
Epoch 230/1000 Train Loss: 0.0072492686Val Loss: 0.0033286859   LR: 1.00e-03
Epoch 231/1000 Train Loss: 0.0072728299Val Loss: 0.0033997565   LR: 1.00e-03
Epoch 232/1000 Train Loss: 0.0074995471Val Loss: 0.0032757523   LR: 1.00e-03
Epoch 233/1000 Train Loss: 0.0075618566Val Loss: 0.0039038357   LR: 1.00e-03
Epoch 234/1000 Train Loss: 0.0075502892Val Loss: 0.0038360704   LR: 1.00e-03
Epoch 235/1000 Train Loss: 0.0073799575Val Loss: 0.0032169783   LR: 1.00e-03
Epoch 236/1000 Train Loss: 0.0073861187Val Loss: 0.0035568933   LR: 1.00e-03
Epoch 237/1000 Train Loss: 0.0070747224Val Loss: 0.0031359100   LR: 1.00e-03
Epoch 238/1000 Train Loss: 0.0073441450Val Loss: 0.0031632702   LR: 1.00e-03
Epoch 239/1000 Train Loss: 0.0072547444Val Loss: 0.0032477248   LR: 1.00e-03
Epoch 240/1000 Train Loss: 0.0074917049Val Loss: 0.0036900757   LR: 1.00e-03
Epoch 241/1000 Train Loss: 0.0073495156Val Loss: 0.0033851594   LR: 1.00e-03
Epoch 242/1000 Train Loss: 0.0072692766Val Loss: 0.0037394159   LR: 1.00e-03
Epoch 243/1000 Train Loss: 0.0071063431Val Loss: 0.0035079019   LR: 1.00e-03
Epoch 244/1000 Train Loss: 0.0070650954Val Loss: 0.0028630934   LR: 1.00e-03
Epoch 245/1000 Train Loss: 0.0070621698Val Loss: 0.0032618353   LR: 1.00e-03
Epoch 246/1000 Train Loss: 0.0071124875Val Loss: 0.0031299172   LR: 1.00e-03
Epoch 247/1000 Train Loss: 0.0072129889Val Loss: 0.0036082870   LR: 1.00e-03
Epoch 248/1000 Train Loss: 0.0069752709Val Loss: 0.0035529862   LR: 1.00e-03
Epoch 249/1000 Train Loss: 0.0073049333Val Loss: 0.0032053183   LR: 1.00e-03
Epoch 250/1000 Train Loss: 0.0072374091Val Loss: 0.0036349721   LR: 1.00e-03
Epoch 251/1000 Train Loss: 0.0069267439Val Loss: 0.0035916386   LR: 1.00e-03
Epoch 252/1000 Train Loss: 0.0071037237Val Loss: 0.0032262233   LR: 1.00e-03
Epoch 253/1000 Train Loss: 0.0074299950Val Loss: 0.0034709296   LR: 1.00e-03
Epoch 254/1000 Train Loss: 0.0073588756Val Loss: 0.0038061614   LR: 1.00e-03
Epoch 255/1000 Train Loss: 0.0071710921Val Loss: 0.0040302730   LR: 1.00e-03
Epoch 256/1000 Train Loss: 0.0072840423Val Loss: 0.0048165241   LR: 1.00e-03
Epoch 257/1000 Train Loss: 0.0073888908Val Loss: 0.0032939564   LR: 1.00e-03
Epoch 258/1000 Train Loss: 0.0071522551Val Loss: 0.0037366818   LR: 1.00e-03
Epoch 259/1000 Train Loss: 0.0071142005Val Loss: 0.0041176226   LR: 1.00e-03
Epoch 260/1000 Train Loss: 0.0073536485Val Loss: 0.0033609399   LR: 1.00e-03
Epoch 261/1000 Train Loss: 0.0069546795Val Loss: 0.0036999946   LR: 1.00e-03
Epoch 262/1000 Train Loss: 0.0074003682Val Loss: 0.0033935476   LR: 1.00e-03
Epoch 263/1000 Train Loss: 0.0071010760Val Loss: 0.0048027600   LR: 1.00e-03
Epoch 264/1000 Train Loss: 0.0071202368Val Loss: 0.0030656185   LR: 1.00e-03
Epoch 265/1000 Train Loss: 0.0068964052Val Loss: 0.0039482597   LR: 1.00e-03
Epoch 266/1000 Train Loss: 0.0073005877Val Loss: 0.0031435587   LR: 1.00e-03
Epoch 267/1000 Train Loss: 0.0070968297Val Loss: 0.0033871123   LR: 1.00e-03
Epoch 268/1000 Train Loss: 0.0070614902Val Loss: 0.0037842950   LR: 1.00e-03
Epoch 269/1000 Train Loss: 0.0072531824Val Loss: 0.0029828553   LR: 1.00e-03
Epoch 270/1000 Train Loss: 0.0069564402Val Loss: 0.0039061703   LR: 1.00e-03
Epoch 271/1000 Train Loss: 0.0071333751Val Loss: 0.0033974219   LR: 1.00e-03
Epoch 272/1000 Train Loss: 0.0070943879Val Loss: 0.0032599825   LR: 1.00e-03
Epoch 273/1000 Train Loss: 0.0070282055Val Loss: 0.0033948020   LR: 1.00e-03
Epoch 274/1000 Train Loss: 0.0068329459Val Loss: 0.0032705557   LR: 1.00e-03
Epoch 275/1000 Train Loss: 0.0070591997Val Loss: 0.0032430684   LR: 1.00e-03
Epoch 276/1000 Train Loss: 0.0070279171Val Loss: 0.0037025786   LR: 1.00e-03
Epoch 277/1000 Train Loss: 0.0072188782Val Loss: 0.0043293483   LR: 1.00e-03
Epoch 278/1000 Train Loss: 0.0073196984Val Loss: 0.0034290971   LR: 1.00e-03
Epoch 279/1000 Train Loss: 0.0068145796Val Loss: 0.0032910096   LR: 1.00e-03
Epoch 280/1000 Train Loss: 0.0071261282Val Loss: 0.0031597654   LR: 1.00e-03
Epoch 281/1000 Train Loss: 0.0068388370Val Loss: 0.0033397020   LR: 1.00e-03
Epoch 282/1000 Train Loss: 0.0068073217Val Loss: 0.0031960194   LR: 1.00e-03
Epoch 283/1000 Train Loss: 0.0070003432Val Loss: 0.0030613777   LR: 1.00e-03
Epoch 284/1000 Train Loss: 0.0067282211Val Loss: 0.0032422288   LR: 1.00e-03
Epoch 285/1000 Train Loss: 0.0071221110Val Loss: 0.0041324066   LR: 1.00e-03
Epoch 286/1000 Train Loss: 0.0071236104Val Loss: 0.0033803236   LR: 1.00e-03
Epoch 287/1000 Train Loss: 0.0068466819Val Loss: 0.0034455814   LR: 1.00e-03
Epoch 288/1000 Train Loss: 0.0069765911Val Loss: 0.0031829464   LR: 1.00e-03
Epoch 289/1000 Train Loss: 0.0066323650Val Loss: 0.0031302846   LR: 1.00e-03
Epoch 290/1000 Train Loss: 0.0067898481Val Loss: 0.0032892417   LR: 1.00e-03
Epoch 291/1000 Train Loss: 0.0068635370Val Loss: 0.0031466149   LR: 1.00e-03
Epoch 292/1000 Train Loss: 0.0067665447Val Loss: 0.0034122432   LR: 1.00e-03
Epoch 293/1000 Train Loss: 0.0070870618Val Loss: 0.0040592381   LR: 1.00e-03
Epoch 294/1000 Train Loss: 0.0066290822Val Loss: 0.0035797023   LR: 1.00e-03
Epoch 295/1000 Train Loss: 0.0067466341Val Loss: 0.0031111975   LR: 1.00e-03
Epoch 296/1000 Train Loss: 0.0068110982Val Loss: 0.0039764978   LR: 1.00e-03
Epoch 297/1000 Train Loss: 0.0069184147Val Loss: 0.0036872905   LR: 1.00e-03
Epoch 298/1000 Train Loss: 0.0065966196Val Loss: 0.0034679181   LR: 1.00e-03
Epoch 299/1000 Train Loss: 0.0065343740Val Loss: 0.0035800647   LR: 1.00e-03
Epoch 300/1000 Train Loss: 0.0068611518Val Loss: 0.0031555788   LR: 1.00e-03
Epoch 301/1000 Train Loss: 0.0071144810Val Loss: 0.0047920857   LR: 1.00e-03
Epoch 302/1000 Train Loss: 0.0065553035Val Loss: 0.0030259505   LR: 1.00e-03
Epoch 303/1000 Train Loss: 0.0068149199Val Loss: 0.0027515611   LR: 1.00e-03
Epoch 304/1000 Train Loss: 0.0068929728Val Loss: 0.0041235689   LR: 1.00e-03
Epoch 305/1000 Train Loss: 0.0069138830Val Loss: 0.0031783084   LR: 1.00e-03
Epoch 306/1000 Train Loss: 0.0065632843Val Loss: 0.0034640740   LR: 1.00e-03
Epoch 307/1000 Train Loss: 0.0066490298Val Loss: 0.0031419661   LR: 1.00e-03
Epoch 308/1000 Train Loss: 0.0066312334Val Loss: 0.0030390601   LR: 1.00e-03
Epoch 309/1000 Train Loss: 0.0064116378Val Loss: 0.0037020562   LR: 1.00e-03
Epoch 310/1000 Train Loss: 0.0067581366Val Loss: 0.0040336845   LR: 1.00e-03
Epoch 311/1000 Train Loss: 0.0065501479Val Loss: 0.0033326073   LR: 1.00e-03
Epoch 312/1000 Train Loss: 0.0066878243Val Loss: 0.0035356874   LR: 1.00e-03
Epoch 313/1000 Train Loss: 0.0068772466Val Loss: 0.0035377596   LR: 1.00e-03
Epoch 314/1000 Train Loss: 0.0066737846Val Loss: 0.0029772080   LR: 1.00e-03
Epoch 315/1000 Train Loss: 0.0068092789Val Loss: 0.0031914492   LR: 1.00e-03
Epoch 316/1000 Train Loss: 0.0064822921Val Loss: 0.0029733105   LR: 1.00e-03
Epoch 317/1000 Train Loss: 0.0064619019Val Loss: 0.0038920442   LR: 1.00e-03
Epoch 318/1000 Train Loss: 0.0067282028Val Loss: 0.0032381753   LR: 1.00e-03
Epoch 319/1000 Train Loss: 0.0066107886Val Loss: 0.0045062977   LR: 1.00e-03
Epoch 320/1000 Train Loss: 0.0064195787Val Loss: 0.0034205835   LR: 1.00e-03
Epoch 321/1000 Train Loss: 0.0067036651Val Loss: 0.0039014050   LR: 1.00e-03
Epoch 322/1000 Train Loss: 0.0065437403Val Loss: 0.0028808067   LR: 1.00e-03
Epoch 323/1000 Train Loss: 0.0067018863Val Loss: 0.0029909651   LR: 1.00e-03
Epoch 324/1000 Train Loss: 0.0066932512Val Loss: 0.0027700983   LR: 1.00e-03
Epoch 325/1000 Train Loss: 0.0064041762Val Loss: 0.0029863090   LR: 1.00e-03
Epoch 326/1000 Train Loss: 0.0066205025Val Loss: 0.0036190513   LR: 1.00e-03
Epoch 327/1000 Train Loss: 0.0063623318Val Loss: 0.0029622433   LR: 1.00e-03
Epoch 328/1000 Train Loss: 0.0064611264Val Loss: 0.0030300927   LR: 1.00e-03
Epoch 329/1000 Train Loss: 0.0064123134Val Loss: 0.0029288198   LR: 1.00e-03
Epoch 330/1000 Train Loss: 0.0066065750Val Loss: 0.0033585058   LR: 1.00e-03
Epoch 331/1000 Train Loss: 0.0063334610Val Loss: 0.0029521671   LR: 1.00e-03
Epoch 332/1000 Train Loss: 0.0066495898Val Loss: 0.0031255087   LR: 1.00e-03
Epoch 333/1000 Train Loss: 0.0064084803Val Loss: 0.0029158776   LR: 1.00e-03
Epoch 334/1000 Train Loss: 0.0065649757Val Loss: 0.0031927965   LR: 1.00e-03
Epoch 335/1000 Train Loss: 0.0065561194Val Loss: 0.0031239189   LR: 1.00e-03
Epoch 336/1000 Train Loss: 0.0064949879Val Loss: 0.0034914140   LR: 1.00e-03
Epoch 337/1000 Train Loss: 0.0062839957Val Loss: 0.0035391758   LR: 1.00e-03
Epoch 338/1000 Train Loss: 0.0064075498Val Loss: 0.0029474336   LR: 1.00e-03
Epoch 339/1000 Train Loss: 0.0063175865Val Loss: 0.0030827850   LR: 1.00e-03
Epoch 340/1000 Train Loss: 0.0064482846Val Loss: 0.0040420179   LR: 1.00e-03
Epoch 341/1000 Train Loss: 0.0064724509Val Loss: 0.0030579165   LR: 1.00e-03
Epoch 342/1000 Train Loss: 0.0066019597Val Loss: 0.0035085540   LR: 1.00e-03
Epoch 343/1000 Train Loss: 0.0062541779Val Loss: 0.0035308205   LR: 1.00e-03
Epoch 344/1000 Train Loss: 0.0063278183Val Loss: 0.0032328747   LR: 1.00e-03
Epoch 345/1000 Train Loss: 0.0061977440Val Loss: 0.0040059651   LR: 1.00e-03
Epoch 346/1000 Train Loss: 0.0065563013Val Loss: 0.0035157445   LR: 1.00e-03
Epoch 347/1000 Train Loss: 0.0062906815Val Loss: 0.0033355701   LR: 1.00e-03
Epoch 348/1000 Train Loss: 0.0060724308Val Loss: 0.0028352645   LR: 1.00e-03
Epoch 349/1000 Train Loss: 0.0062820202Val Loss: 0.0036449044   LR: 1.00e-03
Epoch 350/1000 Train Loss: 0.0063232787Val Loss: 0.0034475684   LR: 1.00e-03
Epoch 351/1000 Train Loss: 0.0062111687Val Loss: 0.0029549075   LR: 1.00e-03
Epoch 352/1000 Train Loss: 0.0062977097Val Loss: 0.0032470898   LR: 1.00e-03
Epoch 353/1000 Train Loss: 0.0064105726Val Loss: 0.0030185840   LR: 1.00e-03
Epoch 354/1000 Train Loss: 0.0061690938Val Loss: 0.0030895695   LR: 1.00e-03
Epoch 355/1000 Train Loss: 0.0063033331Val Loss: 0.0030478864   LR: 1.00e-03
Epoch 356/1000 Train Loss: 0.0063124924Val Loss: 0.0033048545   LR: 1.00e-03
Epoch 357/1000 Train Loss: 0.0062890518Val Loss: 0.0033987740   LR: 1.00e-03
Epoch 358/1000 Train Loss: 0.0062692447Val Loss: 0.0032655063   LR: 1.00e-03
Epoch 359/1000 Train Loss: 0.0062977270Val Loss: 0.0031804168   LR: 1.00e-03
Epoch 360/1000 Train Loss: 0.0063469228Val Loss: 0.0028743638   LR: 1.00e-03
Epoch 361/1000 Train Loss: 0.0062864631Val Loss: 0.0030998595   LR: 1.00e-03
Epoch 362/1000 Train Loss: 0.0062267170Val Loss: 0.0028950894   LR: 1.00e-03
Epoch 363/1000 Train Loss: 0.0063113862Val Loss: 0.0035407058   LR: 1.00e-03
Epoch 364/1000 Train Loss: 0.0060503374Val Loss: 0.0034621853   LR: 1.00e-03
Epoch 365/1000 Train Loss: 0.0063733924Val Loss: 0.0034121424   LR: 1.00e-03
Epoch 366/1000 Train Loss: 0.0062331916Val Loss: 0.0038187324   LR: 1.00e-03
Epoch 367/1000 Train Loss: 0.0064938448Val Loss: 0.0031193422   LR: 1.00e-03
Epoch 368/1000 Train Loss: 0.0060911755Val Loss: 0.0030666103   LR: 1.00e-03
Epoch 369/1000 Train Loss: 0.0063298224Val Loss: 0.0038160444   LR: 1.00e-03
Epoch 370/1000 Train Loss: 0.0061458533Val Loss: 0.0036500885   LR: 1.00e-03
Epoch 371/1000 Train Loss: 0.0060888745Val Loss: 0.0031567969   LR: 1.00e-03
Epoch 372/1000 Train Loss: 0.0062928980Val Loss: 0.0037536991   LR: 1.00e-03
Epoch 373/1000 Train Loss: 0.0063599123Val Loss: 0.0033381461   LR: 1.00e-03
Epoch 374/1000 Train Loss: 0.0063052575Val Loss: 0.0032777431   LR: 1.00e-03
Epoch 375/1000 Train Loss: 0.0061017336Val Loss: 0.0033086875   LR: 1.00e-03
Epoch 376/1000 Train Loss: 0.0059713056Val Loss: 0.0029821486   LR: 1.00e-03
Epoch 377/1000 Train Loss: 0.0059872724Val Loss: 0.0031188770   LR: 1.00e-03
Epoch 378/1000 Train Loss: 0.0062839176Val Loss: 0.0028743579   LR: 1.00e-03
Epoch 379/1000 Train Loss: 0.0065879890Val Loss: 0.0032244556   LR: 1.00e-03
Epoch 380/1000 Train Loss: 0.0064079483Val Loss: 0.0029403531   LR: 1.00e-03
Epoch 381/1000 Train Loss: 0.0064081064Val Loss: 0.0030489245   LR: 1.00e-03
Epoch 382/1000 Train Loss: 0.0061856121Val Loss: 0.0030856390   LR: 1.00e-03
Epoch 383/1000 Train Loss: 0.0060377282Val Loss: 0.0033424982   LR: 1.00e-03
Epoch 384/1000 Train Loss: 0.0061677513Val Loss: 0.0032177247   LR: 1.00e-03
Epoch 385/1000 Train Loss: 0.0061297655Val Loss: 0.0031080801   LR: 1.00e-03
Epoch 386/1000 Train Loss: 0.0063173388Val Loss: 0.0039212241   LR: 1.00e-03
Epoch 387/1000 Train Loss: 0.0060341273Val Loss: 0.0036046441   LR: 1.00e-03
Epoch 388/1000 Train Loss: 0.0064214080Val Loss: 0.0035211099   LR: 1.00e-03
Epoch 389/1000 Train Loss: 0.0061566351Val Loss: 0.0031506184   LR: 1.00e-03
Epoch 390/1000 Train Loss: 0.0058589334Val Loss: 0.0037399291   LR: 1.00e-03
Epoch 391/1000 Train Loss: 0.0064764156Val Loss: 0.0030265574   LR: 1.00e-03
Epoch 392/1000 Train Loss: 0.0059437962Val Loss: 0.0027620317   LR: 1.00e-03
Epoch 393/1000 Train Loss: 0.0058686104Val Loss: 0.0029580353   LR: 1.00e-03
Epoch 394/1000 Train Loss: 0.0060400058Val Loss: 0.0041756248   LR: 1.00e-03
Epoch 395/1000 Train Loss: 0.0061652573Val Loss: 0.0032662045   LR: 1.00e-03
Epoch 396/1000 Train Loss: 0.0062650709Val Loss: 0.0038254448   LR: 1.00e-03
Epoch 397/1000 Train Loss: 0.0059487374Val Loss: 0.0031778980   LR: 1.00e-03
Epoch 398/1000 Train Loss: 0.0062297662Val Loss: 0.0029898666   LR: 1.00e-03
Epoch 399/1000 Train Loss: 0.0060640004Val Loss: 0.0028193257   LR: 1.00e-03
Epoch 400/1000 Train Loss: 0.0060948315Val Loss: 0.0031774749   LR: 1.00e-03
Epoch 401/1000 Train Loss: 0.0060846531Val Loss: 0.0033305151   LR: 1.00e-03
Epoch 402/1000 Train Loss: 0.0059024468Val Loss: 0.0032222724   LR: 1.00e-03
Epoch 403/1000 Train Loss: 0.0060028801Val Loss: 0.0033900338   LR: 1.00e-03
Epoch 404/1000 Train Loss: 0.0062526765Val Loss: 0.0025524283   LR: 1.00e-03
Epoch 405/1000 Train Loss: 0.0059772091Val Loss: 0.0032682788   LR: 1.00e-03
Epoch 406/1000 Train Loss: 0.0060856165Val Loss: 0.0030783276   LR: 1.00e-03
Epoch 407/1000 Train Loss: 0.0058155244Val Loss: 0.0027945754   LR: 1.00e-03
Epoch 408/1000 Train Loss: 0.0058804847Val Loss: 0.0036028631   LR: 1.00e-03
Epoch 409/1000 Train Loss: 0.0058732908Val Loss: 0.0030694789   LR: 1.00e-03
Epoch 410/1000 Train Loss: 0.0061050524Val Loss: 0.0028627602   LR: 1.00e-03
Epoch 411/1000 Train Loss: 0.0058701352Val Loss: 0.0028545328   LR: 1.00e-03
Epoch 412/1000 Train Loss: 0.0058442343Val Loss: 0.0028400807   LR: 1.00e-03
Epoch 413/1000 Train Loss: 0.0061044859Val Loss: 0.0032212966   LR: 1.00e-03
Epoch 414/1000 Train Loss: 0.0062143671Val Loss: 0.0029695883   LR: 1.00e-03
Epoch 415/1000 Train Loss: 0.0056838176Val Loss: 0.0029109268   LR: 1.00e-03
Epoch 416/1000 Train Loss: 0.0057025322Val Loss: 0.0027645337   LR: 1.00e-03
Epoch 417/1000 Train Loss: 0.0059711304Val Loss: 0.0031031355   LR: 1.00e-03
Epoch 418/1000 Train Loss: 0.0055906593Val Loss: 0.0027337293   LR: 1.00e-03
Epoch 419/1000 Train Loss: 0.0060984216Val Loss: 0.0029683100   LR: 1.00e-03
Epoch 420/1000 Train Loss: 0.0058129805Val Loss: 0.0026181687   LR: 1.00e-03
Epoch 421/1000 Train Loss: 0.0058377186Val Loss: 0.0026367734   LR: 1.00e-03
Epoch 422/1000 Train Loss: 0.0057341121Val Loss: 0.0027807856   LR: 1.00e-03
Epoch 423/1000 Train Loss: 0.0060513337Val Loss: 0.0026974996   LR: 1.00e-03
Epoch 424/1000 Train Loss: 0.0058848524Val Loss: 0.0028997349   LR: 1.00e-03
Epoch 425/1000 Train Loss: 0.0060683710Val Loss: 0.0031270993   LR: 1.00e-03
Epoch 426/1000 Train Loss: 0.0057639748Val Loss: 0.0031980897   LR: 1.00e-03
Epoch 427/1000 Train Loss: 0.0059623882Val Loss: 0.0027035676   LR: 1.00e-03
Epoch 428/1000 Train Loss: 0.0059139617Val Loss: 0.0029740986   LR: 1.00e-03
Epoch 429/1000 Train Loss: 0.0057537003Val Loss: 0.0028385448   LR: 1.00e-03
Epoch 430/1000 Train Loss: 0.0056997078Val Loss: 0.0032900247   LR: 1.00e-03
Epoch 431/1000 Train Loss: 0.0055906016Val Loss: 0.0026633859   LR: 1.00e-03
Epoch 432/1000 Train Loss: 0.0057453428Val Loss: 0.0032902064   LR: 1.00e-03
Epoch 433/1000 Train Loss: 0.0059655166Val Loss: 0.0030274204   LR: 1.00e-03
Epoch 434/1000 Train Loss: 0.0056966186Val Loss: 0.0026865224   LR: 1.00e-03
Epoch 435/1000 Train Loss: 0.0058309486Val Loss: 0.0030505575   LR: 1.00e-03
Epoch 436/1000 Train Loss: 0.0061559786Val Loss: 0.0025996986   LR: 1.00e-03
Epoch 437/1000 Train Loss: 0.0058390963Val Loss: 0.0029659768   LR: 1.00e-03
Epoch 438/1000 Train Loss: 0.0058420588Val Loss: 0.0036960914   LR: 1.00e-03
Epoch 439/1000 Train Loss: 0.0058075836Val Loss: 0.0027984242   LR: 1.00e-03
Epoch 440/1000 Train Loss: 0.0058376002Val Loss: 0.0027423296   LR: 1.00e-03
Epoch 441/1000 Train Loss: 0.0058841983Val Loss: 0.0029423333   LR: 1.00e-03
Epoch 442/1000 Train Loss: 0.0058961017Val Loss: 0.0031070411   LR: 1.00e-03
Epoch 443/1000 Train Loss: 0.0058449651Val Loss: 0.0029684505   LR: 1.00e-03
Epoch 444/1000 Train Loss: 0.0058940172Val Loss: 0.0034468525   LR: 1.00e-03
Epoch 445/1000 Train Loss: 0.0057474945Val Loss: 0.0030577122   LR: 1.00e-03
Epoch 446/1000 Train Loss: 0.0057032158Val Loss: 0.0030510647   LR: 1.00e-03
Epoch 447/1000 Train Loss: 0.0054715287Val Loss: 0.0029051891   LR: 1.00e-03
Epoch 448/1000 Train Loss: 0.0057072890Val Loss: 0.0026490042   LR: 1.00e-03
Epoch 449/1000 Train Loss: 0.0058628241Val Loss: 0.0030781390   LR: 1.00e-03
Epoch 450/1000 Train Loss: 0.0056556237Val Loss: 0.0031040864   LR: 1.00e-03
Epoch 451/1000 Train Loss: 0.0057541551Val Loss: 0.0028775909   LR: 1.00e-03
Epoch 452/1000 Train Loss: 0.0057432529Val Loss: 0.0029325166   LR: 1.00e-03
Epoch 453/1000 Train Loss: 0.0057368885Val Loss: 0.0027927556   LR: 1.00e-03
Epoch 454/1000 Train Loss: 0.0056235266Val Loss: 0.0029996839   LR: 1.00e-03
Epoch 455/1000 Train Loss: 0.0057186568Val Loss: 0.0028668541   LR: 1.00e-03
Epoch 456/1000 Train Loss: 0.0057114125Val Loss: 0.0032754480   LR: 1.00e-03
Epoch 457/1000 Train Loss: 0.0057310720Val Loss: 0.0031691852   LR: 1.00e-03
Epoch 458/1000 Train Loss: 0.0056082217Val Loss: 0.0031793835   LR: 1.00e-03
Epoch 459/1000 Train Loss: 0.0058333765Val Loss: 0.0032384990   LR: 1.00e-03
Epoch 460/1000 Train Loss: 0.0055414038Val Loss: 0.0025968883   LR: 1.00e-03
Epoch 461/1000 Train Loss: 0.0055296421Val Loss: 0.0026077940   LR: 1.00e-03
Epoch 462/1000 Train Loss: 0.0059796349Val Loss: 0.0031022960   LR: 1.00e-03
Epoch 463/1000 Train Loss: 0.0055656231Val Loss: 0.0028866916   LR: 1.00e-03
Epoch 464/1000 Train Loss: 0.0058184564Val Loss: 0.0030418666   LR: 1.00e-03
Epoch 465/1000 Train Loss: 0.0055035569Val Loss: 0.0028187048   LR: 1.00e-03
Epoch 466/1000 Train Loss: 0.0052744590Val Loss: 0.0027323665   LR: 1.00e-03
Epoch 467/1000 Train Loss: 0.0057453106Val Loss: 0.0027982028   LR: 1.00e-03
Epoch 468/1000 Train Loss: 0.0058713870Val Loss: 0.0031438924   LR: 1.00e-03
Epoch 469/1000 Train Loss: 0.0056043665Val Loss: 0.0025301834   LR: 1.00e-03
Epoch 470/1000 Train Loss: 0.0055181692Val Loss: 0.0030824888   LR: 1.00e-03
Epoch 471/1000 Train Loss: 0.0057295346Val Loss: 0.0035598591   LR: 1.00e-03
Epoch 472/1000 Train Loss: 0.0057698984Val Loss: 0.0031692097   LR: 1.00e-03
Epoch 473/1000 Train Loss: 0.0055499444Val Loss: 0.0026821657   LR: 1.00e-03
Epoch 474/1000 Train Loss: 0.0053485686Val Loss: 0.0029378150   LR: 1.00e-03
Epoch 475/1000 Train Loss: 0.0055504886Val Loss: 0.0028607130   LR: 1.00e-03
Epoch 476/1000 Train Loss: 0.0057152505Val Loss: 0.0029559455   LR: 1.00e-03
Epoch 477/1000 Train Loss: 0.0056012707Val Loss: 0.0030706084   LR: 1.00e-03
Epoch 478/1000 Train Loss: 0.0055024717Val Loss: 0.0031478612   LR: 1.00e-03
Epoch 479/1000 Train Loss: 0.0057182591Val Loss: 0.0027381423   LR: 1.00e-03
Epoch 480/1000 Train Loss: 0.0054869787Val Loss: 0.0024013116   LR: 1.00e-03
Epoch 481/1000 Train Loss: 0.0055232550Val Loss: 0.0035084704   LR: 1.00e-03
Epoch 482/1000 Train Loss: 0.0056104118Val Loss: 0.0031179704   LR: 1.00e-03
Epoch 483/1000 Train Loss: 0.0054369370Val Loss: 0.0030394878   LR: 1.00e-03
Epoch 484/1000 Train Loss: 0.0054515523Val Loss: 0.0027492911   LR: 1.00e-03
Epoch 485/1000 Train Loss: 0.0053875485Val Loss: 0.0030719573   LR: 1.00e-03
Epoch 486/1000 Train Loss: 0.0056352934Val Loss: 0.0033890674   LR: 1.00e-03
Epoch 487/1000 Train Loss: 0.0054750663Val Loss: 0.0028165242   LR: 1.00e-03
Epoch 488/1000 Train Loss: 0.0055032685Val Loss: 0.0029480397   LR: 1.00e-03
Epoch 489/1000 Train Loss: 0.0054320899Val Loss: 0.0030066534   LR: 1.00e-03
Epoch 490/1000 Train Loss: 0.0057049608Val Loss: 0.0031178399   LR: 1.00e-03
Epoch 491/1000 Train Loss: 0.0055432600Val Loss: 0.0032628330   LR: 1.00e-03
Epoch 492/1000 Train Loss: 0.0054995505Val Loss: 0.0032500066   LR: 1.00e-03
Epoch 493/1000 Train Loss: 0.0053710673Val Loss: 0.0026129736   LR: 1.00e-03
Epoch 494/1000 Train Loss: 0.0056466104Val Loss: 0.0027923855   LR: 1.00e-03
Epoch 495/1000 Train Loss: 0.0054884072Val Loss: 0.0027886443   LR: 1.00e-03
Epoch 496/1000 Train Loss: 0.0056049225Val Loss: 0.0026779144   LR: 1.00e-03
Epoch 497/1000 Train Loss: 0.0055808864Val Loss: 0.0037125138   LR: 1.00e-03
Epoch 498/1000 Train Loss: 0.0054405256Val Loss: 0.0031529737   LR: 1.00e-03
Epoch 499/1000 Train Loss: 0.0054346748Val Loss: 0.0026648492   LR: 1.00e-03
Epoch 500/1000 Train Loss: 0.0054660803Val Loss: 0.0035467061   LR: 1.00e-03
Epoch 501/1000 Train Loss: 0.0052291238Val Loss: 0.0029929757   LR: 1.00e-03
Epoch 502/1000 Train Loss: 0.0053748155Val Loss: 0.0033106735   LR: 1.00e-03
Epoch 503/1000 Train Loss: 0.0054353898Val Loss: 0.0027499736   LR: 1.00e-03
Epoch 504/1000 Train Loss: 0.0054883608Val Loss: 0.0024200523   LR: 1.00e-03
Epoch 505/1000 Train Loss: 0.0052272325Val Loss: 0.0031199687   LR: 1.00e-03
Epoch 506/1000 Train Loss: 0.0053773395Val Loss: 0.0024814894   LR: 1.00e-03
Epoch 507/1000 Train Loss: 0.0053528658Val Loss: 0.0030106973   LR: 1.00e-03
Epoch 508/1000 Train Loss: 0.0055486811Val Loss: 0.0032075785   LR: 1.00e-03
Epoch 509/1000 Train Loss: 0.0053112169Val Loss: 0.0027360596   LR: 1.00e-03
Epoch 510/1000 Train Loss: 0.0052273148Val Loss: 0.0025893182   LR: 1.00e-03
Epoch 511/1000 Train Loss: 0.0054080918Val Loss: 0.0031539748   LR: 1.00e-03
Epoch 512/1000 Train Loss: 0.0053008104Val Loss: 0.0025093835   LR: 1.00e-03
Epoch 513/1000 Train Loss: 0.0053268922Val Loss: 0.0025942385   LR: 1.00e-03
Epoch 514/1000 Train Loss: 0.0053582460Val Loss: 0.0030655563   LR: 1.00e-03
Epoch 515/1000 Train Loss: 0.0054760280Val Loss: 0.0027912514   LR: 1.00e-03
Epoch 516/1000 Train Loss: 0.0053611159Val Loss: 0.0025934852   LR: 1.00e-03
Epoch 517/1000 Train Loss: 0.0053662174Val Loss: 0.0026190039   LR: 1.00e-03
Epoch 518/1000 Train Loss: 0.0054863828Val Loss: 0.0028629149   LR: 1.00e-03
Epoch 519/1000 Train Loss: 0.0052567093Val Loss: 0.0026105490   LR: 1.00e-03
Epoch 520/1000 Train Loss: 0.0053052827Val Loss: 0.0029510041   LR: 1.00e-03
Epoch 521/1000 Train Loss: 0.0054292297Val Loss: 0.0026543619   LR: 1.00e-03
Epoch 522/1000 Train Loss: 0.0056667531Val Loss: 0.0028743863   LR: 1.00e-03
Epoch 523/1000 Train Loss: 0.0054328008Val Loss: 0.0029237530   LR: 1.00e-03
Epoch 524/1000 Train Loss: 0.0053497424Val Loss: 0.0027355411   LR: 1.00e-03
Epoch 525/1000 Train Loss: 0.0052598357Val Loss: 0.0036449474   LR: 1.00e-03
Epoch 526/1000 Train Loss: 0.0053808624Val Loss: 0.0028391933   LR: 1.00e-03
Epoch 527/1000 Train Loss: 0.0053577953Val Loss: 0.0023934347   LR: 1.00e-03
Epoch 528/1000 Train Loss: 0.0052387982Val Loss: 0.0030341085   LR: 1.00e-03
Epoch 529/1000 Train Loss: 0.0054068287Val Loss: 0.0028465533   LR: 1.00e-03
Epoch 530/1000 Train Loss: 0.0052292025Val Loss: 0.0026870467   LR: 1.00e-03
Epoch 531/1000 Train Loss: 0.0053207539Val Loss: 0.0025770020   LR: 1.00e-03
Epoch 532/1000 Train Loss: 0.0053186474Val Loss: 0.0026658789   LR: 1.00e-03
Epoch 533/1000 Train Loss: 0.0052620462Val Loss: 0.0029045432   LR: 1.00e-03
Epoch 534/1000 Train Loss: 0.0054458023Val Loss: 0.0025689699   LR: 1.00e-03
Epoch 535/1000 Train Loss: 0.0052917668Val Loss: 0.0031759840   LR: 1.00e-03
Epoch 536/1000 Train Loss: 0.0051786379Val Loss: 0.0026098070   LR: 1.00e-03
Epoch 537/1000 Train Loss: 0.0051506753Val Loss: 0.0031015851   LR: 1.00e-03
Epoch 538/1000 Train Loss: 0.0053931324Val Loss: 0.0028029077   LR: 1.00e-03
Epoch 539/1000 Train Loss: 0.0050769323Val Loss: 0.0029499248   LR: 1.00e-03
Epoch 540/1000 Train Loss: 0.0052304652Val Loss: 0.0029554978   LR: 1.00e-03
Epoch 541/1000 Train Loss: 0.0054770410Val Loss: 0.0033186121   LR: 1.00e-03
Epoch 542/1000 Train Loss: 0.0052892706Val Loss: 0.0026484404   LR: 1.00e-03
Epoch 543/1000 Train Loss: 0.0054966643Val Loss: 0.0036093899   LR: 1.00e-03
Epoch 544/1000 Train Loss: 0.0053022949Val Loss: 0.0025524426   LR: 1.00e-03
Epoch 545/1000 Train Loss: 0.0052186225Val Loss: 0.0027300637   LR: 1.00e-03
Epoch 546/1000 Train Loss: 0.0052544987Val Loss: 0.0029723470   LR: 1.00e-03
Epoch 547/1000 Train Loss: 0.0052753660Val Loss: 0.0028772956   LR: 1.00e-03
Epoch 548/1000 Train Loss: 0.0053000039Val Loss: 0.0025893532   LR: 1.00e-03
Epoch 549/1000 Train Loss: 0.0052426545Val Loss: 0.0025347774   LR: 1.00e-03
Epoch 550/1000 Train Loss: 0.0053617175Val Loss: 0.0027224307   LR: 1.00e-03
Epoch 551/1000 Train Loss: 0.0049701590Val Loss: 0.0028909762   LR: 1.00e-03
Epoch 552/1000 Train Loss: 0.0052311913Val Loss: 0.0030523015   LR: 1.00e-03
Epoch 553/1000 Train Loss: 0.0050133296Val Loss: 0.0027078339   LR: 1.00e-03
Epoch 554/1000 Train Loss: 0.0050630418Val Loss: 0.0028771128   LR: 1.00e-03
Epoch 555/1000 Train Loss: 0.0053207852Val Loss: 0.0029700095   LR: 1.00e-03
Epoch 556/1000 Train Loss: 0.0051467128Val Loss: 0.0030779568   LR: 1.00e-03
Epoch 557/1000 Train Loss: 0.0051795105Val Loss: 0.0029145705   LR: 1.00e-03
Epoch 558/1000 Train Loss: 0.0051879061Val Loss: 0.0027228650   LR: 1.00e-03
Epoch 559/1000 Train Loss: 0.0052757788Val Loss: 0.0031057222   LR: 1.00e-03
Epoch 560/1000 Train Loss: 0.0053143419Val Loss: 0.0034140263   LR: 1.00e-03
Epoch 561/1000 Train Loss: 0.0052631737Val Loss: 0.0029995814   LR: 1.00e-03
Epoch 562/1000 Train Loss: 0.0052779477Val Loss: 0.0032588440   LR: 1.00e-03
Epoch 563/1000 Train Loss: 0.0053295103Val Loss: 0.0032287813   LR: 1.00e-03
Epoch 564/1000 Train Loss: 0.0050408420Val Loss: 0.0034035050   LR: 1.00e-03
Epoch 565/1000 Train Loss: 0.0051566402Val Loss: 0.0026977450   LR: 1.00e-03
Epoch 566/1000 Train Loss: 0.0050251337Val Loss: 0.0026789422   LR: 1.00e-03
Epoch 567/1000 Train Loss: 0.0050750099Val Loss: 0.0032064089   LR: 1.00e-03
Epoch 568/1000 Train Loss: 0.0052825375Val Loss: 0.0029090422   LR: 1.00e-03
Epoch 569/1000 Train Loss: 0.0051554360Val Loss: 0.0024802007   LR: 1.00e-03
Epoch 570/1000 Train Loss: 0.0049895351Val Loss: 0.0030162051   LR: 1.00e-03
Epoch 571/1000 Train Loss: 0.0052345162Val Loss: 0.0029359291   LR: 1.00e-03
Epoch 572/1000 Train Loss: 0.0051827450Val Loss: 0.0028369429   LR: 1.00e-03
Epoch 573/1000 Train Loss: 0.0052344876Val Loss: 0.0038821763   LR: 1.00e-03
Epoch 574/1000 Train Loss: 0.0050600381Val Loss: 0.0031059736   LR: 1.00e-03
Epoch 575/1000 Train Loss: 0.0051267820Val Loss: 0.0032997655   LR: 1.00e-03
Epoch 576/1000 Train Loss: 0.0051981233Val Loss: 0.0034256257   LR: 1.00e-03
Epoch 577/1000 Train Loss: 0.0051433875Val Loss: 0.0032516718   LR: 1.00e-03
Epoch 578/1000 Train Loss: 0.0051427532Val Loss: 0.0034412285   LR: 1.00e-03
Epoch 579/1000 Train Loss: 0.0050331116Val Loss: 0.0028478866   LR: 1.00e-03
Epoch 580/1000 Train Loss: 0.0049743418Val Loss: 0.0028105136   LR: 1.00e-03
Epoch 581/1000 Train Loss: 0.0051918715Val Loss: 0.0031282249   LR: 1.00e-03
Epoch 582/1000 Train Loss: 0.0052006116Val Loss: 0.0032798851   LR: 1.00e-03
Epoch 583/1000 Train Loss: 0.0050442066Val Loss: 0.0025746714   LR: 1.00e-03
Epoch 584/1000 Train Loss: 0.0051305554Val Loss: 0.0032294248   LR: 1.00e-03
Epoch 585/1000 Train Loss: 0.0051742521Val Loss: 0.0027394546   LR: 1.00e-03
Epoch 586/1000 Train Loss: 0.0048981865Val Loss: 0.0033927336   LR: 1.00e-03
Epoch 587/1000 Train Loss: 0.0050369401Val Loss: 0.0028799327   LR: 1.00e-03
Epoch 588/1000 Train Loss: 0.0051144714Val Loss: 0.0026393789   LR: 1.00e-03
Epoch 589/1000 Train Loss: 0.0049154246Val Loss: 0.0028067116   LR: 1.00e-03
Epoch 590/1000 Train Loss: 0.0052018168Val Loss: 0.0026823521   LR: 1.00e-03
Epoch 591/1000 Train Loss: 0.0049553819Val Loss: 0.0027070460   LR: 1.00e-03
Epoch 592/1000 Train Loss: 0.0050066615Val Loss: 0.0028433536   LR: 1.00e-03
Epoch 593/1000 Train Loss: 0.0049455744Val Loss: 0.0027630826   LR: 1.00e-03
Epoch 594/1000 Train Loss: 0.0050745120Val Loss: 0.0026536263   LR: 1.00e-03
Epoch 595/1000 Train Loss: 0.0049504091Val Loss: 0.0029932417   LR: 1.00e-03
Epoch 596/1000 Train Loss: 0.0050265884Val Loss: 0.0027517694   LR: 1.00e-03
Epoch 597/1000 Train Loss: 0.0048286500Val Loss: 0.0027301358   LR: 1.00e-03
Epoch 598/1000 Train Loss: 0.0048306105Val Loss: 0.0029387357   LR: 1.00e-03
Epoch 599/1000 Train Loss: 0.0050042695Val Loss: 0.0030209300   LR: 1.00e-03
Epoch 600/1000 Train Loss: 0.0052123257Val Loss: 0.0025950211   LR: 1.00e-03
Epoch 601/1000 Train Loss: 0.0050858376Val Loss: 0.0028190801   LR: 1.00e-03
Epoch 602/1000 Train Loss: 0.0048847175Val Loss: 0.0029734144   LR: 1.00e-03
Epoch 603/1000 Train Loss: 0.0049356884Val Loss: 0.0027281455   LR: 1.00e-03
Epoch 604/1000 Train Loss: 0.0049756209Val Loss: 0.0029552132   LR: 1.00e-03
Epoch 605/1000 Train Loss: 0.0049086537Val Loss: 0.0023008695   LR: 1.00e-03
Epoch 606/1000 Train Loss: 0.0048843773Val Loss: 0.0027381791   LR: 1.00e-03
Epoch 607/1000 Train Loss: 0.0048450437Val Loss: 0.0026072093   LR: 1.00e-03
Epoch 608/1000 Train Loss: 0.0050683661Val Loss: 0.0024441272   LR: 1.00e-03
Epoch 609/1000 Train Loss: 0.0047716781Val Loss: 0.0036087497   LR: 1.00e-03
Epoch 610/1000 Train Loss: 0.0048613459Val Loss: 0.0028188147   LR: 1.00e-03
Epoch 611/1000 Train Loss: 0.0050062150Val Loss: 0.0027249330   LR: 1.00e-03
Epoch 612/1000 Train Loss: 0.0049681514Val Loss: 0.0034401301   LR: 1.00e-03
Epoch 613/1000 Train Loss: 0.0049663542Val Loss: 0.0028395173   LR: 1.00e-03
Epoch 614/1000 Train Loss: 0.0049453383Val Loss: 0.0024375174   LR: 1.00e-03
Epoch 615/1000 Train Loss: 0.0048374781Val Loss: 0.0026908121   LR: 1.00e-03
Epoch 616/1000 Train Loss: 0.0048556025Val Loss: 0.0023088863   LR: 1.00e-03
Epoch 617/1000 Train Loss: 0.0051207445Val Loss: 0.0030049368   LR: 1.00e-03
Epoch 618/1000 Train Loss: 0.0047954085Val Loss: 0.0025490169   LR: 1.00e-03
Epoch 619/1000 Train Loss: 0.0049514481Val Loss: 0.0028077968   LR: 1.00e-03
Epoch 620/1000 Train Loss: 0.0049574235Val Loss: 0.0028746682   LR: 1.00e-03
Epoch 621/1000 Train Loss: 0.0050060026Val Loss: 0.0027043478   LR: 1.00e-03
Epoch 622/1000 Train Loss: 0.0048286503Val Loss: 0.0031405417   LR: 1.00e-03
Epoch 623/1000 Train Loss: 0.0048689239Val Loss: 0.0027778585   LR: 1.00e-03
Epoch 624/1000 Train Loss: 0.0048161014Val Loss: 0.0023119335   LR: 1.00e-03
Epoch 625/1000 Train Loss: 0.0048563818Val Loss: 0.0029362576   LR: 1.00e-03
Epoch 626/1000 Train Loss: 0.0047731912Val Loss: 0.0025836251   LR: 1.00e-03
Epoch 627/1000 Train Loss: 0.0049159081Val Loss: 0.0025813245   LR: 1.00e-03
Epoch 628/1000 Train Loss: 0.0048468643Val Loss: 0.0026052490   LR: 1.00e-03
Epoch 629/1000 Train Loss: 0.0050295800Val Loss: 0.0027821579   LR: 1.00e-03
Epoch 630/1000 Train Loss: 0.0047474178Val Loss: 0.0028797682   LR: 1.00e-03
Epoch 631/1000 Train Loss: 0.0049139337Val Loss: 0.0030051561   LR: 1.00e-03
Epoch 632/1000 Train Loss: 0.0049033106Val Loss: 0.0027535392   LR: 1.00e-03
Epoch 633/1000 Train Loss: 0.0051400436Val Loss: 0.0027482698   LR: 1.00e-03
Epoch 634/1000 Train Loss: 0.0047518654Val Loss: 0.0026363665   LR: 1.00e-03
Epoch 635/1000 Train Loss: 0.0048180706Val Loss: 0.0026493881   LR: 1.00e-03
Epoch 636/1000 Train Loss: 0.0048353422Val Loss: 0.0026810748   LR: 1.00e-03
Epoch 637/1000 Train Loss: 0.0048152989Val Loss: 0.0027885202   LR: 1.00e-03
Epoch 638/1000 Train Loss: 0.0047523303Val Loss: 0.0023453720   LR: 1.00e-03
Epoch 639/1000 Train Loss: 0.0049906631Val Loss: 0.0029166349   LR: 1.00e-03
Epoch 640/1000 Train Loss: 0.0047189486Val Loss: 0.0028294468   LR: 1.00e-03
Epoch 641/1000 Train Loss: 0.0048867208Val Loss: 0.0029751845   LR: 1.00e-03
Epoch 642/1000 Train Loss: 0.0046352267Val Loss: 0.0024694514   LR: 1.00e-03
Epoch 643/1000 Train Loss: 0.0048997494Val Loss: 0.0025075376   LR: 1.00e-03
Epoch 644/1000 Train Loss: 0.0047688246Val Loss: 0.0030439461   LR: 1.00e-03
Epoch 645/1000 Train Loss: 0.0049108976Val Loss: 0.0027838460   LR: 1.00e-03
Epoch 646/1000 Train Loss: 0.0047474837Val Loss: 0.0028713493   LR: 1.00e-03
Epoch 647/1000 Train Loss: 0.0048252263Val Loss: 0.0028794840   LR: 1.00e-03
Epoch 648/1000 Train Loss: 0.0049026055Val Loss: 0.0033229665   LR: 1.00e-03
Epoch 649/1000 Train Loss: 0.0047780357Val Loss: 0.0034995838   LR: 1.00e-03
Epoch 650/1000 Train Loss: 0.0048640172Val Loss: 0.0026219446   LR: 1.00e-03
Epoch 651/1000 Train Loss: 0.0049969035Val Loss: 0.0025404572   LR: 1.00e-03
Epoch 652/1000 Train Loss: 0.0048749621Val Loss: 0.0033403277   LR: 1.00e-03
Epoch 653/1000 Train Loss: 0.0046660255Val Loss: 0.0024648068   LR: 1.00e-03
Epoch 654/1000 Train Loss: 0.0047418009Val Loss: 0.0027712859   LR: 1.00e-03
Epoch 655/1000 Train Loss: 0.0047275172Val Loss: 0.0028728134   LR: 1.00e-03
Epoch 656/1000 Train Loss: 0.0048349757Val Loss: 0.0026511133   LR: 1.00e-03
Epoch 657/1000 Train Loss: 0.0047885742Val Loss: 0.0025241860   LR: 1.00e-03
Epoch 658/1000 Train Loss: 0.0049873792Val Loss: 0.0024759131   LR: 1.00e-03
Epoch 659/1000 Train Loss: 0.0047567645Val Loss: 0.0034786535   LR: 1.00e-03
Epoch 660/1000 Train Loss: 0.0046628045Val Loss: 0.0027703919   LR: 1.00e-03
Epoch 661/1000 Train Loss: 0.0047289674Val Loss: 0.0029571004   LR: 1.00e-03
Epoch 662/1000 Train Loss: 0.0048815231Val Loss: 0.0027642949   LR: 1.00e-03
Epoch 663/1000 Train Loss: 0.0047993756Val Loss: 0.0026635227   LR: 1.00e-03
Epoch 664/1000 Train Loss: 0.0046901317Val Loss: 0.0026150485   LR: 1.00e-03
Epoch 665/1000 Train Loss: 0.0047654230Val Loss: 0.0027491370   LR: 1.00e-03
Epoch 666/1000 Train Loss: 0.0048826782Val Loss: 0.0027472681   LR: 1.00e-03
Epoch 667/1000 Train Loss: 0.0046131670Val Loss: 0.0025800662   LR: 1.00e-03
Epoch 668/1000 Train Loss: 0.0048470838Val Loss: 0.0030635737   LR: 1.00e-03
Epoch 669/1000 Train Loss: 0.0047998600Val Loss: 0.0025212601   LR: 1.00e-03
Epoch 670/1000 Train Loss: 0.0046997948Val Loss: 0.0030102908   LR: 1.00e-03
Epoch 671/1000 Train Loss: 0.0046951605Val Loss: 0.0029198249   LR: 1.00e-03
Epoch 672/1000 Train Loss: 0.0045878564Val Loss: 0.0026360215   LR: 1.00e-03
Epoch 673/1000 Train Loss: 0.0048386053Val Loss: 0.0025971280   LR: 1.00e-03
Epoch 674/1000 Train Loss: 0.0048201334Val Loss: 0.0025044231   LR: 1.00e-03
Epoch 675/1000 Train Loss: 0.0046850823Val Loss: 0.0027741489   LR: 1.00e-03
Epoch 676/1000 Train Loss: 0.0048500828Val Loss: 0.0028527861   LR: 1.00e-03
Epoch 677/1000 Train Loss: 0.0047284292Val Loss: 0.0036291643   LR: 1.00e-03
Epoch 678/1000 Train Loss: 0.0046089861Val Loss: 0.0032800758   LR: 1.00e-03
Epoch 679/1000 Train Loss: 0.0048342736Val Loss: 0.0029719295   LR: 1.00e-03
Epoch 680/1000 Train Loss: 0.0048422905Val Loss: 0.0026680578   LR: 1.00e-03
Epoch 681/1000 Train Loss: 0.0049330665Val Loss: 0.0023527777   LR: 1.00e-03
Epoch 682/1000 Train Loss: 0.0047407102Val Loss: 0.0028665506   LR: 1.00e-03
Epoch 683/1000 Train Loss: 0.0045697452Val Loss: 0.0026260161   LR: 1.00e-03
Epoch 684/1000 Train Loss: 0.0046873654Val Loss: 0.0031102166   LR: 1.00e-03
Epoch 685/1000 Train Loss: 0.0047618918Val Loss: 0.0025541658   LR: 1.00e-03
Epoch 686/1000 Train Loss: 0.0047295271Val Loss: 0.0028856907   LR: 1.00e-03
Epoch 687/1000 Train Loss: 0.0049146192Val Loss: 0.0027146686   LR: 1.00e-03
Epoch 688/1000 Train Loss: 0.0046093246Val Loss: 0.0027583508   LR: 1.00e-03
Epoch 689/1000 Train Loss: 0.0046933313Val Loss: 0.0024921057   LR: 1.00e-03
Epoch 690/1000 Train Loss: 0.0048057963Val Loss: 0.0025629494   LR: 1.00e-03
Epoch 691/1000 Train Loss: 0.0046190043Val Loss: 0.0030236350   LR: 1.00e-03
Epoch 692/1000 Train Loss: 0.0047539123Val Loss: 0.0028710725   LR: 1.00e-03
Epoch 693/1000 Train Loss: 0.0046813607Val Loss: 0.0026213249   LR: 1.00e-03
Epoch 694/1000 Train Loss: 0.0044246558Val Loss: 0.0024739273   LR: 1.00e-03
Epoch 695/1000 Train Loss: 0.0047253835Val Loss: 0.0028816089   LR: 1.00e-03
Epoch 696/1000 Train Loss: 0.0047297476Val Loss: 0.0031311330   LR: 1.00e-03
Epoch 697/1000 Train Loss: 0.0048954771Val Loss: 0.0026113487   LR: 1.00e-03
Epoch 698/1000 Train Loss: 0.0046278799Val Loss: 0.0026015224   LR: 1.00e-03
Epoch 699/1000 Train Loss: 0.0046649525Val Loss: 0.0027856043   LR: 1.00e-03
Epoch 700/1000 Train Loss: 0.0049067995Val Loss: 0.0025413659   LR: 1.00e-03
Epoch 701/1000 Train Loss: 0.0046143119Val Loss: 0.0027631476   LR: 1.00e-03
Epoch 702/1000 Train Loss: 0.0044971635Val Loss: 0.0026610156   LR: 1.00e-03
Epoch 703/1000 Train Loss: 0.0047931816Val Loss: 0.0023742712   LR: 1.00e-03
Epoch 704/1000 Train Loss: 0.0044353862Val Loss: 0.0025332053   LR: 1.00e-03
Epoch 705/1000 Train Loss: 0.0047014997Val Loss: 0.0026600237   LR: 1.00e-03
Epoch 706/1000 Train Loss: 0.0045744434Val Loss: 0.0023649919   LR: 1.00e-03
Epoch 707/1000 Train Loss: 0.0045616486Val Loss: 0.0029682738   LR: 1.00e-03
Epoch 708/1000 Train Loss: 0.0047212563Val Loss: 0.0025268176   LR: 1.00e-03
Epoch 709/1000 Train Loss: 0.0046781360Val Loss: 0.0024960144   LR: 1.00e-03
Epoch 710/1000 Train Loss: 0.0048843692Val Loss: 0.0027068151   LR: 1.00e-03
Epoch 711/1000 Train Loss: 0.0043848274Val Loss: 0.0025965966   LR: 1.00e-03
Epoch 712/1000 Train Loss: 0.0048809903Val Loss: 0.0026163674   LR: 1.00e-03
Epoch 713/1000 Train Loss: 0.0048144759Val Loss: 0.0023468863   LR: 1.00e-03
Epoch 714/1000 Train Loss: 0.0045986506Val Loss: 0.0025189923   LR: 1.00e-03
Epoch 715/1000 Train Loss: 0.0043924726Val Loss: 0.0025785499   LR: 1.00e-03
Epoch 716/1000 Train Loss: 0.0046186869Val Loss: 0.0024692821   LR: 1.00e-03
Epoch 717/1000 Train Loss: 0.0045031387Val Loss: 0.0024787396   LR: 1.00e-03
Epoch 718/1000 Train Loss: 0.0046352178Val Loss: 0.0023537331   LR: 1.00e-03
Epoch 719/1000 Train Loss: 0.0048812598Val Loss: 0.0025910890   LR: 1.00e-03
Epoch 720/1000 Train Loss: 0.0044625804Val Loss: 0.0029351895   LR: 1.00e-03
Epoch 721/1000 Train Loss: 0.0047524927Val Loss: 0.0029268424   LR: 1.00e-03
Epoch 722/1000 Train Loss: 0.0046311467Val Loss: 0.0024384231   LR: 1.00e-03
Epoch 723/1000 Train Loss: 0.0043662984Val Loss: 0.0025011101   LR: 1.00e-03
Epoch 724/1000 Train Loss: 0.0047896860Val Loss: 0.0026073483   LR: 1.00e-03
Epoch 725/1000 Train Loss: 0.0045609468Val Loss: 0.0027210026   LR: 1.00e-03
Epoch 726/1000 Train Loss: 0.0046736110Val Loss: 0.0030559683   LR: 1.00e-03
Epoch 727/1000 Train Loss: 0.0046039839Val Loss: 0.0024086977   LR: 1.00e-03
Epoch 728/1000 Train Loss: 0.0045117203Val Loss: 0.0027942228   LR: 1.00e-03
Epoch 729/1000 Train Loss: 0.0046154903Val Loss: 0.0032063176   LR: 1.00e-03
Epoch 730/1000 Train Loss: 0.0045137175Val Loss: 0.0023330353   LR: 1.00e-03
Epoch 731/1000 Train Loss: 0.0046533230Val Loss: 0.0027479943   LR: 1.00e-03
Epoch 732/1000 Train Loss: 0.0046241999Val Loss: 0.0025957170   LR: 1.00e-03
Epoch 733/1000 Train Loss: 0.0045419235Val Loss: 0.0029808515   LR: 1.00e-03
Epoch 734/1000 Train Loss: 0.0047226067Val Loss: 0.0024452023   LR: 1.00e-03
Epoch 735/1000 Train Loss: 0.0047348694Val Loss: 0.0022053337   LR: 1.00e-03
Epoch 736/1000 Train Loss: 0.0046278336Val Loss: 0.0027697860   LR: 1.00e-03
Epoch 737/1000 Train Loss: 0.0044454391Val Loss: 0.0023675808   LR: 1.00e-03
Epoch 738/1000 Train Loss: 0.0043937520Val Loss: 0.0027404054   LR: 1.00e-03
Epoch 739/1000 Train Loss: 0.0047802492Val Loss: 0.0028921295   LR: 1.00e-03
Epoch 740/1000 Train Loss: 0.0046803962Val Loss: 0.0025640180   LR: 1.00e-03
Epoch 741/1000 Train Loss: 0.0045807696Val Loss: 0.0025198585   LR: 1.00e-03
Epoch 742/1000 Train Loss: 0.0045318517Val Loss: 0.0027488060   LR: 1.00e-03
Epoch 743/1000 Train Loss: 0.0044895424Val Loss: 0.0029315942   LR: 1.00e-03
Epoch 744/1000 Train Loss: 0.0047554072Val Loss: 0.0027778684   LR: 1.00e-03
Epoch 745/1000 Train Loss: 0.0045162578Val Loss: 0.0025695847   LR: 1.00e-03
Epoch 746/1000 Train Loss: 0.0046740803Val Loss: 0.0029184146   LR: 1.00e-03
Epoch 747/1000 Train Loss: 0.0045090254Val Loss: 0.0029489304   LR: 1.00e-03
Epoch 748/1000 Train Loss: 0.0045906079Val Loss: 0.0028418781   LR: 1.00e-03
Epoch 749/1000 Train Loss: 0.0045620633Val Loss: 0.0025239719   LR: 1.00e-03
Epoch 750/1000 Train Loss: 0.0044560433Val Loss: 0.0028460455   LR: 1.00e-03
Epoch 751/1000 Train Loss: 0.0045023117Val Loss: 0.0027082594   LR: 1.00e-03
Epoch 752/1000 Train Loss: 0.0047490339Val Loss: 0.0030006140   LR: 1.00e-03
Epoch 753/1000 Train Loss: 0.0045778401Val Loss: 0.0024952708   LR: 1.00e-03
Epoch 754/1000 Train Loss: 0.0046499662Val Loss: 0.0023646813   LR: 1.00e-03
Epoch 755/1000 Train Loss: 0.0047075643Val Loss: 0.0027930195   LR: 1.00e-03
Epoch 756/1000 Train Loss: 0.0046175015Val Loss: 0.0023619956   LR: 1.00e-03
Epoch 757/1000 Train Loss: 0.0044611001Val Loss: 0.0026377108   LR: 1.00e-03
Epoch 758/1000 Train Loss: 0.0045169678Val Loss: 0.0023891425   LR: 1.00e-03
Epoch 759/1000 Train Loss: 0.0044772036Val Loss: 0.0026646668   LR: 1.00e-03
Epoch 760/1000 Train Loss: 0.0045155076Val Loss: 0.0025789328   LR: 1.00e-03
Epoch 761/1000 Train Loss: 0.0046578759Val Loss: 0.0025384729   LR: 1.00e-03
Epoch 762/1000 Train Loss: 0.0045325267Val Loss: 0.0026223513   LR: 1.00e-03
Epoch 763/1000 Train Loss: 0.0045405400Val Loss: 0.0029426905   LR: 1.00e-03
Epoch 764/1000 Train Loss: 0.0044101034Val Loss: 0.0025285930   LR: 1.00e-03
Epoch 765/1000 Train Loss: 0.0045822268Val Loss: 0.0031654425   LR: 1.00e-03
Epoch 766/1000 Train Loss: 0.0046616441Val Loss: 0.0023947398   LR: 1.00e-03
Epoch 767/1000 Train Loss: 0.0044328950Val Loss: 0.0029187346   LR: 1.00e-03
Epoch 768/1000 Train Loss: 0.0046127037Val Loss: 0.0034990523   LR: 1.00e-03
Epoch 769/1000 Train Loss: 0.0044959402Val Loss: 0.0024642191   LR: 1.00e-03
Epoch 770/1000 Train Loss: 0.0045519181Val Loss: 0.0026469230   LR: 1.00e-03
Epoch 771/1000 Train Loss: 0.0046376442Val Loss: 0.0030862854   LR: 1.00e-03
Epoch 772/1000 Train Loss: 0.0045258502Val Loss: 0.0024886190   LR: 1.00e-03
Epoch 773/1000 Train Loss: 0.0046097190Val Loss: 0.0025474440   LR: 1.00e-03
Epoch 774/1000 Train Loss: 0.0044694853Val Loss: 0.0031918617   LR: 1.00e-03
Epoch 775/1000 Train Loss: 0.0044261046Val Loss: 0.0026708149   LR: 1.00e-03
Epoch 776/1000 Train Loss: 0.0045219451Val Loss: 0.0028363425   LR: 1.00e-03
Epoch 777/1000 Train Loss: 0.0043248632Val Loss: 0.0025754043   LR: 1.00e-03
Epoch 778/1000 Train Loss: 0.0044080905Val Loss: 0.0026437087   LR: 1.00e-03
Epoch 779/1000 Train Loss: 0.0044641707Val Loss: 0.0023568560   LR: 1.00e-03
Epoch 780/1000 Train Loss: 0.0046881661Val Loss: 0.0025866892   LR: 1.00e-03
Epoch 781/1000 Train Loss: 0.0044369384Val Loss: 0.0022949197   LR: 1.00e-03
Epoch 782/1000 Train Loss: 0.0044861689Val Loss: 0.0026528340   LR: 1.00e-03
Epoch 783/1000 Train Loss: 0.0044784535Val Loss: 0.0028331266   LR: 1.00e-03
Epoch 784/1000 Train Loss: 0.0046374936Val Loss: 0.0025981756   LR: 1.00e-03
Epoch 785/1000 Train Loss: 0.0044893854Val Loss: 0.0028287135   LR: 1.00e-03
Epoch 786/1000 Train Loss: 0.0045160961Val Loss: 0.0028263173   LR: 1.00e-03
Epoch 787/1000 Train Loss: 0.0045021773Val Loss: 0.0028496886   LR: 1.00e-03
Epoch 788/1000 Train Loss: 0.0045631778Val Loss: 0.0030652370   LR: 1.00e-03
Epoch 789/1000 Train Loss: 0.0044353448Val Loss: 0.0026810352   LR: 1.00e-03
Epoch 790/1000 Train Loss: 0.0043990425Val Loss: 0.0029130617   LR: 1.00e-03
Epoch 791/1000 Train Loss: 0.0045415745Val Loss: 0.0027185330   LR: 1.00e-03
Epoch 792/1000 Train Loss: 0.0044036595Val Loss: 0.0023699681   LR: 1.00e-03
Epoch 793/1000 Train Loss: 0.0044626104Val Loss: 0.0025792465   LR: 1.00e-03
Epoch 794/1000 Train Loss: 0.0045972301Val Loss: 0.0025385358   LR: 1.00e-03
Epoch 795/1000 Train Loss: 0.0044061841Val Loss: 0.0024954605   LR: 1.00e-03
Epoch 796/1000 Train Loss: 0.0044838612Val Loss: 0.0032157004   LR: 1.00e-03
Epoch 797/1000 Train Loss: 0.0045572685Val Loss: 0.0028075701   LR: 1.00e-03
Epoch 798/1000 Train Loss: 0.0043367023Val Loss: 0.0024982208   LR: 1.00e-03
Epoch 799/1000 Train Loss: 0.0045358730Val Loss: 0.0029882725   LR: 1.00e-03
Epoch 800/1000 Train Loss: 0.0043428179Val Loss: 0.0026477592   LR: 1.00e-03
Epoch 801/1000 Train Loss: 0.0042880636Val Loss: 0.0024271725   LR: 1.00e-03
Epoch 802/1000 Train Loss: 0.0043549539Val Loss: 0.0027104756   LR: 1.00e-03
Epoch 803/1000 Train Loss: 0.0045644334Val Loss: 0.0025960352   LR: 1.00e-03
Epoch 804/1000 Train Loss: 0.0044725391Val Loss: 0.0025089323   LR: 1.00e-03
Epoch 805/1000 Train Loss: 0.0044912478Val Loss: 0.0023973074   LR: 1.00e-03
Epoch 806/1000 Train Loss: 0.0047340859Val Loss: 0.0026717950   LR: 1.00e-03
Epoch 807/1000 Train Loss: 0.0043560488Val Loss: 0.0024398819   LR: 1.00e-03
Epoch 808/1000 Train Loss: 0.0044582635Val Loss: 0.0027238319   LR: 1.00e-03
Epoch 809/1000 Train Loss: 0.0044853731Val Loss: 0.0029736917   LR: 1.00e-03
Epoch 810/1000 Train Loss: 0.0044384355Val Loss: 0.0027510064   LR: 1.00e-03
Epoch 811/1000 Train Loss: 0.0042641931Val Loss: 0.0024270674   LR: 1.00e-03
Epoch 812/1000 Train Loss: 0.0045486934Val Loss: 0.0023325640   LR: 1.00e-03
Epoch 813/1000 Train Loss: 0.0043943907Val Loss: 0.0030399584   LR: 1.00e-03
Epoch 814/1000 Train Loss: 0.0043447831Val Loss: 0.0025839270   LR: 1.00e-03
Epoch 815/1000 Train Loss: 0.0043300292Val Loss: 0.0028119653   LR: 1.00e-03
Epoch 816/1000 Train Loss: 0.0044327475Val Loss: 0.0031835907   LR: 1.00e-03
Epoch 817/1000 Train Loss: 0.0044473196Val Loss: 0.0028493191   LR: 1.00e-03
Epoch 818/1000 Train Loss: 0.0043266007Val Loss: 0.0024777851   LR: 1.00e-03
Epoch 819/1000 Train Loss: 0.0045240412Val Loss: 0.0022800213   LR: 1.00e-03
Epoch 820/1000 Train Loss: 0.0045670195Val Loss: 0.0025548420   LR: 1.00e-03
Epoch 821/1000 Train Loss: 0.0044482603Val Loss: 0.0021350135   LR: 1.00e-03
Epoch 822/1000 Train Loss: 0.0043665190Val Loss: 0.0026442371   LR: 1.00e-03
Epoch 823/1000 Train Loss: 0.0044267070Val Loss: 0.0026970484   LR: 1.00e-03
Epoch 824/1000 Train Loss: 0.0044241197Val Loss: 0.0022364360   LR: 1.00e-03
Epoch 825/1000 Train Loss: 0.0044201164Val Loss: 0.0023586955   LR: 1.00e-03
Epoch 826/1000 Train Loss: 0.0046690996Val Loss: 0.0023821575   LR: 1.00e-03
Epoch 827/1000 Train Loss: 0.0043731977Val Loss: 0.0024163955   LR: 1.00e-03
Epoch 828/1000 Train Loss: 0.0045737872Val Loss: 0.0027881693   LR: 1.00e-03
Epoch 829/1000 Train Loss: 0.0042269246Val Loss: 0.0023276501   LR: 1.00e-03
Epoch 830/1000 Train Loss: 0.0042437916Val Loss: 0.0022519599   LR: 1.00e-03
Epoch 831/1000 Train Loss: 0.0044256834Val Loss: 0.0033165520   LR: 1.00e-03
Epoch 832/1000 Train Loss: 0.0042796230Val Loss: 0.0025119915   LR: 1.00e-03
Epoch 833/1000 Train Loss: 0.0044038752Val Loss: 0.0027029564   LR: 1.00e-03
Epoch 834/1000 Train Loss: 0.0042565242Val Loss: 0.0023592727   LR: 1.00e-03
Epoch 835/1000 Train Loss: 0.0043457981Val Loss: 0.0024753537   LR: 1.00e-03
Epoch 836/1000 Train Loss: 0.0046389274Val Loss: 0.0025564560   LR: 1.00e-03
Epoch 837/1000 Train Loss: 0.0045902667Val Loss: 0.0024107893   LR: 1.00e-03
Epoch 838/1000 Train Loss: 0.0044776634Val Loss: 0.0022870605   LR: 1.00e-03
Epoch 839/1000 Train Loss: 0.0043905935Val Loss: 0.0029346385   LR: 1.00e-03
Epoch 840/1000 Train Loss: 0.0043576176Val Loss: 0.0024193223   LR: 1.00e-03
Epoch 841/1000 Train Loss: 0.0042798550Val Loss: 0.0026407588   LR: 1.00e-03
Epoch 842/1000 Train Loss: 0.0044653377Val Loss: 0.0034050032   LR: 1.00e-03
Epoch 843/1000 Train Loss: 0.0043447591Val Loss: 0.0029250593   LR: 1.00e-03
Epoch 844/1000 Train Loss: 0.0042726195Val Loss: 0.0025810510   LR: 1.00e-03
Epoch 845/1000 Train Loss: 0.0044484448Val Loss: 0.0034582191   LR: 1.00e-03
Epoch 846/1000 Train Loss: 0.0044301559Val Loss: 0.0028495968   LR: 1.00e-03
Epoch 847/1000 Train Loss: 0.0044219532Val Loss: 0.0029612497   LR: 1.00e-03
Epoch 848/1000 Train Loss: 0.0045452760Val Loss: 0.0026648435   LR: 1.00e-03
Epoch 849/1000 Train Loss: 0.0041791303Val Loss: 0.0028753768   LR: 1.00e-03
Epoch 850/1000 Train Loss: 0.0042146544Val Loss: 0.0024961387   LR: 1.00e-03
Epoch 851/1000 Train Loss: 0.0045382561Val Loss: 0.0030845438   LR: 1.00e-03
Epoch 852/1000 Train Loss: 0.0042277524Val Loss: 0.0025042221   LR: 1.00e-03
Epoch 853/1000 Train Loss: 0.0042345081Val Loss: 0.0023815318   LR: 1.00e-03
Epoch 854/1000 Train Loss: 0.0045811523Val Loss: 0.0024175414   LR: 1.00e-03
Epoch 855/1000 Train Loss: 0.0043732474Val Loss: 0.0031023211   LR: 1.00e-03
Epoch 856/1000 Train Loss: 0.0043868404Val Loss: 0.0023605190   LR: 1.00e-03
Epoch 857/1000 Train Loss: 0.0041522466Val Loss: 0.0024165268   LR: 1.00e-03
Epoch 858/1000 Train Loss: 0.0043280879Val Loss: 0.0024830916   LR: 1.00e-03
Epoch 859/1000 Train Loss: 0.0042589370Val Loss: 0.0026912597   LR: 1.00e-03
Epoch 860/1000 Train Loss: 0.0043642056Val Loss: 0.0025502027   LR: 1.00e-03
Epoch 861/1000 Train Loss: 0.0045065113Val Loss: 0.0025933035   LR: 1.00e-03
Epoch 862/1000 Train Loss: 0.0043706583Val Loss: 0.0023249871   LR: 1.00e-03
Epoch 863/1000 Train Loss: 0.0043421498Val Loss: 0.0029499147   LR: 1.00e-03
Epoch 864/1000 Train Loss: 0.0043194108Val Loss: 0.0028182005   LR: 1.00e-03
Epoch 865/1000 Train Loss: 0.0041969479Val Loss: 0.0023886288   LR: 1.00e-03
Epoch 866/1000 Train Loss: 0.0043526340Val Loss: 0.0025227480   LR: 1.00e-03
Epoch 867/1000 Train Loss: 0.0040575568Val Loss: 0.0025137365   LR: 1.00e-03
Epoch 868/1000 Train Loss: 0.0043363632Val Loss: 0.0022967010   LR: 1.00e-03
Epoch 869/1000 Train Loss: 0.0044826424Val Loss: 0.0026567755   LR: 1.00e-03
Epoch 870/1000 Train Loss: 0.0043386351Val Loss: 0.0025327692   LR: 1.00e-03
Epoch 871/1000 Train Loss: 0.0045043270Val Loss: 0.0024812189   LR: 1.00e-03
Epoch 872/1000 Train Loss: 0.0042997780Val Loss: 0.0026770103   LR: 1.00e-03
Epoch 873/1000 Train Loss: 0.0042996551Val Loss: 0.0027894691   LR: 1.00e-03
Epoch 874/1000 Train Loss: 0.0043602769Val Loss: 0.0030090974   LR: 1.00e-03
Epoch 875/1000 Train Loss: 0.0043955356Val Loss: 0.0031445442   LR: 1.00e-03
Epoch 876/1000 Train Loss: 0.0043064037Val Loss: 0.0028688895   LR: 1.00e-03
Epoch 877/1000 Train Loss: 0.0042882190Val Loss: 0.0026007279   LR: 1.00e-03
Epoch 878/1000 Train Loss: 0.0044452164Val Loss: 0.0028846637   LR: 1.00e-03
Epoch 879/1000 Train Loss: 0.0044818279Val Loss: 0.0025581191   LR: 1.00e-03
Epoch 880/1000 Train Loss: 0.0044415517Val Loss: 0.0031551421   LR: 1.00e-03
Epoch 881/1000 Train Loss: 0.0042693387Val Loss: 0.0025497782   LR: 1.00e-03
Epoch 882/1000 Train Loss: 0.0041965594Val Loss: 0.0027565164   LR: 1.00e-03
Epoch 883/1000 Train Loss: 0.0043430298Val Loss: 0.0025788561   LR: 1.00e-03
Epoch 884/1000 Train Loss: 0.0042363126Val Loss: 0.0022784166   LR: 1.00e-03
Epoch 885/1000 Train Loss: 0.0042785468Val Loss: 0.0025315619   LR: 1.00e-03
Epoch 886/1000 Train Loss: 0.0042099638Val Loss: 0.0024012812   LR: 1.00e-03
Epoch 887/1000 Train Loss: 0.0042038017Val Loss: 0.0028563050   LR: 1.00e-03
Epoch 888/1000 Train Loss: 0.0044347391Val Loss: 0.0025646564   LR: 1.00e-03
Epoch 889/1000 Train Loss: 0.0042627703Val Loss: 0.0027426173   LR: 1.00e-03
Epoch 890/1000 Train Loss: 0.0043954414Val Loss: 0.0027058591   LR: 1.00e-03
Epoch 891/1000 Train Loss: 0.0043177912Val Loss: 0.0027245626   LR: 1.00e-03
Epoch 892/1000 Train Loss: 0.0041624712Val Loss: 0.0024154850   LR: 1.00e-03
Epoch 893/1000 Train Loss: 0.0041855273Val Loss: 0.0026416050   LR: 1.00e-03
Epoch 894/1000 Train Loss: 0.0043089000Val Loss: 0.0024149907   LR: 1.00e-03
Epoch 895/1000 Train Loss: 0.0043852289Val Loss: 0.0025890717   LR: 1.00e-03
Epoch 896/1000 Train Loss: 0.0045614693Val Loss: 0.0025778851   LR: 1.00e-03
Epoch 897/1000 Train Loss: 0.0043225408Val Loss: 0.0032560975   LR: 1.00e-03
Epoch 898/1000 Train Loss: 0.0041611422Val Loss: 0.0025679670   LR: 1.00e-03
Epoch 899/1000 Train Loss: 0.0043902927Val Loss: 0.0022076626   LR: 1.00e-03
Epoch 900/1000 Train Loss: 0.0043968290Val Loss: 0.0026621395   LR: 1.00e-03
Epoch 901/1000 Train Loss: 0.0044269075Val Loss: 0.0025617077   LR: 1.00e-03
Epoch 902/1000 Train Loss: 0.0042284192Val Loss: 0.0024663755   LR: 1.00e-03
Epoch 903/1000 Train Loss: 0.0042887910Val Loss: 0.0026634574   LR: 1.00e-03
Epoch 904/1000 Train Loss: 0.0042709360Val Loss: 0.0023704159   LR: 1.00e-03
Epoch 905/1000 Train Loss: 0.0043235613Val Loss: 0.0024904786   LR: 1.00e-03
Epoch 906/1000 Train Loss: 0.0044497325Val Loss: 0.0026108669   LR: 1.00e-03
Epoch 907/1000 Train Loss: 0.0043044290Val Loss: 0.0021728538   LR: 1.00e-03
Epoch 908/1000 Train Loss: 0.0044226393Val Loss: 0.0026261252   LR: 1.00e-03
Epoch 909/1000 Train Loss: 0.0041952522Val Loss: 0.0023716523   LR: 1.00e-03
Epoch 910/1000 Train Loss: 0.0043189429Val Loss: 0.0023216742   LR: 1.00e-03
Epoch 911/1000 Train Loss: 0.0043123973Val Loss: 0.0025875985   LR: 1.00e-03
Epoch 912/1000 Train Loss: 0.0042824446Val Loss: 0.0025395163   LR: 1.00e-03
Epoch 913/1000 Train Loss: 0.0042456101Val Loss: 0.0025276364   LR: 1.00e-03
Epoch 914/1000 Train Loss: 0.0043332624Val Loss: 0.0024060276   LR: 1.00e-03
Epoch 915/1000 Train Loss: 0.0044450271Val Loss: 0.0026868998   LR: 1.00e-03
Epoch 916/1000 Train Loss: 0.0042906162Val Loss: 0.0025831554   LR: 1.00e-03
Epoch 917/1000 Train Loss: 0.0042274432Val Loss: 0.0024628907   LR: 1.00e-03
Epoch 918/1000 Train Loss: 0.0042533564Val Loss: 0.0024955228   LR: 1.00e-03
Epoch 919/1000 Train Loss: 0.0043825317Val Loss: 0.0028384166   LR: 1.00e-03
Epoch 920/1000 Train Loss: 0.0041988547Val Loss: 0.0026918147   LR: 1.00e-03
Epoch 921/1000 Train Loss: 0.0042238774Val Loss: 0.0027752801   LR: 1.00e-03
Epoch 922/1000 Train Loss: 0.0042047746Val Loss: 0.0027961785   LR: 1.00e-03
Epoch 923/1000 Train Loss: 0.0042741941Val Loss: 0.0026647940   LR: 1.00e-03
Epoch 924/1000 Train Loss: 0.0043652303Val Loss: 0.0025047462   LR: 1.00e-03
Epoch 925/1000 Train Loss: 0.0042941476Val Loss: 0.0026596912   LR: 1.00e-03
Epoch 926/1000 Train Loss: 0.0043862520Val Loss: 0.0024296174   LR: 1.00e-03
Epoch 927/1000 Train Loss: 0.0043161221Val Loss: 0.0025639992   LR: 1.00e-03
Epoch 928/1000 Train Loss: 0.0041703077Val Loss: 0.0023274390   LR: 1.00e-03
Epoch 929/1000 Train Loss: 0.0042820950Val Loss: 0.0028838028   LR: 1.00e-03
Epoch 930/1000 Train Loss: 0.0042988809Val Loss: 0.0030531955   LR: 1.00e-03
Epoch 931/1000 Train Loss: 0.0043251755Val Loss: 0.0024195364   LR: 1.00e-03
Epoch 932/1000 Train Loss: 0.0043181289Val Loss: 0.0023248306   LR: 1.00e-03
Epoch 933/1000 Train Loss: 0.0044229112Val Loss: 0.0026107874   LR: 1.00e-03
Epoch 934/1000 Train Loss: 0.0042805987Val Loss: 0.0026163051   LR: 1.00e-03
Epoch 935/1000 Train Loss: 0.0044048875Val Loss: 0.0033981720   LR: 1.00e-03
Epoch 936/1000 Train Loss: 0.0041976217Val Loss: 0.0029040615   LR: 1.00e-03
Epoch 937/1000 Train Loss: 0.0042080804Val Loss: 0.0023671715   LR: 1.00e-03
Epoch 938/1000 Train Loss: 0.0041242218Val Loss: 0.0027267862   LR: 1.00e-03
Epoch 939/1000 Train Loss: 0.0045149303Val Loss: 0.0033540405   LR: 1.00e-03
Epoch 940/1000 Train Loss: 0.0043841755Val Loss: 0.0026950838   LR: 1.00e-03
Epoch 941/1000 Train Loss: 0.0041684525Val Loss: 0.0030056693   LR: 1.00e-03
Epoch 942/1000 Train Loss: 0.0043070101Val Loss: 0.0022404060   LR: 1.00e-03
Epoch 943/1000 Train Loss: 0.0041428624Val Loss: 0.0023561605   LR: 1.00e-03
Epoch 944/1000 Train Loss: 0.0042661506Val Loss: 0.0026542450   LR: 1.00e-03
Epoch 945/1000 Train Loss: 0.0041237678Val Loss: 0.0028325910   LR: 1.00e-03
Epoch 946/1000 Train Loss: 0.0042582626Val Loss: 0.0024826070   LR: 1.00e-03
Epoch 947/1000 Train Loss: 0.0042607670Val Loss: 0.0026457659   LR: 1.00e-03
Epoch 948/1000 Train Loss: 0.0041722481Val Loss: 0.0020235980   LR: 1.00e-03
Epoch 949/1000 Train Loss: 0.0041279456Val Loss: 0.0022837304   LR: 1.00e-03
Epoch 950/1000 Train Loss: 0.0042528286Val Loss: 0.0027261672   LR: 1.00e-03
Epoch 951/1000 Train Loss: 0.0041375359Val Loss: 0.0034374496   LR: 1.00e-03
Epoch 952/1000 Train Loss: 0.0042181435Val Loss: 0.0027899390   LR: 1.00e-03
Epoch 953/1000 Train Loss: 0.0041717939Val Loss: 0.0023968936   LR: 1.00e-03
Epoch 954/1000 Train Loss: 0.0041900226Val Loss: 0.0024144701   LR: 1.00e-03
Epoch 955/1000 Train Loss: 0.0041952381Val Loss: 0.0025859851   LR: 1.00e-03
Epoch 956/1000 Train Loss: 0.0042202788Val Loss: 0.0024021561   LR: 1.00e-03
Epoch 957/1000 Train Loss: 0.0041288230Val Loss: 0.0024190897   LR: 1.00e-03
Epoch 958/1000 Train Loss: 0.0041913521Val Loss: 0.0024924506   LR: 1.00e-03
Epoch 959/1000 Train Loss: 0.0041845292Val Loss: 0.0025627406   LR: 1.00e-03
Epoch 960/1000 Train Loss: 0.0042773931Val Loss: 0.0024239766   LR: 1.00e-03
Epoch 961/1000 Train Loss: 0.0042821343Val Loss: 0.0028277612   LR: 1.00e-03
Epoch 962/1000 Train Loss: 0.0043010407Val Loss: 0.0024334548   LR: 1.00e-03
Epoch 963/1000 Train Loss: 0.0043315842Val Loss: 0.0025533723   LR: 1.00e-03
Epoch 964/1000 Train Loss: 0.0043559167Val Loss: 0.0024628432   LR: 1.00e-03
Epoch 965/1000 Train Loss: 0.0042574863Val Loss: 0.0024839677   LR: 1.00e-03
Epoch 966/1000 Train Loss: 0.0041146794Val Loss: 0.0026570061   LR: 1.00e-03
Epoch 967/1000 Train Loss: 0.0043355110Val Loss: 0.0026301411   LR: 1.00e-03
Epoch 968/1000 Train Loss: 0.0043716889Val Loss: 0.0024577197   LR: 1.00e-03
Epoch 969/1000 Train Loss: 0.0042186404Val Loss: 0.0023746734   LR: 1.00e-03
Epoch 970/1000 Train Loss: 0.0041819049Val Loss: 0.0022482493   LR: 1.00e-03
Epoch 971/1000 Train Loss: 0.0043369993Val Loss: 0.0025898499   LR: 1.00e-03
Epoch 972/1000 Train Loss: 0.0041560681Val Loss: 0.0032804086   LR: 1.00e-03
Epoch 973/1000 Train Loss: 0.0043132194Val Loss: 0.0033968224   LR: 1.00e-03
Epoch 974/1000 Train Loss: 0.0041338951Val Loss: 0.0022539209   LR: 1.00e-03
Epoch 975/1000 Train Loss: 0.0042406845Val Loss: 0.0023023000   LR: 1.00e-03
Epoch 976/1000 Train Loss: 0.0040831194Val Loss: 0.0021405907   LR: 1.00e-03
Epoch 977/1000 Train Loss: 0.0043479231Val Loss: 0.0024134704   LR: 1.00e-03
Epoch 978/1000 Train Loss: 0.0042224395Val Loss: 0.0024534069   LR: 1.00e-03
Epoch 979/1000 Train Loss: 0.0040749064Val Loss: 0.0024973597   LR: 1.00e-03
Epoch 980/1000 Train Loss: 0.0041949537Val Loss: 0.0024002910   LR: 1.00e-03
Epoch 981/1000 Train Loss: 0.0041106568Val Loss: 0.0025144899   LR: 1.00e-03
Epoch 982/1000 Train Loss: 0.0042074644Val Loss: 0.0026149054   LR: 1.00e-03
Epoch 983/1000 Train Loss: 0.0040773689Val Loss: 0.0023431455   LR: 1.00e-03
Epoch 984/1000 Train Loss: 0.0041820463Val Loss: 0.0023098799   LR: 1.00e-03
Epoch 985/1000 Train Loss: 0.0041942622Val Loss: 0.0025370274   LR: 1.00e-03
Epoch 986/1000 Train Loss: 0.0042765280Val Loss: 0.0024890948   LR: 1.00e-03
Epoch 987/1000 Train Loss: 0.0040072543Val Loss: 0.0024993784   LR: 1.00e-03
Epoch 988/1000 Train Loss: 0.0041708007Val Loss: 0.0023168675   LR: 1.00e-03
Epoch 989/1000 Train Loss: 0.0042674405Val Loss: 0.0027140799   LR: 1.00e-03
Epoch 990/1000 Train Loss: 0.0041399896Val Loss: 0.0024258931   LR: 1.00e-03
Epoch 991/1000 Train Loss: 0.0042281896Val Loss: 0.0029687330   LR: 1.00e-03
Epoch 992/1000 Train Loss: 0.0041452951Val Loss: 0.0025430931   LR: 1.00e-03
Epoch 993/1000 Train Loss: 0.0041883947Val Loss: 0.0024260670   LR: 1.00e-03
Epoch 994/1000 Train Loss: 0.0042277986Val Loss: 0.0024929434   LR: 1.00e-03
Epoch 995/1000 Train Loss: 0.0041185935Val Loss: 0.0026139434   LR: 1.00e-03
Epoch 996/1000 Train Loss: 0.0044679321Val Loss: 0.0025383418   LR: 1.00e-03
Epoch 997/1000 Train Loss: 0.0044242014Val Loss: 0.0025644955   LR: 1.00e-03
Epoch 998/1000 Train Loss: 0.0041933483Val Loss: 0.0024316924   LR: 1.00e-03
Epoch 999/1000 Train Loss: 0.0044157204Val Loss: 0.0026523921   LR: 1.00e-03
Epoch 1000/1000 Train Loss: 0.0042130208Val Loss: 0.0026646843   LR: 1.00e-03
