cpu
1/500 | Params: [-1.5, -1.0686545475198153, -1.3609063154994436, -1.5, -1.215114413384046, -1.1045620787960089]
2/500 | Params: [-1.5, -0.6360880462358988, -1.5, 0.47500815111875905, -1.5, -1.5]
3/500 | Params: [-1.5, -0.8749125034372206, -1.0311561568318366, -1.5, -1.5, -1.329426033633446]
4/500 | Params: [-1.5, -0.6894471519927747, -1.0324542503405276, -1.5, -1.5, -1.5]
5/500 | Params: [-1.5, -1.5, -0.21879181170110099, -1.5, -1.5, -1.5]
6/500 | Params: [-1.5, -1.5, -0.47971270460428805, -1.5, -1.5, -1.5]
7/500 | Params: [-1.5, -1.5, -0.6235479150334103, 1.1357864932910575, -1.5, -0.5974490213371164]
8/500 | Params: [-1.5, -1.3468499458858303, 0.17529301407732878, -1.5, -1.189792226512463, -1.0931395687640737]
9/500 | Params: [-1.5, -0.8347851737803158, -0.8890980105839345, -1.5, -1.5, -1.5]
10/500 | Params: [-1.5, -1.5, -0.8551342313459638, -1.0600442341337646, -1.5, -1.5]
11/500 | Params: [-1.5, -1.5, -1.0043611277255156, -1.5, -1.5, -1.5]
12/500 | Params: [-1.5, -1.5, 0.6041212192104435, -1.5, -1.5, -0.9133090519905592]
13/500 | Params: [-1.5, -0.6975383418273494, -1.5, 0.47011439654427223, -1.5, -1.5]
14/500 | Params: [-1.5, -0.5450640105712251, -1.5, 0.8040306898297513, -1.5, -1.5]
15/500 | Params: [-1.5, -1.5, -0.08691652629048251, -1.5, -1.5, -1.1877935971741327]
16/500 | Params: [-1.5, -0.7218565564428059, -1.5, 0.5580788377176898, -1.5, -1.5]
17/500 | Params: [-1.5, -1.5, 0.23022274107264332, -1.5, -1.5, -1.5]
18/500 | Params: [-1.5, -1.5, -0.46855160839628907, -1.3873034306494754, -1.5, -1.5]
19/500 | Params: [-1.5, -0.5796888551174395, -1.5, -1.5, -1.5, -1.5]
20/500 | Params: [-1.5, -1.5, -0.456006681423006, -1.5, -1.5, -1.5]
21/500 | Params: [-1.5, -0.6631336514019837, -1.5, 1.1122575423230976, -1.5, -1.5]
22/500 | Params: [-1.5, -1.5, -0.9097853214839628, -0.6512712024073953, -1.5, -1.5]
23/500 | Params: [-1.5, -1.4062516310420436, -0.9557529217549037, -0.4523025906940921, -1.5, -1.5]
24/500 | Params: [-1.5, -1.1102262778618641, -1.5, -0.3917324035618166, -1.5, -1.5]
25/500 | Params: [-1.5, -1.086439761492684, -0.8095296880326911, -1.5, -1.5, -1.5]
26/500 | Params: [-1.5, -1.5, -1.5, 1.5, -1.5, -0.45122915606119757]
27/500 | Params: [-1.5, -1.12318917347969, -1.1171099899776396, -1.5, -1.5, -1.5]
28/500 | Params: [-1.5, -0.7431427435968833, -1.5, -0.261438058634813, -1.5, -1.5]
29/500 | Params: [-1.5, -1.5, 0.36002996262764825, -1.5, -1.5, -1.5]
30/500 | Params: [-1.5, -1.1236943983199603, -0.7893822474606457, -0.6933460120667839, -1.5, -0.8017321096497914]
31/500 | Params: [-1.5, -1.5, -0.9502946230858261, -0.4660445130346571, -1.5, -1.5]
32/500 | Params: [-1.5, -1.3808453900244566, -0.1883473265054979, 0.3287087831163909, -1.5, -0.5814826907875638]
33/500 | Params: [-1.5, -1.0418546608890182, -0.9870372696337381, -1.1368913887351886, -1.5, -1.5]
34/500 | Params: [-1.5, -1.5, -1.3079252628065143, -1.5, -1.5, -1.5]
35/500 | Params: [-1.5, -1.5, -0.009288461104665312, -0.24405972371333218, -1.5, -0.5072430770850442]
36/500 | Params: [-1.5, -1.5, -1.076664490436546, -1.5, -1.5, -1.5]
37/500 | Params: [-1.5, -1.5, -1.104437998570144, -1.5, -1.5, -1.5]
38/500 | Params: [-1.5, -1.5, -0.21796960202430923, -1.5, -1.5, -1.5]
39/500 | Params: [-1.5, -1.5, -0.7516106216121579, -1.5, -1.5, -1.1937478788096452]
40/500 | Params: [-1.5, -0.8773936039625342, -1.5, -1.5, -0.5893072961044786, -1.2018635916735723]
41/500 | Params: [-1.5, -1.5, -0.48776591194763547, -1.5, -1.5, -1.5]
42/500 | Params: [-1.5, -0.666183257131808, -1.5, -1.5, -1.5, -1.5]
43/500 | Params: [-1.5, -1.1115100088019794, -0.929770012521508, -1.5, -1.422164350992131, -1.5]
44/500 | Params: [-1.5, -0.8393115937052968, -1.025528194001976, -0.974557283576024, -1.5, -1.2612647468316007]
45/500 | Params: [-1.5, -1.5, 0.2192698978803751, -1.5, -1.5, -1.5]
46/500 | Params: [-1.5, -1.5, -1.3022301360868946, 1.1985922607556803, -1.5, -0.4403651856864669]
47/500 | Params: [-1.5, -1.5, -0.8545211064341243, -1.0119525318851845, -1.5, -1.1992173445219165]
48/500 | Params: [-1.5, -0.5748027192890486, -1.5, -1.5, -0.9126479947849844, -1.0598458565944564]
49/500 | Params: [-1.5, -1.5, -0.4339151508745292, -1.5, -1.5, -1.151906470458209]
50/500 | Params: [-1.5, -0.6086513791606768, -1.5, 0.7500387524909222, -1.5, -1.5]
51/500 | Params: [-1.5, -0.9131598781987301, -1.5, 1.5, -1.5, -1.5]
52/500 | Params: [-1.5, -1.0453288999460222, -0.46851261774105635, -1.2262829008722096, -1.2128210924006266, -1.3374073225129863]
53/500 | Params: [-1.5, -0.7219408240928379, -1.037384534211327, 0.7794890529574346, -1.5, -1.5]
54/500 | Params: [-1.5, -0.7982864208315216, -1.5, 0.5495135378442478, -1.5, -1.5]
55/500 | Params: [-1.5, -1.5, -0.4928435630641153, -0.09094092365262467, -1.5, -0.4043862217697315]
56/500 | Params: [-1.5, -1.5, 0.4070999797841738, -1.5, -1.5, -1.0203457227196757]
57/500 | Params: [-1.5, -1.5, -1.0140176028857686, -0.6985674308141352, -1.5, -1.5]
58/500 | Params: [-1.5, -0.7821616125901498, -1.5, 0.5268773451701159, -1.5, -1.5]
59/500 | Params: [-1.5, -0.8175820092462738, -1.5, 0.7925722041465886, -1.5, -1.5]
60/500 | Params: [-1.5, -0.9794112088910258, -0.7501561710932545, -1.5, -1.5, -1.5]
61/500 | Params: [-1.5, -1.5, 0.4258297185265511, -1.5, -1.5, -1.1526264293815107]
62/500 | Params: [-1.5, -1.0932920235409085, -0.534907674184844, -0.7456321411038681, -1.5, -1.1661458184642755]
63/500 | Params: [-1.5, -1.5, 0.24758258139203504, -1.5, -1.5, -1.5]
64/500 | Params: [-1.5, -1.5, -0.0377469545016583, 0.5648714624649704, -1.5, -0.48876749643021383]
65/500 | Params: [-1.5, -0.8501570252679832, -0.9608352031466525, -1.5, -1.5, -1.5]
66/500 | Params: [-1.5, -1.5, -1.5, 1.5, -1.5, -0.49003774601639005]
67/500 | Params: [-1.5, -0.8458109492626128, -1.5, 0.44456248280475963, -1.5, -1.2423220729176172]
68/500 | Params: [-1.5, -0.8015108136371996, -0.9491595703211695, -1.5, -1.5, -1.5]
69/500 | Params: [-1.5, -0.612420648892051, -1.5, -1.027423772860364, -1.5, -1.4028027056420007]
70/500 | Params: [-1.5, -1.5, -1.1827002532284199, -1.1398975310198924, -1.5, -1.5]
71/500 | Params: [-1.5, -1.5, -0.8964860670849033, 0.7523748463208549, -1.5, -0.4003050430483158]
72/500 | Params: [-1.5, -0.5498077261704574, -1.5, 0.046115661448752315, -1.5, -1.5]
73/500 | Params: [-1.5, -0.482969764557494, -1.5, -1.5, -1.5, -1.5]
74/500 | Params: [-1.5, -0.9990842951175516, -0.7804936748767719, -1.044698482398498, -1.5, -1.0764370742554499]
75/500 | Params: [-1.5, -1.5, -0.9785651156843352, -0.342362782540728, -1.5, -1.5]
76/500 | Params: [-1.5, -0.6761298137139207, -1.5, -1.5, -1.5, -1.5]
77/500 | Params: [-1.5, -0.9286731757134327, -0.7486548069629052, -1.283423590637625, -1.4415130250545465, -1.2499105882198873]
78/500 | Params: [-1.5, -0.43688933652645623, -1.5, -1.5, -1.5, -1.5]
79/500 | Params: [-1.5, -1.5, -1.2732121337211078, -1.5, -1.5, -1.5]
80/500 | Params: [-1.5, -1.1299581279419764, -0.9488690314945377, 0.008998200227609039, -1.5, -1.5]
81/500 | Params: [-1.5, -1.5, -0.9213899366462354, -1.5, -1.5, -1.5]
82/500 | Params: [-1.5, -0.9791695197064186, -0.9449931857059484, -1.5, -1.5, -1.5]
83/500 | Params: [-1.5, -1.5, -0.9365208783290797, -0.7531304710507655, -1.5, -1.5]
84/500 | Params: [-1.5, -1.5, -0.5121017590006173, -1.5, -1.5, -1.1178326075793057]
85/500 | Params: [-1.5, -1.5, -1.2008850560720417, -1.3326936710872246, -1.5, -1.5]
86/500 | Params: [-1.5, -1.5, -1.5, 1.5, -1.5, -0.5038724334398007]
87/500 | Params: [-1.5, -1.5, -1.5, -0.40541491045422273, -1.5, -1.5]
88/500 | Params: [-1.5, -1.056644599619084, -1.5, 0.7182375828014858, -1.5, -1.5]
89/500 | Params: [-1.5, -1.5, -0.1931392396090039, -1.4101439732893566, -1.5, -1.5]
90/500 | Params: [-1.5, -0.8595829097586166, -1.5, 0.6737514729424467, -1.5, -1.5]
91/500 | Params: [-1.5, -0.91220695073136, -0.7571031458671458, -1.5, -1.5, -1.5]
92/500 | Params: [-1.5, -0.943115268124906, -0.7352255384950857, -1.077278036284201, -1.5, -1.5]
93/500 | Params: [-1.5, -1.0916868035360154, -1.0231638749548337, -0.858419423590689, -1.5, -1.5]
94/500 | Params: [-1.5, -1.5, -1.06977515612329, -1.5, -1.5, -1.5]
95/500 | Params: [-1.5, -0.8655120041031399, -0.5496054474574766, -1.5, -1.5, -1.1508474095061916]
96/500 | Params: [-1.5, -1.5, 0.6623386245060834, -1.5, -1.5, -1.1178567816320335]
97/500 | Params: [-1.5, -1.5, -0.47371370411759045, -1.5, -1.5, -1.5]
98/500 | Params: [-1.5, -0.4486566659718437, -1.5, -1.5, -1.5, -1.5]
99/500 | Params: [-1.5, -0.9424468112874209, 0.2633423447183233, 0.9158877630466056, 1.5, -0.29132761856860556]
100/500 | Params: [-1.5, -0.9894415913203785, -0.7766995964648237, -1.5, -1.5, -1.5]
101/500 | Params: [-1.5, -1.5, -0.5896518687423831, -0.8067427996361656, -1.5, -1.123557891095058]
102/500 | Params: [-1.5, -0.9625552118836476, -1.5, 0.6663836988125066, -1.5, -1.5]
103/500 | Params: [-1.5, -0.6044572584503836, -1.5, 0.7885991261221627, -1.5, -1.5]
104/500 | Params: [-1.5, -0.7515834327434762, -1.5, -1.5, -1.5, -1.5]
105/500 | Params: [-1.5, -1.5, -0.4925985095355766, -1.1159959318932446, -1.5, -1.5]
106/500 | Params: [-1.5, -0.4395103080925549, -1.5, -1.5, -1.5, -1.5]
107/500 | Params: [-1.5, -1.1038699173838764, -1.5, 1.1530974825055327, -1.5, -1.5]
108/500 | Params: [-1.5, -1.5, -0.1865670027723136, 0.15062249261184596, -1.5, -0.5130908748129593]
109/500 | Params: [-1.5, -1.5, -0.49254216094638953, 0.11361314059732285, -1.5, -0.39172986935511933]
110/500 | Params: [-1.5, -1.4362889627174245, -0.29703675017372067, 0.19410577551557073, -1.5, -0.5399004766777057]
111/500 | Params: [-1.5, -0.8542655591205445, -0.9868198319482784, -0.8704630662390658, -1.5, -1.5]
112/500 | Params: [-1.5, -1.5, 0.10249794814339909, -0.2225762354814725, -1.5, -0.44478087605571454]
113/500 | Params: [-1.5, -1.1332178860142748, -1.0960599384951712, -1.1583155877196416, -1.5, -1.5]
114/500 | Params: [-1.5, -1.5, -1.5, -1.5, -0.93930106311483, -1.220761554182863]
115/500 | Params: [-1.5, -0.8780039544317692, -0.950282851924741, -0.8619280127111196, -1.5, -1.5]
116/500 | Params: [-1.5, -1.5, -0.813843686725111, -1.5, -1.5, -1.5]
117/500 | Params: [-1.5, -0.7863637602320087, -1.5, -1.5, -1.5, -1.5]
118/500 | Params: [-1.5, -1.5, 0.05809218605679073, -1.5, -1.5, -1.5]
119/500 | Params: [-1.5, -1.5, -0.5593097654297448, -1.5, -1.5, -1.5]
120/500 | Params: [-1.5, -1.2296210317953717, -0.8976075229621934, -1.5, -1.5, -1.5]
121/500 | Params: [-1.5, -1.5, -0.8823504993583952, -1.5, -1.5, -1.5]
122/500 | Params: [-1.5, -1.5, -1.2003391093348224, -1.5, -1.5, -1.5]
123/500 | Params: [-1.5, -0.6862130761269375, -1.5, 0.7606811061646305, -1.5, -1.5]
124/500 | Params: [-1.5, -1.5, -0.9466846943701909, -0.6367704050573455, -1.5, -1.5]
125/500 | Params: [-1.5, -1.5, 0.8439402859696161, -1.5, -1.5, -1.1916866474154693]
126/500 | Params: [-1.5, -1.5, 0.6225986127026394, -1.5, -1.5, -1.0472325775738727]
127/500 | Params: [-1.5, -1.5, -1.11924634883255, -0.7068433237036847, -1.5, -1.5]
128/500 | Params: [-1.5, -1.5, -1.5, -1.0143270182931314, -1.5, -1.5]
129/500 | Params: [-1.5, -1.5, -1.2859663725235937, -1.5, -1.5, -1.5]
130/500 | Params: [-1.5, -0.8070579337298865, -1.5, 0.5758054648306487, -1.5, -1.5]
131/500 | Params: [-1.5, -1.4720611793140155, 0.06967989215358279, -1.5, -1.5, -1.5]
132/500 | Params: [-1.5, -1.1139476663355772, -1.2653703384309416, -0.9541466109804351, -1.0233063012952623, -1.3419041372413936]
133/500 | Params: [-1.5, -1.5, -0.9828648571039391, -0.37140884018797066, -1.5, -1.5]
134/500 | Params: [-1.5, -0.7305399515482531, -1.5, 1.5, -1.5, -1.5]
135/500 | Params: [-1.5, -0.6250267167781992, -1.5, 1.0996415157098416, -1.5, -1.5]
136/500 | Params: [-1.5, -0.9119973439506953, -0.785768775055507, -0.9468826090873872, -1.5, -1.5]
137/500 | Params: [-1.5, -1.2143913217345141, -1.3688205895149144, 0.21863370844083113, -1.5, -1.5]
138/500 | Params: [-1.5, -0.8800265741299327, -0.888061353541216, -0.8325201261442471, -1.5, -1.1843483324881596]
139/500 | Params: [-1.5, -0.9842982480101672, -0.7200619408430793, -1.5, -0.9635974993570515, -0.9952198759469939]
140/500 | Params: [-1.5, -0.8421966145153837, -1.5, 0.6822191235558814, -1.5, -1.5]
141/500 | Params: [-1.5, -1.5, -1.0366200026471233, -0.6555023434136953, -1.5, -1.5]
142/500 | Params: [-1.5, -0.7538630785725733, -1.5, 0.7510445580914287, -1.5, -1.5]
143/500 | Params: [-1.5, -0.7844224140239034, -1.5, 1.5, -1.5, -0.4828397534996764]
144/500 | Params: [-1.5, -1.5, -0.28772070924151316, -1.4177127106710374, -1.5, -1.5]
145/500 | Params: [-1.5, -1.5, -0.848640980034459, -1.5, -1.5, -1.5]
146/500 | Params: [-1.5, -0.7928913159994058, -1.5, 0.7570183344942644, -1.5, -1.5]
147/500 | Params: [-1.5, -1.5, -1.1325434119225741, -1.5, -1.5, -1.5]
148/500 | Params: [-1.5, -0.8768938704106536, -0.9102669225016277, -1.5, -0.8090719631999272, -1.2370874082819265]
149/500 | Params: [-1.5, -0.6989558909989053, -1.5, -0.455106535174419, -1.5, -1.5]
150/500 | Params: [-1.5, -0.6761654375693609, -1.5, 1.5, -1.5, -1.5]
151/500 | Params: [-1.5, -0.7301642040725699, -0.9908019087958562, -1.5, -1.5, -1.5]
152/500 | Params: [-1.5, -1.5, -1.1195420994079908, -0.7064427190357626, -1.5, -1.5]
153/500 | Params: [-1.5, -1.5, -1.196566797354553, -1.5, -1.5, -1.5]
154/500 | Params: [-1.5, -0.9467166915451308, -1.5, 0.6181019869434052, -1.5, -1.5]
155/500 | Params: [-1.5, -1.085254479835754, -0.35995777770781545, -1.5, -1.5, -1.5]
156/500 | Params: [-1.5, -0.6038588355092781, -1.5, 0.2531040572799146, -1.5, -1.5]
157/500 | Params: [-1.5, -1.5, -0.6242175628338194, -1.2368702551932071, -1.5, -1.1739180876188422]
158/500 | Params: [-1.5, -0.5696376129981597, -1.5, -1.0534360977732073, -1.5, -1.490188502282428]
159/500 | Params: [-1.5, -1.5, -1.5, -0.8938000771111905, -1.5, -1.5]
160/500 | Params: [-1.5, -0.9670378914389411, -1.5, 0.8070420565201196, -1.5, -1.5]
161/500 | Params: [-1.5, -0.9058000407490753, -1.0597365222171728, -1.0431400050130997, -1.5, -1.4831804988890875]
162/500 | Params: [-1.5, -0.7503362262720891, -1.5, -1.1798692027278759, -1.5, -1.5]
163/500 | Params: [-1.5, -0.4808371943514826, -1.5, -1.5, -1.5, -1.5]
164/500 | Params: [-1.5, -1.5, 0.6707578673186707, -1.5, -1.5, -1.0817965908549114]
165/500 | Params: [-1.5, -0.8758400910696239, -1.5, 0.7334795195916026, -1.5, -1.5]
166/500 | Params: [-1.5, -1.5, -1.5, 1.5, -0.25658227008510964, -0.7880824161610882]
167/500 | Params: [-1.5, -1.5, -0.47156031336103615, -1.5, -1.5, -1.1940488681850854]
168/500 | Params: [-1.5, -1.5, -1.5, -0.9524707984871845, -1.5, -1.5]
169/500 | Params: [-1.5, -1.5, -0.6792306192159993, 1.5, -1.5, -0.6212192687125201]
170/500 | Params: [-1.5, -0.8984639594007899, -1.5, -0.4910371733598672, -1.5, -1.5]
171/500 | Params: [-1.5, -1.5, -1.5, 1.5, -1.5, -0.5304111529831957]
172/500 | Params: [-1.5, -1.5, 0.26091654902743333, -1.5, -1.5, -1.098441565813366]
173/500 | Params: [-1.5, -0.720548822092925, -1.5, 0.46941241243570847, -1.5, -1.5]
174/500 | Params: [-1.5, -0.4567041227538445, -1.5, -1.5, -1.5, -1.5]
175/500 | Params: [-1.5, -0.8149900497793872, -1.5, -1.5, -1.5, -1.5]
176/500 | Params: [-1.5, -0.7930714760878552, -0.8759770098675195, -1.5, -1.5, -1.5]
177/500 | Params: [-1.5, -0.942784823477695, -1.2684940038790387, -1.1881641798411635, -1.5, -1.5]
178/500 | Params: [-1.5, -1.1251125667707012, -0.9551807355362747, -0.4195560112186093, -1.5, -1.5]
179/500 | Params: [-1.5, -1.5, -0.6931340630378257, 0.136250100816909, -1.5, -0.4425318886183082]
180/500 | Params: [-1.5, -1.5, -0.3398088893690829, -1.5, -1.5, -1.1966144707623563]
181/500 | Params: [-1.5, -1.5, -0.9926351279595648, -0.681568983246625, -1.5, -1.5]
182/500 | Params: [-1.5, -1.1599014013904096, -1.09190504499566, -1.1792292740673953, -1.5, -1.212741724331164]
183/500 | Params: [-1.5, -0.8373656287023201, -0.8015009649656347, -1.4353183449971356, -1.5, -1.4670589827178682]
184/500 | Params: [-1.5, -1.5, -1.0909756647993192, -0.5876201945512031, -1.5, -1.5]
185/500 | Params: [-1.5, -1.5, -0.9649891702671869, -1.3132925534536606, -0.842479348791578, -1.2495871788155528]
186/500 | Params: [-1.5, -1.5, -0.04318861081654417, 0.18058264988287512, -1.5, -0.5307915974759156]
187/500 | Params: [-1.5, -0.4985418445592268, -1.5, -0.4352469637359478, -1.5, -1.5]
188/500 | Params: [-1.5, -1.5, 0.09751429539602645, -1.5, -1.5, -1.5]
189/500 | Params: [-1.5, -0.7477119794334303, -1.5, 0.7520125694625107, -1.5, -1.5]
190/500 | Params: [-1.5, -1.5, -0.596735407011025, -1.3074876748062882, -1.5, -1.5]
191/500 | Params: [-1.5, -1.5, 0.45328108488215707, -1.5, -1.5, -0.9440031324323994]
192/500 | Params: [-1.5, -1.0476393301700542, -0.9624305508536619, -0.7212935084096859, -1.2558566153043387, -1.1661059989801066]
193/500 | Params: [-1.5, -1.5, -0.24108835856409383, 0.0372410970466324, -1.5, -0.5487717921137427]
194/500 | Params: [-1.5, -1.5, -1.1684522270070166, -1.5, -1.5, -1.5]
195/500 | Params: [-1.5, -0.8073687712073606, -0.6993779700070569, -1.5, -1.5, -1.5]
196/500 | Params: [-1.5, -1.5, -1.5, -0.17976108005278935, -1.5, -1.5]
197/500 | Params: [-1.5, -1.5, -0.8998762655508991, -0.7668660679317557, -1.5, -1.5]
198/500 | Params: [-1.5, -1.5, 0.7400586546534583, -1.5, -1.232303794241197, -0.963961602707343]
199/500 | Params: [-1.5, -0.7083191233789471, -1.5, 1.5, -1.5, -1.5]
200/500 | Params: [-1.5, -0.5636900958247723, -1.5, 1.1929380450779064, -1.5, -1.5]
201/500 | Params: [-1.5, -1.184466808919922, -0.41240692836208287, -1.1843077565992548, -1.5, -1.5]
202/500 | Params: [-1.5, -0.8120551844559629, -1.5, -0.3776371094069274, -1.5, -1.5]
203/500 | Params: [-1.5, -1.5, -0.8958820713629284, -0.5889866490097735, -1.5, -1.5]
204/500 | Params: [-1.5, -0.8667517212156022, -1.5, 0.8967255862621379, -1.5, -1.5]
205/500 | Params: [-1.5, -0.7426976240522447, -1.5, -0.38152017035114705, -1.5, -1.5]
206/500 | Params: [-1.5, -0.9219848737799443, -0.7117793705767947, -1.5, -1.5, -1.2782275976694655]
207/500 | Params: [-1.5, -0.825939661628746, -1.0297804152419214, -1.5, -1.5, -1.5]
208/500 | Params: [-1.5, -1.5, -1.2427003714536007, -1.5, -1.5, -1.5]
209/500 | Params: [-1.5, -1.5, 0.5221624893814667, -1.5, -1.5, -1.0421934447881724]
210/500 | Params: [-1.5, -1.5, -1.5, -0.3166404547358018, -1.5, -1.5]
211/500 | Params: [-1.5, -0.7142889954034232, -1.0318274480201153, -1.5, -1.5, -1.5]
212/500 | Params: [-1.5, -1.5, 0.17822464677046035, 0.2470037729512783, -1.5, -0.45267187543879167]
213/500 | Params: [-1.5, -1.5, -0.8085430871541879, -1.5, -1.5, -1.5]
214/500 | Params: [-1.5, -1.5, -0.906407096466454, -0.36625517503225224, -1.5, -1.5]
215/500 | Params: [-1.5, -0.6267925282970082, -1.1451689950567794, -1.1244002250133214, -1.5, -1.433437188605641]
216/500 | Params: [-1.5, -1.0000889733194849, -0.8832465292421311, -0.5879101906649103, -1.5, -1.5]
217/500 | Params: [-1.5, -1.5, -1.2247444491664514, -1.5, -1.5, -1.5]
218/500 | Params: [-1.5, -1.0056685061396002, -0.6882891700982441, -0.9046861013275518, -1.5, -1.4264694688815094]
219/500 | Params: [-1.5, -1.5, -0.672687355927827, -0.4391856569977766, -1.5, -1.5]
220/500 | Params: [-1.5, -1.5, 0.1680198209272302, -0.26797986833290705, -1.5, -0.4235757817782232]
221/500 | Params: [-1.5, -0.7839017775749987, -1.5, 0.6604232105415554, -1.5, -1.5]
222/500 | Params: [-1.5, -1.0560382282953316, -1.5, 1.5, -0.3887130261679113, -0.8015180460565231]
223/500 | Params: [-1.5, -1.0959834337360699, -0.7057597144199171, -1.3130731744480248, -1.5, -1.5]
224/500 | Params: [-1.5, -1.5, -0.5005425744680526, -1.5, -1.5, -1.5]
225/500 | Params: [-1.5, -0.679590968941509, -1.5, -1.5, -1.5, -1.5]
226/500 | Params: [-1.5, -1.5, -0.46688464128112406, -1.4786665514875452, -1.5, -1.5]
227/500 | Params: [-1.5, -0.5764469757889865, -1.5, -1.5, -1.5, -1.5]
228/500 | Params: [-1.5, -1.1853052900371228, -0.9230412994972257, -1.5, -1.5, -1.5]
229/500 | Params: [-1.5, -0.717224735486168, -1.5, 1.5, -0.9112254160541343, -1.038881878594713]
230/500 | Params: [-1.5, -0.8203921034910413, -1.5, 0.8334909472063523, -1.5, -1.5]
231/500 | Params: [-1.5, -0.632562744632997, -1.5, 0.27454859409433013, -1.5, -1.5]
232/500 | Params: [-1.5, -1.5, -0.9582821040446841, -0.75490641720332, -1.5, -1.5]
233/500 | Params: [-1.5, -0.7788479289262393, -1.5, 0.5966639705970118, -1.5, -1.5]
234/500 | Params: [-1.5, -1.04990266738586, -0.8258270225253765, -1.277058078849995, -1.5, -1.0514129015219826]
235/500 | Params: [-1.5, -0.8278750529140763, -1.5, -1.5, -1.5, -1.5]
236/500 | Params: [-1.5, -0.8875846054011698, -1.5, 0.5122272493774118, -1.5, -1.5]
237/500 | Params: [-1.5, -0.8660320117358355, -1.5, 0.8112832554989694, -1.5, -1.5]
238/500 | Params: [-1.5, -1.5, 0.47673142889149983, -1.5, -1.5, -1.5]
239/500 | Params: [-1.5, 1.5, -1.5, -0.7951990200552069, -1.5, -0.688909222871244]
240/500 | Params: [-1.5, -1.1829003780250205, -0.561678918572809, -1.1770529980470654, -1.4944064823231407, -1.2439750777202936]
241/500 | Params: [-1.5, -1.2066595570800533, -0.6305869333622374, -1.1760707722280253, -1.5, -1.5]
242/500 | Params: [-1.5, -0.678650077195572, -1.5, 0.3016744833641535, -1.5, -1.5]
243/500 | Params: [-1.5, -1.5, 0.5217471889766203, -1.5, -1.5, -1.1518036065300217]
244/500 | Params: [-1.5, -1.5, -1.0653651364210364, -1.5, -1.5, -1.5]
245/500 | Params: [-1.5, -1.5, -1.3507344993815593, -0.7642948584492688, -1.5, -1.5]
246/500 | Params: [-1.5, -1.5, -1.5, -0.5084473938710466, -1.5, -1.5]
247/500 | Params: [-1.5, -0.9592352911591212, -1.5, 0.5520903097032802, -1.5, -1.5]
248/500 | Params: [-1.5, -0.9621731983976504, -0.616317330178401, -1.5, -1.5, -1.5]
249/500 | Params: [-1.5, -0.6157146865710352, -1.5, -1.5, -1.5, -1.5]
250/500 | Params: [-1.5, -0.828278554709856, -0.7445490922016877, -1.5, -1.5, -1.5]
251/500 | Params: [-1.5, -0.635788162004557, -0.8850035656166346, -1.5, -1.5, -1.1168066100685035]
252/500 | Params: [-1.5, -0.6864472478151427, -1.5, -1.5, -1.5, -1.5]
253/500 | Params: [-1.5, -0.6292415237855679, -1.5, -1.5, -1.5, -1.5]
254/500 | Params: [-1.5, -1.1263891616664155, -1.1641609133950046, -1.5, -1.5, -1.3038243088335164]
255/500 | Params: [-1.5, -0.5972131305880094, -1.5, -1.5, -1.5, -1.5]
256/500 | Params: [-1.5, -1.5, -0.2939691209110979, -1.5, -1.5, -1.5]
257/500 | Params: [-1.5, -1.3421975804922082, -1.427606745888472, -1.1539790138110084, -1.5, -1.3270911478544105]
258/500 | Params: [-1.5, -1.5, 0.47456526072074545, -1.5, -1.5, -1.1057488301301348]
259/500 | Params: [-1.5, -1.5, -1.0615732984000141, -0.7626068131294944, -1.5, -1.5]
260/500 | Params: [-1.5, -0.9578880577358335, -1.1752178602770393, -1.5, -1.5, -1.5]
261/500 | Params: [-1.5, -1.5, -1.5, 1.5, -1.5, -0.4162179363934284]
262/500 | Params: [-1.5, -1.5, -1.1264809829718385, -1.5, -1.5, -1.5]
263/500 | Params: [-1.5, -1.5, -1.448767595653489, -1.5, -1.5, -1.5]
264/500 | Params: [-1.400813717287644, -1.0736868417901388, -1.0104593202408776, -0.5348680911458523, -1.5, -1.5]
265/500 | Params: [-1.5, -1.3088300292383481, -0.7621951631279754, -1.1812773094101032, -1.5, -1.4664748086385648]
266/500 | Params: [-1.5, -1.5, 0.13021269234868815, -0.010410962567343106, -1.5, -0.591083915308255]
267/500 | Params: [-1.5, -1.5, -0.05297183306828943, -1.5, -1.5, -1.5]
268/500 | Params: [-1.5, -1.5, -0.7069892531166442, 1.5, -1.5, -0.5238481473392421]
269/500 | Params: [-1.5, -0.8872664347103382, -1.5, 0.9139869640934137, -1.5, -1.5]
270/500 | Params: [-1.5, -1.1092788290555566, -1.0147528022921766, -1.5, -1.5, -1.5]
271/500 | Params: [-1.5, -0.8137172864747589, -1.4863492735929353, -1.5, -1.5, -1.5]
272/500 | Params: [-1.5, -1.5, -1.5, -0.02485365368852402, -1.5, -1.5]
273/500 | Params: [-1.5, -0.7130740625861145, -1.5, -1.1586844907447584, -1.5, -1.5]
274/500 | Params: [-1.5, -1.5, -0.967931363846243, -0.7311672772670031, -1.5, -1.5]
275/500 | Params: [-1.493372025795385, -0.9542023719217426, -1.1571974194522887, 0.1189886406139298, -1.2015466208268428, -1.293311082481464]
276/500 | Params: [-1.5, -0.6302665844548109, -1.5, 0.5736020414923955, -1.5, -1.5]
277/500 | Params: [-1.5, -1.5, -0.3923236270373906, -1.5, -1.5, -1.5]
278/500 | Params: [-1.5, -1.5, 0.5881279132468993, -1.5, -1.5, -1.5]
279/500 | Params: [-1.5, -1.0813063847897455, -0.9367143613806338, -1.5, -1.5, -1.2425392996988305]
280/500 | Params: [-1.5, -0.5853144464807607, -1.5, -1.5, -1.5, -1.5]
281/500 | Params: [-1.5, -1.5, -0.13164132798327258, -1.5, -1.5, -1.5]
282/500 | Params: [-1.5, -0.8618000017612913, -1.5, 1.5, -0.7507474281244724, -0.97107856624058]
283/500 | Params: [-1.5, -0.9869197765104978, -1.5, -1.5, -1.261397476064896, -1.3100920911274354]
284/500 | Params: [-1.5, -0.9564347700797245, -0.9453714030533708, -0.813240821257481, -1.5, -1.0728207518860138]
285/500 | Params: [-1.5, -1.5, -1.2159835246069943, -1.5, -1.5, -1.5]
286/500 | Params: [-1.5, -1.0359729397990909, -0.5669346566464234, -1.0796974428437562, -1.5, -1.3231671203517286]
287/500 | Params: [-1.5, -1.5, -1.069438663992084, -1.5, -1.5, -1.5]
288/500 | Params: [-1.5, -0.592173334742143, -1.5, -0.5713066853367652, -1.5, -1.5]
289/500 | Params: [-1.5, -0.8165686978507195, -1.5, -1.5, -1.5, -1.5]
290/500 | Params: [-1.5, -0.716950751309332, -1.2818107981309435, -0.573381311056841, -1.5, -1.5]
291/500 | Params: [-1.5, -1.5, -1.5, -0.10778881003015199, -1.5, -1.5]
292/500 | Params: [-1.5, -1.5, 0.7339301465781215, -1.5, -1.5, -1.0615174408532515]
293/500 | Params: [-1.5, -1.5, 0.39979559514209906, -1.5, -1.5, -1.5]
294/500 | Params: [-1.5, -1.5, 0.15913807890226467, -1.5, -1.5, -1.5]
295/500 | Params: [-1.5, -1.4224349046041733, -0.7077902599892184, -0.7057990814893261, -1.5, -1.3414164293659168]
296/500 | Params: [-1.5, -1.5, -1.5, 1.5, -1.5, -0.48402402635575326]
297/500 | Params: [-1.5, -1.5, -1.5, -0.21601426630285883, -1.5, -1.5]
298/500 | Params: [-1.5, -1.0163414874860912, -0.6231084135137739, -0.8873954250148758, -1.5, -0.9730216155335499]
299/500 | Params: [-1.5, -1.5, 0.2508011580801457, -1.5, -1.5, -1.5]
300/500 | Params: [-1.5, -0.7526234964201697, -1.5, -1.1133162231957774, -1.5, -1.5]
301/500 | Params: [-1.5, -0.7277620676514147, -1.5, 0.47138963753140983, -1.5, -1.5]
302/500 | Params: [-1.5, -1.017932814470827, -1.5, 0.5289597734797169, -1.5, -1.5]
303/500 | Params: [-1.5, -0.5441575255726775, -1.5, -1.5, -1.5, -1.5]
304/500 | Params: [-1.5, -1.5, -1.3835269921749056, -1.5, -1.5, -1.5]
305/500 | Params: [-1.5, -1.3765434589769474, -0.5041721876601822, -1.2336414487718268, -1.2852805525220432, -1.3006702203844165]
306/500 | Params: [-1.5, -0.824649097033695, -1.5, 1.058383121423289, -1.5, -1.5]
307/500 | Params: [-1.5, -0.8530221856076188, -1.0813280585148273, -1.2421553845068263, -1.5, -1.5]
308/500 | Params: [-1.5, -0.7346840710340196, -1.5, -1.5, -1.5, -1.5]
309/500 | Params: [-1.5, -1.5, -0.9825409830082245, -1.5, -1.5, -1.5]
310/500 | Params: [-1.5, -0.641943917751801, -1.5, 1.5, -1.5, -1.5]
311/500 | Params: [-1.5, -1.5, 0.27026338521856924, -1.5, -1.5, -1.5]
312/500 | Params: [-1.5, -0.9502555508583662, -0.509431489704165, -1.5, -1.5, -1.1957035890349423]
313/500 | Params: [-1.5, -0.6895943990596343, -1.5, -1.5, -1.5, -1.5]
314/500 | Params: [-1.5, -1.5, 0.5665078783565549, -1.5, -1.5, -0.8226592012035024]
315/500 | Params: [-1.5, -1.5, -0.5688706395840797, -0.7835741916582122, -1.0334049352252048, -1.2100941654942148]
316/500 | Params: [-1.5, -1.5, -0.28469210344032553, -1.5, -1.5, -1.5]
317/500 | Params: [-1.5, -0.6248940442160846, -1.5, 1.2137123564299317, -1.5, -1.5]
318/500 | Params: [-1.5, -0.9219221373524067, -1.5, 1.5, -1.5, -1.5]
319/500 | Params: [-1.5, -1.5, -0.8169018676858092, -1.5, -1.5, -1.5]
320/500 | Params: [-1.5, -1.5, 0.0347747844210911, 0.27583826836359593, -1.5, -0.5272901231391292]
321/500 | Params: [-1.5, -1.5, -0.9913724755396961, -1.5, -1.5, -1.5]
322/500 | Params: [-1.5, -1.5, -1.0672773063452274, -1.5, -1.5, -1.5]
323/500 | Params: [-1.5, -0.9455194801341165, -0.8980627156641868, -1.5, -1.3047992758935938, -1.4401032291427698]
324/500 | Params: [-1.5, -0.9676384155841402, -1.1460328927311747, -1.5, -1.5, -1.5]
325/500 | Params: [-1.5, -1.5, -1.5, -1.5, 1.5, -0.6980222435868876]
326/500 | Params: [-1.5, -1.5, -1.5, -0.2917462581139951, -1.5, -1.5]
327/500 | Params: [-1.5, -1.5, -0.7759801043976327, -1.5, -1.5, -1.1388331613745406]
328/500 | Params: [-1.5, -0.672568826663179, -1.5, 1.5, -1.5, -0.5595743448358665]
329/500 | Params: [-1.5, -0.8658747415162494, -1.181937968782893, -1.5, -1.5, -1.5]
330/500 | Params: [-1.5, -1.5, 0.6752873288326957, -1.5, -1.5, -0.9891344867466297]
331/500 | Params: [-1.5, -1.025423170948999, -1.2719761703719639, -0.5429118535251723, -1.5, -1.5]
332/500 | Params: [-1.5, -0.8520349680212835, -1.4451888295192576, -1.4397195734266226, -1.1836728477783405, -1.0435160940223809]
333/500 | Params: [-1.5, -0.7225325059689574, -1.5, 1.5, -1.5, -1.5]
334/500 | Params: [-1.5, -1.5, -1.5, 1.5, -1.5, -0.4514725083343654]
335/500 | Params: [-1.5, -1.5, -1.2653409840121397, -1.5, -1.5, -1.5]
336/500 | Params: [-1.5, -1.5, -0.7293585014926077, -1.5, -1.5, -1.5]
337/500 | Params: [-1.5, -1.5, -1.5, 1.5, -0.4038348197381913, -0.9010940688159965]
338/500 | Params: [-1.5, -0.546383392292335, -1.5, -1.5, -1.5, -1.5]
339/500 | Params: [-1.5, -1.5, 0.010786948839705088, -1.5, -1.5, -1.5]
340/500 | Params: [-1.5, -0.7022716636445898, -1.5, 1.0092019214787915, -1.5, -1.5]
341/500 | Params: [-1.5, -1.5, -1.5, 0.020457179261792163, -1.5, -1.5]
342/500 | Params: [-1.5, -1.2574870859791196, -0.007369085354713183, 0.3204762935523457, -1.5, -0.5232365607176462]
343/500 | Params: [-1.5, -1.2786024704955123, -1.5, -0.019282311282414383, 1.3336805973458319, -0.6422836912351366]
344/500 | Params: [-1.5, -1.5, -0.4563713639824028, 0.1493200196870077, -1.5, -0.38595268669514926]
345/500 | Params: [-1.5, -1.5, 0.4131544056222414, -1.5, -1.5, -1.2808173129258316]
346/500 | Params: [-1.5, -1.5, -0.6434318386583734, -0.8179017365381578, -1.5, -1.0421084697856038]
347/500 | Params: [-1.5, -0.7541992606667874, -1.5, 0.7440660264518513, -1.5, -1.5]
348/500 | Params: [-1.5, -1.2107734606404423, -0.992142839386177, 1.5, -1.5, -0.6407833733159519]
349/500 | Params: [-1.5, -0.9320207430345413, -0.6209548727474938, -0.8331367704278685, -1.5, -1.2834624952794587]
350/500 | Params: [-1.499743519586911, -1.4981427434706922, -0.9284172808016198, -1.0986471166015905, -1.359683025986605, -1.2153878138699163]
351/500 | Params: [-1.5, -0.9405077128307369, -0.8685781855776671, -1.5, -1.3446401687408065, -1.2369715689376994]
352/500 | Params: [-1.5, -0.849285199089048, -1.2635683950491023, -0.44466103951758024, -1.5, -1.5]
353/500 | Params: [-1.5, -0.5490122934890694, -1.5, -1.5, -1.5, -1.5]
354/500 | Params: [-1.5, -1.0216812816087395, -1.5, 0.5152708213553114, -0.670372851616937, -1.0643168578517566]
355/500 | Params: [-1.5, -0.7221838648362922, -1.5, -1.5, -1.5, -1.5]
356/500 | Params: [-1.5, -1.4172773914108672, -0.8750552580430158, -1.5, -1.5, -1.5]
357/500 | Params: [-1.5, -0.966703785479252, -0.7547094132407774, -1.5, -0.9938243520441236, -1.098680033727564]
358/500 | Params: [-1.5, -0.8328921040924913, -1.5, 0.5556629647724699, -1.5, -1.5]
359/500 | Params: [-1.5, -1.5, -0.9094514902753901, -1.1928732140527325, -1.5, -1.4020990137024842]
360/500 | Params: [-1.5, -1.3515662872053107, 0.6923056428822337, -1.5, -1.2448346405111559, -1.0934199058423038]
361/500 | Params: [-1.5, -1.5, -1.1365259207379148, -1.5, -1.5, -1.5]
362/500 | Params: [-1.4909373531650758, -0.8184566653304391, -0.8942315277870638, -1.5, -1.5, -1.236654663684731]
363/500 | Params: [-1.5, -1.5, -1.3159421436817198, -1.5, -1.5, -1.5]
364/500 | Params: [-1.5, -0.6864003080711977, -1.5, 1.5, -1.5, -1.5]
365/500 | Params: [-1.5, -1.5, 0.011864559276582084, -0.0200619753063456, -1.5, -0.5301697244266649]
366/500 | Params: [-1.5, -0.9710521202836284, -1.124593878104482, -0.8820169256118119, -1.5, -1.5]
367/500 | Params: [-1.5, -1.0521650752778668, -0.9023116149559173, -0.6114685118018109, -1.5, -1.5]
368/500 | Params: [-1.5, -0.676212366951513, -1.5, 0.8521614985435374, -1.5, -1.5]
369/500 | Params: [-1.5, -0.7663242687603109, -1.5, -1.5, -1.5, -1.5]
370/500 | Params: [-1.5, -1.5, 0.08319480155069431, -1.5, -1.5, -1.5]
371/500 | Params: [-1.5, -0.72724006272485, -1.0592719683321001, 1.5, -1.5, -0.7206640819822858]
372/500 | Params: [-1.5, -1.5, -1.5, -0.14124444233829198, -1.5, -1.5]
373/500 | Params: [-1.5, -1.5, 0.5530747018695689, -1.5, -1.5, -1.1176102512209722]
374/500 | Params: [-1.5, -1.1174237656716013, -0.9132583254565969, -0.7532719482850511, -1.5, -1.5]
375/500 | Params: [-1.5, -1.5, -0.5353017848252084, -0.9577120354276861, -1.5, -1.0770851945991131]
376/500 | Params: [-1.5, -1.049417990372457, -1.5, 0.5201658233311641, -1.5, -1.5]
377/500 | Params: [-1.5, -0.7355097280934119, -1.0565682322473997, -1.5, -1.5, -1.5]
378/500 | Params: [-1.5, -0.8712506622008328, -1.052292240129188, -1.5, -1.5, -1.5]
379/500 | Params: [-1.5, -1.5, -1.0683250033759089, -1.5, -1.5, -1.5]
380/500 | Params: [-1.5, -0.9497988214418847, -0.855642160420902, -0.5905365511149375, -1.5, -1.5]
381/500 | Params: [-1.5, -1.5, 0.2921537656742502, -1.5, -1.5, -1.5]
382/500 | Params: [-1.5, -1.5, -0.9379695842347942, -1.5, -1.5, -1.5]
383/500 | Params: [-1.5, -0.7107415874424805, -1.3101692001388767, -1.5, -1.5, -1.5]
384/500 | Params: [-1.5, -0.9878845687016354, -1.5, 0.8861065199836543, -1.5, -1.5]
385/500 | Params: [-1.5, -0.6681461203648156, -1.5, 0.3364455621393522, -1.5, -1.5]
386/500 | Params: [-1.5, -0.7110726305165785, -1.5, 0.48248196718172687, -1.5, -1.5]
387/500 | Params: [-1.5, -0.7408631193506273, -1.5, 0.808859987449593, -1.5, -1.5]
388/500 | Params: [-1.5, -1.5, 0.5671107863489755, -1.5, -1.5, -0.9130650519468883]
389/500 | Params: [-1.5, -0.6448980658111715, -1.5, 0.5814307191492508, -1.5, -1.5]
390/500 | Params: [-1.5, -0.8314890943902231, -1.5, -1.5, -1.5, -1.5]
391/500 | Params: [-1.5, -0.9941822120414315, -0.996619549163877, -1.3037514000892172, -1.5, -1.5]
392/500 | Params: [-1.4143988325711887, -0.941045203707355, -1.1034071241290402, -1.1321882154627632, -1.4581680737094174, -1.2573656329379532]
393/500 | Params: [-1.5, -0.8174414358902872, -1.5, -1.5, -1.5, -1.5]
394/500 | Params: [-1.5, -0.9504721404996022, -1.0637920969547183, -0.9579135710729416, -1.5, -1.5]
395/500 | Params: [-1.5, -0.8691201520340898, -1.5, 0.0365998261665651, -1.5, -1.5]
396/500 | Params: [-1.5, -0.6675541461065511, -1.5, 0.0190446616275528, -1.5, -1.5]
397/500 | Params: [-1.5, -1.5, 0.06723882244229691, -1.5, -1.5, -1.2114970721168496]
398/500 | Params: [-1.5, -1.5, -1.5, 1.5, -1.5, -0.49104956737303235]
399/500 | Params: [-1.5, -1.5, 0.06390833671737496, -1.5, -1.5, -1.0882273176162915]
400/500 | Params: [-1.5, -1.5, -0.07890418617163646, -1.5, -1.5, -1.5]
401/500 | Params: [-1.5, -1.5, 0.45916060401082776, -1.5, -1.5, -1.0727112471682705]
402/500 | Params: [-1.5, -1.5, -1.5, 1.5, -1.5, -0.4370908919030726]
403/500 | Params: [-1.5, -1.5, 0.009857164066762484, -1.5, -1.5, -1.5]
404/500 | Params: [-1.5, -1.5, 0.45713639073368045, -1.5, -1.5, -1.135406107705507]
405/500 | Params: [-1.5, -1.5, 0.4858756054276287, -1.5, -1.5, -1.5]
406/500 | Params: [-1.5, -0.9633455889751807, -0.8442918183685078, -1.5, -1.5, -1.5]
407/500 | Params: [-1.5, -0.8006466992600467, -1.5, 1.5, -1.5, -1.5]
408/500 | Params: [-1.5, -0.9724874243941258, -1.0155137276116795, -1.5, -1.5, -1.5]
409/500 | Params: [-1.5, -0.7471942354244124, -1.5, 0.11934744690279098, -1.5, -1.5]
410/500 | Params: [-1.5, -1.016220767569419, -0.6773466564886759, -1.5, -1.5, -1.274157491347476]
411/500 | Params: [-1.5, -1.5, -1.0302706501246566, -1.1761994682158692, -1.5, -1.234209904404867]
412/500 | Params: [-1.4475124147373286, -1.2683604099942907, -0.9789565443126566, -0.8765108964266177, -1.3247927734202898, -1.239803514621333]
413/500 | Params: [-1.5, -0.6171565346226744, -1.5, 0.7277642910035843, -1.5, -1.5]
414/500 | Params: [-1.5, -1.5, -1.4711704414816198, 1.5, -1.5, -0.48356375348858793]
415/500 | Params: [-1.5, -0.7067877734759029, -1.5, 0.8628562309096636, -1.4491098101363362, -1.5]
416/500 | Params: [-1.5, -0.6543425816715638, -0.998838115231517, -0.8700226333647799, -1.5, -1.336907936910083]
417/500 | Params: [-1.5, -0.7602283590753264, -1.3708446548060378, 1.494937985102511, -1.5, -1.4231758360805378]
418/500 | Params: [-1.5, -1.0344525522302987, -1.5, 0.6397753055287464, -1.5, -1.5]
419/500 | Params: [-1.5, -0.7862888103813032, -1.5, 0.7070207683153044, -1.5, -1.5]
420/500 | Params: [-1.5, -1.5, -1.0060889203141117, -0.9286862390167183, -1.5, -1.5]
421/500 | Params: [-1.5, -0.8661246346502984, -1.5, -0.19564138734757233, -1.5, -1.5]
422/500 | Params: [-1.5, -1.131237376706211, -0.9591894102605973, -0.6555195058894878, -1.5, -1.2636269522887627]
423/500 | Params: [-1.5, -1.5, -1.5, -1.5, -1.5, -1.5]
424/500 | Params: [-1.5, -1.4335165481542673, -1.1351890638369402, -1.3920291340006752, -1.5, -1.5]
425/500 | Params: [-1.5, -1.5, -0.12177685395093367, -0.09926601402251625, -1.5, -0.5971430208931335]
426/500 | Params: [-1.5, -0.729468681263417, -1.5, -1.5, -1.5, -1.5]
427/500 | Params: [-1.5, -1.1788256110353874, -0.5951642366408278, -0.7481681901545318, -0.619032778153962, -0.8995532707768155]
428/500 | Params: [-1.5, -0.6729099632478185, -1.5, 1.5, -1.5, -0.4723309742164099]
429/500 | Params: [-1.5, -1.5, -0.4929232293213647, -1.5, -1.5, -1.5]
430/500 | Params: [-1.5, -1.5, -1.5, 1.5, -0.3572653785321214, -0.8188394762226908]
431/500 | Params: [-1.5, -0.8952252773140003, -1.1344911498397368, -1.5, -1.5, -1.2704412162230556]
432/500 | Params: [-1.5, -0.8494505193661681, -1.5, -0.7447963411637142, -1.5, -1.5]
433/500 | Params: [-1.5, -0.6948639180870794, -1.5, 0.5095870645872767, -1.5, -1.5]
434/500 | Params: [-1.5, -1.5, 0.6805222287474629, -1.5, -1.5, -1.2464919767402454]
435/500 | Params: [-1.5, -1.2163907310998567, -1.0841049456937921, -0.5656392641976202, -1.5, -1.5]
436/500 | Params: [-1.5, -0.7837607708281554, -0.6284090714702364, -1.5, -1.5, -1.2409257880105968]
437/500 | Params: [-1.5, -0.7815040051092326, -1.5, -0.571352074285983, -1.5, -1.5]
438/500 | Params: [-1.5, -0.5723835894201494, -1.5, -1.5, -1.5, -1.5]
439/500 | Params: [-1.5, -1.5, 0.03490817321770594, -1.5, -1.5, -1.5]
440/500 | Params: [-1.5, -1.5, -1.1621876697302291, -1.5, -1.5, -1.5]
441/500 | Params: [-1.5, -1.5, -0.12110398096799165, -1.4540584237895475, -1.5, -1.5]
442/500 | Params: [-1.5, -0.6469648304124693, -1.5, -1.5, -1.5, -1.5]
443/500 | Params: [-1.5, -0.9640971152070203, -1.1093274863956837, -1.5, -1.5, -1.5]
444/500 | Params: [-1.5, -0.911446222170123, -0.8991260094197916, -0.9415868162880251, -1.1401168625103162, -0.9623794151987031]
445/500 | Params: [-1.5, -1.3549036971027852, -0.8861553410285152, -1.5, -1.5, -1.5]
446/500 | Params: [-1.5, -1.5, -0.7090110711564324, -1.5, -1.5, -1.5]
447/500 | Params: [-1.5, -0.8229077680262292, -1.5, 0.45834146091608735, -1.5, -1.5]
448/500 | Params: [-1.5, -0.9212076652472978, -0.9915785857668202, -0.9720037379538731, -1.5, -1.5]
449/500 | Params: [-1.5, -1.4713156040953326, -0.556634380250822, -0.4252160766679105, -1.2912073734142693, -1.281303439771531]
450/500 | Params: [-1.5, -0.6365117595448704, -1.5, 0.9428241763470459, -1.5, -1.5]
451/500 | Params: [-1.5, -1.5, -0.32100743277144206, 0.003400614446967755, -1.5, -0.36578993174260005]
452/500 | Params: [-1.5, -1.5, -1.5, 0.39820895093101355, -1.5, -1.5]
453/500 | Params: [-1.5, -0.7214196605578573, -1.5, 0.13498187274675633, -1.5, -1.5]
454/500 | Params: [-1.5, -0.45718970461484426, -1.5, -1.5, -1.5, -1.5]
455/500 | Params: [-1.5, -0.9219615635694136, -1.0096228364603461, -0.7645522681593921, -1.5, -1.5]
456/500 | Params: [-1.5, -0.9117246504938281, -1.5, 1.5, -1.5, -1.5]
457/500 | Params: [-1.5, -1.5, -0.9454788831603229, -1.5, -1.5, -1.5]
458/500 | Params: [-1.5, -1.5, -0.12380579896342439, -1.5, -1.5, -1.5]
459/500 | Params: [-1.5, -1.5, -0.4071585395423958, -1.5, -1.5, -1.5]
460/500 | Params: [-1.5, -1.5, -1.2181997432135483, -1.5, -1.5, -1.5]
461/500 | Params: [-1.5, -0.8641828970630614, -0.7866708517452422, -1.5, -1.5, -1.5]
462/500 | Params: [-1.5, -1.0121775148135483, -1.5, 1.5, -1.5, -1.5]
463/500 | Params: [-1.5, -1.5, 0.10634642238584141, -1.5, -1.5, -1.5]
464/500 | Params: [-1.5, -0.6728376051950528, -1.5, 0.5108797102484606, -1.5, -1.5]
465/500 | Params: [-1.5, -1.4919930876811276, 0.661121999815214, 1.2547513320128285, 1.5, -0.46153692083174247]
466/500 | Params: [-1.5, -0.8166646267608763, -1.5, 0.6115261434683952, -1.5, -1.5]
467/500 | Params: [-1.5, -0.8339977891408389, -1.5, 0.46213921114497686, -1.5, -1.5]
468/500 | Params: [-1.5, -1.5, -1.2431616789167625, -1.5, -1.5, -1.5]
469/500 | Params: [-1.5, -0.8837423866959423, -1.3493406051074095, -1.5, -1.5, -1.5]
470/500 | Params: [-1.5, -1.5, 0.08450791259836408, -1.5, -1.5, -1.5]
471/500 | Params: [-1.5, -1.0069125743574183, -0.915750897694225, -1.5, -1.5, -1.5]
472/500 | Params: [-1.5, -0.7103078970078559, -1.5, 1.5, -1.5, -1.5]
473/500 | Params: [-1.5, -1.5, -1.0257087567958902, -1.344635578595809, -1.5, -1.4017300704715705]
474/500 | Params: [-1.5, -0.9056196471036989, -1.5, 0.5835945464549808, -1.5, -1.5]
475/500 | Params: [-1.5, -1.5, -1.5, 1.5, -1.5, -0.47845877114036545]
476/500 | Params: [-1.5, -1.2812124584477276, -0.7884303206786955, -0.4542438604475452, -1.5, -1.5]
477/500 | Params: [-1.5, -0.8921929239303424, -1.1367745825740225, -1.5, -1.5, -1.3048448265777646]
478/500 | Params: [-1.5, -1.5, -0.11290823831625181, -0.2487341711056299, -1.5, -0.4440925886826053]
479/500 | Params: [-1.5, -1.0091811565895006, -0.4998659021437858, -1.5, -1.5, -1.0698322202195956]
480/500 | Params: [-1.5, -1.5, -1.094702793958207, -0.7846742205118544, -1.5, -1.4799289837579321]
481/500 | Params: [-1.5, -0.7356332741653099, -1.5, 0.4479186479994501, -1.5, -1.5]
482/500 | Params: [-1.5, -0.8690878122229051, -0.7077225617378906, -1.5, -1.5, -1.5]
483/500 | Params: [-1.5, -1.5, -1.5, 1.5, -1.5, -0.4600948780283969]
484/500 | Params: [-1.5, -1.5, -0.6878263250826285, 0.6801389045414928, -1.5, -0.6221791689341895]
485/500 | Params: [-1.5, -1.1733495499132744, -1.1696365150790384, -1.5, -1.5, -1.1482661575791895]
486/500 | Params: [-1.5, -0.9797491964013278, -1.5, 0.8213915194628425, -1.5, -1.5]
487/500 | Params: [-1.5, -1.5, -0.06272477070116404, 0.04959809885906304, -1.5, -0.5390846900639139]
488/500 | Params: [-1.5, -1.1887358049345873, -0.6882094530813632, -1.5, -1.5, -1.5]
489/500 | Params: [-1.5, -0.4768536310376426, -1.5, -1.5, -1.5, -1.5]
490/500 | Params: [-1.5, -0.6383241171025653, -1.5, -1.5, -1.5, -1.5]
491/500 | Params: [-1.5, -0.5935529731159079, -1.5, 0.6969312645480172, -1.5, -1.5]
492/500 | Params: [-1.5, -0.6132945766524274, -1.5, -0.4064320071270387, -1.5, -1.5]
493/500 | Params: [-1.5, -1.5, -0.7505277849455011, -1.5, -0.6723386181039032, -1.164830827385864]
494/500 | Params: [-1.5, -1.5, -0.8009151266588571, -0.4850091279286053, -1.3202628080238272, -1.256466276496814]
495/500 | Params: [-1.5, -1.5, -0.7637967051525176, -1.5, -1.5, -1.1636351579658903]
496/500 | Params: [-1.5, -0.9203222652235447, -1.327972101790861, -0.5540737544042537, -1.5, -1.5]
497/500 | Params: [-1.5, -1.5, -1.055691646914936, -1.5, -1.5, -1.5]
498/500 | Params: [-1.5, -0.5690824943261387, -1.5, 0.7575403321119811, -1.5, -1.5]
499/500 | Params: [-1.5, -0.9846487966054353, -1.2193081335559663, -0.15411843687702154, -0.9087677695043542, -1.1217721993510479]
500/500 | Params: [-1.5, -0.47116966976030067, -1.5, -1.5, -1.5, -1.5]
