/home/hd/hd_hd/hd_gy283/.conda/envs/py311/bin/python
Python 3.11.12
Mon Sep  1 12:59:44 2025       
+-----------------------------------------------------------------------------------------+
| NVIDIA-SMI 580.65.06              Driver Version: 580.65.06      CUDA Version: 13.0     |
+-----------------------------------------+------------------------+----------------------+
| GPU  Name                 Persistence-M | Bus-Id          Disp.A | Volatile Uncorr. ECC |
| Fan  Temp   Perf          Pwr:Usage/Cap |           Memory-Usage | GPU-Util  Compute M. |
|                                         |                        |               MIG M. |
|=========================================+========================+======================|
|   0  NVIDIA A100-SXM4-80GB          On  |   00000000:07:00.0 Off |                    0 |
| N/A   36C    P0             67W /  400W |       0MiB /  81920MiB |      0%      Default |
|                                         |                        |             Disabled |
+-----------------------------------------+------------------------+----------------------+

+-----------------------------------------------------------------------------------------+
| Processes:                                                                              |
|  GPU   GI   CI              PID   Type   Process name                        GPU Memory |
|        ID   ID                                                               Usage      |
|=========================================================================================|
|  No running processes found                                                             |
+-----------------------------------------------------------------------------------------+
cuda
raw_inputs shape: (150000, 8)
outputs shape: (150000,)
inputs shape: (150000, 7)
Namespace(data_dir='/gpfs/bwfor/work/ws/hd_gy283-my_data/sm_batches_1e6_mixed_eps=0.8', num_batches=150, batch_size=128, normalize=1, hd=90, num_layers=10, num_epochs=1000, lr=0.001, save_name='sm_mixed_eps=0.8')
Epoch  1/1000 Train Loss: 0.0602270765Val Loss: 0.0166541572   LR: 1.00e-03
Epoch  2/1000 Train Loss: 0.0385294653Val Loss: 0.0129924486   LR: 1.00e-03
Epoch  3/1000 Train Loss: 0.0342842869Val Loss: 0.0117163723   LR: 1.00e-03
Epoch  4/1000 Train Loss: 0.0336023764Val Loss: 0.0147654272   LR: 1.00e-03
Epoch  5/1000 Train Loss: 0.0320555441Val Loss: 0.0185116359   LR: 1.00e-03
Epoch  6/1000 Train Loss: 0.0298245549Val Loss: 0.0142604356   LR: 1.00e-03
Epoch  7/1000 Train Loss: 0.0290782855Val Loss: 0.0163460488   LR: 1.00e-03
Epoch  8/1000 Train Loss: 0.0281801898Val Loss: 0.0129034507   LR: 1.00e-03
Epoch  9/1000 Train Loss: 0.0270933957Val Loss: 0.0097370873   LR: 1.00e-03
Epoch 10/1000 Train Loss: 0.0253324895Val Loss: 0.0138446484   LR: 1.00e-03
Epoch 11/1000 Train Loss: 0.0243910971Val Loss: 0.0086702885   LR: 1.00e-03
Epoch 12/1000 Train Loss: 0.0242548358Val Loss: 0.0088380376   LR: 1.00e-03
Epoch 13/1000 Train Loss: 0.0225259911Val Loss: 0.0086335452   LR: 1.00e-03
Epoch 14/1000 Train Loss: 0.0211411969Val Loss: 0.0078175618   LR: 1.00e-03
Epoch 15/1000 Train Loss: 0.0212808183Val Loss: 0.0077899559   LR: 1.00e-03
Epoch 16/1000 Train Loss: 0.0193791706Val Loss: 0.0094171184   LR: 1.00e-03
Epoch 17/1000 Train Loss: 0.0184472546Val Loss: 0.0095024881   LR: 1.00e-03
Epoch 18/1000 Train Loss: 0.0176719236Val Loss: 0.0083599523   LR: 1.00e-03
Epoch 19/1000 Train Loss: 0.0181031991Val Loss: 0.0058610198   LR: 1.00e-03
Epoch 20/1000 Train Loss: 0.0171334856Val Loss: 0.0070655492   LR: 1.00e-03
Epoch 21/1000 Train Loss: 0.0167174507Val Loss: 0.0073722354   LR: 1.00e-03
Epoch 22/1000 Train Loss: 0.0169881465Val Loss: 0.0090492890   LR: 1.00e-03
Epoch 23/1000 Train Loss: 0.0157860317Val Loss: 0.0091092709   LR: 1.00e-03
Epoch 24/1000 Train Loss: 0.0149923312Val Loss: 0.0070266245   LR: 1.00e-03
Epoch 25/1000 Train Loss: 0.0145740774Val Loss: 0.0063062866   LR: 1.00e-03
Epoch 26/1000 Train Loss: 0.0146992179Val Loss: 0.0063002596   LR: 1.00e-03
Epoch 27/1000 Train Loss: 0.0152467798Val Loss: 0.0075941300   LR: 1.00e-03
Epoch 28/1000 Train Loss: 0.0143502749Val Loss: 0.0068932409   LR: 1.00e-03
Epoch 29/1000 Train Loss: 0.0141686974Val Loss: 0.0077195965   LR: 1.00e-03
Epoch 30/1000 Train Loss: 0.0140204901Val Loss: 0.0057539816   LR: 1.00e-03
Epoch 31/1000 Train Loss: 0.0131044069Val Loss: 0.0057981516   LR: 1.00e-03
Epoch 32/1000 Train Loss: 0.0128085481Val Loss: 0.0067036659   LR: 1.00e-03
Epoch 33/1000 Train Loss: 0.0129070890Val Loss: 0.0046072574   LR: 1.00e-03
Epoch 34/1000 Train Loss: 0.0132711001Val Loss: 0.0055938645   LR: 1.00e-03
Epoch 35/1000 Train Loss: 0.0125571894Val Loss: 0.0061756576   LR: 1.00e-03
Epoch 36/1000 Train Loss: 0.0124308063Val Loss: 0.0058035156   LR: 1.00e-03
Epoch 37/1000 Train Loss: 0.0122256340Val Loss: 0.0044304217   LR: 1.00e-03
Epoch 38/1000 Train Loss: 0.0123680989Val Loss: 0.0055270873   LR: 1.00e-03
Epoch 39/1000 Train Loss: 0.0125513156Val Loss: 0.0070483651   LR: 1.00e-03
Epoch 40/1000 Train Loss: 0.0125927648Val Loss: 0.0057754743   LR: 1.00e-03
Epoch 41/1000 Train Loss: 0.0119975300Val Loss: 0.0058300824   LR: 1.00e-03
Epoch 42/1000 Train Loss: 0.0116948089Val Loss: 0.0078978182   LR: 1.00e-03
Epoch 43/1000 Train Loss: 0.0115201457Val Loss: 0.0049064394   LR: 1.00e-03
Epoch 44/1000 Train Loss: 0.0117996661Val Loss: 0.0059836241   LR: 1.00e-03
Epoch 45/1000 Train Loss: 0.0111987916Val Loss: 0.0049950724   LR: 1.00e-03
Epoch 46/1000 Train Loss: 0.0118265476Val Loss: 0.0048039838   LR: 1.00e-03
Epoch 47/1000 Train Loss: 0.0111950143Val Loss: 0.0065221409   LR: 1.00e-03
Epoch 48/1000 Train Loss: 0.0115107668Val Loss: 0.0056167126   LR: 1.00e-03
Epoch 49/1000 Train Loss: 0.0109450953Val Loss: 0.0045610047   LR: 1.00e-03
Epoch 50/1000 Train Loss: 0.0110888907Val Loss: 0.0053102496   LR: 1.00e-03
Epoch 51/1000 Train Loss: 0.0110315021Val Loss: 0.0058960547   LR: 1.00e-03
Epoch 52/1000 Train Loss: 0.0117988354Val Loss: 0.0056804026   LR: 1.00e-03
Epoch 53/1000 Train Loss: 0.0109125598Val Loss: 0.0044901110   LR: 1.00e-03
Epoch 54/1000 Train Loss: 0.0111153450Val Loss: 0.0063124369   LR: 1.00e-03
Epoch 55/1000 Train Loss: 0.0108593821Val Loss: 0.0048189897   LR: 1.00e-03
Epoch 56/1000 Train Loss: 0.0105605473Val Loss: 0.0044166249   LR: 1.00e-03
Epoch 57/1000 Train Loss: 0.0099622050Val Loss: 0.0054408601   LR: 1.00e-03
Epoch 58/1000 Train Loss: 0.0104237471Val Loss: 0.0046425107   LR: 1.00e-03
Epoch 59/1000 Train Loss: 0.0103751853Val Loss: 0.0051493008   LR: 1.00e-03
Epoch 60/1000 Train Loss: 0.0103393567Val Loss: 0.0043295972   LR: 1.00e-03
Epoch 61/1000 Train Loss: 0.0102879081Val Loss: 0.0049020043   LR: 1.00e-03
Epoch 62/1000 Train Loss: 0.0100977259Val Loss: 0.0063772422   LR: 1.00e-03
Epoch 63/1000 Train Loss: 0.0100230003Val Loss: 0.0050382075   LR: 1.00e-03
Epoch 64/1000 Train Loss: 0.0102881856Val Loss: 0.0076837006   LR: 1.00e-03
Epoch 65/1000 Train Loss: 0.0099628157Val Loss: 0.0044218819   LR: 1.00e-03
Epoch 66/1000 Train Loss: 0.0106936769Val Loss: 0.0040183076   LR: 1.00e-03
Epoch 67/1000 Train Loss: 0.0100013585Val Loss: 0.0042814674   LR: 1.00e-03
Epoch 68/1000 Train Loss: 0.0098092631Val Loss: 0.0045815059   LR: 1.00e-03
Epoch 69/1000 Train Loss: 0.0095657657Val Loss: 0.0036377384   LR: 1.00e-03
Epoch 70/1000 Train Loss: 0.0095927055Val Loss: 0.0039604446   LR: 1.00e-03
Epoch 71/1000 Train Loss: 0.0094797437Val Loss: 0.0045938108   LR: 1.00e-03
Epoch 72/1000 Train Loss: 0.0096318869Val Loss: 0.0041071396   LR: 1.00e-03
Epoch 73/1000 Train Loss: 0.0095997179Val Loss: 0.0048649745   LR: 1.00e-03
Epoch 74/1000 Train Loss: 0.0096028066Val Loss: 0.0050599296   LR: 1.00e-03
Epoch 75/1000 Train Loss: 0.0096742661Val Loss: 0.0053979526   LR: 1.00e-03
Epoch 76/1000 Train Loss: 0.0100441872Val Loss: 0.0032752308   LR: 1.00e-03
Epoch 77/1000 Train Loss: 0.0092945302Val Loss: 0.0056437803   LR: 1.00e-03
Epoch 78/1000 Train Loss: 0.0093271601Val Loss: 0.0045297693   LR: 1.00e-03
Epoch 79/1000 Train Loss: 0.0092357764Val Loss: 0.0043755569   LR: 1.00e-03
Epoch 80/1000 Train Loss: 0.0090449221Val Loss: 0.0048237505   LR: 1.00e-03
Epoch 81/1000 Train Loss: 0.0090716797Val Loss: 0.0044458281   LR: 1.00e-03
Epoch 82/1000 Train Loss: 0.0092346811Val Loss: 0.0041600726   LR: 1.00e-03
Epoch 83/1000 Train Loss: 0.0091820717Val Loss: 0.0048764547   LR: 1.00e-03
Epoch 84/1000 Train Loss: 0.0093576887Val Loss: 0.0041051279   LR: 1.00e-03
Epoch 85/1000 Train Loss: 0.0088968743Val Loss: 0.0051850829   LR: 1.00e-03
Epoch 86/1000 Train Loss: 0.0094269968Val Loss: 0.0054911958   LR: 1.00e-03
Epoch 87/1000 Train Loss: 0.0095635179Val Loss: 0.0042186112   LR: 1.00e-03
Epoch 88/1000 Train Loss: 0.0084776236Val Loss: 0.0048388480   LR: 1.00e-03
Epoch 89/1000 Train Loss: 0.0088212349Val Loss: 0.0040546663   LR: 1.00e-03
Epoch 90/1000 Train Loss: 0.0091101153Val Loss: 0.0044368784   LR: 1.00e-03
Epoch 91/1000 Train Loss: 0.0089296842Val Loss: 0.0046988560   LR: 1.00e-03
Epoch 92/1000 Train Loss: 0.0087510083Val Loss: 0.0038855647   LR: 1.00e-03
Epoch 93/1000 Train Loss: 0.0086974924Val Loss: 0.0041483803   LR: 1.00e-03
Epoch 94/1000 Train Loss: 0.0086173022Val Loss: 0.0040874429   LR: 1.00e-03
Epoch 95/1000 Train Loss: 0.0086640469Val Loss: 0.0035092981   LR: 1.00e-03
Epoch 96/1000 Train Loss: 0.0086431109Val Loss: 0.0048705799   LR: 1.00e-03
Epoch 97/1000 Train Loss: 0.0087496774Val Loss: 0.0049469368   LR: 1.00e-03
Epoch 98/1000 Train Loss: 0.0086766431Val Loss: 0.0044923341   LR: 1.00e-03
Epoch 99/1000 Train Loss: 0.0087046201Val Loss: 0.0042846524   LR: 1.00e-03
Epoch 100/1000 Train Loss: 0.0086004372Val Loss: 0.0047986261   LR: 1.00e-03
Epoch 101/1000 Train Loss: 0.0088080223Val Loss: 0.0044837163   LR: 1.00e-03
Epoch 102/1000 Train Loss: 0.0085413296Val Loss: 0.0035218961   LR: 1.00e-03
Epoch 103/1000 Train Loss: 0.0083802146Val Loss: 0.0033016063   LR: 1.00e-03
Epoch 104/1000 Train Loss: 0.0083318948Val Loss: 0.0043161731   LR: 1.00e-03
Epoch 105/1000 Train Loss: 0.0086299074Val Loss: 0.0035388582   LR: 1.00e-03
Epoch 106/1000 Train Loss: 0.0089657501Val Loss: 0.0055466566   LR: 1.00e-03
Epoch 107/1000 Train Loss: 0.0079855421Val Loss: 0.0041538549   LR: 1.00e-03
Epoch 108/1000 Train Loss: 0.0083034171Val Loss: 0.0045983944   LR: 1.00e-03
Epoch 109/1000 Train Loss: 0.0085460045Val Loss: 0.0045522735   LR: 1.00e-03
Epoch 110/1000 Train Loss: 0.0085776567Val Loss: 0.0044604119   LR: 1.00e-03
Epoch 111/1000 Train Loss: 0.0084072674Val Loss: 0.0042210891   LR: 1.00e-03
Epoch 112/1000 Train Loss: 0.0081861530Val Loss: 0.0036260918   LR: 1.00e-03
Epoch 113/1000 Train Loss: 0.0088024655Val Loss: 0.0041661241   LR: 1.00e-03
Epoch 114/1000 Train Loss: 0.0083980373Val Loss: 0.0033412347   LR: 1.00e-03
Epoch 115/1000 Train Loss: 0.0081406723Val Loss: 0.0036119432   LR: 1.00e-03
Epoch 116/1000 Train Loss: 0.0082259361Val Loss: 0.0049050400   LR: 1.00e-03
Epoch 117/1000 Train Loss: 0.0079255015Val Loss: 0.0039108565   LR: 1.00e-03
Epoch 118/1000 Train Loss: 0.0080714355Val Loss: 0.0045430460   LR: 1.00e-03
Epoch 119/1000 Train Loss: 0.0080952369Val Loss: 0.0036110771   LR: 1.00e-03
Epoch 120/1000 Train Loss: 0.0077351956Val Loss: 0.0039628681   LR: 1.00e-03
Epoch 121/1000 Train Loss: 0.0078617753Val Loss: 0.0035352531   LR: 1.00e-03
Epoch 122/1000 Train Loss: 0.0078335005Val Loss: 0.0037099481   LR: 1.00e-03
Epoch 123/1000 Train Loss: 0.0080729263Val Loss: 0.0044965639   LR: 1.00e-03
Epoch 124/1000 Train Loss: 0.0082166196Val Loss: 0.0040596140   LR: 1.00e-03
Epoch 125/1000 Train Loss: 0.0079018254Val Loss: 0.0037672548   LR: 1.00e-03
Epoch 126/1000 Train Loss: 0.0078619937Val Loss: 0.0037525384   LR: 1.00e-03
Epoch 127/1000 Train Loss: 0.0080369718Val Loss: 0.0036377911   LR: 1.00e-03
Epoch 128/1000 Train Loss: 0.0078280690Val Loss: 0.0040075290   LR: 1.00e-03
Epoch 129/1000 Train Loss: 0.0077290632Val Loss: 0.0033776743   LR: 1.00e-03
Epoch 130/1000 Train Loss: 0.0078272302Val Loss: 0.0039010595   LR: 1.00e-03
Epoch 131/1000 Train Loss: 0.0075112513Val Loss: 0.0039411243   LR: 1.00e-03
Epoch 132/1000 Train Loss: 0.0078948096Val Loss: 0.0033557644   LR: 1.00e-03
Epoch 133/1000 Train Loss: 0.0076314593Val Loss: 0.0040783114   LR: 1.00e-03
Epoch 134/1000 Train Loss: 0.0077503472Val Loss: 0.0037733398   LR: 1.00e-03
Epoch 135/1000 Train Loss: 0.0073182170Val Loss: 0.0039921505   LR: 1.00e-03
Epoch 136/1000 Train Loss: 0.0077517159Val Loss: 0.0046057023   LR: 1.00e-03
Epoch 137/1000 Train Loss: 0.0074127049Val Loss: 0.0036094767   LR: 1.00e-03
Epoch 138/1000 Train Loss: 0.0078358590Val Loss: 0.0030166224   LR: 1.00e-03
Epoch 139/1000 Train Loss: 0.0073230922Val Loss: 0.0036573876   LR: 1.00e-03
Epoch 140/1000 Train Loss: 0.0076388460Val Loss: 0.0046151400   LR: 1.00e-03
Epoch 141/1000 Train Loss: 0.0078385286Val Loss: 0.0032079408   LR: 1.00e-03
Epoch 142/1000 Train Loss: 0.0074659622Val Loss: 0.0041772825   LR: 1.00e-03
Epoch 143/1000 Train Loss: 0.0074957953Val Loss: 0.0033385841   LR: 1.00e-03
Epoch 144/1000 Train Loss: 0.0074536678Val Loss: 0.0047743869   LR: 1.00e-03
Epoch 145/1000 Train Loss: 0.0074631653Val Loss: 0.0040165618   LR: 1.00e-03
Epoch 146/1000 Train Loss: 0.0074242243Val Loss: 0.0030109760   LR: 1.00e-03
Epoch 147/1000 Train Loss: 0.0074435130Val Loss: 0.0038267998   LR: 1.00e-03
Epoch 148/1000 Train Loss: 0.0075628269Val Loss: 0.0038727768   LR: 1.00e-03
Epoch 149/1000 Train Loss: 0.0073062446Val Loss: 0.0036980008   LR: 1.00e-03
Epoch 150/1000 Train Loss: 0.0074781844Val Loss: 0.0036667773   LR: 1.00e-03
Epoch 151/1000 Train Loss: 0.0072576384Val Loss: 0.0048485199   LR: 1.00e-03
Epoch 152/1000 Train Loss: 0.0073738468Val Loss: 0.0040658518   LR: 1.00e-03
Epoch 153/1000 Train Loss: 0.0075834933Val Loss: 0.0039518456   LR: 1.00e-03
Epoch 154/1000 Train Loss: 0.0075023215Val Loss: 0.0047230082   LR: 1.00e-03
Epoch 155/1000 Train Loss: 0.0066801482Val Loss: 0.0027978983   LR: 1.00e-03
Epoch 156/1000 Train Loss: 0.0076259839Val Loss: 0.0045489352   LR: 1.00e-03
Epoch 157/1000 Train Loss: 0.0074402823Val Loss: 0.0044026899   LR: 1.00e-03
Epoch 158/1000 Train Loss: 0.0070697125Val Loss: 0.0052165899   LR: 1.00e-03
Epoch 159/1000 Train Loss: 0.0071086766Val Loss: 0.0037020767   LR: 1.00e-03
Epoch 160/1000 Train Loss: 0.0069983724Val Loss: 0.0045083758   LR: 1.00e-03
Epoch 161/1000 Train Loss: 0.0071477070Val Loss: 0.0030987357   LR: 1.00e-03
Epoch 162/1000 Train Loss: 0.0070456051Val Loss: 0.0039851507   LR: 1.00e-03
Epoch 163/1000 Train Loss: 0.0073017383Val Loss: 0.0038785680   LR: 1.00e-03
Epoch 164/1000 Train Loss: 0.0068973014Val Loss: 0.0038256894   LR: 1.00e-03
Epoch 165/1000 Train Loss: 0.0071276551Val Loss: 0.0038160459   LR: 1.00e-03
Epoch 166/1000 Train Loss: 0.0072039609Val Loss: 0.0039527070   LR: 1.00e-03
Epoch 167/1000 Train Loss: 0.0069894382Val Loss: 0.0029856429   LR: 1.00e-03
Epoch 168/1000 Train Loss: 0.0067343392Val Loss: 0.0043304585   LR: 1.00e-03
Epoch 169/1000 Train Loss: 0.0066867468Val Loss: 0.0039275448   LR: 1.00e-03
Epoch 170/1000 Train Loss: 0.0069287663Val Loss: 0.0041035457   LR: 1.00e-03
Epoch 171/1000 Train Loss: 0.0068757523Val Loss: 0.0043610209   LR: 1.00e-03
Epoch 172/1000 Train Loss: 0.0072022607Val Loss: 0.0032317288   LR: 1.00e-03
Epoch 173/1000 Train Loss: 0.0068754626Val Loss: 0.0045590644   LR: 1.00e-03
Epoch 174/1000 Train Loss: 0.0070828619Val Loss: 0.0034466855   LR: 1.00e-03
Epoch 175/1000 Train Loss: 0.0065307999Val Loss: 0.0036867309   LR: 1.00e-03
Epoch 176/1000 Train Loss: 0.0067243664Val Loss: 0.0031740055   LR: 1.00e-03
Epoch 177/1000 Train Loss: 0.0068973600Val Loss: 0.0036339501   LR: 1.00e-03
Epoch 178/1000 Train Loss: 0.0070703021Val Loss: 0.0037023387   LR: 1.00e-03
Epoch 179/1000 Train Loss: 0.0067036324Val Loss: 0.0039753343   LR: 1.00e-03
Epoch 180/1000 Train Loss: 0.0068728157Val Loss: 0.0038188930   LR: 1.00e-03
Epoch 181/1000 Train Loss: 0.0067724038Val Loss: 0.0040129457   LR: 1.00e-03
Epoch 182/1000 Train Loss: 0.0066086382Val Loss: 0.0044854243   LR: 1.00e-03
Epoch 183/1000 Train Loss: 0.0069399647Val Loss: 0.0038905792   LR: 1.00e-03
Epoch 184/1000 Train Loss: 0.0063581162Val Loss: 0.0033370294   LR: 1.00e-03
Epoch 185/1000 Train Loss: 0.0064269830Val Loss: 0.0055383535   LR: 1.00e-03
Epoch 186/1000 Train Loss: 0.0068630403Val Loss: 0.0047028809   LR: 1.00e-03
Epoch 187/1000 Train Loss: 0.0065209770Val Loss: 0.0035358075   LR: 1.00e-03
Epoch 188/1000 Train Loss: 0.0067711395Val Loss: 0.0038394544   LR: 1.00e-03
Epoch 189/1000 Train Loss: 0.0066645221Val Loss: 0.0032981483   LR: 1.00e-03
Epoch 190/1000 Train Loss: 0.0062454691Val Loss: 0.0039456870   LR: 1.00e-03
Epoch 191/1000 Train Loss: 0.0064008581Val Loss: 0.0037062391   LR: 1.00e-03
Epoch 192/1000 Train Loss: 0.0065663096Val Loss: 0.0027958923   LR: 1.00e-03
Epoch 193/1000 Train Loss: 0.0065666205Val Loss: 0.0037249094   LR: 1.00e-03
Epoch 194/1000 Train Loss: 0.0067522362Val Loss: 0.0031707145   LR: 1.00e-03
Epoch 195/1000 Train Loss: 0.0068094260Val Loss: 0.0040191217   LR: 1.00e-03
Epoch 196/1000 Train Loss: 0.0065216720Val Loss: 0.0030966762   LR: 1.00e-03
Epoch 197/1000 Train Loss: 0.0065808916Val Loss: 0.0040060299   LR: 1.00e-03
Epoch 198/1000 Train Loss: 0.0062828027Val Loss: 0.0029652261   LR: 1.00e-03
Epoch 199/1000 Train Loss: 0.0063700645Val Loss: 0.0039442566   LR: 1.00e-03
Epoch 200/1000 Train Loss: 0.0062316754Val Loss: 0.0037575998   LR: 1.00e-03
Epoch 201/1000 Train Loss: 0.0063221431Val Loss: 0.0035065419   LR: 1.00e-03
Epoch 202/1000 Train Loss: 0.0062927257Val Loss: 0.0033566622   LR: 1.00e-03
Epoch 203/1000 Train Loss: 0.0064526864Val Loss: 0.0046620548   LR: 1.00e-03
Epoch 204/1000 Train Loss: 0.0063962938Val Loss: 0.0033731415   LR: 1.00e-03
Epoch 205/1000 Train Loss: 0.0064645942Val Loss: 0.0035507554   LR: 1.00e-03
Epoch 206/1000 Train Loss: 0.0063743694Val Loss: 0.0033070980   LR: 1.00e-03
Epoch 207/1000 Train Loss: 0.0061543909Val Loss: 0.0041633544   LR: 1.00e-03
Epoch 208/1000 Train Loss: 0.0063756118Val Loss: 0.0033001062   LR: 1.00e-03
Epoch 209/1000 Train Loss: 0.0060980128Val Loss: 0.0029311091   LR: 1.00e-03
Epoch 210/1000 Train Loss: 0.0062788594Val Loss: 0.0030607192   LR: 1.00e-03
Epoch 211/1000 Train Loss: 0.0062658578Val Loss: 0.0041823689   LR: 1.00e-03
Epoch 212/1000 Train Loss: 0.0064548318Val Loss: 0.0044175320   LR: 1.00e-03
Epoch 213/1000 Train Loss: 0.0061669480Val Loss: 0.0027883404   LR: 1.00e-03
Epoch 214/1000 Train Loss: 0.0062005220Val Loss: 0.0055336790   LR: 1.00e-03
Epoch 215/1000 Train Loss: 0.0063278172Val Loss: 0.0026906098   LR: 1.00e-03
Epoch 216/1000 Train Loss: 0.0062426434Val Loss: 0.0033375774   LR: 1.00e-03
Epoch 217/1000 Train Loss: 0.0059837837Val Loss: 0.0029159785   LR: 1.00e-03
Epoch 218/1000 Train Loss: 0.0065440839Val Loss: 0.0034034178   LR: 1.00e-03
Epoch 219/1000 Train Loss: 0.0060889701Val Loss: 0.0037142038   LR: 1.00e-03
Epoch 220/1000 Train Loss: 0.0064539843Val Loss: 0.0038772591   LR: 1.00e-03
Epoch 221/1000 Train Loss: 0.0061470848Val Loss: 0.0042052157   LR: 1.00e-03
Epoch 222/1000 Train Loss: 0.0062440064Val Loss: 0.0054846718   LR: 1.00e-03
Epoch 223/1000 Train Loss: 0.0062489111Val Loss: 0.0035434920   LR: 1.00e-03
Epoch 224/1000 Train Loss: 0.0061641581Val Loss: 0.0032370351   LR: 1.00e-03
Epoch 225/1000 Train Loss: 0.0061396702Val Loss: 0.0030099408   LR: 1.00e-03
Epoch 226/1000 Train Loss: 0.0060169832Val Loss: 0.0031409692   LR: 1.00e-03
Epoch 227/1000 Train Loss: 0.0062931796Val Loss: 0.0044807897   LR: 1.00e-03
Epoch 228/1000 Train Loss: 0.0062220129Val Loss: 0.0032782980   LR: 1.00e-03
Epoch 229/1000 Train Loss: 0.0060251035Val Loss: 0.0034270328   LR: 1.00e-03
Epoch 230/1000 Train Loss: 0.0058661917Val Loss: 0.0035006746   LR: 1.00e-03
Epoch 231/1000 Train Loss: 0.0062024157Val Loss: 0.0031362892   LR: 1.00e-03
Epoch 232/1000 Train Loss: 0.0062301592Val Loss: 0.0035533588   LR: 1.00e-03
Epoch 233/1000 Train Loss: 0.0060017874Val Loss: 0.0027707283   LR: 1.00e-03
Epoch 234/1000 Train Loss: 0.0059683085Val Loss: 0.0040075917   LR: 1.00e-03
Epoch 235/1000 Train Loss: 0.0057065165Val Loss: 0.0032428121   LR: 1.00e-03
Epoch 236/1000 Train Loss: 0.0061165894Val Loss: 0.0034844882   LR: 1.00e-03
Epoch 237/1000 Train Loss: 0.0060173664Val Loss: 0.0028103021   LR: 1.00e-03
Epoch 238/1000 Train Loss: 0.0058880128Val Loss: 0.0033048583   LR: 1.00e-03
Epoch 239/1000 Train Loss: 0.0059542296Val Loss: 0.0035766091   LR: 1.00e-03
Epoch 240/1000 Train Loss: 0.0059005916Val Loss: 0.0034198323   LR: 1.00e-03
Epoch 241/1000 Train Loss: 0.0058700435Val Loss: 0.0038690430   LR: 1.00e-03
Epoch 242/1000 Train Loss: 0.0061269528Val Loss: 0.0032033798   LR: 1.00e-03
Epoch 243/1000 Train Loss: 0.0058171562Val Loss: 0.0045411264   LR: 1.00e-03
Epoch 244/1000 Train Loss: 0.0058351298Val Loss: 0.0041464407   LR: 1.00e-03
Epoch 245/1000 Train Loss: 0.0058390215Val Loss: 0.0030169974   LR: 1.00e-03
Epoch 246/1000 Train Loss: 0.0061025408Val Loss: 0.0037290827   LR: 1.00e-03
Epoch 247/1000 Train Loss: 0.0060611461Val Loss: 0.0035674196   LR: 1.00e-03
Epoch 248/1000 Train Loss: 0.0060132765Val Loss: 0.0035951288   LR: 1.00e-03
Epoch 249/1000 Train Loss: 0.0056672177Val Loss: 0.0030975018   LR: 1.00e-03
Epoch 250/1000 Train Loss: 0.0059521130Val Loss: 0.0035551299   LR: 1.00e-03
Epoch 251/1000 Train Loss: 0.0059562496Val Loss: 0.0036226284   LR: 1.00e-03
Epoch 252/1000 Train Loss: 0.0056405551Val Loss: 0.0028887705   LR: 1.00e-03
Epoch 253/1000 Train Loss: 0.0056863381Val Loss: 0.0030728776   LR: 1.00e-03
Epoch 254/1000 Train Loss: 0.0058383497Val Loss: 0.0029986086   LR: 1.00e-03
Epoch 255/1000 Train Loss: 0.0060021721Val Loss: 0.0030096322   LR: 1.00e-03
Epoch 256/1000 Train Loss: 0.0057272456Val Loss: 0.0035571300   LR: 1.00e-03
Epoch 257/1000 Train Loss: 0.0056460097Val Loss: 0.0032820045   LR: 1.00e-03
Epoch 258/1000 Train Loss: 0.0058391799Val Loss: 0.0030686173   LR: 1.00e-03
Epoch 259/1000 Train Loss: 0.0060226516Val Loss: 0.0028953192   LR: 1.00e-03
Epoch 260/1000 Train Loss: 0.0055832484Val Loss: 0.0028505624   LR: 1.00e-03
Epoch 261/1000 Train Loss: 0.0055895566Val Loss: 0.0030021113   LR: 1.00e-03
Epoch 262/1000 Train Loss: 0.0059162657Val Loss: 0.0036715722   LR: 1.00e-03
Epoch 263/1000 Train Loss: 0.0060907184Val Loss: 0.0035243097   LR: 1.00e-03
Epoch 264/1000 Train Loss: 0.0057526200Val Loss: 0.0030663144   LR: 1.00e-03
Epoch 265/1000 Train Loss: 0.0055539512Val Loss: 0.0036416337   LR: 1.00e-03
Epoch 266/1000 Train Loss: 0.0057311442Val Loss: 0.0031055956   LR: 1.00e-03
Epoch 267/1000 Train Loss: 0.0057062387Val Loss: 0.0034529710   LR: 1.00e-03
Epoch 268/1000 Train Loss: 0.0056613443Val Loss: 0.0030052540   LR: 1.00e-03
Epoch 269/1000 Train Loss: 0.0058831509Val Loss: 0.0037951903   LR: 1.00e-03
Epoch 270/1000 Train Loss: 0.0054373434Val Loss: 0.0036552311   LR: 1.00e-03
Epoch 271/1000 Train Loss: 0.0057001648Val Loss: 0.0038347562   LR: 1.00e-03
Epoch 272/1000 Train Loss: 0.0056779278Val Loss: 0.0044722886   LR: 1.00e-03
Epoch 273/1000 Train Loss: 0.0057749056Val Loss: 0.0043475266   LR: 1.00e-03
Epoch 274/1000 Train Loss: 0.0057031899Val Loss: 0.0034596928   LR: 1.00e-03
Epoch 275/1000 Train Loss: 0.0056527835Val Loss: 0.0029353293   LR: 1.00e-03
Epoch 276/1000 Train Loss: 0.0056886753Val Loss: 0.0036425692   LR: 1.00e-03
Epoch 277/1000 Train Loss: 0.0056658115Val Loss: 0.0029646448   LR: 1.00e-03
Epoch 278/1000 Train Loss: 0.0057110251Val Loss: 0.0030789085   LR: 1.00e-03
Epoch 279/1000 Train Loss: 0.0055770837Val Loss: 0.0027003174   LR: 1.00e-03
Epoch 280/1000 Train Loss: 0.0057106113Val Loss: 0.0027345170   LR: 1.00e-03
Epoch 281/1000 Train Loss: 0.0056775529Val Loss: 0.0041599796   LR: 1.00e-03
Epoch 282/1000 Train Loss: 0.0055163545Val Loss: 0.0032456320   LR: 1.00e-03
Epoch 283/1000 Train Loss: 0.0056807647Val Loss: 0.0029005553   LR: 1.00e-03
Epoch 284/1000 Train Loss: 0.0057203393Val Loss: 0.0026843641   LR: 1.00e-03
Epoch 285/1000 Train Loss: 0.0054621662Val Loss: 0.0029511749   LR: 1.00e-03
Epoch 286/1000 Train Loss: 0.0058807931Val Loss: 0.0028621490   LR: 1.00e-03
Epoch 287/1000 Train Loss: 0.0057012750Val Loss: 0.0035683819   LR: 1.00e-03
Epoch 288/1000 Train Loss: 0.0056583279Val Loss: 0.0032215310   LR: 1.00e-03
Epoch 289/1000 Train Loss: 0.0053706408Val Loss: 0.0031972161   LR: 1.00e-03
Epoch 290/1000 Train Loss: 0.0054763620Val Loss: 0.0032495603   LR: 1.00e-03
Epoch 291/1000 Train Loss: 0.0057848643Val Loss: 0.0034548679   LR: 1.00e-03
Epoch 292/1000 Train Loss: 0.0054344724Val Loss: 0.0045939750   LR: 1.00e-03
Epoch 293/1000 Train Loss: 0.0055986532Val Loss: 0.0028758922   LR: 1.00e-03
Epoch 294/1000 Train Loss: 0.0053991187Val Loss: 0.0034305956   LR: 1.00e-03
Epoch 295/1000 Train Loss: 0.0056586134Val Loss: 0.0030384205   LR: 1.00e-03
Epoch 296/1000 Train Loss: 0.0054047847Val Loss: 0.0028012412   LR: 1.00e-03
Epoch 297/1000 Train Loss: 0.0056199831Val Loss: 0.0033959158   LR: 1.00e-03
Epoch 298/1000 Train Loss: 0.0053387625Val Loss: 0.0027232096   LR: 1.00e-03
Epoch 299/1000 Train Loss: 0.0055823385Val Loss: 0.0036671793   LR: 1.00e-03
Epoch 300/1000 Train Loss: 0.0057680361Val Loss: 0.0031882065   LR: 1.00e-03
Epoch 301/1000 Train Loss: 0.0055209378Val Loss: 0.0026714139   LR: 1.00e-03
Epoch 302/1000 Train Loss: 0.0055549022Val Loss: 0.0033062681   LR: 1.00e-03
Epoch 303/1000 Train Loss: 0.0056652299Val Loss: 0.0028857362   LR: 1.00e-03
Epoch 304/1000 Train Loss: 0.0055143642Val Loss: 0.0050557843   LR: 1.00e-03
Epoch 305/1000 Train Loss: 0.0054351839Val Loss: 0.0035162527   LR: 1.00e-03
Epoch 306/1000 Train Loss: 0.0054093220Val Loss: 0.0030347849   LR: 1.00e-03
Epoch 307/1000 Train Loss: 0.0053530560Val Loss: 0.0028195806   LR: 1.00e-03
Epoch 308/1000 Train Loss: 0.0053601620Val Loss: 0.0047979157   LR: 1.00e-03
Epoch 309/1000 Train Loss: 0.0055198653Val Loss: 0.0027940113   LR: 1.00e-03
Epoch 310/1000 Train Loss: 0.0052772507Val Loss: 0.0027134734   LR: 1.00e-03
Epoch 311/1000 Train Loss: 0.0053150303Val Loss: 0.0027303823   LR: 1.00e-03
Epoch 312/1000 Train Loss: 0.0054545625Val Loss: 0.0029504840   LR: 1.00e-03
Epoch 313/1000 Train Loss: 0.0052689935Val Loss: 0.0027306787   LR: 1.00e-03
Epoch 314/1000 Train Loss: 0.0054169953Val Loss: 0.0038219846   LR: 1.00e-03
Epoch 315/1000 Train Loss: 0.0053855060Val Loss: 0.0030996253   LR: 1.00e-03
Epoch 316/1000 Train Loss: 0.0055778900Val Loss: 0.0037892412   LR: 1.00e-03
Epoch 317/1000 Train Loss: 0.0053839860Val Loss: 0.0033662880   LR: 1.00e-03
Epoch 318/1000 Train Loss: 0.0053192499Val Loss: 0.0027052583   LR: 1.00e-03
Epoch 319/1000 Train Loss: 0.0053586879Val Loss: 0.0028121021   LR: 1.00e-03
Epoch 320/1000 Train Loss: 0.0054002069Val Loss: 0.0032212555   LR: 1.00e-03
Epoch 321/1000 Train Loss: 0.0052549629Val Loss: 0.0025166379   LR: 1.00e-03
Epoch 322/1000 Train Loss: 0.0053079164Val Loss: 0.0033647230   LR: 1.00e-03
Epoch 323/1000 Train Loss: 0.0055000480Val Loss: 0.0031461202   LR: 1.00e-03
Epoch 324/1000 Train Loss: 0.0053826753Val Loss: 0.0039087181   LR: 1.00e-03
Epoch 325/1000 Train Loss: 0.0052255000Val Loss: 0.0029782914   LR: 1.00e-03
Epoch 326/1000 Train Loss: 0.0051515635Val Loss: 0.0029577506   LR: 1.00e-03
Epoch 327/1000 Train Loss: 0.0053269176Val Loss: 0.0032278914   LR: 1.00e-03
Epoch 328/1000 Train Loss: 0.0053122331Val Loss: 0.0028096629   LR: 1.00e-03
Epoch 329/1000 Train Loss: 0.0053703632Val Loss: 0.0033456635   LR: 1.00e-03
Epoch 330/1000 Train Loss: 0.0054476710Val Loss: 0.0038123710   LR: 1.00e-03
Epoch 331/1000 Train Loss: 0.0052956173Val Loss: 0.0025723613   LR: 1.00e-03
Epoch 332/1000 Train Loss: 0.0052640916Val Loss: 0.0030745155   LR: 1.00e-03
Epoch 333/1000 Train Loss: 0.0052696337Val Loss: 0.0036021439   LR: 1.00e-03
Epoch 334/1000 Train Loss: 0.0050843737Val Loss: 0.0035581252   LR: 1.00e-03
Epoch 335/1000 Train Loss: 0.0051591832Val Loss: 0.0033597351   LR: 1.00e-03
Epoch 336/1000 Train Loss: 0.0050582045Val Loss: 0.0042679638   LR: 1.00e-03
Epoch 337/1000 Train Loss: 0.0051865850Val Loss: 0.0030092286   LR: 1.00e-03
Epoch 338/1000 Train Loss: 0.0053501403Val Loss: 0.0025239628   LR: 1.00e-03
Epoch 339/1000 Train Loss: 0.0050966020Val Loss: 0.0032766673   LR: 1.00e-03
Epoch 340/1000 Train Loss: 0.0052593078Val Loss: 0.0031177494   LR: 1.00e-03
Epoch 341/1000 Train Loss: 0.0050401429Val Loss: 0.0032276176   LR: 1.00e-03
Epoch 342/1000 Train Loss: 0.0054217140Val Loss: 0.0035621648   LR: 1.00e-03
Epoch 343/1000 Train Loss: 0.0053830425Val Loss: 0.0032179041   LR: 1.00e-03
Epoch 344/1000 Train Loss: 0.0053627917Val Loss: 0.0045019220   LR: 1.00e-03
Epoch 345/1000 Train Loss: 0.0051591655Val Loss: 0.0028341245   LR: 1.00e-03
Epoch 346/1000 Train Loss: 0.0050545310Val Loss: 0.0028601775   LR: 1.00e-03
Epoch 347/1000 Train Loss: 0.0050740488Val Loss: 0.0028387463   LR: 1.00e-03
Epoch 348/1000 Train Loss: 0.0051747993Val Loss: 0.0033087277   LR: 1.00e-03
Epoch 349/1000 Train Loss: 0.0051884484Val Loss: 0.0028357588   LR: 1.00e-03
Epoch 350/1000 Train Loss: 0.0054070988Val Loss: 0.0026925739   LR: 1.00e-03
Epoch 351/1000 Train Loss: 0.0051598323Val Loss: 0.0029068294   LR: 1.00e-03
Epoch 352/1000 Train Loss: 0.0051475416Val Loss: 0.0027653680   LR: 1.00e-03
Epoch 353/1000 Train Loss: 0.0052936352Val Loss: 0.0032532178   LR: 1.00e-03
Epoch 354/1000 Train Loss: 0.0050805342Val Loss: 0.0028339444   LR: 1.00e-03
Epoch 355/1000 Train Loss: 0.0052246377Val Loss: 0.0029428578   LR: 1.00e-03
Epoch 356/1000 Train Loss: 0.0054134267Val Loss: 0.0030688734   LR: 1.00e-03
Epoch 357/1000 Train Loss: 0.0051419204Val Loss: 0.0024360883   LR: 1.00e-03
Epoch 358/1000 Train Loss: 0.0050346813Val Loss: 0.0030009058   LR: 1.00e-03
Epoch 359/1000 Train Loss: 0.0051408194Val Loss: 0.0033456552   LR: 1.00e-03
Epoch 360/1000 Train Loss: 0.0052310912Val Loss: 0.0029303764   LR: 1.00e-03
Epoch 361/1000 Train Loss: 0.0051348695Val Loss: 0.0030751651   LR: 1.00e-03
Epoch 362/1000 Train Loss: 0.0052614480Val Loss: 0.0037087659   LR: 1.00e-03
Epoch 363/1000 Train Loss: 0.0051620571Val Loss: 0.0043058977   LR: 1.00e-03
Epoch 364/1000 Train Loss: 0.0049290818Val Loss: 0.0034363401   LR: 1.00e-03
Epoch 365/1000 Train Loss: 0.0053269979Val Loss: 0.0028079832   LR: 1.00e-03
Epoch 366/1000 Train Loss: 0.0051189860Val Loss: 0.0034579018   LR: 1.00e-03
Epoch 367/1000 Train Loss: 0.0052613904Val Loss: 0.0029622706   LR: 1.00e-03
Epoch 368/1000 Train Loss: 0.0048553986Val Loss: 0.0023618460   LR: 1.00e-03
Epoch 369/1000 Train Loss: 0.0050143829Val Loss: 0.0039368587   LR: 1.00e-03
Epoch 370/1000 Train Loss: 0.0051843420Val Loss: 0.0034995342   LR: 1.00e-03
Epoch 371/1000 Train Loss: 0.0048628130Val Loss: 0.0027116004   LR: 1.00e-03
Epoch 372/1000 Train Loss: 0.0047730098Val Loss: 0.0031344479   LR: 1.00e-03
Epoch 373/1000 Train Loss: 0.0051303384Val Loss: 0.0026721599   LR: 1.00e-03
Epoch 374/1000 Train Loss: 0.0049563905Val Loss: 0.0033259714   LR: 1.00e-03
Epoch 375/1000 Train Loss: 0.0048583281Val Loss: 0.0028906122   LR: 1.00e-03
Epoch 376/1000 Train Loss: 0.0052225525Val Loss: 0.0040869539   LR: 1.00e-03
Epoch 377/1000 Train Loss: 0.0048619583Val Loss: 0.0030506610   LR: 1.00e-03
Epoch 378/1000 Train Loss: 0.0052548112Val Loss: 0.0033639777   LR: 1.00e-03
Epoch 379/1000 Train Loss: 0.0050469547Val Loss: 0.0027395960   LR: 1.00e-03
Epoch 380/1000 Train Loss: 0.0051482048Val Loss: 0.0032844874   LR: 1.00e-03
Epoch 381/1000 Train Loss: 0.0048047331Val Loss: 0.0025690337   LR: 1.00e-03
Epoch 382/1000 Train Loss: 0.0050941449Val Loss: 0.0034266747   LR: 1.00e-03
Epoch 383/1000 Train Loss: 0.0048514476Val Loss: 0.0029008895   LR: 1.00e-03
Epoch 384/1000 Train Loss: 0.0050794222Val Loss: 0.0035156866   LR: 1.00e-03
Epoch 385/1000 Train Loss: 0.0050430245Val Loss: 0.0027369874   LR: 1.00e-03
Epoch 386/1000 Train Loss: 0.0050481034Val Loss: 0.0028059373   LR: 1.00e-03
Epoch 387/1000 Train Loss: 0.0049689493Val Loss: 0.0029993404   LR: 1.00e-03
Epoch 388/1000 Train Loss: 0.0051813375Val Loss: 0.0027264167   LR: 1.00e-03
Epoch 389/1000 Train Loss: 0.0047922066Val Loss: 0.0027512821   LR: 1.00e-03
Epoch 390/1000 Train Loss: 0.0049801222Val Loss: 0.0026821683   LR: 1.00e-03
Epoch 391/1000 Train Loss: 0.0049436899Val Loss: 0.0026648304   LR: 1.00e-03
Epoch 392/1000 Train Loss: 0.0047274529Val Loss: 0.0037207466   LR: 1.00e-03
Epoch 393/1000 Train Loss: 0.0050963634Val Loss: 0.0029787943   LR: 1.00e-03
Epoch 394/1000 Train Loss: 0.0050484695Val Loss: 0.0035582367   LR: 1.00e-03
Epoch 395/1000 Train Loss: 0.0047697527Val Loss: 0.0023857936   LR: 1.00e-03
Epoch 396/1000 Train Loss: 0.0048870742Val Loss: 0.0025075587   LR: 1.00e-03
Epoch 397/1000 Train Loss: 0.0050097088Val Loss: 0.0029631213   LR: 1.00e-03
Epoch 398/1000 Train Loss: 0.0048167157Val Loss: 0.0024823611   LR: 1.00e-03
Epoch 399/1000 Train Loss: 0.0050897937Val Loss: 0.0026612289   LR: 1.00e-03
Epoch 400/1000 Train Loss: 0.0048418872Val Loss: 0.0030201502   LR: 1.00e-03
Epoch 401/1000 Train Loss: 0.0049456031Val Loss: 0.0028330215   LR: 1.00e-03
Epoch 402/1000 Train Loss: 0.0050448964Val Loss: 0.0036551319   LR: 1.00e-03
Epoch 403/1000 Train Loss: 0.0047597479Val Loss: 0.0049362204   LR: 1.00e-03
Epoch 404/1000 Train Loss: 0.0049380287Val Loss: 0.0027218952   LR: 1.00e-03
Epoch 405/1000 Train Loss: 0.0048126042Val Loss: 0.0028113919   LR: 1.00e-03
Epoch 406/1000 Train Loss: 0.0050302298Val Loss: 0.0026072464   LR: 1.00e-03
Epoch 407/1000 Train Loss: 0.0048171960Val Loss: 0.0029372971   LR: 1.00e-03
Epoch 408/1000 Train Loss: 0.0048552414Val Loss: 0.0035322497   LR: 1.00e-03
Epoch 409/1000 Train Loss: 0.0051500414Val Loss: 0.0029737160   LR: 1.00e-03
Epoch 410/1000 Train Loss: 0.0047857580Val Loss: 0.0025967573   LR: 1.00e-03
Epoch 411/1000 Train Loss: 0.0046692927Val Loss: 0.0030052475   LR: 1.00e-03
Epoch 412/1000 Train Loss: 0.0047405696Val Loss: 0.0030854599   LR: 1.00e-03
Epoch 413/1000 Train Loss: 0.0049965413Val Loss: 0.0035967104   LR: 1.00e-03
Epoch 414/1000 Train Loss: 0.0047895469Val Loss: 0.0026267406   LR: 1.00e-03
Epoch 415/1000 Train Loss: 0.0048368552Val Loss: 0.0030201030   LR: 1.00e-03
Epoch 416/1000 Train Loss: 0.0047517307Val Loss: 0.0031231630   LR: 1.00e-03
Epoch 417/1000 Train Loss: 0.0047663553Val Loss: 0.0031060529   LR: 1.00e-03
Epoch 418/1000 Train Loss: 0.0049725232Val Loss: 0.0025557650   LR: 1.00e-03
Epoch 419/1000 Train Loss: 0.0047910461Val Loss: 0.0034874204   LR: 1.00e-03
Epoch 420/1000 Train Loss: 0.0047898962Val Loss: 0.0027965185   LR: 1.00e-03
Epoch 421/1000 Train Loss: 0.0048652088Val Loss: 0.0040701621   LR: 1.00e-03
Epoch 422/1000 Train Loss: 0.0049129682Val Loss: 0.0027088533   LR: 1.00e-03
Epoch 423/1000 Train Loss: 0.0050968789Val Loss: 0.0024544977   LR: 1.00e-03
Epoch 424/1000 Train Loss: 0.0047416990Val Loss: 0.0026359087   LR: 1.00e-03
Epoch 425/1000 Train Loss: 0.0048213031Val Loss: 0.0031337237   LR: 1.00e-03
Epoch 426/1000 Train Loss: 0.0048082321Val Loss: 0.0030344917   LR: 1.00e-03
Epoch 427/1000 Train Loss: 0.0047622866Val Loss: 0.0028537367   LR: 1.00e-03
Epoch 428/1000 Train Loss: 0.0048781878Val Loss: 0.0033336552   LR: 1.00e-03
Epoch 429/1000 Train Loss: 0.0048579004Val Loss: 0.0031917468   LR: 1.00e-03
Epoch 430/1000 Train Loss: 0.0048431803Val Loss: 0.0034078220   LR: 1.00e-03
Epoch 431/1000 Train Loss: 0.0047776148Val Loss: 0.0027495773   LR: 1.00e-03
Epoch 432/1000 Train Loss: 0.0047304950Val Loss: 0.0024743191   LR: 1.00e-03
Epoch 433/1000 Train Loss: 0.0048300429Val Loss: 0.0029026976   LR: 1.00e-03
Epoch 434/1000 Train Loss: 0.0047914725Val Loss: 0.0031161955   LR: 1.00e-03
Epoch 435/1000 Train Loss: 0.0044832525Val Loss: 0.0032426729   LR: 1.00e-03
Epoch 436/1000 Train Loss: 0.0048791932Val Loss: 0.0033504264   LR: 1.00e-03
Epoch 437/1000 Train Loss: 0.0048817877Val Loss: 0.0026720135   LR: 1.00e-03
Epoch 438/1000 Train Loss: 0.0045903005Val Loss: 0.0024145374   LR: 1.00e-03
Epoch 439/1000 Train Loss: 0.0046090894Val Loss: 0.0039798617   LR: 1.00e-03
Epoch 440/1000 Train Loss: 0.0049153598Val Loss: 0.0029343635   LR: 1.00e-03
Epoch 441/1000 Train Loss: 0.0048942569Val Loss: 0.0025243201   LR: 1.00e-03
Epoch 442/1000 Train Loss: 0.0048323810Val Loss: 0.0025937071   LR: 1.00e-03
Epoch 443/1000 Train Loss: 0.0049461304Val Loss: 0.0026553815   LR: 1.00e-03
Epoch 444/1000 Train Loss: 0.0046707614Val Loss: 0.0027764490   LR: 1.00e-03
Epoch 445/1000 Train Loss: 0.0045384701Val Loss: 0.0026593427   LR: 1.00e-03
Epoch 446/1000 Train Loss: 0.0047947839Val Loss: 0.0031755812   LR: 1.00e-03
Epoch 447/1000 Train Loss: 0.0048277077Val Loss: 0.0034096016   LR: 1.00e-03
Epoch 448/1000 Train Loss: 0.0045805957Val Loss: 0.0028952744   LR: 1.00e-03
Epoch 449/1000 Train Loss: 0.0048239305Val Loss: 0.0024713244   LR: 1.00e-03
Epoch 450/1000 Train Loss: 0.0045940075Val Loss: 0.0037997819   LR: 1.00e-03
Epoch 451/1000 Train Loss: 0.0048208679Val Loss: 0.0030125456   LR: 1.00e-03
Epoch 452/1000 Train Loss: 0.0047577904Val Loss: 0.0026638673   LR: 1.00e-03
Epoch 453/1000 Train Loss: 0.0045549793Val Loss: 0.0026865267   LR: 1.00e-03
Epoch 454/1000 Train Loss: 0.0048055218Val Loss: 0.0026316352   LR: 1.00e-03
Epoch 455/1000 Train Loss: 0.0050823563Val Loss: 0.0029921076   LR: 1.00e-03
Epoch 456/1000 Train Loss: 0.0045692572Val Loss: 0.0032107963   LR: 1.00e-03
Epoch 457/1000 Train Loss: 0.0045015171Val Loss: 0.0029990316   LR: 1.00e-03
Epoch 458/1000 Train Loss: 0.0047008489Val Loss: 0.0038917168   LR: 1.00e-03
Epoch 459/1000 Train Loss: 0.0048959622Val Loss: 0.0026635647   LR: 1.00e-03
Epoch 460/1000 Train Loss: 0.0047094614Val Loss: 0.0027540337   LR: 1.00e-03
Epoch 461/1000 Train Loss: 0.0047845561Val Loss: 0.0024952108   LR: 1.00e-03
Epoch 462/1000 Train Loss: 0.0047526723Val Loss: 0.0028698685   LR: 1.00e-03
Epoch 463/1000 Train Loss: 0.0049050688Val Loss: 0.0027422254   LR: 1.00e-03
Epoch 464/1000 Train Loss: 0.0049319089Val Loss: 0.0036657572   LR: 1.00e-03
Epoch 465/1000 Train Loss: 0.0048916666Val Loss: 0.0028277276   LR: 1.00e-03
Epoch 466/1000 Train Loss: 0.0045847450Val Loss: 0.0029551942   LR: 1.00e-03
Epoch 467/1000 Train Loss: 0.0049300153Val Loss: 0.0033505446   LR: 1.00e-03
Epoch 468/1000 Train Loss: 0.0047440018Val Loss: 0.0028276438   LR: 1.00e-03
Epoch 469/1000 Train Loss: 0.0046180288Val Loss: 0.0022720804   LR: 1.00e-03
Epoch 470/1000 Train Loss: 0.0046748691Val Loss: 0.0027171462   LR: 1.00e-03
Epoch 471/1000 Train Loss: 0.0046152661Val Loss: 0.0030623280   LR: 1.00e-03
Epoch 472/1000 Train Loss: 0.0048559732Val Loss: 0.0036922105   LR: 1.00e-03
Epoch 473/1000 Train Loss: 0.0047882028Val Loss: 0.0026477951   LR: 1.00e-03
Epoch 474/1000 Train Loss: 0.0046447547Val Loss: 0.0035161690   LR: 1.00e-03
Epoch 475/1000 Train Loss: 0.0047283170Val Loss: 0.0026196203   LR: 1.00e-03
Epoch 476/1000 Train Loss: 0.0046253255Val Loss: 0.0024616100   LR: 1.00e-03
Epoch 477/1000 Train Loss: 0.0045777247Val Loss: 0.0030358506   LR: 1.00e-03
Epoch 478/1000 Train Loss: 0.0047212146Val Loss: 0.0032330111   LR: 1.00e-03
Epoch 479/1000 Train Loss: 0.0048966521Val Loss: 0.0031017881   LR: 1.00e-03
Epoch 480/1000 Train Loss: 0.0048007073Val Loss: 0.0030295426   LR: 1.00e-03
Epoch 481/1000 Train Loss: 0.0045973613Val Loss: 0.0022821270   LR: 1.00e-03
Epoch 482/1000 Train Loss: 0.0048640682Val Loss: 0.0026670430   LR: 1.00e-03
Epoch 483/1000 Train Loss: 0.0045678138Val Loss: 0.0037759567   LR: 1.00e-03
Epoch 484/1000 Train Loss: 0.0047007841Val Loss: 0.0025029627   LR: 1.00e-03
Epoch 485/1000 Train Loss: 0.0045220010Val Loss: 0.0024479547   LR: 1.00e-03
Epoch 486/1000 Train Loss: 0.0047242656Val Loss: 0.0031493120   LR: 1.00e-03
Epoch 487/1000 Train Loss: 0.0046512158Val Loss: 0.0027521676   LR: 1.00e-03
Epoch 488/1000 Train Loss: 0.0046675891Val Loss: 0.0026856969   LR: 1.00e-03
Epoch 489/1000 Train Loss: 0.0046512239Val Loss: 0.0031415494   LR: 1.00e-03
Epoch 490/1000 Train Loss: 0.0045249599Val Loss: 0.0030956194   LR: 1.00e-03
Epoch 491/1000 Train Loss: 0.0049936396Val Loss: 0.0026330755   LR: 1.00e-03
Epoch 492/1000 Train Loss: 0.0044160835Val Loss: 0.0028181343   LR: 1.00e-03
Epoch 493/1000 Train Loss: 0.0044486063Val Loss: 0.0027809186   LR: 1.00e-03
Epoch 494/1000 Train Loss: 0.0044866695Val Loss: 0.0037011906   LR: 1.00e-03
Epoch 495/1000 Train Loss: 0.0049183278Val Loss: 0.0029366308   LR: 1.00e-03
Epoch 496/1000 Train Loss: 0.0046687037Val Loss: 0.0025726506   LR: 1.00e-03
Epoch 497/1000 Train Loss: 0.0047736449Val Loss: 0.0025941821   LR: 1.00e-03
Epoch 498/1000 Train Loss: 0.0044419926Val Loss: 0.0025324920   LR: 1.00e-03
Epoch 499/1000 Train Loss: 0.0046481411Val Loss: 0.0029175715   LR: 1.00e-03
Epoch 500/1000 Train Loss: 0.0046150526Val Loss: 0.0027242234   LR: 1.00e-03
Epoch 501/1000 Train Loss: 0.0046215721Val Loss: 0.0026650908   LR: 1.00e-03
Epoch 502/1000 Train Loss: 0.0045800585Val Loss: 0.0033456899   LR: 1.00e-03
Epoch 503/1000 Train Loss: 0.0047172644Val Loss: 0.0029872320   LR: 1.00e-03
Epoch 504/1000 Train Loss: 0.0046241355Val Loss: 0.0025906357   LR: 1.00e-03
Epoch 505/1000 Train Loss: 0.0045819452Val Loss: 0.0029597545   LR: 1.00e-03
Epoch 506/1000 Train Loss: 0.0045570979Val Loss: 0.0032130114   LR: 1.00e-03
Epoch 507/1000 Train Loss: 0.0044986330Val Loss: 0.0028801541   LR: 1.00e-03
Epoch 508/1000 Train Loss: 0.0048770352Val Loss: 0.0029088337   LR: 1.00e-03
Epoch 509/1000 Train Loss: 0.0045318159Val Loss: 0.0027803725   LR: 1.00e-03
Epoch 510/1000 Train Loss: 0.0046744350Val Loss: 0.0025188265   LR: 1.00e-03
Epoch 511/1000 Train Loss: 0.0044517731Val Loss: 0.0026366449   LR: 1.00e-03
Epoch 512/1000 Train Loss: 0.0045198645Val Loss: 0.0029889883   LR: 1.00e-03
Epoch 513/1000 Train Loss: 0.0046707406Val Loss: 0.0028515609   LR: 1.00e-03
Epoch 514/1000 Train Loss: 0.0044799653Val Loss: 0.0022975877   LR: 1.00e-03
Epoch 515/1000 Train Loss: 0.0042950383Val Loss: 0.0029505091   LR: 1.00e-03
Epoch 516/1000 Train Loss: 0.0044498463Val Loss: 0.0030258019   LR: 1.00e-03
Epoch 517/1000 Train Loss: 0.0046116907Val Loss: 0.0028001545   LR: 1.00e-03
Epoch 518/1000 Train Loss: 0.0045279638Val Loss: 0.0030214002   LR: 1.00e-03
Epoch 519/1000 Train Loss: 0.0044478212Val Loss: 0.0027723115   LR: 1.00e-03
Epoch 520/1000 Train Loss: 0.0044939109Val Loss: 0.0031438605   LR: 1.00e-03
Epoch 521/1000 Train Loss: 0.0044941210Val Loss: 0.0029003971   LR: 1.00e-03
Epoch 522/1000 Train Loss: 0.0045032769Val Loss: 0.0035388356   LR: 1.00e-03
Epoch 523/1000 Train Loss: 0.0044047540Val Loss: 0.0026183081   LR: 1.00e-03
Epoch 524/1000 Train Loss: 0.0046536137Val Loss: 0.0023964529   LR: 1.00e-03
Epoch 525/1000 Train Loss: 0.0044227805Val Loss: 0.0022503034   LR: 1.00e-03
Epoch 526/1000 Train Loss: 0.0045502364Val Loss: 0.0035961597   LR: 1.00e-03
Epoch 527/1000 Train Loss: 0.0045511205Val Loss: 0.0028506077   LR: 1.00e-03
Epoch 528/1000 Train Loss: 0.0046088591Val Loss: 0.0032443553   LR: 1.00e-03
Epoch 529/1000 Train Loss: 0.0045027084Val Loss: 0.0029555611   LR: 1.00e-03
Epoch 530/1000 Train Loss: 0.0046129434Val Loss: 0.0035709016   LR: 1.00e-03
Epoch 531/1000 Train Loss: 0.0045633203Val Loss: 0.0032450899   LR: 1.00e-03
Epoch 532/1000 Train Loss: 0.0046425591Val Loss: 0.0026681635   LR: 1.00e-03
Epoch 533/1000 Train Loss: 0.0044750827Val Loss: 0.0027669521   LR: 1.00e-03
Epoch 534/1000 Train Loss: 0.0044255974Val Loss: 0.0034021954   LR: 1.00e-03
Epoch 535/1000 Train Loss: 0.0046465409Val Loss: 0.0038369286   LR: 1.00e-03
Epoch 536/1000 Train Loss: 0.0042658634Val Loss: 0.0036493035   LR: 1.00e-03
Epoch 537/1000 Train Loss: 0.0044124137Val Loss: 0.0028034242   LR: 1.00e-03
Epoch 538/1000 Train Loss: 0.0043206700Val Loss: 0.0029438403   LR: 1.00e-03
Epoch 539/1000 Train Loss: 0.0045845154Val Loss: 0.0028358926   LR: 1.00e-03
Epoch 540/1000 Train Loss: 0.0046940311Val Loss: 0.0031507726   LR: 1.00e-03
Epoch 541/1000 Train Loss: 0.0042801823Val Loss: 0.0027824053   LR: 1.00e-03
Epoch 542/1000 Train Loss: 0.0043065595Val Loss: 0.0028242890   LR: 1.00e-03
Epoch 543/1000 Train Loss: 0.0044728272Val Loss: 0.0027663260   LR: 1.00e-03
Epoch 544/1000 Train Loss: 0.0044854823Val Loss: 0.0031975636   LR: 1.00e-03
Epoch 545/1000 Train Loss: 0.0045590180Val Loss: 0.0030006262   LR: 1.00e-03
Epoch 546/1000 Train Loss: 0.0045549911Val Loss: 0.0032003907   LR: 1.00e-03
Epoch 547/1000 Train Loss: 0.0044928748Val Loss: 0.0026126947   LR: 1.00e-03
Epoch 548/1000 Train Loss: 0.0044253380Val Loss: 0.0025012378   LR: 1.00e-03
Epoch 549/1000 Train Loss: 0.0044810124Val Loss: 0.0030642890   LR: 1.00e-03
Epoch 550/1000 Train Loss: 0.0043707027Val Loss: 0.0032067075   LR: 1.00e-03
Epoch 551/1000 Train Loss: 0.0042191796Val Loss: 0.0027252562   LR: 1.00e-03
Epoch 552/1000 Train Loss: 0.0043303012Val Loss: 0.0027362762   LR: 1.00e-03
Epoch 553/1000 Train Loss: 0.0045678768Val Loss: 0.0029335191   LR: 1.00e-03
Epoch 554/1000 Train Loss: 0.0044388927Val Loss: 0.0027293896   LR: 1.00e-03
Epoch 555/1000 Train Loss: 0.0043419445Val Loss: 0.0032060383   LR: 1.00e-03
Epoch 556/1000 Train Loss: 0.0043267761Val Loss: 0.0027609410   LR: 1.00e-03
Epoch 557/1000 Train Loss: 0.0044532518Val Loss: 0.0025035280   LR: 1.00e-03
Epoch 558/1000 Train Loss: 0.0046838661Val Loss: 0.0028106669   LR: 1.00e-03
Epoch 559/1000 Train Loss: 0.0045869316Val Loss: 0.0029607833   LR: 1.00e-03
Epoch 560/1000 Train Loss: 0.0042987319Val Loss: 0.0025231240   LR: 1.00e-03
Epoch 561/1000 Train Loss: 0.0045223929Val Loss: 0.0024172836   LR: 1.00e-03
Epoch 562/1000 Train Loss: 0.0044650073Val Loss: 0.0029627522   LR: 1.00e-03
Epoch 563/1000 Train Loss: 0.0042732558Val Loss: 0.0034309316   LR: 1.00e-03
Epoch 564/1000 Train Loss: 0.0042884624Val Loss: 0.0024520740   LR: 1.00e-03
Epoch 565/1000 Train Loss: 0.0043998471Val Loss: 0.0033583687   LR: 1.00e-03
Epoch 566/1000 Train Loss: 0.0045069870Val Loss: 0.0025489422   LR: 1.00e-03
Epoch 567/1000 Train Loss: 0.0045191257Val Loss: 0.0031962699   LR: 1.00e-03
Epoch 568/1000 Train Loss: 0.0043626086Val Loss: 0.0025310405   LR: 1.00e-03
Epoch 569/1000 Train Loss: 0.0044449390Val Loss: 0.0039693878   LR: 1.00e-03
Epoch 570/1000 Train Loss: 0.0044866990Val Loss: 0.0028008494   LR: 1.00e-03
Epoch 571/1000 Train Loss: 0.0044082991Val Loss: 0.0033904496   LR: 1.00e-03
Epoch 572/1000 Train Loss: 0.0043614823Val Loss: 0.0026732000   LR: 1.00e-03
Epoch 573/1000 Train Loss: 0.0044571150Val Loss: 0.0033531399   LR: 1.00e-03
Epoch 574/1000 Train Loss: 0.0042981316Val Loss: 0.0026761526   LR: 1.00e-03
Epoch 575/1000 Train Loss: 0.0044173838Val Loss: 0.0024951095   LR: 1.00e-03
Epoch 576/1000 Train Loss: 0.0045450555Val Loss: 0.0024437513   LR: 1.00e-03
Epoch 577/1000 Train Loss: 0.0045333892Val Loss: 0.0023387209   LR: 1.00e-03
Epoch 578/1000 Train Loss: 0.0045302705Val Loss: 0.0027222592   LR: 1.00e-03
Epoch 579/1000 Train Loss: 0.0043387718Val Loss: 0.0027316846   LR: 1.00e-03
Epoch 580/1000 Train Loss: 0.0042418989Val Loss: 0.0027678491   LR: 1.00e-03
Epoch 581/1000 Train Loss: 0.0043365341Val Loss: 0.0035361109   LR: 1.00e-03
Epoch 582/1000 Train Loss: 0.0044795160Val Loss: 0.0029165558   LR: 1.00e-03
Epoch 583/1000 Train Loss: 0.0042732967Val Loss: 0.0025148285   LR: 1.00e-03
Epoch 584/1000 Train Loss: 0.0042673090Val Loss: 0.0025024289   LR: 1.00e-03
Epoch 585/1000 Train Loss: 0.0045166117Val Loss: 0.0026014511   LR: 1.00e-03
Epoch 586/1000 Train Loss: 0.0043630656Val Loss: 0.0026549142   LR: 1.00e-03
Epoch 587/1000 Train Loss: 0.0042914664Val Loss: 0.0026190585   LR: 1.00e-03
Epoch 588/1000 Train Loss: 0.0044283095Val Loss: 0.0027026230   LR: 1.00e-03
Epoch 589/1000 Train Loss: 0.0042338780Val Loss: 0.0026888022   LR: 1.00e-03
Epoch 590/1000 Train Loss: 0.0041440096Val Loss: 0.0022059922   LR: 1.00e-03
Epoch 591/1000 Train Loss: 0.0043578768Val Loss: 0.0027093547   LR: 1.00e-03
Epoch 592/1000 Train Loss: 0.0042266407Val Loss: 0.0027799248   LR: 1.00e-03
Epoch 593/1000 Train Loss: 0.0043199710Val Loss: 0.0027702312   LR: 1.00e-03
Epoch 594/1000 Train Loss: 0.0043124349Val Loss: 0.0027590563   LR: 1.00e-03
Epoch 595/1000 Train Loss: 0.0044000203Val Loss: 0.0033668118   LR: 1.00e-03
Epoch 596/1000 Train Loss: 0.0042696448Val Loss: 0.0028460451   LR: 1.00e-03
Epoch 597/1000 Train Loss: 0.0044028804Val Loss: 0.0025055988   LR: 1.00e-03
Epoch 598/1000 Train Loss: 0.0044659077Val Loss: 0.0033378305   LR: 1.00e-03
Epoch 599/1000 Train Loss: 0.0039937891Val Loss: 0.0028111643   LR: 1.00e-03
Epoch 600/1000 Train Loss: 0.0042816074Val Loss: 0.0027093136   LR: 1.00e-03
Epoch 601/1000 Train Loss: 0.0041718385Val Loss: 0.0027797486   LR: 1.00e-03
Epoch 602/1000 Train Loss: 0.0044052796Val Loss: 0.0035195137   LR: 1.00e-03
Epoch 603/1000 Train Loss: 0.0043647008Val Loss: 0.0024228936   LR: 1.00e-03
Epoch 604/1000 Train Loss: 0.0041899537Val Loss: 0.0025821858   LR: 1.00e-03
Epoch 605/1000 Train Loss: 0.0042083465Val Loss: 0.0025578794   LR: 1.00e-03
Epoch 606/1000 Train Loss: 0.0042998620Val Loss: 0.0033825658   LR: 1.00e-03
Epoch 607/1000 Train Loss: 0.0042789246Val Loss: 0.0022976707   LR: 1.00e-03
Epoch 608/1000 Train Loss: 0.0044080810Val Loss: 0.0026021548   LR: 1.00e-03
Epoch 609/1000 Train Loss: 0.0044607460Val Loss: 0.0026527503   LR: 1.00e-03
Epoch 610/1000 Train Loss: 0.0041850468Val Loss: 0.0036775349   LR: 1.00e-03
Epoch 611/1000 Train Loss: 0.0041796810Val Loss: 0.0026321442   LR: 1.00e-03
Epoch 612/1000 Train Loss: 0.0043647508Val Loss: 0.0022033330   LR: 1.00e-03
Epoch 613/1000 Train Loss: 0.0041742912Val Loss: 0.0023387115   LR: 1.00e-03
Epoch 614/1000 Train Loss: 0.0043284866Val Loss: 0.0024792693   LR: 1.00e-03
Epoch 615/1000 Train Loss: 0.0043099443Val Loss: 0.0028623693   LR: 1.00e-03
Epoch 616/1000 Train Loss: 0.0041701288Val Loss: 0.0031398156   LR: 1.00e-03
Epoch 617/1000 Train Loss: 0.0040233643Val Loss: 0.0026872732   LR: 1.00e-03
Epoch 618/1000 Train Loss: 0.0043087940Val Loss: 0.0027679093   LR: 1.00e-03
Epoch 619/1000 Train Loss: 0.0043081127Val Loss: 0.0028263068   LR: 1.00e-03
Epoch 620/1000 Train Loss: 0.0043574985Val Loss: 0.0024231354   LR: 1.00e-03
Epoch 621/1000 Train Loss: 0.0040362483Val Loss: 0.0023669173   LR: 1.00e-03
Epoch 622/1000 Train Loss: 0.0043362775Val Loss: 0.0028967736   LR: 1.00e-03
Epoch 623/1000 Train Loss: 0.0042941299Val Loss: 0.0039797458   LR: 1.00e-03
Epoch 624/1000 Train Loss: 0.0042292246Val Loss: 0.0025064532   LR: 1.00e-03
Epoch 625/1000 Train Loss: 0.0041613869Val Loss: 0.0029570659   LR: 1.00e-03
Epoch 626/1000 Train Loss: 0.0043564808Val Loss: 0.0029674076   LR: 1.00e-03
Epoch 627/1000 Train Loss: 0.0042625754Val Loss: 0.0029836925   LR: 1.00e-03
Epoch 628/1000 Train Loss: 0.0041687440Val Loss: 0.0024594562   LR: 1.00e-03
Epoch 629/1000 Train Loss: 0.0041996662Val Loss: 0.0023709128   LR: 1.00e-03
Epoch 630/1000 Train Loss: 0.0043698317Val Loss: 0.0025203588   LR: 1.00e-03
Epoch 631/1000 Train Loss: 0.0043554479Val Loss: 0.0027534096   LR: 1.00e-03
Epoch 632/1000 Train Loss: 0.0041738346Val Loss: 0.0024777732   LR: 1.00e-03
Epoch 633/1000 Train Loss: 0.0042805688Val Loss: 0.0026177696   LR: 1.00e-03
Epoch 634/1000 Train Loss: 0.0042305157Val Loss: 0.0024242716   LR: 1.00e-03
Epoch 635/1000 Train Loss: 0.0043891919Val Loss: 0.0027035829   LR: 1.00e-03
Epoch 636/1000 Train Loss: 0.0043232046Val Loss: 0.0029621671   LR: 1.00e-03
Epoch 637/1000 Train Loss: 0.0042391856Val Loss: 0.0028358809   LR: 1.00e-03
Epoch 638/1000 Train Loss: 0.0043965674Val Loss: 0.0026866810   LR: 1.00e-03
Epoch 639/1000 Train Loss: 0.0041554758Val Loss: 0.0024324896   LR: 1.00e-03
Epoch 640/1000 Train Loss: 0.0040214132Val Loss: 0.0023565723   LR: 1.00e-03
Epoch 641/1000 Train Loss: 0.0043591378Val Loss: 0.0021746522   LR: 1.00e-03
Epoch 642/1000 Train Loss: 0.0041960385Val Loss: 0.0025586210   LR: 1.00e-03
Epoch 643/1000 Train Loss: 0.0043773656Val Loss: 0.0030019790   LR: 1.00e-03
Epoch 644/1000 Train Loss: 0.0044359485Val Loss: 0.0026564875   LR: 1.00e-03
Epoch 645/1000 Train Loss: 0.0041387848Val Loss: 0.0025884289   LR: 1.00e-03
Epoch 646/1000 Train Loss: 0.0041653639Val Loss: 0.0025275060   LR: 1.00e-03
Epoch 647/1000 Train Loss: 0.0042500463Val Loss: 0.0028883968   LR: 1.00e-03
Epoch 648/1000 Train Loss: 0.0044920226Val Loss: 0.0042507774   LR: 1.00e-03
Epoch 649/1000 Train Loss: 0.0042042253Val Loss: 0.0029630408   LR: 1.00e-03
Epoch 650/1000 Train Loss: 0.0041606413Val Loss: 0.0026832441   LR: 1.00e-03
Epoch 651/1000 Train Loss: 0.0043846080Val Loss: 0.0027974681   LR: 1.00e-03
Epoch 652/1000 Train Loss: 0.0042443378Val Loss: 0.0024253754   LR: 1.00e-03
Epoch 653/1000 Train Loss: 0.0040456193Val Loss: 0.0025683527   LR: 1.00e-03
Epoch 654/1000 Train Loss: 0.0041479028Val Loss: 0.0025819781   LR: 1.00e-03
Epoch 655/1000 Train Loss: 0.0041612771Val Loss: 0.0026800704   LR: 1.00e-03
Epoch 656/1000 Train Loss: 0.0042945647Val Loss: 0.0032222180   LR: 1.00e-03
Epoch 657/1000 Train Loss: 0.0042853061Val Loss: 0.0027868538   LR: 1.00e-03
Epoch 658/1000 Train Loss: 0.0042893633Val Loss: 0.0025809315   LR: 1.00e-03
Epoch 659/1000 Train Loss: 0.0041627483Val Loss: 0.0023351058   LR: 1.00e-03
Epoch 660/1000 Train Loss: 0.0042854155Val Loss: 0.0024721934   LR: 1.00e-03
Epoch 661/1000 Train Loss: 0.0042505851Val Loss: 0.0023867755   LR: 1.00e-03
Epoch 662/1000 Train Loss: 0.0041744131Val Loss: 0.0025905837   LR: 1.00e-03
Epoch 663/1000 Train Loss: 0.0041615547Val Loss: 0.0026144444   LR: 1.00e-03
Epoch 664/1000 Train Loss: 0.0040918863Val Loss: 0.0028810872   LR: 1.00e-03
Epoch 665/1000 Train Loss: 0.0041663801Val Loss: 0.0029057118   LR: 1.00e-03
Epoch 666/1000 Train Loss: 0.0040998558Val Loss: 0.0022165002   LR: 1.00e-03
Epoch 667/1000 Train Loss: 0.0042680075Val Loss: 0.0022061538   LR: 1.00e-03
Epoch 668/1000 Train Loss: 0.0043682770Val Loss: 0.0025938026   LR: 1.00e-03
Epoch 669/1000 Train Loss: 0.0041920269Val Loss: 0.0025295090   LR: 1.00e-03
Epoch 670/1000 Train Loss: 0.0041418108Val Loss: 0.0027263890   LR: 1.00e-03
Epoch 671/1000 Train Loss: 0.0042411641Val Loss: 0.0024089163   LR: 1.00e-03
Epoch 672/1000 Train Loss: 0.0039875034Val Loss: 0.0035150515   LR: 1.00e-03
Epoch 673/1000 Train Loss: 0.0040977858Val Loss: 0.0026604503   LR: 1.00e-03
Epoch 674/1000 Train Loss: 0.0042089079Val Loss: 0.0028814337   LR: 1.00e-03
Epoch 675/1000 Train Loss: 0.0042624056Val Loss: 0.0023904976   LR: 1.00e-03
Epoch 676/1000 Train Loss: 0.0040704602Val Loss: 0.0029912363   LR: 1.00e-03
Epoch 677/1000 Train Loss: 0.0042459495Val Loss: 0.0027776061   LR: 1.00e-03
Epoch 678/1000 Train Loss: 0.0040775020Val Loss: 0.0027791758   LR: 1.00e-03
Epoch 679/1000 Train Loss: 0.0042640276Val Loss: 0.0023082039   LR: 1.00e-03
Epoch 680/1000 Train Loss: 0.0041681648Val Loss: 0.0024194554   LR: 1.00e-03
Epoch 681/1000 Train Loss: 0.0041439769Val Loss: 0.0031010796   LR: 1.00e-03
Epoch 682/1000 Train Loss: 0.0039687633Val Loss: 0.0021845805   LR: 1.00e-03
Epoch 683/1000 Train Loss: 0.0041015390Val Loss: 0.0031134541   LR: 1.00e-03
Epoch 684/1000 Train Loss: 0.0042416701Val Loss: 0.0022972812   LR: 1.00e-03
Epoch 685/1000 Train Loss: 0.0042806567Val Loss: 0.0025967952   LR: 1.00e-03
Epoch 686/1000 Train Loss: 0.0042990823Val Loss: 0.0026691312   LR: 1.00e-03
Epoch 687/1000 Train Loss: 0.0042153241Val Loss: 0.0028257553   LR: 1.00e-03
Epoch 688/1000 Train Loss: 0.0039604759Val Loss: 0.0030257006   LR: 1.00e-03
Epoch 689/1000 Train Loss: 0.0042798450Val Loss: 0.0024061993   LR: 1.00e-03
Epoch 690/1000 Train Loss: 0.0040966786Val Loss: 0.0027765686   LR: 1.00e-03
Epoch 691/1000 Train Loss: 0.0041778620Val Loss: 0.0022820592   LR: 1.00e-03
Epoch 692/1000 Train Loss: 0.0044055436Val Loss: 0.0027197760   LR: 1.00e-03
Epoch 693/1000 Train Loss: 0.0041893525Val Loss: 0.0031954154   LR: 1.00e-03
Epoch 694/1000 Train Loss: 0.0044101690Val Loss: 0.0024961870   LR: 1.00e-03
Epoch 695/1000 Train Loss: 0.0041749416Val Loss: 0.0026279793   LR: 1.00e-03
Epoch 696/1000 Train Loss: 0.0041512780Val Loss: 0.0027018130   LR: 1.00e-03
Epoch 697/1000 Train Loss: 0.0039805316Val Loss: 0.0020628612   LR: 1.00e-03
Epoch 698/1000 Train Loss: 0.0040946571Val Loss: 0.0024194023   LR: 1.00e-03
Epoch 699/1000 Train Loss: 0.0042519471Val Loss: 0.0032744710   LR: 1.00e-03
Epoch 700/1000 Train Loss: 0.0042551635Val Loss: 0.0027624488   LR: 1.00e-03
Epoch 701/1000 Train Loss: 0.0040523529Val Loss: 0.0026907170   LR: 1.00e-03
Epoch 702/1000 Train Loss: 0.0041700591Val Loss: 0.0027140272   LR: 1.00e-03
Epoch 703/1000 Train Loss: 0.0040219476Val Loss: 0.0025524564   LR: 1.00e-03
Epoch 704/1000 Train Loss: 0.0039515860Val Loss: 0.0027810528   LR: 1.00e-03
Epoch 705/1000 Train Loss: 0.0042646424Val Loss: 0.0036581345   LR: 1.00e-03
Epoch 706/1000 Train Loss: 0.0040951800Val Loss: 0.0021334099   LR: 1.00e-03
Epoch 707/1000 Train Loss: 0.0041266374Val Loss: 0.0021391877   LR: 1.00e-03
Epoch 708/1000 Train Loss: 0.0043448877Val Loss: 0.0031308308   LR: 1.00e-03
Epoch 709/1000 Train Loss: 0.0040573404Val Loss: 0.0026445331   LR: 1.00e-03
Epoch 710/1000 Train Loss: 0.0041303159Val Loss: 0.0023784241   LR: 1.00e-03
Epoch 711/1000 Train Loss: 0.0040409381Val Loss: 0.0028393705   LR: 1.00e-03
Epoch 712/1000 Train Loss: 0.0040904269Val Loss: 0.0024822871   LR: 1.00e-03
Epoch 713/1000 Train Loss: 0.0040749947Val Loss: 0.0024519761   LR: 1.00e-03
Epoch 714/1000 Train Loss: 0.0041576028Val Loss: 0.0028444628   LR: 1.00e-03
Epoch 715/1000 Train Loss: 0.0043419534Val Loss: 0.0023448740   LR: 1.00e-03
Epoch 716/1000 Train Loss: 0.0039955420Val Loss: 0.0027048751   LR: 1.00e-03
Epoch 717/1000 Train Loss: 0.0042285003Val Loss: 0.0022981272   LR: 1.00e-03
Epoch 718/1000 Train Loss: 0.0041064003Val Loss: 0.0025716502   LR: 1.00e-03
Epoch 719/1000 Train Loss: 0.0039818738Val Loss: 0.0035861886   LR: 1.00e-03
Epoch 720/1000 Train Loss: 0.0040308612Val Loss: 0.0032877172   LR: 1.00e-03
Epoch 721/1000 Train Loss: 0.0041335269Val Loss: 0.0025019839   LR: 1.00e-03
Epoch 722/1000 Train Loss: 0.0039659240Val Loss: 0.0028018646   LR: 1.00e-03
Epoch 723/1000 Train Loss: 0.0040813116Val Loss: 0.0027797356   LR: 1.00e-03
Epoch 724/1000 Train Loss: 0.0041323304Val Loss: 0.0039872220   LR: 1.00e-03
Epoch 725/1000 Train Loss: 0.0041656334Val Loss: 0.0031861318   LR: 1.00e-03
Epoch 726/1000 Train Loss: 0.0041467149Val Loss: 0.0029797316   LR: 1.00e-03
Epoch 727/1000 Train Loss: 0.0040525395Val Loss: 0.0025844819   LR: 1.00e-03
Epoch 728/1000 Train Loss: 0.0041256228Val Loss: 0.0027404495   LR: 1.00e-03
Epoch 729/1000 Train Loss: 0.0039515694Val Loss: 0.0024872767   LR: 1.00e-03
Epoch 730/1000 Train Loss: 0.0040794224Val Loss: 0.0028995036   LR: 1.00e-03
Epoch 731/1000 Train Loss: 0.0040517962Val Loss: 0.0025270163   LR: 1.00e-03
Epoch 732/1000 Train Loss: 0.0042146500Val Loss: 0.0028374018   LR: 1.00e-03
Epoch 733/1000 Train Loss: 0.0041425790Val Loss: 0.0026503869   LR: 1.00e-03
Epoch 734/1000 Train Loss: 0.0041048989Val Loss: 0.0032911207   LR: 1.00e-03
Epoch 735/1000 Train Loss: 0.0040667605Val Loss: 0.0029744703   LR: 1.00e-03
Epoch 736/1000 Train Loss: 0.0039960239Val Loss: 0.0033230426   LR: 1.00e-03
Epoch 737/1000 Train Loss: 0.0040575895Val Loss: 0.0028227012   LR: 1.00e-03
Epoch 738/1000 Train Loss: 0.0040697111Val Loss: 0.0032437074   LR: 1.00e-03
Epoch 739/1000 Train Loss: 0.0041126246Val Loss: 0.0025103888   LR: 1.00e-03
Epoch 740/1000 Train Loss: 0.0041920179Val Loss: 0.0027915717   LR: 1.00e-03
Epoch 741/1000 Train Loss: 0.0042437554Val Loss: 0.0023256078   LR: 1.00e-03
Epoch 742/1000 Train Loss: 0.0039084445Val Loss: 0.0030478052   LR: 1.00e-03
Epoch 743/1000 Train Loss: 0.0040080494Val Loss: 0.0023230272   LR: 1.00e-03
Epoch 744/1000 Train Loss: 0.0040410928Val Loss: 0.0028609594   LR: 1.00e-03
Epoch 745/1000 Train Loss: 0.0041180833Val Loss: 0.0026038640   LR: 1.00e-03
Epoch 746/1000 Train Loss: 0.0040233619Val Loss: 0.0024800838   LR: 1.00e-03
Epoch 747/1000 Train Loss: 0.0039927417Val Loss: 0.0022042130   LR: 1.00e-03
Epoch 748/1000 Train Loss: 0.0042021655Val Loss: 0.0022233624   LR: 1.00e-03
Epoch 749/1000 Train Loss: 0.0039395022Val Loss: 0.0027432958   LR: 1.00e-03
Epoch 750/1000 Train Loss: 0.0041560474Val Loss: 0.0026221817   LR: 1.00e-03
Epoch 751/1000 Train Loss: 0.0039440469Val Loss: 0.0025710974   LR: 1.00e-03
Epoch 752/1000 Train Loss: 0.0041871734Val Loss: 0.0023717237   LR: 1.00e-03
Epoch 753/1000 Train Loss: 0.0039048864Val Loss: 0.0033203916   LR: 1.00e-03
Epoch 754/1000 Train Loss: 0.0039761239Val Loss: 0.0028771408   LR: 1.00e-03
Epoch 755/1000 Train Loss: 0.0040753797Val Loss: 0.0030602330   LR: 1.00e-03
Epoch 756/1000 Train Loss: 0.0040488900Val Loss: 0.0039261240   LR: 1.00e-03
Epoch 757/1000 Train Loss: 0.0039209453Val Loss: 0.0025122675   LR: 1.00e-03
Epoch 758/1000 Train Loss: 0.0040793128Val Loss: 0.0024178008   LR: 1.00e-03
Epoch 759/1000 Train Loss: 0.0040909937Val Loss: 0.0024919610   LR: 1.00e-03
Epoch 760/1000 Train Loss: 0.0042612967Val Loss: 0.0026739499   LR: 1.00e-03
Epoch 761/1000 Train Loss: 0.0040153367Val Loss: 0.0023643940   LR: 1.00e-03
Epoch 762/1000 Train Loss: 0.0040206861Val Loss: 0.0028515105   LR: 1.00e-03
Epoch 763/1000 Train Loss: 0.0043342624Val Loss: 0.0028622162   LR: 1.00e-03
Epoch 764/1000 Train Loss: 0.0039384670Val Loss: 0.0027434973   LR: 1.00e-03
Epoch 765/1000 Train Loss: 0.0041054516Val Loss: 0.0028372861   LR: 1.00e-03
Epoch 766/1000 Train Loss: 0.0037715437Val Loss: 0.0022692740   LR: 1.00e-03
Epoch 767/1000 Train Loss: 0.0041396655Val Loss: 0.0026596648   LR: 1.00e-03
Epoch 768/1000 Train Loss: 0.0040075434Val Loss: 0.0021774645   LR: 1.00e-03
Epoch 769/1000 Train Loss: 0.0040961532Val Loss: 0.0028634746   LR: 1.00e-03
Epoch 770/1000 Train Loss: 0.0040722356Val Loss: 0.0026105627   LR: 1.00e-03
Epoch 771/1000 Train Loss: 0.0039984656Val Loss: 0.0024705934   LR: 1.00e-03
Epoch 772/1000 Train Loss: 0.0039629912Val Loss: 0.0026777727   LR: 1.00e-03
Epoch 773/1000 Train Loss: 0.0040444008Val Loss: 0.0031769453   LR: 1.00e-03
Epoch 774/1000 Train Loss: 0.0040676219Val Loss: 0.0024129157   LR: 1.00e-03
Epoch 775/1000 Train Loss: 0.0040985457Val Loss: 0.0024788272   LR: 1.00e-03
Epoch 776/1000 Train Loss: 0.0040003599Val Loss: 0.0027015707   LR: 1.00e-03
Epoch 777/1000 Train Loss: 0.0040512858Val Loss: 0.0030120629   LR: 1.00e-03
Epoch 778/1000 Train Loss: 0.0039759237Val Loss: 0.0026247148   LR: 1.00e-03
Epoch 779/1000 Train Loss: 0.0040967968Val Loss: 0.0027715171   LR: 1.00e-03
Epoch 780/1000 Train Loss: 0.0040099791Val Loss: 0.0020847276   LR: 1.00e-03
Epoch 781/1000 Train Loss: 0.0040380748Val Loss: 0.0025627326   LR: 1.00e-03
Epoch 782/1000 Train Loss: 0.0038989786Val Loss: 0.0027124004   LR: 1.00e-03
Epoch 783/1000 Train Loss: 0.0041013791Val Loss: 0.0029211891   LR: 1.00e-03
Epoch 784/1000 Train Loss: 0.0041367780Val Loss: 0.0031667433   LR: 1.00e-03
Epoch 785/1000 Train Loss: 0.0041806669Val Loss: 0.0021185588   LR: 1.00e-03
Epoch 786/1000 Train Loss: 0.0037857648Val Loss: 0.0026952519   LR: 1.00e-03
Epoch 787/1000 Train Loss: 0.0039433803Val Loss: 0.0027701308   LR: 1.00e-03
Epoch 788/1000 Train Loss: 0.0038887908Val Loss: 0.0022163023   LR: 1.00e-03
Epoch 789/1000 Train Loss: 0.0040289482Val Loss: 0.0024746917   LR: 1.00e-03
Epoch 790/1000 Train Loss: 0.0038911746Val Loss: 0.0023875439   LR: 1.00e-03
Epoch 791/1000 Train Loss: 0.0040529340Val Loss: 0.0028244215   LR: 1.00e-03
Epoch 792/1000 Train Loss: 0.0039051820Val Loss: 0.0021515025   LR: 1.00e-03
Epoch 793/1000 Train Loss: 0.0041183686Val Loss: 0.0020154418   LR: 1.00e-03
Epoch 794/1000 Train Loss: 0.0039524107Val Loss: 0.0028454647   LR: 1.00e-03
Epoch 795/1000 Train Loss: 0.0041089263Val Loss: 0.0025830578   LR: 1.00e-03
Epoch 796/1000 Train Loss: 0.0038181330Val Loss: 0.0025772226   LR: 1.00e-03
Epoch 797/1000 Train Loss: 0.0041662349Val Loss: 0.0030317659   LR: 1.00e-03
Epoch 798/1000 Train Loss: 0.0039513400Val Loss: 0.0031937209   LR: 1.00e-03
Epoch 799/1000 Train Loss: 0.0039038993Val Loss: 0.0027406360   LR: 1.00e-03
Epoch 800/1000 Train Loss: 0.0039496845Val Loss: 0.0038306594   LR: 1.00e-03
Epoch 801/1000 Train Loss: 0.0039236803Val Loss: 0.0027049863   LR: 1.00e-03
Epoch 802/1000 Train Loss: 0.0039798345Val Loss: 0.0024004343   LR: 1.00e-03
Epoch 803/1000 Train Loss: 0.0038822536Val Loss: 0.0028281381   LR: 1.00e-03
Epoch 804/1000 Train Loss: 0.0041461481Val Loss: 0.0034244956   LR: 1.00e-03
Epoch 805/1000 Train Loss: 0.0040518825Val Loss: 0.0028222861   LR: 1.00e-03
Epoch 806/1000 Train Loss: 0.0042688410Val Loss: 0.0028125594   LR: 1.00e-03
Epoch 807/1000 Train Loss: 0.0038513122Val Loss: 0.0022343240   LR: 1.00e-03
Epoch 808/1000 Train Loss: 0.0039003177Val Loss: 0.0029724704   LR: 1.00e-03
Epoch 809/1000 Train Loss: 0.0039076786Val Loss: 0.0024763280   LR: 1.00e-03
Epoch 810/1000 Train Loss: 0.0040259025Val Loss: 0.0027575910   LR: 1.00e-03
Epoch 811/1000 Train Loss: 0.0038663098Val Loss: 0.0026646783   LR: 1.00e-03
Epoch 812/1000 Train Loss: 0.0039575163Val Loss: 0.0020691003   LR: 1.00e-03
Epoch 813/1000 Train Loss: 0.0039077731Val Loss: 0.0029358327   LR: 1.00e-03
Epoch 814/1000 Train Loss: 0.0040450429Val Loss: 0.0022193225   LR: 1.00e-03
Epoch 815/1000 Train Loss: 0.0039300748Val Loss: 0.0026563328   LR: 1.00e-03
Epoch 816/1000 Train Loss: 0.0039089180Val Loss: 0.0023712759   LR: 1.00e-03
Epoch 817/1000 Train Loss: 0.0038861341Val Loss: 0.0027809243   LR: 1.00e-03
Epoch 818/1000 Train Loss: 0.0039153348Val Loss: 0.0025585340   LR: 1.00e-03
Epoch 819/1000 Train Loss: 0.0038910718Val Loss: 0.0023476695   LR: 1.00e-03
Epoch 820/1000 Train Loss: 0.0038803750Val Loss: 0.0029505699   LR: 1.00e-03
Epoch 821/1000 Train Loss: 0.0038651313Val Loss: 0.0022903374   LR: 1.00e-03
Epoch 822/1000 Train Loss: 0.0038968653Val Loss: 0.0030748994   LR: 1.00e-03
Epoch 823/1000 Train Loss: 0.0037531950Val Loss: 0.0028936840   LR: 1.00e-03
Epoch 824/1000 Train Loss: 0.0040546050Val Loss: 0.0027276232   LR: 1.00e-03
Epoch 825/1000 Train Loss: 0.0039195040Val Loss: 0.0029309706   LR: 1.00e-03
Epoch 826/1000 Train Loss: 0.0038971449Val Loss: 0.0027843583   LR: 1.00e-03
Epoch 827/1000 Train Loss: 0.0037875512Val Loss: 0.0023014508   LR: 1.00e-03
Epoch 828/1000 Train Loss: 0.0037365128Val Loss: 0.0021749454   LR: 1.00e-03
Epoch 829/1000 Train Loss: 0.0039289939Val Loss: 0.0021778571   LR: 1.00e-03
Epoch 830/1000 Train Loss: 0.0039381464Val Loss: 0.0033709230   LR: 1.00e-03
Epoch 831/1000 Train Loss: 0.0038220065Val Loss: 0.0026794067   LR: 1.00e-03
Epoch 832/1000 Train Loss: 0.0040603653Val Loss: 0.0028013909   LR: 1.00e-03
Epoch 833/1000 Train Loss: 0.0038570676Val Loss: 0.0020912825   LR: 1.00e-03
Epoch 834/1000 Train Loss: 0.0038220356Val Loss: 0.0029318794   LR: 1.00e-03
Epoch 835/1000 Train Loss: 0.0040951198Val Loss: 0.0023880615   LR: 1.00e-03
Epoch 836/1000 Train Loss: 0.0040018840Val Loss: 0.0023328154   LR: 1.00e-03
Epoch 837/1000 Train Loss: 0.0040851767Val Loss: 0.0023427145   LR: 1.00e-03
Epoch 838/1000 Train Loss: 0.0038333138Val Loss: 0.0026293969   LR: 1.00e-03
Epoch 839/1000 Train Loss: 0.0039778269Val Loss: 0.0030861387   LR: 1.00e-03
Epoch 840/1000 Train Loss: 0.0040232948Val Loss: 0.0023359938   LR: 1.00e-03
Epoch 841/1000 Train Loss: 0.0038522585Val Loss: 0.0023523025   LR: 1.00e-03
Epoch 842/1000 Train Loss: 0.0040722968Val Loss: 0.0031590797   LR: 1.00e-03
Epoch 843/1000 Train Loss: 0.0038791202Val Loss: 0.0027138459   LR: 1.00e-03
Epoch 844/1000 Train Loss: 0.0040201238Val Loss: 0.0023315322   LR: 1.00e-03
Epoch 845/1000 Train Loss: 0.0039566004Val Loss: 0.0028423676   LR: 1.00e-03
Epoch 846/1000 Train Loss: 0.0040124563Val Loss: 0.0023895571   LR: 1.00e-03
Epoch 847/1000 Train Loss: 0.0039482234Val Loss: 0.0023987038   LR: 1.00e-03
Epoch 848/1000 Train Loss: 0.0038926080Val Loss: 0.0024661846   LR: 1.00e-03
Epoch 849/1000 Train Loss: 0.0039674179Val Loss: 0.0026343769   LR: 1.00e-03
Epoch 850/1000 Train Loss: 0.0037685197Val Loss: 0.0031115799   LR: 1.00e-03
Epoch 851/1000 Train Loss: 0.0038976435Val Loss: 0.0022366329   LR: 1.00e-03
Epoch 852/1000 Train Loss: 0.0037995768Val Loss: 0.0026367638   LR: 1.00e-03
Epoch 853/1000 Train Loss: 0.0038927938Val Loss: 0.0027628369   LR: 1.00e-03
Epoch 854/1000 Train Loss: 0.0039438966Val Loss: 0.0024355595   LR: 1.00e-03
Epoch 855/1000 Train Loss: 0.0040356698Val Loss: 0.0035164127   LR: 1.00e-03
Epoch 856/1000 Train Loss: 0.0039250061Val Loss: 0.0026919776   LR: 1.00e-03
Epoch 857/1000 Train Loss: 0.0037532654Val Loss: 0.0029489922   LR: 1.00e-03
Epoch 858/1000 Train Loss: 0.0039844067Val Loss: 0.0023068467   LR: 1.00e-03
Epoch 859/1000 Train Loss: 0.0038354582Val Loss: 0.0023230660   LR: 1.00e-03
Epoch 860/1000 Train Loss: 0.0037856792Val Loss: 0.0023915919   LR: 1.00e-03
Epoch 861/1000 Train Loss: 0.0037569412Val Loss: 0.0023798644   LR: 1.00e-03
Epoch 862/1000 Train Loss: 0.0038963726Val Loss: 0.0024508733   LR: 1.00e-03
Epoch 863/1000 Train Loss: 0.0038892128Val Loss: 0.0025485946   LR: 1.00e-03
Epoch 864/1000 Train Loss: 0.0037791588Val Loss: 0.0030686101   LR: 1.00e-03
Epoch 865/1000 Train Loss: 0.0038980951Val Loss: 0.0022968351   LR: 1.00e-03
Epoch 866/1000 Train Loss: 0.0038634233Val Loss: 0.0021745094   LR: 1.00e-03
Epoch 867/1000 Train Loss: 0.0040016569Val Loss: 0.0024119218   LR: 1.00e-03
Epoch 868/1000 Train Loss: 0.0038818658Val Loss: 0.0027239236   LR: 1.00e-03
Epoch 869/1000 Train Loss: 0.0039475032Val Loss: 0.0030915510   LR: 1.00e-03
Epoch 870/1000 Train Loss: 0.0038792105Val Loss: 0.0022866820   LR: 1.00e-03
Epoch 871/1000 Train Loss: 0.0041290463Val Loss: 0.0025897352   LR: 1.00e-03
Epoch 872/1000 Train Loss: 0.0040123052Val Loss: 0.0025046995   LR: 1.00e-03
Epoch 873/1000 Train Loss: 0.0038054607Val Loss: 0.0020688347   LR: 1.00e-03
Epoch 874/1000 Train Loss: 0.0038676156Val Loss: 0.0024921337   LR: 1.00e-03
Epoch 875/1000 Train Loss: 0.0039063180Val Loss: 0.0031109514   LR: 1.00e-03
Epoch 876/1000 Train Loss: 0.0036703131Val Loss: 0.0023896041   LR: 1.00e-03
Epoch 877/1000 Train Loss: 0.0039354500Val Loss: 0.0021261034   LR: 1.00e-03
Epoch 878/1000 Train Loss: 0.0038562096Val Loss: 0.0019722118   LR: 1.00e-03
Epoch 879/1000 Train Loss: 0.0037477327Val Loss: 0.0024479717   LR: 1.00e-03
Epoch 880/1000 Train Loss: 0.0039220244Val Loss: 0.0026440870   LR: 1.00e-03
Epoch 881/1000 Train Loss: 0.0039767225Val Loss: 0.0022250648   LR: 1.00e-03
Epoch 882/1000 Train Loss: 0.0039552553Val Loss: 0.0026241604   LR: 1.00e-03
Epoch 883/1000 Train Loss: 0.0038833488Val Loss: 0.0024624485   LR: 1.00e-03
Epoch 884/1000 Train Loss: 0.0040225210Val Loss: 0.0020227505   LR: 1.00e-03
Epoch 885/1000 Train Loss: 0.0039536758Val Loss: 0.0029010973   LR: 1.00e-03
Epoch 886/1000 Train Loss: 0.0038198798Val Loss: 0.0024320700   LR: 1.00e-03
Epoch 887/1000 Train Loss: 0.0037992140Val Loss: 0.0032124446   LR: 1.00e-03
Epoch 888/1000 Train Loss: 0.0039469865Val Loss: 0.0024228716   LR: 1.00e-03
Epoch 889/1000 Train Loss: 0.0038782755Val Loss: 0.0028677085   LR: 1.00e-03
Epoch 890/1000 Train Loss: 0.0038782382Val Loss: 0.0025765819   LR: 1.00e-03
Epoch 891/1000 Train Loss: 0.0038993432Val Loss: 0.0027372896   LR: 1.00e-03
Epoch 892/1000 Train Loss: 0.0041375604Val Loss: 0.0028245690   LR: 1.00e-03
Epoch 893/1000 Train Loss: 0.0037774618Val Loss: 0.0021659697   LR: 1.00e-03
Epoch 894/1000 Train Loss: 0.0040497246Val Loss: 0.0024777699   LR: 1.00e-03
Epoch 895/1000 Train Loss: 0.0039505521Val Loss: 0.0028092385   LR: 1.00e-03
Epoch 896/1000 Train Loss: 0.0038689927Val Loss: 0.0026168533   LR: 1.00e-03
Epoch 897/1000 Train Loss: 0.0037308335Val Loss: 0.0024047390   LR: 1.00e-03
Epoch 898/1000 Train Loss: 0.0040306851Val Loss: 0.0022901897   LR: 1.00e-03
Epoch 899/1000 Train Loss: 0.0037670881Val Loss: 0.0025693984   LR: 1.00e-03
Epoch 900/1000 Train Loss: 0.0038633779Val Loss: 0.0025223185   LR: 1.00e-03
Epoch 901/1000 Train Loss: 0.0038008888Val Loss: 0.0023791885   LR: 1.00e-03
Epoch 902/1000 Train Loss: 0.0039798571Val Loss: 0.0020171501   LR: 1.00e-03
Epoch 903/1000 Train Loss: 0.0040409498Val Loss: 0.0023982236   LR: 1.00e-03
Epoch 904/1000 Train Loss: 0.0038128623Val Loss: 0.0025525852   LR: 1.00e-03
Epoch 905/1000 Train Loss: 0.0038449105Val Loss: 0.0022773113   LR: 1.00e-03
Epoch 906/1000 Train Loss: 0.0037943048Val Loss: 0.0021978811   LR: 1.00e-03
Epoch 907/1000 Train Loss: 0.0037896967Val Loss: 0.0027327725   LR: 1.00e-03
Epoch 908/1000 Train Loss: 0.0038494173Val Loss: 0.0025110701   LR: 1.00e-03
Epoch 909/1000 Train Loss: 0.0038598463Val Loss: 0.0029423476   LR: 1.00e-03
Epoch 910/1000 Train Loss: 0.0037117222Val Loss: 0.0030316560   LR: 1.00e-03
Epoch 911/1000 Train Loss: 0.0039335184Val Loss: 0.0026741266   LR: 1.00e-03
Epoch 912/1000 Train Loss: 0.0039919138Val Loss: 0.0031893768   LR: 1.00e-03
Epoch 913/1000 Train Loss: 0.0038763393Val Loss: 0.0022491618   LR: 1.00e-03
Epoch 914/1000 Train Loss: 0.0039184345Val Loss: 0.0022408376   LR: 1.00e-03
Epoch 915/1000 Train Loss: 0.0038540290Val Loss: 0.0024969887   LR: 1.00e-03
Epoch 916/1000 Train Loss: 0.0038350966Val Loss: 0.0024063731   LR: 1.00e-03
Epoch 917/1000 Train Loss: 0.0040030596Val Loss: 0.0028659637   LR: 1.00e-03
Epoch 918/1000 Train Loss: 0.0037955630Val Loss: 0.0024648163   LR: 1.00e-03
Epoch 919/1000 Train Loss: 0.0037462423Val Loss: 0.0028557253   LR: 1.00e-03
Epoch 920/1000 Train Loss: 0.0037313997Val Loss: 0.0023848371   LR: 1.00e-03
Epoch 921/1000 Train Loss: 0.0038143110Val Loss: 0.0022168268   LR: 1.00e-03
Epoch 922/1000 Train Loss: 0.0038096781Val Loss: 0.0025104263   LR: 1.00e-03
Epoch 923/1000 Train Loss: 0.0039422298Val Loss: 0.0029148743   LR: 1.00e-03
Epoch 924/1000 Train Loss: 0.0039577157Val Loss: 0.0024803721   LR: 1.00e-03
Epoch 925/1000 Train Loss: 0.0038332700Val Loss: 0.0024406943   LR: 1.00e-03
Epoch 926/1000 Train Loss: 0.0038216949Val Loss: 0.0021283444   LR: 1.00e-03
Epoch 927/1000 Train Loss: 0.0038494012Val Loss: 0.0020238902   LR: 1.00e-03
Epoch 928/1000 Train Loss: 0.0037672958Val Loss: 0.0024721408   LR: 1.00e-03
Epoch 929/1000 Train Loss: 0.0039083632Val Loss: 0.0024710670   LR: 1.00e-03
Epoch 930/1000 Train Loss: 0.0037245487Val Loss: 0.0022766398   LR: 1.00e-03
Epoch 931/1000 Train Loss: 0.0038314613Val Loss: 0.0025086451   LR: 1.00e-03
Epoch 932/1000 Train Loss: 0.0038799085Val Loss: 0.0022195663   LR: 1.00e-03
Epoch 933/1000 Train Loss: 0.0037002274Val Loss: 0.0024024896   LR: 1.00e-03
Epoch 934/1000 Train Loss: 0.0037194672Val Loss: 0.0023612272   LR: 1.00e-03
Epoch 935/1000 Train Loss: 0.0038359669Val Loss: 0.0023235829   LR: 1.00e-03
Epoch 936/1000 Train Loss: 0.0037100832Val Loss: 0.0020626769   LR: 1.00e-03
Epoch 937/1000 Train Loss: 0.0037927570Val Loss: 0.0021945149   LR: 1.00e-03
Epoch 938/1000 Train Loss: 0.0039297549Val Loss: 0.0021876578   LR: 1.00e-03
Epoch 939/1000 Train Loss: 0.0038677592Val Loss: 0.0026432069   LR: 1.00e-03
Epoch 940/1000 Train Loss: 0.0039317551Val Loss: 0.0024042937   LR: 1.00e-03
Epoch 941/1000 Train Loss: 0.0039686500Val Loss: 0.0030097798   LR: 1.00e-03
Epoch 942/1000 Train Loss: 0.0037568837Val Loss: 0.0024688808   LR: 1.00e-03
Epoch 943/1000 Train Loss: 0.0038648651Val Loss: 0.0025558055   LR: 1.00e-03
Epoch 944/1000 Train Loss: 0.0035854453Val Loss: 0.0026904933   LR: 1.00e-03
Epoch 945/1000 Train Loss: 0.0039095201Val Loss: 0.0020276060   LR: 1.00e-03
Epoch 946/1000 Train Loss: 0.0037490147Val Loss: 0.0022384971   LR: 1.00e-03
Epoch 947/1000 Train Loss: 0.0038306482Val Loss: 0.0021988487   LR: 1.00e-03
Epoch 948/1000 Train Loss: 0.0037518050Val Loss: 0.0031964178   LR: 1.00e-03
Epoch 949/1000 Train Loss: 0.0036991972Val Loss: 0.0023430441   LR: 1.00e-03
Epoch 950/1000 Train Loss: 0.0039192437Val Loss: 0.0025672665   LR: 1.00e-03
Epoch 951/1000 Train Loss: 0.0037790328Val Loss: 0.0022005145   LR: 1.00e-03
Epoch 952/1000 Train Loss: 0.0038049431Val Loss: 0.0021907486   LR: 1.00e-03
Epoch 953/1000 Train Loss: 0.0038951252Val Loss: 0.0022577108   LR: 1.00e-03
Epoch 954/1000 Train Loss: 0.0037913514Val Loss: 0.0024072899   LR: 1.00e-03
Epoch 955/1000 Train Loss: 0.0038606262Val Loss: 0.0024795907   LR: 1.00e-03
Epoch 956/1000 Train Loss: 0.0038525848Val Loss: 0.0031937979   LR: 1.00e-03
Epoch 957/1000 Train Loss: 0.0036803022Val Loss: 0.0022368586   LR: 1.00e-03
Epoch 958/1000 Train Loss: 0.0038008186Val Loss: 0.0023233444   LR: 1.00e-03
Epoch 959/1000 Train Loss: 0.0037433563Val Loss: 0.0023307381   LR: 1.00e-03
Epoch 960/1000 Train Loss: 0.0037315924Val Loss: 0.0028224368   LR: 1.00e-03
Epoch 961/1000 Train Loss: 0.0039254146Val Loss: 0.0022215898   LR: 1.00e-03
Epoch 962/1000 Train Loss: 0.0037720586Val Loss: 0.0020386910   LR: 1.00e-03
Epoch 963/1000 Train Loss: 0.0036944610Val Loss: 0.0023191991   LR: 1.00e-03
Epoch 964/1000 Train Loss: 0.0037919715Val Loss: 0.0024951307   LR: 1.00e-03
Epoch 965/1000 Train Loss: 0.0035480469Val Loss: 0.0024828117   LR: 1.00e-03
Epoch 966/1000 Train Loss: 0.0038751163Val Loss: 0.0021594726   LR: 1.00e-03
Epoch 967/1000 Train Loss: 0.0038819966Val Loss: 0.0028548925   LR: 1.00e-03
Epoch 968/1000 Train Loss: 0.0037416558Val Loss: 0.0023550618   LR: 1.00e-03
Epoch 969/1000 Train Loss: 0.0036733727Val Loss: 0.0025129848   LR: 1.00e-03
Epoch 970/1000 Train Loss: 0.0037666665Val Loss: 0.0024528273   LR: 1.00e-03
Epoch 971/1000 Train Loss: 0.0037215242Val Loss: 0.0024738661   LR: 1.00e-03
Epoch 972/1000 Train Loss: 0.0037325237Val Loss: 0.0023266921   LR: 1.00e-03
Epoch 973/1000 Train Loss: 0.0037554510Val Loss: 0.0024152541   LR: 1.00e-03
Epoch 974/1000 Train Loss: 0.0038232648Val Loss: 0.0027465583   LR: 1.00e-03
Epoch 975/1000 Train Loss: 0.0038119713Val Loss: 0.0025757910   LR: 1.00e-03
Epoch 976/1000 Train Loss: 0.0037888340Val Loss: 0.0024718331   LR: 1.00e-03
Epoch 977/1000 Train Loss: 0.0037345298Val Loss: 0.0024638233   LR: 1.00e-03
Epoch 978/1000 Train Loss: 0.0038683562Val Loss: 0.0023540641   LR: 1.00e-03
Epoch 979/1000 Train Loss: 0.0037224655Val Loss: 0.0026366437   LR: 1.00e-03
Epoch 980/1000 Train Loss: 0.0037892931Val Loss: 0.0023814455   LR: 1.00e-03
Epoch 981/1000 Train Loss: 0.0037285205Val Loss: 0.0023095890   LR: 1.00e-03
Epoch 982/1000 Train Loss: 0.0038596894Val Loss: 0.0029021278   LR: 1.00e-03
Epoch 983/1000 Train Loss: 0.0038403560Val Loss: 0.0026482020   LR: 1.00e-03
Epoch 984/1000 Train Loss: 0.0038003782Val Loss: 0.0025012434   LR: 1.00e-03
Epoch 985/1000 Train Loss: 0.0036590994Val Loss: 0.0024531259   LR: 1.00e-03
Epoch 986/1000 Train Loss: 0.0037312169Val Loss: 0.0029495035   LR: 1.00e-03
Epoch 987/1000 Train Loss: 0.0036807319Val Loss: 0.0026878016   LR: 1.00e-03
Epoch 988/1000 Train Loss: 0.0038630277Val Loss: 0.0037963338   LR: 1.00e-03
Epoch 989/1000 Train Loss: 0.0036841712Val Loss: 0.0026843315   LR: 1.00e-03
Epoch 990/1000 Train Loss: 0.0036133939Val Loss: 0.0030971022   LR: 1.00e-03
Epoch 991/1000 Train Loss: 0.0036537743Val Loss: 0.0023123534   LR: 1.00e-03
Epoch 992/1000 Train Loss: 0.0039219432Val Loss: 0.0023428587   LR: 1.00e-03
Epoch 993/1000 Train Loss: 0.0037165699Val Loss: 0.0026509533   LR: 1.00e-03
Epoch 994/1000 Train Loss: 0.0036870453Val Loss: 0.0023019203   LR: 1.00e-03
Epoch 995/1000 Train Loss: 0.0037516065Val Loss: 0.0022471432   LR: 1.00e-03
Epoch 996/1000 Train Loss: 0.0038332913Val Loss: 0.0025327864   LR: 1.00e-03
Epoch 997/1000 Train Loss: 0.0037038563Val Loss: 0.0023904321   LR: 1.00e-03
Epoch 998/1000 Train Loss: 0.0037530114Val Loss: 0.0025231555   LR: 1.00e-03
Epoch 999/1000 Train Loss: 0.0037191382Val Loss: 0.0025232452   LR: 1.00e-03
Epoch 1000/1000 Train Loss: 0.0036824974Val Loss: 0.0022680850   LR: 1.00e-03
