cpu
1/20 | Params: [-1.5, -1.5, -1.5, 1.5, -1.5, -0.7924617711394852]
2/20 | Params: [1.5, 1.5, -0.5898116511391579, -0.5598441980238089, 1.5, 1.5]
3/20 | Params: [-1.5, -1.5, -0.5042332125506492, -1.5, 1.5, 0.06027007965082858]
4/20 | Params: [-1.5, -1.5, -1.5, 1.5, 1.5, -0.04806112820193975]
5/20 | Params: [-1.5, -1.5, -1.5, 1.5, 1.5, 0.18160346785631395]
6/20 | Params: [-1.5, -1.5, -1.5, -1.5, 1.5, 0.15244163273628297]
7/20 | Params: [-1.5, -1.5, -1.5, -1.5, -0.4750096958836727, 1.5]
8/20 | Params: [1.5, 1.5, 1.5, 1.5, 0.20988371394030791, 1.5]
9/20 | Params: [1.5, 1.5, 1.5, 1.5, -0.15214180075240472, 1.5]
10/20 | Params: [1.5, 1.5, -0.6315151246764249, -0.5138927169103669, 1.5, 1.5]
11/20 | Params: [1.5, 1.3199425226889432, -0.24303968552770164, -0.2738050255576325, 1.3609980870043716, 1.5]
12/20 | Params: [1.5, 1.5, -0.7202397509953987, -0.7193712455503058, 1.5, 1.5]
13/20 | Params: [-1.5, -1.5, -1.5, -1.5, -1.5, -0.554790520553827]
14/20 | Params: [-1.5, -1.5, -1.5, -1.5, -0.3902799717180999, 1.5]
15/20 | Params: [-1.5, -1.5, -1.5, 0.3790780252156711, 1.5, 0.08052047520825115]
16/20 | Params: [1.5, 1.334533677445226, -0.6515288669116484, -0.5218181760388481, 1.5, 1.5]
17/20 | Params: [-1.5, -1.5, -1.5, -1.5, -1.5, -0.4177469526829846]
18/20 | Params: [-1.5, -1.5, -1.5, 1.5, 1.5, -0.015509351463345452]
19/20 | Params: [-1.5, -1.5, -0.885265950552362, 1.5, 1.5, -0.11702975795887986]
20/20 | Params: [1.5, 1.5, 1.5, 1.5, 0.12474529908452113, 1.5]
