cpu
1/100 | Params: [-1.5, -1.5, -1.5, 1.5, -1.5, -0.4677986088200902]
2/100 | Params: [-1.5, -1.5, -1.5, -1.5, -1.5, -1.5]
3/100 | Params: [-1.5, -1.5, -1.0022575342253672, -0.9977015581932971, -1.5, -1.5]
4/100 | Params: [-1.5, -0.9972613874934168, -0.5726188273801718, -1.4979406901721317, -1.5, -1.5]
5/100 | Params: [-1.5, -1.5, -0.5142711287581179, 0.5472973865402309, -1.5, -0.49516644082441214]
6/100 | Params: [-1.5, -1.5, 0.9159503709046164, -1.5, -1.5, -1.3605816673739046]
7/100 | Params: [-1.5, -1.5, -0.21919868702014214, -0.1578366576175959, -1.5, -0.43121057445534255]
8/100 | Params: [-1.5, -1.5, -1.1748297339973977, -0.47673631089551466, -1.5, -1.5]
9/100 | Params: [-1.5, -1.1949989120548943, -0.992701014537989, -0.7291232817481011, -1.5, -1.5]
10/100 | Params: [-1.5, -1.3564979536300783, -1.5, 0.6527434627237964, -1.5, -1.5]
11/100 | Params: [-1.5, -0.8866308619441241, -0.7706505476359089, -0.8744585904912576, -1.5, -1.0505712968936944]
12/100 | Params: [-1.5, -0.8194589826434778, -1.0252745470330273, -0.8630283397730151, -1.5, -1.5]
13/100 | Params: [-1.5, -1.5, -0.7351915358957688, 0.42580327382626504, -1.5, -0.4645605369368377]
14/100 | Params: [-1.5, -1.5, 0.22842150500094507, -1.5, -1.5, -1.1544296172707982]
15/100 | Params: [-1.5, -1.5, -0.1635782929551408, -1.5, -1.5, -1.5]
16/100 | Params: [-1.5, -1.496175401084738, -1.0526317658587931, -0.034232344842893773, -1.4708615317547307, -1.5]
17/100 | Params: [-1.5, -0.8205156038985826, -1.5, -0.03219197961677393, -1.5, -1.5]
18/100 | Params: [-1.5, -0.5359395456663217, -1.5, 0.5896822120581474, -1.5, -1.5]
19/100 | Params: [-1.5, -1.5, 0.19186178130919881, 0.3264916635057161, -1.5, -0.48985797555205934]
20/100 | Params: [-1.5, -1.5, -1.1010580857601027, -1.5, -1.5, -1.5]
21/100 | Params: [-1.5, -1.5, -0.9154161970780389, -0.4034917635143867, -1.5, -1.5]
22/100 | Params: [-1.5, -0.7644060096272057, -1.5, -1.5, -1.5, -1.5]
23/100 | Params: [-1.4656682065599225, -1.0945605275047323, -0.8916562041109672, -0.4058542999673835, -1.435641007133167, -1.227737252852948]
24/100 | Params: [-0.6154079994729509, -1.2057680578796908, -1.3334266067774334, -0.568946756877142, -1.2741509251445702, -0.9856659766739755]
25/100 | Params: [-1.5, -1.0864413035663771, -0.8564448392068323, -1.0990883855936247, -1.5, -1.5]
26/100 | Params: [-1.5, -1.5, -0.5337854258495957, -1.5, -1.5, -1.5]
27/100 | Params: [-1.5, -1.5, 0.10570682837851739, -1.5, -1.5, -1.5]
28/100 | Params: [-1.5, -1.5, -1.055676540138742, -1.5, -1.5, -1.5]
29/100 | Params: [-1.5, -1.5, -0.41443774279817774, -1.3407251168490493, -1.5, -1.5]
30/100 | Params: [-1.5, -1.3731368779767896, -1.0908698638254963, -1.5, -1.5, -1.196822345949593]
31/100 | Params: [-1.5, -1.5, -1.0661946563471592, -1.5, -1.5, -1.5]
32/100 | Params: [-1.5, -0.6985222540114241, -1.5, 1.5, -1.5, -0.6841265081348203]
33/100 | Params: [-1.5, -0.6893004207148038, -1.5, 0.056745528414377196, -1.5, -1.5]
34/100 | Params: [-1.5, -1.1861903594187855, -0.4960910830694518, -1.5, -1.5, -1.5]
35/100 | Params: [-1.5, -0.9894937524845169, -0.2999118026179001, -1.5, -1.5, -1.5]
36/100 | Params: [-1.5, -1.1990049204286375, -0.7271765782955384, -1.5, -1.5, -1.5]
37/100 | Params: [-1.5, -1.5, -1.1425054920337945, -1.1388088694264231, -1.5, -1.5]
38/100 | Params: [-1.5, -0.5807737538026843, -1.350804446834667, -1.102559394402477, -1.5, -1.5]
39/100 | Params: [-1.5, -0.9207467002001642, -1.5, -0.1807791563374365, -1.5, -1.5]
40/100 | Params: [-1.5, -0.9200118294800174, -1.5, -1.5, -1.5, -1.2153717354477087]
41/100 | Params: [-1.5, -1.5, -1.5, -1.5, -1.5, -1.5]
42/100 | Params: [-1.5, -1.5, -1.5, -1.5, -1.4767251244814497, -1.5]
43/100 | Params: [-1.5, -1.5, -1.5, 1.5, -1.5, -0.41127468120661975]
44/100 | Params: [-1.5, -1.5, -0.08961193416150719, -1.5, -1.5, -1.4357325374855305]
45/100 | Params: [-1.5, -1.1913025738311902, -0.1556552441518661, -1.3585776612016842, -1.5, -1.5]
46/100 | Params: [-1.5, -1.5, 0.08993355269563637, -1.5, -1.5, -1.5]
47/100 | Params: [-1.5, -1.5, -0.18187081736923005, -1.5, -1.5, -1.5]
48/100 | Params: [-1.5, -0.9897372707460315, -1.4740263780345402, -0.36546763996475823, 1.1454667465546784, -0.7676805110903356]
49/100 | Params: [-1.5, -0.8039648168333894, -1.2943053434691947, -0.7093342029967106, -1.5, -1.5]
50/100 | Params: [-1.5, -1.5, -1.5, -1.5, -1.5, -1.5]
51/100 | Params: [-1.5, -1.0187269837971584, -0.7522970522048951, -1.2974028955854964, -1.5, -1.5]
52/100 | Params: [-1.5, -1.5, -1.5, -0.048141652550531155, -1.5, -1.5]
53/100 | Params: [-1.5, -1.5, -0.5895443148345971, -1.5, -1.5, -1.5]
54/100 | Params: [-1.5, -0.7736925334425291, -1.5, 1.3675908101476049, -1.5, -1.5]
55/100 | Params: [-1.5, -1.5, -0.7821601651163401, -1.5, -1.5, -1.5]
56/100 | Params: [-1.5, -1.1393665237679098, -1.068183630876679, -1.198820174704464, -1.3538924096101843, -1.4763249894916033]
57/100 | Params: [-1.5, -1.5, -0.1941699489049357, -1.5, -1.3079237244491853, -0.9331057842452182]
58/100 | Params: [-1.5, -1.5, 0.2167965601563425, -0.10070446505069988, -1.5, -0.4394339515086554]
59/100 | Params: [-1.5, -1.5, 0.2873162965780517, -1.5, -1.5, -1.2840950935365458]
60/100 | Params: [-1.5, -1.5, 0.03528614421592472, -1.5, -1.5, -1.5]
61/100 | Params: [-1.5, -1.5, -1.1703279904152037, -1.5, -1.5, -1.5]
62/100 | Params: [-1.5, -1.5, -1.0391150235909432, -1.5, -1.5, -1.5]
63/100 | Params: [-1.5, -0.42680317647751104, -1.5, -1.5, -1.5, -1.2544645976282658]
64/100 | Params: [-1.5, -1.5, 0.08243332539178105, -1.5, -1.5, -1.5]
65/100 | Params: [-1.5, -1.1143925393371856, -0.9369298590050573, -1.383970294239708, -1.332689795883985, -1.2944297446554929]
66/100 | Params: [-1.5, -0.9731862464807767, -1.0241786523530536, 0.12887190879898694, -1.5, -1.5]
67/100 | Params: [-1.5, -1.5, -1.241571781433264, -1.5, -1.5, -1.5]
68/100 | Params: [-1.5, -1.5, -0.033813120116955496, -1.5, -1.5, -1.5]
69/100 | Params: [-1.5, -1.5, -0.9862889211921015, -1.4109172718136407, -1.5, -1.5]
70/100 | Params: [-1.5, -0.8806564324371096, -1.5, 0.2528326733721969, -1.5, -1.5]
71/100 | Params: [-1.5, -1.5, 0.19389028868098326, -1.5, -1.5, -0.5172372811473084]
72/100 | Params: [-1.5, -1.4217067395417609, -0.3384317976523192, -1.5, -1.5, -1.5]
73/100 | Params: [-1.5, -0.591428307435192, 0.7976331243471774, -1.5, -1.5, -0.4031122390151547]
74/100 | Params: [-1.5, -1.5, -0.7136436555471916, -1.5, -1.5, -1.1494593134608349]
75/100 | Params: [-1.5, -1.063672715464452, -1.5, 0.4726011250338151, -1.5, -1.5]
76/100 | Params: [-1.5, -1.5, -1.1874267429438505, -1.5, -1.5, -1.5]
77/100 | Params: [-1.5, -1.5, 1.5, -1.5, -1.5, -0.16599104218579624]
78/100 | Params: [-1.5, -1.5, -0.8031516556090973, -0.2759284383323517, 1.5, -0.5331026624923313]
79/100 | Params: [-1.5, -1.5, -0.5101500609047651, -1.5, -1.5, -1.5]
80/100 | Params: [-1.5, -0.9816066309091046, -0.8766081150127903, -0.8132156932878738, -1.5, -1.5]
81/100 | Params: [-1.5, -1.5, -0.6088231834504029, -1.5, -1.5, -1.5]
82/100 | Params: [-1.5, -1.5, -1.4678180575679243, -0.5592870016569831, -1.5, -1.5]
83/100 | Params: [-1.5, -1.1886479174944018, -1.2650898967909363, -1.5, -1.5, -1.5]
84/100 | Params: [-1.5, -0.6634030891983239, -1.2244223066008353, -1.5, -1.5, -1.2421173940064498]
85/100 | Params: [-1.5, -1.5, -0.21777550357049358, -1.5, -1.5, -1.5]
86/100 | Params: [-1.5, -0.9408923054312821, -1.5, -0.2122674252497822, -1.5, -1.4280762263878546]
87/100 | Params: [-1.5, -1.5, -0.9206273178512702, 0.8905998054325717, -1.5, -0.3538543836345047]
88/100 | Params: [-1.3113462331999264, 0.7595362994640711, 0.9330372410977668, 0.5597537623899331, -0.7205886346657808, -0.5941062085558706]
89/100 | Params: [-1.5, -1.041725190648143, -1.2756655962631946, 1.5, -0.8378325918416308, -0.8951520179209664]
90/100 | Params: [-1.5, -1.5, 0.1566338919291321, -1.5, -1.5, -1.5]
91/100 | Params: [-1.5, -1.1572256333017612, -0.923656014073537, -0.891289903229541, -1.5, -1.5]
92/100 | Params: [-1.5, -0.637678966409301, -1.5, 0.8346666287587207, -1.5, -1.5]
93/100 | Params: [-1.5, -1.0739805909213458, -1.5, 1.3877102079621002, -1.5, -1.5]
94/100 | Params: [-1.5, -0.7724441072963343, -1.5, -0.5689531655419975, -1.5, -1.5]
95/100 | Params: [-1.5, -1.5, 0.43292967989681047, -0.09254437798068396, -1.5, -0.5532429197880196]
96/100 | Params: [-1.5, -0.9595143042110431, -1.206692438337786, 0.6962939467131624, -1.5, -1.5]
97/100 | Params: [-1.5, -1.5, -0.20766441259298218, -1.5, -1.5, -1.5]
98/100 | Params: [-1.5, -1.5, -1.5, 1.5, -0.5861729270225668, -0.8424014993006775]
99/100 | Params: [-1.5, -1.327221367368826, -1.2320228012774812, -1.5, 1.5, 0.6887542763128358]
100/100 | Params: [-1.5, -1.5, -1.5, -0.43026880494710007, -1.5, -1.5]
