cpu
1/100 | Params: [-0.7609583090823951, -1.5, -1.5, -0.7697910717879614, -0.18660054047494765, 0.08263445021329663]
2/100 | Params: [-0.29880157494952364, -1.5, -1.1531590148962436, 0.10049536610548847, -0.2983031077268469, 0.060212893779635034]
3/100 | Params: [-1.5, -1.5, 0.4283849855271535, -0.6610682680667818, -0.14326722419280855, -0.37779746210219073]
4/100 | Params: [-0.8639222016978181, -1.5, -0.6095498093566354, -0.8601444774976824, -0.03517809961091807, -0.020276529224203015]
5/100 | Params: [-0.5853683257084035, -0.6198454929220716, -0.8651339479070012, -0.35180705535305185, -0.3167445164083247, -0.054288749488027865]
6/100 | Params: [-1.5, -0.880062629333937, -0.8641302408722753, -1.1699575217553138, 0.09677058860860885, -0.2216554195322124]
7/100 | Params: [-0.8636099268614091, -1.5, 0.3241671081716509, -0.19794947011084174, -0.28529681694922876, -0.2106026563987903]
8/100 | Params: [-1.5, -1.1984940700165523, -1.0918832274716619, -1.5, 0.2973308498035602, -0.2606291651978486]
9/100 | Params: [-0.647912574333322, -0.6087031348295341, -1.5, 0.43417634985327985, -0.4884823740017959, 0.02179188093774709]
10/100 | Params: [-0.8242852512356275, -0.27760348658781336, -1.5, -0.9600260171880208, 0.040505283845005416, -0.04807604495102137]
11/100 | Params: [-1.5, -1.5, 0.37204890185256967, -1.5, 0.27451751129332724, -0.2982339285436733]
12/100 | Params: [-0.34255413954468755, -1.5, -0.812581484786529, 0.058998873104186944, -0.31592134732451, -0.06421926280167194]
13/100 | Params: [-1.5, 0.9606768842380288, -0.7017025526656941, -0.7128153402633306, -0.043972370937684614, -0.10471848606390512]
14/100 | Params: [-1.5, -1.1196109590383005, -1.0780111473486533, -0.8480369104928025, 0.13727343552808638, -0.22078353475635548]
15/100 | Params: [-1.253930571127089, -0.632284275636624, -0.8365919780231545, -0.852986738280483, -0.0672335998833421, -0.03517190663953708]
16/100 | Params: [-0.5077197491098248, -1.3218104654807648, -0.9029519919287331, 0.0623709350501384, -0.4359378656366432, 0.1384899204285174]
17/100 | Params: [-1.1197549199426637, 0.9457854946615515, -1.5, -0.8690935045576093, 0.1951185282877218, -0.011185467009717716]
18/100 | Params: [-0.9307460291129644, -0.5233615494587802, -0.9481572828398364, -0.7737861860291165, -0.1633040936097251, -0.022714773090360248]
19/100 | Params: [-0.812284748759662, -0.8518670606628589, -1.5, -0.842864562166794, 0.23309053253863682, -0.09517847615783537]
20/100 | Params: [-1.4984743224373234, -0.8859965928458159, 0.9054308601470457, 0.9476176920710373, -0.44349098596685804, -0.22472016518865873]
21/100 | Params: [-0.31784887931758593, -0.9277490761212415, -1.5, -1.5, 0.20006206129126353, -0.0787812257046206]
22/100 | Params: [-1.363045080181517, 1.5, -1.5, -1.0145209962087494, 0.3706670041959852, -0.15611850534332572]
23/100 | Params: [-0.8727321730998124, -1.5, -1.5, -1.5, 0.3632089431630121, -0.09450797819028908]
24/100 | Params: [-0.9381098793677906, -0.07525001189161112, -1.1169774532125487, -1.0398879625130804, -0.02134245374001053, -0.054671422405046965]
25/100 | Params: [-1.1141553666183344, -0.07656794152786454, -0.8804337942979112, -0.7980069941716492, -0.05762350331011898, 0.03665383148203792]
26/100 | Params: [-1.2056579390724513, -0.13228617267233064, -0.9029242018914884, -0.28991999541504726, -0.09051214768810771, 0.09114248326649392]
27/100 | Params: [-1.5, 0.6837084092728134, -0.8865318058795273, -0.5584983690275965, -0.0337039850941057, -0.09415335110673101]
28/100 | Params: [-1.5, 0.15235184941282084, -1.5, -1.5, 0.4954226500843459, -0.3599067762337091]
29/100 | Params: [-0.6925853826952774, -1.421354489666574, -1.292249008560145, -0.5421936092728172, -0.10836018232301377, 0.0479602562089741]
30/100 | Params: [-1.060746455049975, 0.5921828949084169, -0.9492777529801827, -0.46476357529168727, -0.02419412200601789, -0.06198879259741857]
31/100 | Params: [-1.5, 0.6487552614928006, -0.7536401415190502, -0.26348457676254505, -0.12428445412707491, -0.18296646990579254]
32/100 | Params: [-0.1373794445262031, -0.8719275331149212, -1.5, -0.014109939248760672, -0.39533789488428, 0.13209852492037527]
33/100 | Params: [-0.47038928094390986, -1.5, -1.1507285297247125, -1.026212106164777, -0.08261423344110215, 0.06698802827479627]
34/100 | Params: [-0.46874939031748036, -1.5, -0.8287470177709858, -0.1124322832572045, -0.669297741179363, 0.17495427359682786]
35/100 | Params: [-0.9824701025306473, -1.0532479744096896, -1.1171653375213229, -0.7821169799887954, -0.022953522865662757, -0.06973610645514071]
36/100 | Params: [-0.8482698938798705, -0.6608481300109198, -0.7766952502830987, -0.6437395724650692, -0.41683110725392886, 0.019524171388651035]
37/100 | Params: [-0.7384183420716608, -1.5, -1.1690290564528827, 0.1066818651860611, -0.29345867487641164, -0.004767019180412617]
38/100 | Params: [-1.5, -0.8101691115452501, 0.10646126545052921, -1.5, -0.02309945070584102, -0.21379761500825892]
39/100 | Params: [-1.1620659071505017, -0.9447072596794217, -1.5, -1.5, 0.4412810899312231, -0.17422855654971658]
40/100 | Params: [-1.1218108723249436, -0.24472202385211586, -1.5, -0.19488550138133579, -0.1864900084964865, 0.034158358352997256]
41/100 | Params: [-1.3059434067022107, 0.4203953413665517, -1.5, -0.6510055893941039, 0.12041425258248006, 0.007017420744599242]
42/100 | Params: [-0.6802324244702485, -0.16037052869069351, -1.2364040638765368, -0.9507426983965948, -0.09864179646057725, 0.0026846577246191754]
43/100 | Params: [-1.2645325921470671, -0.7519586123840999, -0.8596393011574801, -0.1133813196930906, -0.20245940430407044, -0.12549310164066121]
44/100 | Params: [-0.6812790859177748, -1.5, -1.5, -0.45314708188937547, -0.07546461406121804, 0.015663178653243688]
45/100 | Params: [-0.7230333131181188, -1.5, -1.0642044415593666, 0.7219973308432367, -0.3228922928665657, -0.19766274042852458]
46/100 | Params: [-1.5, -0.3645771882043931, -0.6092831635887814, -1.03018652207963, 0.04280938400053491, -0.19309505243188355]
47/100 | Params: [-0.43217542668573206, -1.5, -1.5, 0.08460906112469814, -0.25691732243689125, -0.05464415367421723]
48/100 | Params: [-1.5, 0.9214283800163741, -1.210031460373064, -0.9930200354516453, 0.1457083958678134, -0.03264660184107913]
49/100 | Params: [-1.5, -0.07500460591736316, -0.6979533519075269, -0.43595693942752983, -0.21583800708923648, -0.0984692820668494]
50/100 | Params: [-0.2134318293168289, -1.5, -0.9477132912942707, -0.26612760233094607, -0.41720971919332933, 0.1483964487730133]
51/100 | Params: [-1.1432312481278735, -0.014090440204098713, -0.9242535594069514, -0.5385500375124959, -0.18729901812706132, 0.04498909965410241]
52/100 | Params: [-1.5, 0.7844529508932946, -1.2220849116514723, -1.2546170162274903, 0.25422572838487245, -0.15897992866928612]
53/100 | Params: [-1.5, -1.5, -0.15208950478443312, -1.5, 0.1752896687464318, -0.28421330915987]
54/100 | Params: [-1.5, 0.3268144803932368, -1.5, -0.9934415407076738, 0.3688878269691864, -0.10353806518177411]
55/100 | Params: [-0.8348333765141243, -1.5, -1.0390071293348786, -0.6397277975782276, -0.04252229143908328, -0.07428241374787024]
56/100 | Params: [-0.7547994793936335, -1.5, -1.1629644663581955, -0.8250346446866693, 0.08712142731897315, -0.09520168068636468]
57/100 | Params: [-1.5, -1.3722790224077033, 0.9128561156324979, -1.5, -0.10779095714584634, -0.27452869518109896]
58/100 | Params: [-1.5, 1.5, -1.5, -0.2295408566617158, 0.03524035830817883, -0.13068404620234633]
59/100 | Params: [-0.9228027621177632, -0.6882166887674702, -1.5, -0.07928766318054689, -0.15827982810672153, 0.003682911949450112]
60/100 | Params: [-0.5595440756358163, -1.3410735885559546, -1.0410079372058554, 0.29831617055230897, -0.4673753582423458, 0.03760475251212951]
61/100 | Params: [-1.5, -1.5, 1.1791700842125614, -1.5, 0.19089679564964918, -0.27678375831635127]
62/100 | Params: [-1.5, 0.8933535392483383, -1.3476527181663138, -0.9311978905218625, 0.221131565864758, -0.0622721412391121]
63/100 | Params: [-1.1485948331867122, -1.5, -0.058970001531211666, -0.4478266656539816, -0.2245930955243868, -0.2555452247070619]
64/100 | Params: [-1.0647387438033196, -0.924120025963605, -1.3388431502734095, -0.7565408205482502, 0.11735217728905517, -0.06768846991369654]
65/100 | Params: [-1.1738263198163654, -1.231582981622968, -0.34302863480759427, -0.8761179228340696, 0.27873983908745736, -0.12056879598748678]
66/100 | Params: [-0.964640735235491, 0.32057219322086095, -1.0994366535861204, -0.5913643281345918, 0.06884365454791375, -0.0711115690690907]
67/100 | Params: [-1.5, -0.6489443727104186, -1.5, -1.5, 0.3435036073199081, -0.18671271053465405]
68/100 | Params: [-1.5, -0.02392611250936008, -1.5, -0.6690881971170883, 0.1841915708597531, -0.17414098992159568]
69/100 | Params: [-0.7687817833133247, -0.9970754057428443, -1.5, -0.7697421979320157, 0.13777294286166053, 0.1123741265186852]
70/100 | Params: [-1.5, -0.819256225492395, -0.7735551237534636, -0.1503859409182265, -0.10929529541009013, -0.23770627767401095]
71/100 | Params: [-0.5958090286076243, -1.5, -0.8842483267535169, 0.48030925313214495, -0.4318349178226008, 0.03982312792852609]
72/100 | Params: [-1.5, 1.5, -0.8549196527607501, -0.8242866686641851, -0.0007683298126679733, -0.06351816256890894]
73/100 | Params: [-1.5, -0.16203420647554642, -1.5, -0.8901612173339407, 0.19795940290788458, -0.06119461057700584]
74/100 | Params: [-1.5, -1.5, -1.5, 0.8613034817327117, -0.024926734052094047, -0.3971691511302976]
75/100 | Params: [-0.39610832686425057, -1.038088778525355, -0.9009079286734997, -0.9654199514379631, -0.13350982941127415, -0.1254245681157867]
76/100 | Params: [-1.1183483747299046, -0.1374599073686626, -0.6333163740548747, -0.5537742157730704, -0.3742656555865952, 0.07598713687079926]
77/100 | Params: [-1.027315238720836, -1.3044515979973266, -1.479204520396725, -0.7082403921371736, 0.18010356909828706, -0.11154289009856044]
78/100 | Params: [-1.5, -0.9897237369405821, 0.2589784222444972, -1.4369373759701967, 0.015149215012175461, -0.2583144467544731]
79/100 | Params: [-0.7733926364486664, -0.30505339107385226, -1.1899445424775752, -0.9683791018152113, -0.0008404420171220756, 0.0447502247765291]
80/100 | Params: [-1.5, -1.3263147719252708, 1.0807070391684335, 0.49159715012366884, -0.5139480385943462, -0.2045896664140073]
81/100 | Params: [-1.3883823061843081, 0.19943431511939996, -0.9804509271397543, -1.5, 0.1675779325709372, -0.08564246407413528]
82/100 | Params: [-1.5, 1.050371383261876, -1.5, 0.14143173529293088, -0.16695725390128968, -0.05433436583439549]
83/100 | Params: [-1.014748116083207, 0.0016406440567427324, -1.0396511340135757, -0.9784208358894232, 0.0276032247716188, -0.06567765218770545]
84/100 | Params: [-1.5, 1.1406098198472312, -1.0068000965744641, 0.04031461413756406, 0.020373623465988498, -0.12003229069109081]
85/100 | Params: [-1.3391072168704612, 0.7663424668572351, -1.5, -0.9381916291447003, 0.30721787536176126, -0.19096197372669443]
86/100 | Params: [-0.41605570516843504, -1.0945831677563753, -1.5, -0.9118123610571649, -0.16531522045921396, 0.08704074479147936]
87/100 | Params: [-1.1448909907261493, 0.9485415295071664, -1.5, -0.8442044801709077, 0.2734098170485897, -0.026673345965814402]
88/100 | Params: [-1.5, 0.7614892272025293, -1.006211288532107, -0.34538635111715604, -0.08120036866572342, -0.0641799350073386]
89/100 | Params: [-1.5, 0.9221513720787357, -0.30948114147151534, -1.3093660709653019, 0.07430430384854325, -0.23943273836520185]
90/100 | Params: [-1.5, 0.2880367633599001, 0.7385270404873674, -1.5, -0.22776950085995648, -0.19382117335375704]
91/100 | Params: [-1.5, -0.879100156324406, -0.6484529567475452, 0.3594746294904232, -0.3864440170454184, -0.12040065144480609]
92/100 | Params: [-1.3720443352637337, -1.5, -1.5, 1.2565279582798445, -0.060920302922833985, -0.3764231819923522]
93/100 | Params: [-0.8331827769536796, -1.5, -0.40527804541342993, -0.6905438436293395, -0.20681051324102942, -0.05632403297733864]
94/100 | Params: [-1.5, -0.7971528992201183, -1.5, -1.2284372795922245, 0.4043700856243976, -0.2125166108106443]
95/100 | Params: [-0.3647075841164568, -1.025393609329034, -1.1830924517408268, 0.04025160183847969, -0.46019577511428045, 0.1359842118508622]
96/100 | Params: [-1.120463172542129, 1.2234687299239317, -1.5, -0.46278301210183304, 0.14632074349861815, -0.029359592340959723]
97/100 | Params: [-0.34442317537602746, -1.5, -1.5, -0.7283641581455463, -0.08791170226383413, 0.009590077778367302]
98/100 | Params: [-0.6324572157814708, -1.5, -1.5, 0.5319331188623636, -0.35008941976181496, 0.03725619638110211]
99/100 | Params: [-1.2936719678499453, -0.6265854492027357, 0.7607634550108631, -0.7942725054268794, 0.05427034760529656, -0.2775065041154929]
100/100 | Params: [-0.45188483698100224, -1.0745054729912062, -1.3259173188068447, 0.32584382621451713, -0.3692559702289265, 0.0675438447287742]
