+ export OMP_NUM_THREADS=64
+ OMP_NUM_THREADS=64
+ seed=1922433799
+ const_param_min=77.0
+ const_param_max=200.0
+ N=100
+ shift 4
+ row_idx=23
++ echo 'scale=6; (200.0 - 77.0)/(100 - 1)'
++ bc -l
+ const_param_step=1.242424
++ echo 'scale=6; 77.0 + 23 * 1.242424'
++ bc -l
+ const_param=105.575752
+ file=row_23
+ job_seed=1922433822
+ /gpfs/bwfor/home/hd/hd_hd/hd_gy283/kmc_project/build/kmc_project lineSweep --constParamName=temp --varParamName=sigma --varParamMin=0.01 --varParamMax=0.2 --N=100 --sampleSize=5 --input_idx=1 --output_idx=0 --vMin=-1.5 --vMax=1.5 --numOfPoints=50 --equilibriumSteps=10000 --simulationSteps=100000 --cfg=/gpfs/bwfor/home/hd/hd_hd/hd_gy283/kmc_project/configs/config.txt --acceptorCfg=/gpfs/bwfor/home/hd/hd_hd/hd_gy283/kmc_project/configs/acceptor.txt --donorCfg=/gpfs/bwfor/home/hd/hd_hd/hd_gy283/kmc_project/configs/donors.txt --electrodeCfg=/gpfs/bwfor/home/hd/hd_hd/hd_gy283/kmc_project/configs/electrodes.txt --saveFolderPath=/gpfs/bwfor/home/hd/hd_hd/hd_gy283/kmc_project/data/100_sweep --c_v=2=0.5 --c_v=3=-1.2 --c_v=4=0.0 --c_v=5=-0.6 --c_v=6=1.3 --c_v=7=-0.9 --file_name=row_23 --seed=1922433822 --constParam=105.575752
No such file: /gpfs/bwfor/home/hd/hd_hd/hd_gy283/kmc_project/configs/acceptor.txt
No such file: /gpfs/bwfor/home/hd/hd_hd/hd_gy283/kmc_project/configs/acceptor.txt
No such file: /gpfs/bwfor/home/hd/hd_hd/hd_gy283/kmc_project/configs/acceptor.txt
No such file: /gpfs/bwfor/home/hd/hd_hd/hd_gy283/kmc_project/configs/acceptor.txt
No such file: No such file: /gpfs/bwfor/home/hd/hd_hd/hd_gy283/kmc_project/configs/acceptor.txt
No such file: No such file: /gpfs/bwfor/home/hd/hd_hd/hd_gy283/kmc_project/configs/acceptor.txt
/gpfs/bwfor/home/hd/hd_hd/hd_gy283/kmc_project/configs/acceptor.txt
No such file: /gpfs/bwfor/home/hd/hd_hd/hd_gy283/kmc_project/configs/acceptor.txt
No such file: /gpfs/bwfor/home/hd/hd_hd/hd_gy283/kmc_project/configs/acceptor.txt
No such file: /gpfs/bwfor/home/hd/hd_hd/hd_gy283/kmc_project/configs/acceptor.txt
No such file: /gpfs/bwfor/home/hd/hd_hd/hd_gy283/kmc_project/configs/acceptor.txt
No such file: /gpfs/bwfor/home/hd/hd_hd/hd_gy283/kmc_project/configs/acceptor.txtNo such file: /gpfs/bwfor/home/hd/hd_hd/hd_gy283/kmc_project/configs/acceptor.txt
No such file: /gpfs/bwfor/home/hd/hd_hd/hd_gy283/kmc_project/configs/acceptor.txt
No such file: /gpfs/bwfor/home/hd/hd_hd/hd_gy283/kmc_project/configs/acceptor.txt
No such file: /gpfs/bwfor/home/hd/hd_hd/hd_gy283/kmc_project/configs/acceptor.txt
No such file: /gpfs/bwfor/home/hd/hd_hd/hd_gy283/kmc_project/configs/acceptor.txt
No such file: /gpfs/bwfor/home/hd/hd_hd/hd_gy283/kmc_project/configs/acceptor.txtNo such file: /gpfs/bwfor/home/hd/hd_hd/hd_gy283/kmc_project/configs/acceptor.txt
No such file: /gpfs/bwfor/home/hd/hd_hd/hd_gy283/kmc_project/configs/acceptor.txt
No such file: /gpfs/bwfor/home/hd/hd_hd/hd_gy283/kmc_project/configs/acceptor.txt

No such file: /gpfs/bwfor/home/hd/hd_hd/hd_gy283/kmc_project/configs/acceptor.txt
No such file: /gpfs/bwfor/home/hd/hd_hd/hd_gy283/kmc_project/configs/acceptor.txt
/gpfs/bwfor/home/hd/hd_hd/hd_gy283/kmc_project/configs/acceptor.txt
No such file: /gpfs/bwfor/home/hd/hd_hd/hd_gy283/kmc_project/configs/acceptor.txt
No such file: /gpfs/bwfor/home/hd/hd_hd/hd_gy283/kmc_project/configs/acceptor.txt

No such file: /gpfs/bwfor/home/hd/hd_hd/hd_gy283/kmc_project/configs/acceptor.txt
No such file: /gpfs/bwfor/home/hd/hd_hd/hd_gy283/kmc_project/configs/acceptor.txt
No such file: No such file: /gpfs/bwfor/home/hd/hd_hd/hd_gy283/kmc_project/configs/acceptor.txtNo such file: /gpfs/bwfor/home/hd/hd_hd/hd_gy283/kmc_project/configs/acceptor.txt
No such file: No such file: /gpfs/bwfor/home/hd/hd_hd/hd_gy283/kmc_project/configs/acceptor.txt

No such file: /gpfs/bwfor/home/hd/hd_hd/hd_gy283/kmc_project/configs/acceptor.txt
/gpfs/bwfor/home/hd/hd_hd/hd_gy283/kmc_project/configs/acceptor.txt
/gpfs/bwfor/home/hd/hd_hd/hd_gy283/kmc_project/configs/acceptor.txt
No such file: /gpfs/bwfor/home/hd/hd_hd/hd_gy283/kmc_project/configs/acceptor.txt
No such file: /gpfs/bwfor/home/hd/hd_hd/hd_gy283/kmc_project/configs/acceptor.txt
No such file: /gpfs/bwfor/home/hd/hd_hd/hd_gy283/kmc_project/configs/acceptor.txt
No such file: /gpfs/bwfor/home/hd/hd_hd/hd_gy283/kmc_project/configs/acceptor.txt
No such file: /gpfs/bwfor/home/hd/hd_hd/hd_gy283/kmc_project/configs/acceptor.txt
No such file: /gpfs/bwfor/home/hd/hd_hd/hd_gy283/kmc_project/configs/acceptor.txtNo such file: /gpfs/bwfor/home/hd/hd_hd/hd_gy283/kmc_project/configs/acceptor.txt
No such file: /gpfs/bwfor/home/hd/hd_hd/hd_gy283/kmc_project/configs/acceptor.txt
No such file: /gpfs/bwfor/home/hd/hd_hd/hd_gy283/kmc_project/configs/acceptor.txt
No such file: /gpfs/bwfor/home/hd/hd_hd/hd_gy283/kmc_project/configs/acceptor.txt
No such file: /gpfs/bwfor/home/hd/hd_hd/hd_gy283/kmc_project/configs/acceptor.txt
No such file: /gpfs/bwfor/home/hd/hd_hd/hd_gy283/kmc_project/configs/acceptor.txt
No such file: /gpfs/bwfor/home/hd/hd_hd/hd_gy283/kmc_project/configs/acceptor.txt
No such file: /gpfs/bwfor/home/hd/hd_hd/hd_gy283/kmc_project/configs/acceptor.txt
No such file: /gpfs/bwfor/home/hd/hd_hd/hd_gy283/kmc_project/configs/acceptor.txt
No such file: No such file: /gpfs/bwfor/home/hd/hd_hd/hd_gy283/kmc_project/configs/acceptor.txt

No such file: /gpfs/bwfor/home/hd/hd_hd/hd_gy283/kmc_project/configs/acceptor.txt
No such file: /gpfs/bwfor/home/hd/hd_hd/hd_gy283/kmc_project/configs/acceptor.txt
No such file: /gpfs/bwfor/home/hd/hd_hd/hd_gy283/kmc_project/configs/acceptor.txt
/gpfs/bwfor/home/hd/hd_hd/hd_gy283/kmc_project/configs/acceptor.txt
No such file: /gpfs/bwfor/home/hd/hd_hd/hd_gy283/kmc_project/configs/acceptor.txt
No such file: /gpfs/bwfor/home/hd/hd_hd/hd_gy283/kmc_project/configs/acceptor.txtNo such file: /gpfs/bwfor/home/hd/hd_hd/hd_gy283/kmc_project/configs/acceptor.txt

No such file: /gpfs/bwfor/home/hd/hd_hd/hd_gy283/kmc_project/configs/acceptor.txt
No such file: /gpfs/bwfor/home/hd/hd_hd/hd_gy283/kmc_project/configs/acceptor.txt
No such file: /gpfs/bwfor/home/hd/hd_hd/hd_gy283/kmc_project/configs/acceptor.txt
No such file: /gpfs/bwfor/home/hd/hd_hd/hd_gy283/kmc_project/configs/acceptor.txt
No such file: /gpfs/bwfor/home/hd/hd_hd/hd_gy283/kmc_project/configs/acceptor.txt
No such file: /gpfs/bwfor/home/hd/hd_hd/hd_gy283/kmc_project/configs/acceptor.txt
No such file: /gpfs/bwfor/home/hd/hd_hd/hd_gy283/kmc_project/configs/acceptor.txt
/var/spool/slurm/job9526229/slurm_script: line 33: 1362627 Segmentation fault      (core dumped) "$@" --file_name="$file" --seed="$job_seed" --constParam="$const_param"
