+ export OMP_NUM_THREADS=64
+ OMP_NUM_THREADS=64
+ row_index=0
+ N=100
+ seed=1959211893
+ shift 3
+ param1_min=77.0
+ param1_max=200.0
++ echo 'scale=6; (200.0 - 77.0)/(100 - 1)'
++ bc -l
+ param1_step=1.242424
+ param2_min=0.01
+ param2_max=0.2
++ echo 'scale=6; (0.2 - 0.01)/(100 - 1)'
++ bc -l
+ param2_step=.001919
+ param1_vals=()
+ param2_vals=()
+ (( i=0 ))
+ (( i<100 ))
++ echo 'scale=6; 77.0 + 0 * 1.242424'
++ bc -l
+ v1=77.000000
++ echo 'scale=6; 0.01 + 0 * .001919'
++ bc -l
+ v2=.010000
+ param1_vals+=("$v1")
+ param2_vals+=("$v2")
+ (( i++  ))
+ (( i<100 ))
++ echo 'scale=6; 77.0 + 1 * 1.242424'
++ bc -l
+ v1=78.242424
++ echo 'scale=6; 0.01 + 1 * .001919'
++ bc -l
+ v2=.011919
+ param1_vals+=("$v1")
+ param2_vals+=("$v2")
+ (( i++  ))
+ (( i<100 ))
++ echo 'scale=6; 77.0 + 2 * 1.242424'
++ bc -l
+ v1=79.484848
++ echo 'scale=6; 0.01 + 2 * .001919'
++ bc -l
+ v2=.013838
+ param1_vals+=("$v1")
+ param2_vals+=("$v2")
+ (( i++  ))
+ (( i<100 ))
++ echo 'scale=6; 77.0 + 3 * 1.242424'
++ bc -l
+ v1=80.727272
++ echo 'scale=6; 0.01 + 3 * .001919'
++ bc -l
+ v2=.015757
+ param1_vals+=("$v1")
+ param2_vals+=("$v2")
+ (( i++  ))
+ (( i<100 ))
++ echo 'scale=6; 77.0 + 4 * 1.242424'
++ bc -l
+ v1=81.969696
++ echo 'scale=6; 0.01 + 4 * .001919'
++ bc -l
+ v2=.017676
+ param1_vals+=("$v1")
+ param2_vals+=("$v2")
+ (( i++  ))
+ (( i<100 ))
++ echo 'scale=6; 77.0 + 5 * 1.242424'
++ bc -l
+ v1=83.212120
++ echo 'scale=6; 0.01 + 5 * .001919'
++ bc -l
+ v2=.019595
+ param1_vals+=("$v1")
+ param2_vals+=("$v2")
+ (( i++  ))
+ (( i<100 ))
++ echo 'scale=6; 77.0 + 6 * 1.242424'
++ bc -l
+ v1=84.454544
++ echo 'scale=6; 0.01 + 6 * .001919'
++ bc -l
+ v2=.021514
+ param1_vals+=("$v1")
+ param2_vals+=("$v2")
+ (( i++  ))
+ (( i<100 ))
++ echo 'scale=6; 77.0 + 7 * 1.242424'
++ bc -l
+ v1=85.696968
++ echo 'scale=6; 0.01 + 7 * .001919'
++ bc -l
+ v2=.023433
+ param1_vals+=("$v1")
+ param2_vals+=("$v2")
+ (( i++  ))
+ (( i<100 ))
++ echo 'scale=6; 77.0 + 8 * 1.242424'
++ bc -l
+ v1=86.939392
++ echo 'scale=6; 0.01 + 8 * .001919'
++ bc -l
+ v2=.025352
+ param1_vals+=("$v1")
+ param2_vals+=("$v2")
+ (( i++  ))
+ (( i<100 ))
++ echo 'scale=6; 77.0 + 9 * 1.242424'
++ bc -l
+ v1=88.181816
++ echo 'scale=6; 0.01 + 9 * .001919'
++ bc -l
+ v2=.027271
+ param1_vals+=("$v1")
+ param2_vals+=("$v2")
+ (( i++  ))
+ (( i<100 ))
++ echo 'scale=6; 77.0 + 10 * 1.242424'
++ bc -l
+ v1=89.424240
++ echo 'scale=6; 0.01 + 10 * .001919'
++ bc -l
+ v2=.029190
+ param1_vals+=("$v1")
+ param2_vals+=("$v2")
+ (( i++  ))
+ (( i<100 ))
++ echo 'scale=6; 77.0 + 11 * 1.242424'
++ bc -l
+ v1=90.666664
++ echo 'scale=6; 0.01 + 11 * .001919'
++ bc -l
+ v2=.031109
+ param1_vals+=("$v1")
+ param2_vals+=("$v2")
+ (( i++  ))
+ (( i<100 ))
++ echo 'scale=6; 77.0 + 12 * 1.242424'
++ bc -l
+ v1=91.909088
++ echo 'scale=6; 0.01 + 12 * .001919'
++ bc -l
+ v2=.033028
+ param1_vals+=("$v1")
+ param2_vals+=("$v2")
+ (( i++  ))
+ (( i<100 ))
++ echo 'scale=6; 77.0 + 13 * 1.242424'
++ bc -l
+ v1=93.151512
++ echo 'scale=6; 0.01 + 13 * .001919'
++ bc -l
+ v2=.034947
+ param1_vals+=("$v1")
+ param2_vals+=("$v2")
+ (( i++  ))
+ (( i<100 ))
++ echo 'scale=6; 77.0 + 14 * 1.242424'
++ bc -l
+ v1=94.393936
++ echo 'scale=6; 0.01 + 14 * .001919'
++ bc -l
+ v2=.036866
+ param1_vals+=("$v1")
+ param2_vals+=("$v2")
+ (( i++  ))
+ (( i<100 ))
++ echo 'scale=6; 77.0 + 15 * 1.242424'
++ bc -l
+ v1=95.636360
++ echo 'scale=6; 0.01 + 15 * .001919'
++ bc -l
+ v2=.038785
+ param1_vals+=("$v1")
+ param2_vals+=("$v2")
+ (( i++  ))
+ (( i<100 ))
++ echo 'scale=6; 77.0 + 16 * 1.242424'
++ bc -l
+ v1=96.878784
++ echo 'scale=6; 0.01 + 16 * .001919'
++ bc -l
+ v2=.040704
+ param1_vals+=("$v1")
+ param2_vals+=("$v2")
+ (( i++  ))
+ (( i<100 ))
++ echo 'scale=6; 77.0 + 17 * 1.242424'
++ bc -l
+ v1=98.121208
++ echo 'scale=6; 0.01 + 17 * .001919'
++ bc -l
+ v2=.042623
+ param1_vals+=("$v1")
+ param2_vals+=("$v2")
+ (( i++  ))
+ (( i<100 ))
++ echo 'scale=6; 77.0 + 18 * 1.242424'
++ bc -l
+ v1=99.363632
++ echo 'scale=6; 0.01 + 18 * .001919'
++ bc -l
+ v2=.044542
+ param1_vals+=("$v1")
+ param2_vals+=("$v2")
+ (( i++  ))
+ (( i<100 ))
++ echo 'scale=6; 77.0 + 19 * 1.242424'
++ bc -l
+ v1=100.606056
++ echo 'scale=6; 0.01 + 19 * .001919'
++ bc -l
+ v2=.046461
+ param1_vals+=("$v1")
+ param2_vals+=("$v2")
+ (( i++  ))
+ (( i<100 ))
++ echo 'scale=6; 77.0 + 20 * 1.242424'
++ bc -l
+ v1=101.848480
++ echo 'scale=6; 0.01 + 20 * .001919'
++ bc -l
+ v2=.048380
+ param1_vals+=("$v1")
+ param2_vals+=("$v2")
+ (( i++  ))
+ (( i<100 ))
++ echo 'scale=6; 77.0 + 21 * 1.242424'
++ bc -l
+ v1=103.090904
++ echo 'scale=6; 0.01 + 21 * .001919'
++ bc -l
+ v2=.050299
+ param1_vals+=("$v1")
+ param2_vals+=("$v2")
+ (( i++  ))
+ (( i<100 ))
++ echo 'scale=6; 77.0 + 22 * 1.242424'
++ bc -l
+ v1=104.333328
++ echo 'scale=6; 0.01 + 22 * .001919'
++ bc -l
+ v2=.052218
+ param1_vals+=("$v1")
+ param2_vals+=("$v2")
+ (( i++  ))
+ (( i<100 ))
++ echo 'scale=6; 77.0 + 23 * 1.242424'
++ bc -l
+ v1=105.575752
++ echo 'scale=6; 0.01 + 23 * .001919'
++ bc -l
+ v2=.054137
+ param1_vals+=("$v1")
+ param2_vals+=("$v2")
+ (( i++  ))
+ (( i<100 ))
++ echo 'scale=6; 77.0 + 24 * 1.242424'
++ bc -l
+ v1=106.818176
++ echo 'scale=6; 0.01 + 24 * .001919'
++ bc -l
+ v2=.056056
+ param1_vals+=("$v1")
+ param2_vals+=("$v2")
+ (( i++  ))
+ (( i<100 ))
++ echo 'scale=6; 77.0 + 25 * 1.242424'
++ bc -l
+ v1=108.060600
++ echo 'scale=6; 0.01 + 25 * .001919'
++ bc -l
+ v2=.057975
+ param1_vals+=("$v1")
+ param2_vals+=("$v2")
+ (( i++  ))
+ (( i<100 ))
++ echo 'scale=6; 77.0 + 26 * 1.242424'
++ bc -l
+ v1=109.303024
++ echo 'scale=6; 0.01 + 26 * .001919'
++ bc -l
+ v2=.059894
+ param1_vals+=("$v1")
+ param2_vals+=("$v2")
+ (( i++  ))
+ (( i<100 ))
++ echo 'scale=6; 77.0 + 27 * 1.242424'
++ bc -l
+ v1=110.545448
++ echo 'scale=6; 0.01 + 27 * .001919'
++ bc -l
+ v2=.061813
+ param1_vals+=("$v1")
+ param2_vals+=("$v2")
+ (( i++  ))
+ (( i<100 ))
++ echo 'scale=6; 77.0 + 28 * 1.242424'
++ bc -l
+ v1=111.787872
++ echo 'scale=6; 0.01 + 28 * .001919'
++ bc -l
+ v2=.063732
+ param1_vals+=("$v1")
+ param2_vals+=("$v2")
+ (( i++  ))
+ (( i<100 ))
++ echo 'scale=6; 77.0 + 29 * 1.242424'
++ bc -l
+ v1=113.030296
++ echo 'scale=6; 0.01 + 29 * .001919'
++ bc -l
+ v2=.065651
+ param1_vals+=("$v1")
+ param2_vals+=("$v2")
+ (( i++  ))
+ (( i<100 ))
++ echo 'scale=6; 77.0 + 30 * 1.242424'
++ bc -l
+ v1=114.272720
++ echo 'scale=6; 0.01 + 30 * .001919'
++ bc -l
+ v2=.067570
+ param1_vals+=("$v1")
+ param2_vals+=("$v2")
+ (( i++  ))
+ (( i<100 ))
++ echo 'scale=6; 77.0 + 31 * 1.242424'
++ bc -l
+ v1=115.515144
++ echo 'scale=6; 0.01 + 31 * .001919'
++ bc -l
+ v2=.069489
+ param1_vals+=("$v1")
+ param2_vals+=("$v2")
+ (( i++  ))
+ (( i<100 ))
++ echo 'scale=6; 77.0 + 32 * 1.242424'
++ bc -l
+ v1=116.757568
++ echo 'scale=6; 0.01 + 32 * .001919'
++ bc -l
+ v2=.071408
+ param1_vals+=("$v1")
+ param2_vals+=("$v2")
+ (( i++  ))
+ (( i<100 ))
++ echo 'scale=6; 77.0 + 33 * 1.242424'
++ bc -l
+ v1=117.999992
++ echo 'scale=6; 0.01 + 33 * .001919'
++ bc -l
+ v2=.073327
+ param1_vals+=("$v1")
+ param2_vals+=("$v2")
+ (( i++  ))
+ (( i<100 ))
++ echo 'scale=6; 77.0 + 34 * 1.242424'
++ bc -l
+ v1=119.242416
++ echo 'scale=6; 0.01 + 34 * .001919'
++ bc -l
+ v2=.075246
+ param1_vals+=("$v1")
+ param2_vals+=("$v2")
+ (( i++  ))
+ (( i<100 ))
++ echo 'scale=6; 77.0 + 35 * 1.242424'
++ bc -l
+ v1=120.484840
++ echo 'scale=6; 0.01 + 35 * .001919'
++ bc -l
+ v2=.077165
+ param1_vals+=("$v1")
+ param2_vals+=("$v2")
+ (( i++  ))
+ (( i<100 ))
++ echo 'scale=6; 77.0 + 36 * 1.242424'
++ bc -l
+ v1=121.727264
++ echo 'scale=6; 0.01 + 36 * .001919'
++ bc -l
+ v2=.079084
+ param1_vals+=("$v1")
+ param2_vals+=("$v2")
+ (( i++  ))
+ (( i<100 ))
++ echo 'scale=6; 77.0 + 37 * 1.242424'
++ bc -l
+ v1=122.969688
++ echo 'scale=6; 0.01 + 37 * .001919'
++ bc -l
+ v2=.081003
+ param1_vals+=("$v1")
+ param2_vals+=("$v2")
+ (( i++  ))
+ (( i<100 ))
++ echo 'scale=6; 77.0 + 38 * 1.242424'
++ bc -l
+ v1=124.212112
++ echo 'scale=6; 0.01 + 38 * .001919'
++ bc -l
+ v2=.082922
+ param1_vals+=("$v1")
+ param2_vals+=("$v2")
+ (( i++  ))
+ (( i<100 ))
++ echo 'scale=6; 77.0 + 39 * 1.242424'
++ bc -l
+ v1=125.454536
++ echo 'scale=6; 0.01 + 39 * .001919'
++ bc -l
+ v2=.084841
+ param1_vals+=("$v1")
+ param2_vals+=("$v2")
+ (( i++  ))
+ (( i<100 ))
++ echo 'scale=6; 77.0 + 40 * 1.242424'
++ bc -l
+ v1=126.696960
++ echo 'scale=6; 0.01 + 40 * .001919'
++ bc -l
+ v2=.086760
+ param1_vals+=("$v1")
+ param2_vals+=("$v2")
+ (( i++  ))
+ (( i<100 ))
++ echo 'scale=6; 77.0 + 41 * 1.242424'
++ bc -l
+ v1=127.939384
++ echo 'scale=6; 0.01 + 41 * .001919'
++ bc -l
+ v2=.088679
+ param1_vals+=("$v1")
+ param2_vals+=("$v2")
+ (( i++  ))
+ (( i<100 ))
++ echo 'scale=6; 77.0 + 42 * 1.242424'
++ bc -l
+ v1=129.181808
++ echo 'scale=6; 0.01 + 42 * .001919'
++ bc -l
+ v2=.090598
+ param1_vals+=("$v1")
+ param2_vals+=("$v2")
+ (( i++  ))
+ (( i<100 ))
++ echo 'scale=6; 77.0 + 43 * 1.242424'
++ bc -l
+ v1=130.424232
++ echo 'scale=6; 0.01 + 43 * .001919'
++ bc -l
+ v2=.092517
+ param1_vals+=("$v1")
+ param2_vals+=("$v2")
+ (( i++  ))
+ (( i<100 ))
++ echo 'scale=6; 77.0 + 44 * 1.242424'
++ bc -l
+ v1=131.666656
++ echo 'scale=6; 0.01 + 44 * .001919'
++ bc -l
+ v2=.094436
+ param1_vals+=("$v1")
+ param2_vals+=("$v2")
+ (( i++  ))
+ (( i<100 ))
++ echo 'scale=6; 77.0 + 45 * 1.242424'
++ bc -l
+ v1=132.909080
++ echo 'scale=6; 0.01 + 45 * .001919'
++ bc -l
+ v2=.096355
+ param1_vals+=("$v1")
+ param2_vals+=("$v2")
+ (( i++  ))
+ (( i<100 ))
++ echo 'scale=6; 77.0 + 46 * 1.242424'
++ bc -l
+ v1=134.151504
++ echo 'scale=6; 0.01 + 46 * .001919'
++ bc -l
+ v2=.098274
+ param1_vals+=("$v1")
+ param2_vals+=("$v2")
+ (( i++  ))
+ (( i<100 ))
++ echo 'scale=6; 77.0 + 47 * 1.242424'
++ bc -l
+ v1=135.393928
++ echo 'scale=6; 0.01 + 47 * .001919'
++ bc -l
+ v2=.100193
+ param1_vals+=("$v1")
+ param2_vals+=("$v2")
+ (( i++  ))
+ (( i<100 ))
++ echo 'scale=6; 77.0 + 48 * 1.242424'
++ bc -l
+ v1=136.636352
++ echo 'scale=6; 0.01 + 48 * .001919'
++ bc -l
+ v2=.102112
+ param1_vals+=("$v1")
+ param2_vals+=("$v2")
+ (( i++  ))
+ (( i<100 ))
++ echo 'scale=6; 77.0 + 49 * 1.242424'
++ bc -l
+ v1=137.878776
++ echo 'scale=6; 0.01 + 49 * .001919'
++ bc -l
+ v2=.104031
+ param1_vals+=("$v1")
+ param2_vals+=("$v2")
+ (( i++  ))
+ (( i<100 ))
++ echo 'scale=6; 77.0 + 50 * 1.242424'
++ bc -l
+ v1=139.121200
++ echo 'scale=6; 0.01 + 50 * .001919'
++ bc -l
+ v2=.105950
+ param1_vals+=("$v1")
+ param2_vals+=("$v2")
+ (( i++  ))
+ (( i<100 ))
++ echo 'scale=6; 77.0 + 51 * 1.242424'
++ bc -l
+ v1=140.363624
++ echo 'scale=6; 0.01 + 51 * .001919'
++ bc -l
+ v2=.107869
+ param1_vals+=("$v1")
+ param2_vals+=("$v2")
+ (( i++  ))
+ (( i<100 ))
++ echo 'scale=6; 77.0 + 52 * 1.242424'
++ bc -l
+ v1=141.606048
++ echo 'scale=6; 0.01 + 52 * .001919'
++ bc -l
+ v2=.109788
+ param1_vals+=("$v1")
+ param2_vals+=("$v2")
+ (( i++  ))
+ (( i<100 ))
++ echo 'scale=6; 77.0 + 53 * 1.242424'
++ bc -l
+ v1=142.848472
++ echo 'scale=6; 0.01 + 53 * .001919'
++ bc -l
+ v2=.111707
+ param1_vals+=("$v1")
+ param2_vals+=("$v2")
+ (( i++  ))
+ (( i<100 ))
++ echo 'scale=6; 77.0 + 54 * 1.242424'
++ bc -l
+ v1=144.090896
++ echo 'scale=6; 0.01 + 54 * .001919'
++ bc -l
+ v2=.113626
+ param1_vals+=("$v1")
+ param2_vals+=("$v2")
+ (( i++  ))
+ (( i<100 ))
++ echo 'scale=6; 77.0 + 55 * 1.242424'
++ bc -l
+ v1=145.333320
++ echo 'scale=6; 0.01 + 55 * .001919'
++ bc -l
+ v2=.115545
+ param1_vals+=("$v1")
+ param2_vals+=("$v2")
+ (( i++  ))
+ (( i<100 ))
++ echo 'scale=6; 77.0 + 56 * 1.242424'
++ bc -l
+ v1=146.575744
++ echo 'scale=6; 0.01 + 56 * .001919'
++ bc -l
+ v2=.117464
+ param1_vals+=("$v1")
+ param2_vals+=("$v2")
+ (( i++  ))
+ (( i<100 ))
++ echo 'scale=6; 77.0 + 57 * 1.242424'
++ bc -l
+ v1=147.818168
++ echo 'scale=6; 0.01 + 57 * .001919'
++ bc -l
+ v2=.119383
+ param1_vals+=("$v1")
+ param2_vals+=("$v2")
+ (( i++  ))
+ (( i<100 ))
++ echo 'scale=6; 77.0 + 58 * 1.242424'
++ bc -l
+ v1=149.060592
++ echo 'scale=6; 0.01 + 58 * .001919'
++ bc -l
+ v2=.121302
+ param1_vals+=("$v1")
+ param2_vals+=("$v2")
+ (( i++  ))
+ (( i<100 ))
++ echo 'scale=6; 77.0 + 59 * 1.242424'
++ bc -l
+ v1=150.303016
++ echo 'scale=6; 0.01 + 59 * .001919'
++ bc -l
+ v2=.123221
+ param1_vals+=("$v1")
+ param2_vals+=("$v2")
+ (( i++  ))
+ (( i<100 ))
++ echo 'scale=6; 77.0 + 60 * 1.242424'
++ bc -l
+ v1=151.545440
++ echo 'scale=6; 0.01 + 60 * .001919'
++ bc -l
+ v2=.125140
+ param1_vals+=("$v1")
+ param2_vals+=("$v2")
+ (( i++  ))
+ (( i<100 ))
++ echo 'scale=6; 77.0 + 61 * 1.242424'
++ bc -l
+ v1=152.787864
++ echo 'scale=6; 0.01 + 61 * .001919'
++ bc -l
+ v2=.127059
+ param1_vals+=("$v1")
+ param2_vals+=("$v2")
+ (( i++  ))
+ (( i<100 ))
++ echo 'scale=6; 77.0 + 62 * 1.242424'
++ bc -l
+ v1=154.030288
++ echo 'scale=6; 0.01 + 62 * .001919'
++ bc -l
+ v2=.128978
+ param1_vals+=("$v1")
+ param2_vals+=("$v2")
+ (( i++  ))
+ (( i<100 ))
++ echo 'scale=6; 77.0 + 63 * 1.242424'
++ bc -l
+ v1=155.272712
++ echo 'scale=6; 0.01 + 63 * .001919'
++ bc -l
+ v2=.130897
+ param1_vals+=("$v1")
+ param2_vals+=("$v2")
+ (( i++  ))
+ (( i<100 ))
++ echo 'scale=6; 77.0 + 64 * 1.242424'
++ bc -l
+ v1=156.515136
++ echo 'scale=6; 0.01 + 64 * .001919'
++ bc -l
+ v2=.132816
+ param1_vals+=("$v1")
+ param2_vals+=("$v2")
+ (( i++  ))
+ (( i<100 ))
++ echo 'scale=6; 77.0 + 65 * 1.242424'
++ bc -l
+ v1=157.757560
++ echo 'scale=6; 0.01 + 65 * .001919'
++ bc -l
+ v2=.134735
+ param1_vals+=("$v1")
+ param2_vals+=("$v2")
+ (( i++  ))
+ (( i<100 ))
++ echo 'scale=6; 77.0 + 66 * 1.242424'
++ bc -l
+ v1=158.999984
++ echo 'scale=6; 0.01 + 66 * .001919'
++ bc -l
+ v2=.136654
+ param1_vals+=("$v1")
+ param2_vals+=("$v2")
+ (( i++  ))
+ (( i<100 ))
++ echo 'scale=6; 77.0 + 67 * 1.242424'
++ bc -l
+ v1=160.242408
++ echo 'scale=6; 0.01 + 67 * .001919'
++ bc -l
+ v2=.138573
+ param1_vals+=("$v1")
+ param2_vals+=("$v2")
+ (( i++  ))
+ (( i<100 ))
++ echo 'scale=6; 77.0 + 68 * 1.242424'
++ bc -l
+ v1=161.484832
++ echo 'scale=6; 0.01 + 68 * .001919'
++ bc -l
+ v2=.140492
+ param1_vals+=("$v1")
+ param2_vals+=("$v2")
+ (( i++  ))
+ (( i<100 ))
++ echo 'scale=6; 77.0 + 69 * 1.242424'
++ bc -l
+ v1=162.727256
++ echo 'scale=6; 0.01 + 69 * .001919'
++ bc -l
+ v2=.142411
+ param1_vals+=("$v1")
+ param2_vals+=("$v2")
+ (( i++  ))
+ (( i<100 ))
++ echo 'scale=6; 77.0 + 70 * 1.242424'
++ bc -l
+ v1=163.969680
++ echo 'scale=6; 0.01 + 70 * .001919'
++ bc -l
+ v2=.144330
+ param1_vals+=("$v1")
+ param2_vals+=("$v2")
+ (( i++  ))
+ (( i<100 ))
++ echo 'scale=6; 77.0 + 71 * 1.242424'
++ bc -l
+ v1=165.212104
++ echo 'scale=6; 0.01 + 71 * .001919'
++ bc -l
+ v2=.146249
+ param1_vals+=("$v1")
+ param2_vals+=("$v2")
+ (( i++  ))
+ (( i<100 ))
++ echo 'scale=6; 77.0 + 72 * 1.242424'
++ bc -l
+ v1=166.454528
++ echo 'scale=6; 0.01 + 72 * .001919'
++ bc -l
+ v2=.148168
+ param1_vals+=("$v1")
+ param2_vals+=("$v2")
+ (( i++  ))
+ (( i<100 ))
++ echo 'scale=6; 77.0 + 73 * 1.242424'
++ bc -l
+ v1=167.696952
++ echo 'scale=6; 0.01 + 73 * .001919'
++ bc -l
+ v2=.150087
+ param1_vals+=("$v1")
+ param2_vals+=("$v2")
+ (( i++  ))
+ (( i<100 ))
++ echo 'scale=6; 77.0 + 74 * 1.242424'
++ bc -l
+ v1=168.939376
++ echo 'scale=6; 0.01 + 74 * .001919'
++ bc -l
+ v2=.152006
+ param1_vals+=("$v1")
+ param2_vals+=("$v2")
+ (( i++  ))
+ (( i<100 ))
++ echo 'scale=6; 77.0 + 75 * 1.242424'
++ bc -l
+ v1=170.181800
++ echo 'scale=6; 0.01 + 75 * .001919'
++ bc -l
+ v2=.153925
+ param1_vals+=("$v1")
+ param2_vals+=("$v2")
+ (( i++  ))
+ (( i<100 ))
++ echo 'scale=6; 77.0 + 76 * 1.242424'
++ bc -l
+ v1=171.424224
++ echo 'scale=6; 0.01 + 76 * .001919'
++ bc -l
+ v2=.155844
+ param1_vals+=("$v1")
+ param2_vals+=("$v2")
+ (( i++  ))
+ (( i<100 ))
++ echo 'scale=6; 77.0 + 77 * 1.242424'
++ bc -l
+ v1=172.666648
++ echo 'scale=6; 0.01 + 77 * .001919'
++ bc -l
+ v2=.157763
+ param1_vals+=("$v1")
+ param2_vals+=("$v2")
+ (( i++  ))
+ (( i<100 ))
++ echo 'scale=6; 77.0 + 78 * 1.242424'
++ bc -l
+ v1=173.909072
++ echo 'scale=6; 0.01 + 78 * .001919'
++ bc -l
+ v2=.159682
+ param1_vals+=("$v1")
+ param2_vals+=("$v2")
+ (( i++  ))
+ (( i<100 ))
++ echo 'scale=6; 77.0 + 79 * 1.242424'
++ bc -l
+ v1=175.151496
++ echo 'scale=6; 0.01 + 79 * .001919'
++ bc -l
+ v2=.161601
+ param1_vals+=("$v1")
+ param2_vals+=("$v2")
+ (( i++  ))
+ (( i<100 ))
++ echo 'scale=6; 77.0 + 80 * 1.242424'
++ bc -l
+ v1=176.393920
++ echo 'scale=6; 0.01 + 80 * .001919'
++ bc -l
+ v2=.163520
+ param1_vals+=("$v1")
+ param2_vals+=("$v2")
+ (( i++  ))
+ (( i<100 ))
++ echo 'scale=6; 77.0 + 81 * 1.242424'
++ bc -l
+ v1=177.636344
++ echo 'scale=6; 0.01 + 81 * .001919'
++ bc -l
+ v2=.165439
+ param1_vals+=("$v1")
+ param2_vals+=("$v2")
+ (( i++  ))
+ (( i<100 ))
++ echo 'scale=6; 77.0 + 82 * 1.242424'
++ bc -l
+ v1=178.878768
++ echo 'scale=6; 0.01 + 82 * .001919'
++ bc -l
+ v2=.167358
+ param1_vals+=("$v1")
+ param2_vals+=("$v2")
+ (( i++  ))
+ (( i<100 ))
++ echo 'scale=6; 77.0 + 83 * 1.242424'
++ bc -l
+ v1=180.121192
++ echo 'scale=6; 0.01 + 83 * .001919'
++ bc -l
+ v2=.169277
+ param1_vals+=("$v1")
+ param2_vals+=("$v2")
+ (( i++  ))
+ (( i<100 ))
++ echo 'scale=6; 77.0 + 84 * 1.242424'
++ bc -l
+ v1=181.363616
++ echo 'scale=6; 0.01 + 84 * .001919'
++ bc -l
+ v2=.171196
+ param1_vals+=("$v1")
+ param2_vals+=("$v2")
+ (( i++  ))
+ (( i<100 ))
++ echo 'scale=6; 77.0 + 85 * 1.242424'
++ bc -l
+ v1=182.606040
++ echo 'scale=6; 0.01 + 85 * .001919'
++ bc -l
+ v2=.173115
+ param1_vals+=("$v1")
+ param2_vals+=("$v2")
+ (( i++  ))
+ (( i<100 ))
++ echo 'scale=6; 77.0 + 86 * 1.242424'
++ bc -l
+ v1=183.848464
++ echo 'scale=6; 0.01 + 86 * .001919'
++ bc -l
+ v2=.175034
+ param1_vals+=("$v1")
+ param2_vals+=("$v2")
+ (( i++  ))
+ (( i<100 ))
++ echo 'scale=6; 77.0 + 87 * 1.242424'
++ bc -l
+ v1=185.090888
++ echo 'scale=6; 0.01 + 87 * .001919'
++ bc -l
+ v2=.176953
+ param1_vals+=("$v1")
+ param2_vals+=("$v2")
+ (( i++  ))
+ (( i<100 ))
++ echo 'scale=6; 77.0 + 88 * 1.242424'
++ bc -l
+ v1=186.333312
++ echo 'scale=6; 0.01 + 88 * .001919'
++ bc -l
+ v2=.178872
+ param1_vals+=("$v1")
+ param2_vals+=("$v2")
+ (( i++  ))
+ (( i<100 ))
++ echo 'scale=6; 77.0 + 89 * 1.242424'
++ bc -l
+ v1=187.575736
++ echo 'scale=6; 0.01 + 89 * .001919'
++ bc -l
+ v2=.180791
+ param1_vals+=("$v1")
+ param2_vals+=("$v2")
+ (( i++  ))
+ (( i<100 ))
++ echo 'scale=6; 77.0 + 90 * 1.242424'
++ bc -l
+ v1=188.818160
++ echo 'scale=6; 0.01 + 90 * .001919'
++ bc -l
+ v2=.182710
+ param1_vals+=("$v1")
+ param2_vals+=("$v2")
+ (( i++  ))
+ (( i<100 ))
++ echo 'scale=6; 77.0 + 91 * 1.242424'
++ bc -l
+ v1=190.060584
++ echo 'scale=6; 0.01 + 91 * .001919'
++ bc -l
+ v2=.184629
+ param1_vals+=("$v1")
+ param2_vals+=("$v2")
+ (( i++  ))
+ (( i<100 ))
++ echo 'scale=6; 77.0 + 92 * 1.242424'
++ bc -l
+ v1=191.303008
++ echo 'scale=6; 0.01 + 92 * .001919'
++ bc -l
+ v2=.186548
+ param1_vals+=("$v1")
+ param2_vals+=("$v2")
+ (( i++  ))
+ (( i<100 ))
++ echo 'scale=6; 77.0 + 93 * 1.242424'
++ bc -l
+ v1=192.545432
++ echo 'scale=6; 0.01 + 93 * .001919'
++ bc -l
+ v2=.188467
+ param1_vals+=("$v1")
+ param2_vals+=("$v2")
+ (( i++  ))
+ (( i<100 ))
++ echo 'scale=6; 77.0 + 94 * 1.242424'
++ bc -l
+ v1=193.787856
++ echo 'scale=6; 0.01 + 94 * .001919'
++ bc -l
+ v2=.190386
+ param1_vals+=("$v1")
+ param2_vals+=("$v2")
+ (( i++  ))
+ (( i<100 ))
++ echo 'scale=6; 77.0 + 95 * 1.242424'
++ bc -l
+ v1=195.030280
++ echo 'scale=6; 0.01 + 95 * .001919'
++ bc -l
+ v2=.192305
+ param1_vals+=("$v1")
+ param2_vals+=("$v2")
+ (( i++  ))
+ (( i<100 ))
++ echo 'scale=6; 77.0 + 96 * 1.242424'
++ bc -l
+ v1=196.272704
++ echo 'scale=6; 0.01 + 96 * .001919'
++ bc -l
+ v2=.194224
+ param1_vals+=("$v1")
+ param2_vals+=("$v2")
+ (( i++  ))
+ (( i<100 ))
++ echo 'scale=6; 77.0 + 97 * 1.242424'
++ bc -l
+ v1=197.515128
++ echo 'scale=6; 0.01 + 97 * .001919'
++ bc -l
+ v2=.196143
+ param1_vals+=("$v1")
+ param2_vals+=("$v2")
+ (( i++  ))
+ (( i<100 ))
++ echo 'scale=6; 77.0 + 98 * 1.242424'
++ bc -l
+ v1=198.757552
++ echo 'scale=6; 0.01 + 98 * .001919'
++ bc -l
+ v2=.198062
+ param1_vals+=("$v1")
+ param2_vals+=("$v2")
+ (( i++  ))
+ (( i<100 ))
++ echo 'scale=6; 77.0 + 99 * 1.242424'
++ bc -l
+ v1=199.999976
++ echo 'scale=6; 0.01 + 99 * .001919'
++ bc -l
+ v2=.199981
+ param1_vals+=("$v1")
+ param2_vals+=("$v2")
+ (( i++  ))
+ (( i<100 ))
+ task_id=0
+ p1=77.000000
+ p2=.010000
+ file=row_0_0
+ task_seed=1959211993
+ /gpfs/bwfor/home/hd/hd_hd/hd_gy283/kmc_project/build/kmc_project 2DSweep --sampleSize=5 --input_idx=1 --output_idx=0 --vMin=-1.5 --vMax=1.5 --numOfPoints=50 --equilibriumSteps=10000 --simulationSteps=10000 --cfg=/gpfs/bwfor/home/hd/hd_hd/hd_gy283/kmc_project/configs/config.txt --acceptorCfg=/gpfs/bwfor/home/hd/hd_hd/hd_gy283/kmc_project/configs/acceptor_normal.txt --donorCfg=/gpfs/bwfor/home/hd/hd_hd/hd_gy283/kmc_project/configs/donors.txt --electrodeCfg=/gpfs/bwfor/home/hd/hd_hd/hd_gy283/kmc_project/configs/electrodes.txt --saveFolderPath=/gpfs/bwfor/home/hd/hd_hd/hd_gy283/kmc_project/data/test_sweep/row_0 --c_v=2=0.5 --c_v=3=-1.2 --c_v=4=0.0 --c_v=5=-0.6 --c_v=6=1.3 --c_v=7=-0.9 --file_name=row_0_0 --seed=1959211993 --paramName1=temp --paramName2=sigma --paramValue1=77.000000 --paramValue2=.010000
