/home/hd/hd_hd/hd_gy283/kmc_project/build/kmc_project singleRun --outputIdx=0 --eqSteps=100000 --simSteps=10000000 --numIntervals=100 --seed=529651127 --cfg=/home/hd/hd_hd/hd_gy283/kmc_project/configs/std_configs/config.txt --accCfg=/home/hd/hd_hd/hd_gy283/kmc_project/configs/std_configs/acceptors.txt --donCfg=/home/hd/hd_hd/hd_gy283/kmc_project/configs/std_configs/donors_0.txt --eleCfg=/home/hd/hd_hd/hd_gy283/kmc_project/configs/std_configs/electrodes.txt --saveFolder=/gpfs/bwfor/work/ws/hd_gy283-my_data_recover/final_datasets --fileName=steps_10000000_1 --c_v=0=0.0 --c_v=1=-1.0 --c_v=2=0.2 --c_v=3=1.1 --c_v=4=-0.5 --c_v=5=-1 --c_v=6=0.5 --c_v=7=0.7
3.6599e+07
0
1
2
3
4
5
6
7
8
9
10
11
12
13
14
15
16
17
18
19
20
21
22
23
24
25
26
27
28
29
30
31
32
33
34
35
36
37
38
39
40
41
42
43
44
45
46
47
48
49
50
51
52
53
54
55
56
57
58
59
60
61
62
63
64
65
66
67
68
69
70
71
72
73
74
75
76
77
78
79
80
81
82
83
84
85
86
87
88
89
90
91
92
93
94
95
96
97
98
99
-2.77362e-20
2.63437e+08
